[3.221s] Invoking command in '/home/orangepi/marco_ws/src/marco_docking': PYTHONPATH=/home/orangepi/marco_ws/build/marco_docking/prefix_override:/usr/lib/python3/dist-packages/colcon_core/task/python/colcon_distutils_commands:/home/orangepi/marco_ws/install/marco_docking/lib/python3.10/site-packages:${PYTHONPATH} /usr/bin/python3 -W ignore:setup.py install is deprecated -W ignore:easy_install command is deprecated setup.py egg_info --egg-base ../../build/marco_docking build --build-base /home/orangepi/marco_ws/build/marco_docking/build install --record /home/orangepi/marco_ws/build/marco_docking/install.log --install-scripts $base/lib/marco_docking --single-version-externally-managed install_data
[3.548s] running egg_info
[3.551s] writing ../../build/marco_docking/marco_docking.egg-info/PKG-INFO
[3.552s] writing dependency_links to ../../build/marco_docking/marco_docking.egg-info/dependency_links.txt
[3.556s] writing entry points to ../../build/marco_docking/marco_docking.egg-info/entry_points.txt
[3.556s] writing requirements to ../../build/marco_docking/marco_docking.egg-info/requires.txt
[3.557s] writing top-level names to ../../build/marco_docking/marco_docking.egg-info/top_level.txt
[3.557s] reading manifest file '../../build/marco_docking/marco_docking.egg-info/SOURCES.txt'
[3.564s] adding license file 'LICENSE'
[3.568s] writing manifest file '../../build/marco_docking/marco_docking.egg-info/SOURCES.txt'
[3.568s] running build
[3.569s] running build_py
[3.570s] running install
[3.570s] running install_lib
[3.571s] running install_data
[3.571s] running install_egg_info
[3.573s] removing '/home/orangepi/marco_ws/install/marco_docking/lib/python3.10/site-packages/marco_docking-0.0.0-py3.10.egg-info' (and everything under it)
[3.574s] Copying ../../build/marco_docking/marco_docking.egg-info to /home/orangepi/marco_ws/install/marco_docking/lib/python3.10/site-packages/marco_docking-0.0.0-py3.10.egg-info
[3.579s] running install_scripts
[3.652s] writing list of installed files to '/home/orangepi/marco_ws/build/marco_docking/install.log'
[3.726s] Invoked command in '/home/orangepi/marco_ws/src/marco_docking' returned '0': PYTHONPATH=/home/orangepi/marco_ws/build/marco_docking/prefix_override:/usr/lib/python3/dist-packages/colcon_core/task/python/colcon_distutils_commands:/home/orangepi/marco_ws/install/marco_docking/lib/python3.10/site-packages:${PYTHONPATH} /usr/bin/python3 -W ignore:setup.py install is deprecated -W ignore:easy_install command is deprecated setup.py egg_info --egg-base ../../build/marco_docking build --build-base /home/orangepi/marco_ws/build/marco_docking/build install --record /home/orangepi/marco_ws/build/marco_docking/install.log --install-scripts $base/lib/marco_docking --single-version-externally-managed install_data
