running egg_info
creating ../../build/lane_tracking/lane_tracking.egg-info
writing ../../build/lane_tracking/lane_tracking.egg-info/PKG-INFO
writing dependency_links to ../../build/lane_tracking/lane_tracking.egg-info/dependency_links.txt
writing entry points to ../../build/lane_tracking/lane_tracking.egg-info/entry_points.txt
writing requirements to ../../build/lane_tracking/lane_tracking.egg-info/requires.txt
writing top-level names to ../../build/lane_tracking/lane_tracking.egg-info/top_level.txt
writing manifest file '../../build/lane_tracking/lane_tracking.egg-info/SOURCES.txt'
reading manifest file '../../build/lane_tracking/lane_tracking.egg-info/SOURCES.txt'
writing manifest file '../../build/lane_tracking/lane_tracking.egg-info/SOURCES.txt'
running build
running build_py
creating /home/orangepi/marco_ws/build/lane_tracking/build
creating /home/orangepi/marco_ws/build/lane_tracking/build/lib
creating /home/orangepi/marco_ws/build/lane_tracking/build/lib/lane_tracking
copying lane_tracking/tracker.py -> /home/orangepi/marco_ws/build/lane_tracking/build/lib/lane_tracking
copying lane_tracking/controller.py -> /home/orangepi/marco_ws/build/lane_tracking/build/lib/lane_tracking
copying lane_tracking/__init__.py -> /home/orangepi/marco_ws/build/lane_tracking/build/lib/lane_tracking
running install
running install_lib
creating /home/orangepi/marco_ws/install/lane_tracking/lib/python3.10/site-packages/lane_tracking
copying /home/orangepi/marco_ws/build/lane_tracking/build/lib/lane_tracking/tracker.py -> /home/orangepi/marco_ws/install/lane_tracking/lib/python3.10/site-packages/lane_tracking
copying /home/orangepi/marco_ws/build/lane_tracking/build/lib/lane_tracking/controller.py -> /home/orangepi/marco_ws/install/lane_tracking/lib/python3.10/site-packages/lane_tracking
copying /home/orangepi/marco_ws/build/lane_tracking/build/lib/lane_tracking/__init__.py -> /home/orangepi/marco_ws/install/lane_tracking/lib/python3.10/site-packages/lane_tracking
byte-compiling /home/orangepi/marco_ws/install/lane_tracking/lib/python3.10/site-packages/lane_tracking/tracker.py to tracker.cpython-310.pyc
byte-compiling /home/orangepi/marco_ws/install/lane_tracking/lib/python3.10/site-packages/lane_tracking/controller.py to controller.cpython-310.pyc
byte-compiling /home/orangepi/marco_ws/install/lane_tracking/lib/python3.10/site-packages/lane_tracking/__init__.py to __init__.cpython-310.pyc
running install_data
creating /home/orangepi/marco_ws/install/lane_tracking/share/ament_index
creating /home/orangepi/marco_ws/install/lane_tracking/share/ament_index/resource_index
creating /home/orangepi/marco_ws/install/lane_tracking/share/ament_index/resource_index/packages
copying resource/lane_tracking -> /home/orangepi/marco_ws/install/lane_tracking/share/ament_index/resource_index/packages
copying package.xml -> /home/orangepi/marco_ws/install/lane_tracking/share/lane_tracking
running install_egg_info
Copying ../../build/lane_tracking/lane_tracking.egg-info to /home/orangepi/marco_ws/install/lane_tracking/lib/python3.10/site-packages/lane_tracking-0.0.0-py3.10.egg-info
running install_scripts
Installing controller script to /home/orangepi/marco_ws/install/lane_tracking/lib/lane_tracking
Installing tracker script to /home/orangepi/marco_ws/install/lane_tracking/lib/lane_tracking
writing list of installed files to '/home/orangepi/marco_ws/build/lane_tracking/install.log'
