[0.944s] Invoking command in '/home/orangepi/marco_ws/src/lane_tracking': PYTHONPATH=/home/orangepi/marco_ws/build/lane_tracking/prefix_override:/usr/lib/python3/dist-packages/colcon_core/task/python/colcon_distutils_commands:/home/orangepi/marco_ws/install/lane_tracking/lib/python3.10/site-packages:${PYTHONPATH} /usr/bin/python3 -W ignore:setup.py install is deprecated -W ignore:easy_install command is deprecated setup.py egg_info --egg-base ../../build/lane_tracking build --build-base /home/orangepi/marco_ws/build/lane_tracking/build install --record /home/orangepi/marco_ws/build/lane_tracking/install.log --install-scripts $base/lib/lane_tracking --single-version-externally-managed install_data
[1.261s] running egg_info
[1.262s] creating ../../build/lane_tracking/lane_tracking.egg-info
[1.262s] writing ../../build/lane_tracking/lane_tracking.egg-info/PKG-INFO
[1.262s] writing dependency_links to ../../build/lane_tracking/lane_tracking.egg-info/dependency_links.txt
[1.263s] writing entry points to ../../build/lane_tracking/lane_tracking.egg-info/entry_points.txt
[1.263s] writing requirements to ../../build/lane_tracking/lane_tracking.egg-info/requires.txt
[1.264s] writing top-level names to ../../build/lane_tracking/lane_tracking.egg-info/top_level.txt
[1.265s] writing manifest file '../../build/lane_tracking/lane_tracking.egg-info/SOURCES.txt'
[1.265s] reading manifest file '../../build/lane_tracking/lane_tracking.egg-info/SOURCES.txt'
[1.266s] writing manifest file '../../build/lane_tracking/lane_tracking.egg-info/SOURCES.txt'
[1.267s] running build
[1.267s] running build_py
[1.268s] creating /home/orangepi/marco_ws/build/lane_tracking/build
[1.268s] creating /home/orangepi/marco_ws/build/lane_tracking/build/lib
[1.269s] creating /home/orangepi/marco_ws/build/lane_tracking/build/lib/lane_tracking
[1.269s] copying lane_tracking/tracker.py -> /home/orangepi/marco_ws/build/lane_tracking/build/lib/lane_tracking
[1.269s] copying lane_tracking/controller.py -> /home/orangepi/marco_ws/build/lane_tracking/build/lib/lane_tracking
[1.270s] copying lane_tracking/__init__.py -> /home/orangepi/marco_ws/build/lane_tracking/build/lib/lane_tracking
[1.270s] running install
[1.271s] running install_lib
[1.271s] creating /home/orangepi/marco_ws/install/lane_tracking/lib/python3.10/site-packages/lane_tracking
[1.272s] copying /home/orangepi/marco_ws/build/lane_tracking/build/lib/lane_tracking/tracker.py -> /home/orangepi/marco_ws/install/lane_tracking/lib/python3.10/site-packages/lane_tracking
[1.272s] copying /home/orangepi/marco_ws/build/lane_tracking/build/lib/lane_tracking/controller.py -> /home/orangepi/marco_ws/install/lane_tracking/lib/python3.10/site-packages/lane_tracking
[1.272s] copying /home/orangepi/marco_ws/build/lane_tracking/build/lib/lane_tracking/__init__.py -> /home/orangepi/marco_ws/install/lane_tracking/lib/python3.10/site-packages/lane_tracking
[1.273s] byte-compiling /home/orangepi/marco_ws/install/lane_tracking/lib/python3.10/site-packages/lane_tracking/tracker.py to tracker.cpython-310.pyc
[1.273s] byte-compiling /home/orangepi/marco_ws/install/lane_tracking/lib/python3.10/site-packages/lane_tracking/controller.py to controller.cpython-310.pyc
[1.273s] byte-compiling /home/orangepi/marco_ws/install/lane_tracking/lib/python3.10/site-packages/lane_tracking/__init__.py to __init__.cpython-310.pyc
[1.274s] running install_data
[1.274s] creating /home/orangepi/marco_ws/install/lane_tracking/share/ament_index
[1.274s] creating /home/orangepi/marco_ws/install/lane_tracking/share/ament_index/resource_index
[1.275s] creating /home/orangepi/marco_ws/install/lane_tracking/share/ament_index/resource_index/packages
[1.275s] copying resource/lane_tracking -> /home/orangepi/marco_ws/install/lane_tracking/share/ament_index/resource_index/packages
[1.276s] copying package.xml -> /home/orangepi/marco_ws/install/lane_tracking/share/lane_tracking
[1.276s] running install_egg_info
[1.276s] Copying ../../build/lane_tracking/lane_tracking.egg-info to /home/orangepi/marco_ws/install/lane_tracking/lib/python3.10/site-packages/lane_tracking-0.0.0-py3.10.egg-info
[1.277s] running install_scripts
[1.311s] Installing controller script to /home/orangepi/marco_ws/install/lane_tracking/lib/lane_tracking
[1.312s] Installing tracker script to /home/orangepi/marco_ws/install/lane_tracking/lib/lane_tracking
[1.312s] writing list of installed files to '/home/orangepi/marco_ws/build/lane_tracking/install.log'
[1.404s] Invoked command in '/home/orangepi/marco_ws/src/lane_tracking' returned '0': PYTHONPATH=/home/orangepi/marco_ws/build/lane_tracking/prefix_override:/usr/lib/python3/dist-packages/colcon_core/task/python/colcon_distutils_commands:/home/orangepi/marco_ws/install/lane_tracking/lib/python3.10/site-packages:${PYTHONPATH} /usr/bin/python3 -W ignore:setup.py install is deprecated -W ignore:easy_install command is deprecated setup.py egg_info --egg-base ../../build/lane_tracking build --build-base /home/orangepi/marco_ws/build/lane_tracking/build install --record /home/orangepi/marco_ws/build/lane_tracking/install.log --install-scripts $base/lib/lane_tracking --single-version-externally-managed install_data
