[0.000000] (-) TimerEvent: {}
[0.046550] (-) JobUnselected: {'identifier': 'lane_tracking'}
[0.046865] (-) JobUnselected: {'identifier': 'marco_bringup'}
[0.047397] (-) JobUnselected: {'identifier': 'marco_description'}
[0.048142] (-) JobUnselected: {'identifier': 'marco_docking'}
[0.048696] (-) JobUnselected: {'identifier': 'marco_localization'}
[0.049328] (-) JobUnselected: {'identifier': 'marco_mission'}
[0.049408] (-) JobUnselected: {'identifier': 'marco_msgs'}
[0.049709] (-) JobUnselected: {'identifier': 'marco_navigation'}
[0.049768] (-) JobUnselected: {'identifier': 'marco_perception'}
[0.049792] (-) JobUnselected: {'identifier': 'marco_safety'}
[0.049817] (-) JobUnselected: {'identifier': 'marco_simulation'}
[0.049851] (marco_base) JobQueued: {'identifier': 'marco_base', 'dependencies': OrderedDict()}
[0.049917] (marco_base) JobStarted: {'identifier': 'marco_base'}
[0.099718] (-) TimerEvent: {}
[0.200281] (-) TimerEvent: {}
[0.300826] (-) TimerEvent: {}
[0.401380] (-) TimerEvent: {}
[0.501823] (-) TimerEvent: {}
[0.602080] (-) TimerEvent: {}
[0.702565] (-) TimerEvent: {}
[0.803205] (-) TimerEvent: {}
[0.903704] (-) TimerEvent: {}
[1.004229] (-) TimerEvent: {}
[1.104782] (-) TimerEvent: {}
[1.205504] (-) TimerEvent: {}
[1.306449] (-) TimerEvent: {}
[1.407287] (-) TimerEvent: {}
[1.508000] (-) TimerEvent: {}
[1.608799] (-) TimerEvent: {}
[1.666691] (marco_base) Command: {'cmd': ['/usr/bin/python3', '-W', 'ignore:setup.py install is deprecated', '-W', 'ignore:easy_install command is deprecated', 'setup.py', 'develop', '--editable', '--build-directory', '/home/orangepi/marco_ws/build/marco_base/build', '--no-deps', 'symlink_data', '--force'], 'cwd': '/home/orangepi/marco_ws/build/marco_base', 'env': {'LESSOPEN': '| /usr/bin/lesspipe %s', 'VSCODE_CWD': '/home/orangepi', 'UMS_MOUNTPOINT': '/mnt/ums', 'VSCODE_ESM_ENTRYPOINT': 'vs/workbench/api/node/extensionHostProcess', 'GST_V4L2_PREFERRED_FOURCC': 'NV12:YU12:NV16:YUY2', 'LANGUAGE': 'en_US.UTF-8', 'USER': 'orangepi', 'SSH_CLIENT': '192.168.186.243 52154 22', 'VSCODE_NLS_CONFIG': '{"userLocale":"en","osLocale":"en","resolvedLanguage":"en","defaultMessagesFile":"/home/orangepi/.cursor-server/bin/linux-arm64/55434bd8062ece6fee083b82beed2aee42d253f0/out/nls.messages.json","locale":"en","availableLanguages":{}}', 'VSCODE_HANDLES_UNCAUGHT_ERRORS': 'true', 'XDG_SESSION_TYPE': 'tty', 'CURSOR_RIPGREP_PATH': '/home/orangepi/.cursor-server/bin/linux-arm64/55434bd8062ece6fee083b82beed2aee42d253f0/node_modules/@vscode/ripgrep/bin/rg', 'SHLVL': '0', 'USB_FUNCS': 'adb', 'LD_LIBRARY_PATH': '/home/orangepi/marco_ws/install/marco_msgs/lib:/opt/ros/humble/opt/rviz_ogre_vendor/lib:/opt/ros/humble/lib/aarch64-linux-gnu:/opt/ros/humble/lib', 'BROWSER': '/home/orangepi/.cursor-server/bin/linux-arm64/55434bd8062ece6fee083b82beed2aee42d253f0/bin/helpers/browser.sh', 'MOTD_SHOWN': 'pam', 'HOME': '/home/orangepi', 'OLDPWD': '/home/orangepi/.cursor/projects/home-orangepi/agent-transcripts', 'VSCODE_IPC_HOOK_CLI': '/run/user/1000/vscode-ipc-417b79d3-8f84-4f3a-928e-4c355245b8ab.sock', 'GST_INSPECT_NO_COLORS': '1', 'GST_MPP_NO_RGA': '1', 'ROS_PYTHON_VERSION': '3', 'COGL_DRIVER': 'gles2', 'NO_COLOR': '1', 'DBUS_SESSION_BUS_ADDRESS': 'unix:path=/run/user/1000/bus', 'VSCODE_L10N_BUNDLE_LOCATION': '', 'COLCON_PREFIX_PATH': '/home/orangepi/marco_ws/install:/home/orangepi/ydlidar_ros2_ws/install', 'GST_V4L2SRC_MAX_RESOLUTION': '3840x2160', 'ROS_DISTRO': 'humble', 'OVSX_REGISTRY_URL': 'https://open-vsx.org', 'LOGNAME': 'orangepi', 'FORCE_COLOR': '0', 'VSCODE_HANDLES_SIGPIPE': 'true', '_': '/usr/bin/colcon', 'ROS_VERSION': '2', 'CURSOR_LAYOUT': 'unifiedAgent', 'XDG_SESSION_CLASS': 'user', 'TERM': 'dumb', 'GST_GL_API': 'gles2', 'XDG_SESSION_ID': '5', 'GST_VIDEO_CONVERT_PREFERRED_FORMAT': 'NV12:NV16:I420:YUY2', 'GST_V4L2SRC_RK_DEVICES': '_mainpath:_selfpath:_bypass:_scale', 'ROS_LOCALHOST_ONLY': '0', 'PATH': '/home/orangepi/.cursor-server/bin/linux-arm64/55434bd8062ece6fee083b82beed2aee42d253f0/node_modules/@vscode/ripgrep/bin:/home/orangepi/.cursor-server/bin/linux-arm64/55434bd8062ece6fee083b82beed2aee42d253f0/bin/remote-cli:/opt/ros/humble/bin:/home/orangepi/.cursor-server/bin/linux-arm64/55434bd8062ece6fee083b82beed2aee42d253f0/bin/remote-cli:/usr/local/sbin:/usr/local/bin:/usr/sbin:/usr/bin:/sbin:/bin:/usr/games:/usr/local/games:/snap/bin', 'VSCODE_AGENT_FOLDER': '/home/orangepi/.cursor-server', 'XDG_RUNTIME_DIR': '/run/user/1000', 'AGENT_TRANSCRIPTS': '/home/orangepi/.cursor/projects/home-orangepi/agent-transcripts', 'GST_GL_PLATFORM': 'egl', 'GST_DEBUG_NO_COLOR': '1', 'GST_V4L2SRC_DEFAULT_DEVICE': '/dev/video-camera0', 'CURSOR_AGENT': '1', 'DISPLAY': ':0', 'LANG': 'en_US.UTF-8', 'LS_COLORS': '', 'GST_V4L2_USE_LIBV4L2': '1', 'UMS_SIZE': '256M', 'AMENT_PREFIX_PATH': '/home/orangepi/marco_ws/install/lane_tracking:/home/orangepi/marco_ws/install/marco_simulation:/home/orangepi/marco_ws/install/marco_safety:/home/orangepi/marco_ws/install/marco_perception:/home/orangepi/marco_ws/install/marco_navigation:/home/orangepi/marco_ws/install/marco_msgs:/home/orangepi/marco_ws/install/marco_mission:/home/orangepi/marco_ws/install/marco_localization:/home/orangepi/marco_ws/install/marco_docking:/home/orangepi/marco_ws/install/marco_bringup:/home/orangepi/marco_ws/install/marco_description:/home/orangepi/marco_ws/install/marco_base:/home/orangepi/ydlidar_ros2_ws/install/ydlidar_ros2_driver:/opt/ros/humble', 'LC_MESSAGES': 'en_US.UTF-8', 'SHELL': '/bin/bash', 'VSCODE_SERVER_SHUTDOWN_TIMEOUT': '300', 'UMS_RO': '0', 'LESSCLOSE': '/usr/bin/lesspipe %s %s', 'UMS_FSTYPE': 'vfat', 'PWD': '/home/orangepi/marco_ws/build/marco_base', 'LC_ALL': 'en_US.UTF-8', 'SSH_CONNECTION': '192.168.186.243 52154 192.168.186.116 22', 'CURSOR_CONVERSATION_ID': '70235c65-5036-4126-8a34-599fbbfb1513', 'PYTHONPATH': '/home/orangepi/marco_ws/build/marco_base/prefix_override:/usr/lib/python3/dist-packages/colcon_core/task/python/colcon_distutils_commands:/home/orangepi/marco_ws/install/marco_base/lib/python3.10/site-packages:/home/orangepi/marco_ws/install/lane_tracking/lib/python3.10/site-packages:/home/orangepi/marco_ws/build/marco_perception:/home/orangepi/marco_ws/install/marco_perception/lib/python3.10/site-packages:/home/orangepi/marco_ws/install/marco_msgs/local/lib/python3.10/dist-packages:/home/orangepi/marco_ws/build/marco_mission:/home/orangepi/marco_ws/install/marco_mission/lib/python3.10/site-packages:/home/orangepi/marco_ws/build/marco_docking:/home/orangepi/marco_ws/install/marco_docking/lib/python3.10/site-packages:/home/orangepi/marco_ws/build/marco_base:/home/orangepi/marco_ws/install/marco_base/lib/python3.10/site-packages:/opt/ros/humble/lib/python3.10/site-packages:/opt/ros/humble/local/lib/python3.10/dist-packages', 'UMS_MOUNT': '0', 'COLCON': '1', '__CURSOR_SANDBOX_ENV_RESTORE': "builtin unset CURSOR_CONVERSATION_ID CURSOR_AGENT_STORE_FILES_DIR CURSOR_AGENT_STORE_SHARED_PATHS 2>/dev/null || true; builtin export CURSOR_CONVERSATION_ID='70235c65-5036-4126-8a34-599fbbfb1513'", '_ZO_DOCTOR': '0', 'CMAKE_PREFIX_PATH': '/home/orangepi/marco_ws/install/marco_simulation:/home/orangepi/marco_ws/install/marco_safety:/home/orangepi/marco_ws/install/marco_navigation:/home/orangepi/marco_ws/install/marco_msgs:/home/orangepi/marco_ws/install/marco_localization:/home/orangepi/marco_ws/install/marco_bringup:/home/orangepi/marco_ws/install/marco_description:/home/orangepi/ydlidar_ros2_ws/install/ydlidar_ros2_driver', 'UMS_FILE': '/userdata/ums_shared.img'}, 'shell': False}
[1.708897] (-) TimerEvent: {}
[1.809385] (-) TimerEvent: {}
[1.909838] (-) TimerEvent: {}
[2.010227] (-) TimerEvent: {}
[2.076363] (marco_base) StdoutLine: {'line': b'running develop\n'}
[2.110435] (-) TimerEvent: {}
[2.210911] (-) TimerEvent: {}
[2.260868] (marco_base) StdoutLine: {'line': b'running egg_info\n'}
[2.261702] (marco_base) StdoutLine: {'line': b'writing marco_base.egg-info/PKG-INFO\n'}
[2.262000] (marco_base) StdoutLine: {'line': b'writing dependency_links to marco_base.egg-info/dependency_links.txt\n'}
[2.263879] (marco_base) StdoutLine: {'line': b'writing entry points to marco_base.egg-info/entry_points.txt\n'}
[2.264564] (marco_base) StdoutLine: {'line': b'writing requirements to marco_base.egg-info/requires.txt\n'}
[2.265331] (marco_base) StdoutLine: {'line': b'writing top-level names to marco_base.egg-info/top_level.txt\n'}
[2.271195] (marco_base) StdoutLine: {'line': b"reading manifest file 'marco_base.egg-info/SOURCES.txt'\n"}
[2.272334] (marco_base) StdoutLine: {'line': b"writing manifest file 'marco_base.egg-info/SOURCES.txt'\n"}
[2.276981] (marco_base) StdoutLine: {'line': b'running build_ext\n'}
[2.278045] (marco_base) StdoutLine: {'line': b'Creating /home/orangepi/marco_ws/install/marco_base/lib/python3.10/site-packages/marco-base.egg-link (link to .)\n'}
[2.279130] (marco_base) StdoutLine: {'line': b'Installing base_driver script to /home/orangepi/marco_ws/install/marco_base/lib/marco_base\n'}
[2.280761] (marco_base) StdoutLine: {'line': b'Installing pwm_bridge script to /home/orangepi/marco_ws/install/marco_base/lib/marco_base\n'}
[2.281228] (marco_base) StdoutLine: {'line': b'\n'}
[2.281604] (marco_base) StdoutLine: {'line': b'Installed /home/orangepi/marco_ws/build/marco_base\n'}
[2.282585] (marco_base) StdoutLine: {'line': b'running symlink_data\n'}
[2.283043] (marco_base) StdoutLine: {'line': b'symbolically linking /home/orangepi/marco_ws/build/marco_base/resource/marco_base -> /home/orangepi/marco_ws/install/marco_base/share/ament_index/resource_index/packages\n'}
[2.283516] (marco_base) StdoutLine: {'line': b'symbolically linking /home/orangepi/marco_ws/build/marco_base/package.xml -> /home/orangepi/marco_ws/install/marco_base/share/marco_base\n'}
[2.283958] (marco_base) StdoutLine: {'line': b'symbolically linking /home/orangepi/marco_ws/build/marco_base/launch/base_driver.launch.py -> /home/orangepi/marco_ws/install/marco_base/share/marco_base/launch\n'}
[2.284366] (marco_base) StderrLine: {'line': b"error: [Errno 2] No such file or directory: '/home/orangepi/marco_ws/install/marco_base/share/marco_base/launch/pwm_bridge.launch.py'\n"}
[2.311520] (-) TimerEvent: {}
[2.412440] (-) TimerEvent: {}
[2.428336] (marco_base) CommandEnded: {'returncode': 1}
[2.430782] (marco_base) JobEnded: {'identifier': 'marco_base', 'rc': 1}
[2.440622] (-) EventReactorShutdown: {}
