[0.996s] Invoking command in '/home/orangepi/marco_ws/build/marco_safety': CMAKE_PREFIX_PATH=${CMAKE_PREFIX_PATH}:/home/orangepi/marco_ws/install/marco_docking:/home/orangepi/marco_ws/install/marco_perception:/home/orangepi/marco_ws/install/marco_mission:/home/orangepi/marco_ws/install/marco_base:/home/orangepi/marco_ws/install/lane_tracking:/opt/ros/humble /usr/bin/cmake /home/orangepi/marco_ws/src/marco_safety -DCMAKE_INSTALL_PREFIX=/home/orangepi/marco_ws/install/marco_safety
[1.014s] -- Found ament_cmake: 1.3.14 (/opt/ros/humble/share/ament_cmake/cmake)
[1.252s] -- Override CMake install command with custom implementation using symlinks instead of copying resources
[1.431s] -- Configuring done
[1.442s] -- Generating done
[1.451s] -- Build files have been written to: /home/orangepi/marco_ws/build/marco_safety
[1.461s] Invoked command in '/home/orangepi/marco_ws/build/marco_safety' returned '0': CMAKE_PREFIX_PATH=${CMAKE_PREFIX_PATH}:/home/orangepi/marco_ws/install/marco_docking:/home/orangepi/marco_ws/install/marco_perception:/home/orangepi/marco_ws/install/marco_mission:/home/orangepi/marco_ws/install/marco_base:/home/orangepi/marco_ws/install/lane_tracking:/opt/ros/humble /usr/bin/cmake /home/orangepi/marco_ws/src/marco_safety -DCMAKE_INSTALL_PREFIX=/home/orangepi/marco_ws/install/marco_safety
[1.465s] Invoking command in '/home/orangepi/marco_ws/build/marco_safety': CMAKE_PREFIX_PATH=${CMAKE_PREFIX_PATH}:/home/orangepi/marco_ws/install/marco_docking:/home/orangepi/marco_ws/install/marco_perception:/home/orangepi/marco_ws/install/marco_mission:/home/orangepi/marco_ws/install/marco_base:/home/orangepi/marco_ws/install/lane_tracking:/opt/ros/humble /usr/bin/cmake --build /home/orangepi/marco_ws/build/marco_safety -- -j8 -l8
[1.564s] Invoked command in '/home/orangepi/marco_ws/build/marco_safety' returned '0': CMAKE_PREFIX_PATH=${CMAKE_PREFIX_PATH}:/home/orangepi/marco_ws/install/marco_docking:/home/orangepi/marco_ws/install/marco_perception:/home/orangepi/marco_ws/install/marco_mission:/home/orangepi/marco_ws/install/marco_base:/home/orangepi/marco_ws/install/lane_tracking:/opt/ros/humble /usr/bin/cmake --build /home/orangepi/marco_ws/build/marco_safety -- -j8 -l8
[1.568s] Invoking command in '/home/orangepi/marco_ws/build/marco_safety': CMAKE_PREFIX_PATH=${CMAKE_PREFIX_PATH}:/home/orangepi/marco_ws/install/marco_docking:/home/orangepi/marco_ws/install/marco_perception:/home/orangepi/marco_ws/install/marco_mission:/home/orangepi/marco_ws/install/marco_base:/home/orangepi/marco_ws/install/lane_tracking:/opt/ros/humble /usr/bin/cmake --install /home/orangepi/marco_ws/build/marco_safety
[1.595s] -- Install configuration: ""
[1.597s] -- Execute custom install script
[1.598s] -- Up-to-date symlink: /home/orangepi/marco_ws/install/marco_safety/share/marco_safety/config/.gitkeep
[1.598s] -- Up-to-date symlink: /home/orangepi/marco_ws/install/marco_safety/share/marco_safety/config/collision_monitor.yaml
[1.599s] -- Up-to-date symlink: /home/orangepi/marco_ws/install/marco_safety/share/marco_safety/config/twist_mux.yaml
[1.599s] -- Up-to-date symlink: /home/orangepi/marco_ws/install/marco_safety/share/marco_safety/launch/.gitkeep
[1.600s] -- Up-to-date symlink: /home/orangepi/marco_ws/install/marco_safety/share/marco_safety/launch/safety.launch.py
[1.600s] -- Up-to-date symlink: /home/orangepi/marco_ws/install/marco_safety/share/ament_index/resource_index/package_run_dependencies/marco_safety
[1.600s] -- Up-to-date symlink: /home/orangepi/marco_ws/install/marco_safety/share/ament_index/resource_index/parent_prefix_path/marco_safety
[1.601s] -- Up-to-date symlink: /home/orangepi/marco_ws/install/marco_safety/share/marco_safety/environment/ament_prefix_path.sh
[1.601s] -- Up-to-date symlink: /home/orangepi/marco_ws/install/marco_safety/share/marco_safety/environment/ament_prefix_path.dsv
[1.602s] -- Up-to-date symlink: /home/orangepi/marco_ws/install/marco_safety/share/marco_safety/environment/path.sh
[1.602s] -- Up-to-date symlink: /home/orangepi/marco_ws/install/marco_safety/share/marco_safety/environment/path.dsv
[1.602s] -- Up-to-date symlink: /home/orangepi/marco_ws/install/marco_safety/share/marco_safety/local_setup.bash
[1.603s] -- Up-to-date symlink: /home/orangepi/marco_ws/install/marco_safety/share/marco_safety/local_setup.sh
[1.603s] -- Up-to-date symlink: /home/orangepi/marco_ws/install/marco_safety/share/marco_safety/local_setup.zsh
[1.603s] -- Up-to-date symlink: /home/orangepi/marco_ws/install/marco_safety/share/marco_safety/local_setup.dsv
[1.604s] -- Symlinking: /home/orangepi/marco_ws/install/marco_safety/share/marco_safety/package.dsv
[1.630s] -- Up-to-date symlink: /home/orangepi/marco_ws/install/marco_safety/share/ament_index/resource_index/packages/marco_safety
[1.631s] -- Up-to-date symlink: /home/orangepi/marco_ws/install/marco_safety/share/marco_safety/cmake/marco_safetyConfig.cmake
[1.631s] -- Up-to-date symlink: /home/orangepi/marco_ws/install/marco_safety/share/marco_safety/cmake/marco_safetyConfig-version.cmake
[1.632s] -- Up-to-date symlink: /home/orangepi/marco_ws/install/marco_safety/share/marco_safety/package.xml
[1.638s] Invoked command in '/home/orangepi/marco_ws/build/marco_safety' returned '0': CMAKE_PREFIX_PATH=${CMAKE_PREFIX_PATH}:/home/orangepi/marco_ws/install/marco_docking:/home/orangepi/marco_ws/install/marco_perception:/home/orangepi/marco_ws/install/marco_mission:/home/orangepi/marco_ws/install/marco_base:/home/orangepi/marco_ws/install/lane_tracking:/opt/ros/humble /usr/bin/cmake --install /home/orangepi/marco_ws/build/marco_safety
