running develop
Removing /home/orangepi/marco_ws/install/marco_mission/lib/python3.10/site-packages/marco-mission.egg-link (link to .)
running egg_info
writing ../../build/marco_mission/marco_mission.egg-info/PKG-INFO
writing dependency_links to ../../build/marco_mission/marco_mission.egg-info/dependency_links.txt
writing entry points to ../../build/marco_mission/marco_mission.egg-info/entry_points.txt
writing requirements to ../../build/marco_mission/marco_mission.egg-info/requires.txt
writing top-level names to ../../build/marco_mission/marco_mission.egg-info/top_level.txt
reading manifest file '../../build/marco_mission/marco_mission.egg-info/SOURCES.txt'
adding license file 'LICENSE'
writing manifest file '../../build/marco_mission/marco_mission.egg-info/SOURCES.txt'
running build
running build_py
creating /home/orangepi/marco_ws/build/marco_mission/build
creating /home/orangepi/marco_ws/build/marco_mission/build/lib
creating /home/orangepi/marco_ws/build/marco_mission/build/lib/marco_mission
copying marco_mission/mock_plc.py -> /home/orangepi/marco_ws/build/marco_mission/build/lib/marco_mission
copying marco_mission/mission_manager.py -> /home/orangepi/marco_ws/build/marco_mission/build/lib/marco_mission
copying marco_mission/__init__.py -> /home/orangepi/marco_ws/build/marco_mission/build/lib/marco_mission
running install
running install_lib
creating /home/orangepi/marco_ws/install/marco_mission/lib/python3.10/site-packages/marco_mission
copying /home/orangepi/marco_ws/build/marco_mission/build/lib/marco_mission/mock_plc.py -> /home/orangepi/marco_ws/install/marco_mission/lib/python3.10/site-packages/marco_mission
copying /home/orangepi/marco_ws/build/marco_mission/build/lib/marco_mission/mission_manager.py -> /home/orangepi/marco_ws/install/marco_mission/lib/python3.10/site-packages/marco_mission
copying /home/orangepi/marco_ws/build/marco_mission/build/lib/marco_mission/__init__.py -> /home/orangepi/marco_ws/install/marco_mission/lib/python3.10/site-packages/marco_mission
byte-compiling /home/orangepi/marco_ws/install/marco_mission/lib/python3.10/site-packages/marco_mission/mock_plc.py to mock_plc.cpython-310.pyc
byte-compiling /home/orangepi/marco_ws/install/marco_mission/lib/python3.10/site-packages/marco_mission/mission_manager.py to mission_manager.cpython-310.pyc
byte-compiling /home/orangepi/marco_ws/install/marco_mission/lib/python3.10/site-packages/marco_mission/__init__.py to __init__.cpython-310.pyc
running install_data
copying resource/marco_mission -> /home/orangepi/marco_ws/install/marco_mission/share/ament_index/resource_index/packages
copying package.xml -> /home/orangepi/marco_ws/install/marco_mission/share/marco_mission
copying launch/mission.launch.py -> /home/orangepi/marco_ws/install/marco_mission/share/marco_mission/launch
running install_egg_info
Copying ../../build/marco_mission/marco_mission.egg-info to /home/orangepi/marco_ws/install/marco_mission/lib/python3.10/site-packages/marco_mission-0.1.0-py3.10.egg-info
running install_scripts
Installing mission_manager script to /home/orangepi/marco_ws/install/marco_mission/lib/marco_mission
Installing mock_plc script to /home/orangepi/marco_ws/install/marco_mission/lib/marco_mission
writing list of installed files to '/home/orangepi/marco_ws/build/marco_mission/install.log'
