[1.415s] Invoking command in '/home/orangepi/marco_ws/build/marco_mission': CMAKE_PREFIX_PATH=/home/orangepi/marco_ws/install/marco_msgs:/home/orangepi/marco_ws/install/marco_simulation:/home/orangepi/marco_ws/install/marco_safety:/home/orangepi/marco_ws/install/marco_localization:/home/orangepi/marco_ws/install/marco_navigation:/home/orangepi/marco_ws/install/marco_bringup:/home/orangepi/marco_ws/install/marco_description:/home/orangepi/ydlidar_ros2_ws/install/ydlidar_ros2_driver PYTHONPATH=/home/orangepi/marco_ws/build/marco_mission/prefix_override:/usr/lib/python3/dist-packages/colcon_core/task/python/colcon_distutils_commands:/home/orangepi/marco_ws/install/marco_mission/lib/python3.10/site-packages:${PYTHONPATH} /usr/bin/python3 -W ignore:setup.py install is deprecated -W ignore:easy_install command is deprecated setup.py develop --uninstall --editable --build-directory /home/orangepi/marco_ws/build/marco_mission/build
[1.805s] running develop
[1.989s] Removing /home/orangepi/marco_ws/install/marco_mission/lib/python3.10/site-packages/marco-mission.egg-link (link to .)
[2.123s] Invoked command in '/home/orangepi/marco_ws/build/marco_mission' returned '0': CMAKE_PREFIX_PATH=/home/orangepi/marco_ws/install/marco_msgs:/home/orangepi/marco_ws/install/marco_simulation:/home/orangepi/marco_ws/install/marco_safety:/home/orangepi/marco_ws/install/marco_localization:/home/orangepi/marco_ws/install/marco_navigation:/home/orangepi/marco_ws/install/marco_bringup:/home/orangepi/marco_ws/install/marco_description:/home/orangepi/ydlidar_ros2_ws/install/ydlidar_ros2_driver PYTHONPATH=/home/orangepi/marco_ws/build/marco_mission/prefix_override:/usr/lib/python3/dist-packages/colcon_core/task/python/colcon_distutils_commands:/home/orangepi/marco_ws/install/marco_mission/lib/python3.10/site-packages:${PYTHONPATH} /usr/bin/python3 -W ignore:setup.py install is deprecated -W ignore:easy_install command is deprecated setup.py develop --uninstall --editable --build-directory /home/orangepi/marco_ws/build/marco_mission/build
[2.127s] Invoking command in '/home/orangepi/marco_ws/src/marco_mission': CMAKE_PREFIX_PATH=/home/orangepi/marco_ws/install/marco_msgs:/home/orangepi/marco_ws/install/marco_simulation:/home/orangepi/marco_ws/install/marco_safety:/home/orangepi/marco_ws/install/marco_localization:/home/orangepi/marco_ws/install/marco_navigation:/home/orangepi/marco_ws/install/marco_bringup:/home/orangepi/marco_ws/install/marco_description:/home/orangepi/ydlidar_ros2_ws/install/ydlidar_ros2_driver PYTHONPATH=/home/orangepi/marco_ws/build/marco_mission/prefix_override:/usr/lib/python3/dist-packages/colcon_core/task/python/colcon_distutils_commands:/home/orangepi/marco_ws/install/marco_mission/lib/python3.10/site-packages:${PYTHONPATH} /usr/bin/python3 -W ignore:setup.py install is deprecated -W ignore:easy_install command is deprecated setup.py egg_info --egg-base ../../build/marco_mission build --build-base /home/orangepi/marco_ws/build/marco_mission/build install --record /home/orangepi/marco_ws/build/marco_mission/install.log --install-scripts $base/lib/marco_mission --single-version-externally-managed install_data --force
[2.449s] running egg_info
[2.450s] writing ../../build/marco_mission/marco_mission.egg-info/PKG-INFO
[2.452s] writing dependency_links to ../../build/marco_mission/marco_mission.egg-info/dependency_links.txt
[2.453s] writing entry points to ../../build/marco_mission/marco_mission.egg-info/entry_points.txt
[2.457s] writing requirements to ../../build/marco_mission/marco_mission.egg-info/requires.txt
[2.458s] writing top-level names to ../../build/marco_mission/marco_mission.egg-info/top_level.txt
[2.464s] reading manifest file '../../build/marco_mission/marco_mission.egg-info/SOURCES.txt'
[2.465s] adding license file 'LICENSE'
[2.466s] writing manifest file '../../build/marco_mission/marco_mission.egg-info/SOURCES.txt'
[2.466s] running build
[2.467s] running build_py
[2.467s] creating /home/orangepi/marco_ws/build/marco_mission/build
[2.468s] creating /home/orangepi/marco_ws/build/marco_mission/build/lib
[2.468s] creating /home/orangepi/marco_ws/build/marco_mission/build/lib/marco_mission
[2.469s] copying marco_mission/mock_plc.py -> /home/orangepi/marco_ws/build/marco_mission/build/lib/marco_mission
[2.469s] copying marco_mission/mission_manager.py -> /home/orangepi/marco_ws/build/marco_mission/build/lib/marco_mission
[2.470s] copying marco_mission/__init__.py -> /home/orangepi/marco_ws/build/marco_mission/build/lib/marco_mission
[2.470s] running install
[2.471s] running install_lib
[2.471s] creating /home/orangepi/marco_ws/install/marco_mission/lib/python3.10/site-packages/marco_mission
[2.471s] copying /home/orangepi/marco_ws/build/marco_mission/build/lib/marco_mission/mock_plc.py -> /home/orangepi/marco_ws/install/marco_mission/lib/python3.10/site-packages/marco_mission
[2.472s] copying /home/orangepi/marco_ws/build/marco_mission/build/lib/marco_mission/mission_manager.py -> /home/orangepi/marco_ws/install/marco_mission/lib/python3.10/site-packages/marco_mission
[2.472s] copying /home/orangepi/marco_ws/build/marco_mission/build/lib/marco_mission/__init__.py -> /home/orangepi/marco_ws/install/marco_mission/lib/python3.10/site-packages/marco_mission
[2.473s] byte-compiling /home/orangepi/marco_ws/install/marco_mission/lib/python3.10/site-packages/marco_mission/mock_plc.py to mock_plc.cpython-310.pyc
[2.473s] byte-compiling /home/orangepi/marco_ws/install/marco_mission/lib/python3.10/site-packages/marco_mission/mission_manager.py to mission_manager.cpython-310.pyc
[2.475s] byte-compiling /home/orangepi/marco_ws/install/marco_mission/lib/python3.10/site-packages/marco_mission/__init__.py to __init__.cpython-310.pyc
[2.476s] running install_data
[2.476s] copying resource/marco_mission -> /home/orangepi/marco_ws/install/marco_mission/share/ament_index/resource_index/packages
[2.477s] copying package.xml -> /home/orangepi/marco_ws/install/marco_mission/share/marco_mission
[2.477s] copying launch/mission.launch.py -> /home/orangepi/marco_ws/install/marco_mission/share/marco_mission/launch
[2.477s] running install_egg_info
[2.480s] Copying ../../build/marco_mission/marco_mission.egg-info to /home/orangepi/marco_ws/install/marco_mission/lib/python3.10/site-packages/marco_mission-0.1.0-py3.10.egg-info
[2.481s] running install_scripts
[2.522s] Installing mission_manager script to /home/orangepi/marco_ws/install/marco_mission/lib/marco_mission
[2.522s] Installing mock_plc script to /home/orangepi/marco_ws/install/marco_mission/lib/marco_mission
[2.523s] writing list of installed files to '/home/orangepi/marco_ws/build/marco_mission/install.log'
[2.643s] Invoked command in '/home/orangepi/marco_ws/src/marco_mission' returned '0': CMAKE_PREFIX_PATH=/home/orangepi/marco_ws/install/marco_msgs:/home/orangepi/marco_ws/install/marco_simulation:/home/orangepi/marco_ws/install/marco_safety:/home/orangepi/marco_ws/install/marco_localization:/home/orangepi/marco_ws/install/marco_navigation:/home/orangepi/marco_ws/install/marco_bringup:/home/orangepi/marco_ws/install/marco_description:/home/orangepi/ydlidar_ros2_ws/install/ydlidar_ros2_driver PYTHONPATH=/home/orangepi/marco_ws/build/marco_mission/prefix_override:/usr/lib/python3/dist-packages/colcon_core/task/python/colcon_distutils_commands:/home/orangepi/marco_ws/install/marco_mission/lib/python3.10/site-packages:${PYTHONPATH} /usr/bin/python3 -W ignore:setup.py install is deprecated -W ignore:easy_install command is deprecated setup.py egg_info --egg-base ../../build/marco_mission build --build-base /home/orangepi/marco_ws/build/marco_mission/build install --record /home/orangepi/marco_ws/build/marco_mission/install.log --install-scripts $base/lib/marco_mission --single-version-externally-managed install_data --force
