[0.047s] Invoking command in '/home/orangepi/marco_ws/build/marco_navigation': CMAKE_PREFIX_PATH=${CMAKE_PREFIX_PATH}:/home/orangepi/marco_ws/install/marco_perception:/home/orangepi/marco_ws/install/marco_mission:/home/orangepi/marco_ws/install/marco_docking:/home/orangepi/marco_ws/install/marco_base:/home/orangepi/marco_ws/install/lane_tracking:/opt/ros/humble /usr/bin/cmake --build /home/orangepi/marco_ws/build/marco_navigation -- -j8 -l8
[0.275s] -- Found ament_cmake: 1.3.14 (/opt/ros/humble/share/ament_cmake/cmake)
[0.606s] -- Override CMake install command with custom implementation using symlinks instead of copying resources
[0.784s] -- Configuring done
[0.800s] -- Generating done
[0.808s] -- Build files have been written to: /home/orangepi/marco_ws/build/marco_navigation
[0.883s] Invoked command in '/home/orangepi/marco_ws/build/marco_navigation' returned '0': CMAKE_PREFIX_PATH=${CMAKE_PREFIX_PATH}:/home/orangepi/marco_ws/install/marco_perception:/home/orangepi/marco_ws/install/marco_mission:/home/orangepi/marco_ws/install/marco_docking:/home/orangepi/marco_ws/install/marco_base:/home/orangepi/marco_ws/install/lane_tracking:/opt/ros/humble /usr/bin/cmake --build /home/orangepi/marco_ws/build/marco_navigation -- -j8 -l8
[0.916s] Invoking command in '/home/orangepi/marco_ws/build/marco_navigation': CMAKE_PREFIX_PATH=${CMAKE_PREFIX_PATH}:/home/orangepi/marco_ws/install/marco_perception:/home/orangepi/marco_ws/install/marco_mission:/home/orangepi/marco_ws/install/marco_docking:/home/orangepi/marco_ws/install/marco_base:/home/orangepi/marco_ws/install/lane_tracking:/opt/ros/humble /usr/bin/cmake --install /home/orangepi/marco_ws/build/marco_navigation
[0.929s] -- Install configuration: ""
[0.929s] -- Execute custom install script
[0.930s] -- Up-to-date symlink: /home/orangepi/marco_ws/install/marco_navigation/share/marco_navigation/config/.gitkeep
[0.930s] -- Symlinking: /home/orangepi/marco_ws/install/marco_navigation/share/marco_navigation/config/nav2_params.yaml
[0.962s] -- Up-to-date symlink: /home/orangepi/marco_ws/install/marco_navigation/share/marco_navigation/launch/.gitkeep
[0.963s] -- Symlinking: /home/orangepi/marco_ws/install/marco_navigation/share/marco_navigation/launch/navigation.launch.py
[0.993s] -- Up-to-date symlink: /home/orangepi/marco_ws/install/marco_navigation/share/marco_navigation/behavior_trees/.gitkeep
[0.993s] -- Symlinking: /home/orangepi/marco_ws/install/marco_navigation/share/marco_navigation/behavior_trees/navigate_to_pose_wait.xml
[1.027s] -- Up-to-date symlink: /home/orangepi/marco_ws/install/marco_navigation/share/marco_navigation/maps/.gitkeep
[1.028s] -- Up-to-date symlink: /home/orangepi/marco_ws/install/marco_navigation/share/marco_navigation/maps/README.md
[1.029s] -- Up-to-date symlink: /home/orangepi/marco_ws/install/marco_navigation/share/marco_navigation/maps/oda_test.pgm
[1.029s] -- Up-to-date symlink: /home/orangepi/marco_ws/install/marco_navigation/share/marco_navigation/maps/oda_test.yaml
[1.030s] -- Up-to-date symlink: /home/orangepi/marco_ws/install/marco_navigation/share/marco_navigation/graphs/.gitkeep
[1.030s] -- Up-to-date symlink: /home/orangepi/marco_ws/install/marco_navigation/share/ament_index/resource_index/package_run_dependencies/marco_navigation
[1.031s] -- Up-to-date symlink: /home/orangepi/marco_ws/install/marco_navigation/share/ament_index/resource_index/parent_prefix_path/marco_navigation
[1.032s] -- Up-to-date symlink: /home/orangepi/marco_ws/install/marco_navigation/share/marco_navigation/environment/ament_prefix_path.sh
[1.032s] -- Up-to-date symlink: /home/orangepi/marco_ws/install/marco_navigation/share/marco_navigation/environment/ament_prefix_path.dsv
[1.033s] -- Up-to-date symlink: /home/orangepi/marco_ws/install/marco_navigation/share/marco_navigation/environment/path.sh
[1.033s] -- Up-to-date symlink: /home/orangepi/marco_ws/install/marco_navigation/share/marco_navigation/environment/path.dsv
[1.034s] -- Up-to-date symlink: /home/orangepi/marco_ws/install/marco_navigation/share/marco_navigation/local_setup.bash
[1.034s] -- Up-to-date symlink: /home/orangepi/marco_ws/install/marco_navigation/share/marco_navigation/local_setup.sh
[1.034s] -- Up-to-date symlink: /home/orangepi/marco_ws/install/marco_navigation/share/marco_navigation/local_setup.zsh
[1.035s] -- Up-to-date symlink: /home/orangepi/marco_ws/install/marco_navigation/share/marco_navigation/local_setup.dsv
[1.035s] -- Symlinking: /home/orangepi/marco_ws/install/marco_navigation/share/marco_navigation/package.dsv
[1.069s] -- Up-to-date symlink: /home/orangepi/marco_ws/install/marco_navigation/share/ament_index/resource_index/packages/marco_navigation
[1.069s] -- Up-to-date symlink: /home/orangepi/marco_ws/install/marco_navigation/share/marco_navigation/cmake/marco_navigationConfig.cmake
[1.070s] -- Up-to-date symlink: /home/orangepi/marco_ws/install/marco_navigation/share/marco_navigation/cmake/marco_navigationConfig-version.cmake
[1.070s] -- Up-to-date symlink: /home/orangepi/marco_ws/install/marco_navigation/share/marco_navigation/package.xml
[1.078s] Invoked command in '/home/orangepi/marco_ws/build/marco_navigation' returned '0': CMAKE_PREFIX_PATH=${CMAKE_PREFIX_PATH}:/home/orangepi/marco_ws/install/marco_perception:/home/orangepi/marco_ws/install/marco_mission:/home/orangepi/marco_ws/install/marco_docking:/home/orangepi/marco_ws/install/marco_base:/home/orangepi/marco_ws/install/lane_tracking:/opt/ros/humble /usr/bin/cmake --install /home/orangepi/marco_ws/build/marco_navigation
