running egg_info
writing ../../build/marco_base/marco_base.egg-info/PKG-INFO
writing dependency_links to ../../build/marco_base/marco_base.egg-info/dependency_links.txt
writing entry points to ../../build/marco_base/marco_base.egg-info/entry_points.txt
writing requirements to ../../build/marco_base/marco_base.egg-info/requires.txt
writing top-level names to ../../build/marco_base/marco_base.egg-info/top_level.txt
reading manifest file '../../build/marco_base/marco_base.egg-info/SOURCES.txt'
adding license file 'LICENSE'
writing manifest file '../../build/marco_base/marco_base.egg-info/SOURCES.txt'
running build
running build_py
running install
running install_lib
running install_data
running install_egg_info
removing '/home/orangepi/marco_ws/install/marco_base/lib/python3.10/site-packages/marco_base-0.1.0-py3.10.egg-info' (and everything under it)
Copying ../../build/marco_base/marco_base.egg-info to /home/orangepi/marco_ws/install/marco_base/lib/python3.10/site-packages/marco_base-0.1.0-py3.10.egg-info
running install_scripts
Installing base_driver script to /home/orangepi/marco_ws/install/marco_base/lib/marco_base
Installing pwm_bridge script to /home/orangepi/marco_ws/install/marco_base/lib/marco_base
writing list of installed files to '/home/orangepi/marco_ws/build/marco_base/install.log'
