[2.409s] Invoking command in '/home/orangepi/marco_ws/src/marco_base': PYTHONPATH=/home/orangepi/marco_ws/build/marco_base/prefix_override:/usr/lib/python3/dist-packages/colcon_core/task/python/colcon_distutils_commands:/home/orangepi/marco_ws/install/marco_base/lib/python3.10/site-packages:${PYTHONPATH} /usr/bin/python3 -W ignore:setup.py install is deprecated -W ignore:easy_install command is deprecated setup.py egg_info --egg-base ../../build/marco_base build --build-base /home/orangepi/marco_ws/build/marco_base/build install --record /home/orangepi/marco_ws/build/marco_base/install.log --install-scripts $base/lib/marco_base --single-version-externally-managed install_data
[2.749s] running egg_info
[2.751s] writing ../../build/marco_base/marco_base.egg-info/PKG-INFO
[2.752s] writing dependency_links to ../../build/marco_base/marco_base.egg-info/dependency_links.txt
[2.752s] writing entry points to ../../build/marco_base/marco_base.egg-info/entry_points.txt
[2.753s] writing requirements to ../../build/marco_base/marco_base.egg-info/requires.txt
[2.754s] writing top-level names to ../../build/marco_base/marco_base.egg-info/top_level.txt
[2.761s] reading manifest file '../../build/marco_base/marco_base.egg-info/SOURCES.txt'
[2.762s] adding license file 'LICENSE'
[2.762s] writing manifest file '../../build/marco_base/marco_base.egg-info/SOURCES.txt'
[2.763s] running build
[2.763s] running build_py
[2.764s] running install
[2.764s] running install_lib
[2.768s] running install_data
[2.768s] running install_egg_info
[2.773s] removing '/home/orangepi/marco_ws/install/marco_base/lib/python3.10/site-packages/marco_base-0.1.0-py3.10.egg-info' (and everything under it)
[2.773s] Copying ../../build/marco_base/marco_base.egg-info to /home/orangepi/marco_ws/install/marco_base/lib/python3.10/site-packages/marco_base-0.1.0-py3.10.egg-info
[2.774s] running install_scripts
[2.823s] Installing base_driver script to /home/orangepi/marco_ws/install/marco_base/lib/marco_base
[2.825s] writing list of installed files to '/home/orangepi/marco_ws/build/marco_base/install.log'
[2.920s] Invoked command in '/home/orangepi/marco_ws/src/marco_base' returned '0': PYTHONPATH=/home/orangepi/marco_ws/build/marco_base/prefix_override:/usr/lib/python3/dist-packages/colcon_core/task/python/colcon_distutils_commands:/home/orangepi/marco_ws/install/marco_base/lib/python3.10/site-packages:${PYTHONPATH} /usr/bin/python3 -W ignore:setup.py install is deprecated -W ignore:easy_install command is deprecated setup.py egg_info --egg-base ../../build/marco_base build --build-base /home/orangepi/marco_ws/build/marco_base/build install --record /home/orangepi/marco_ws/build/marco_base/install.log --install-scripts $base/lib/marco_base --single-version-externally-managed install_data
