[1.324s] Invoking command in '/home/orangepi/marco_ws/build/marco_navigation': CMAKE_PREFIX_PATH=${CMAKE_PREFIX_PATH}:/home/orangepi/marco_ws/install/marco_perception:/home/orangepi/marco_ws/install/marco_mission:/home/orangepi/marco_ws/install/marco_docking:/home/orangepi/marco_ws/install/marco_base:/opt/ros/humble /usr/bin/cmake /home/orangepi/marco_ws/src/marco_navigation -DCMAKE_INSTALL_PREFIX=/home/orangepi/marco_ws/install/marco_navigation
[1.854s] -- Found ament_cmake: 1.3.14 (/opt/ros/humble/share/ament_cmake/cmake)
[1.856s] -- Override CMake install command with custom implementation using symlinks instead of copying resources
[1.858s] -- Configuring done
[1.868s] -- Generating done
[1.871s] -- Build files have been written to: /home/orangepi/marco_ws/build/marco_navigation
[1.947s] Invoked command in '/home/orangepi/marco_ws/build/marco_navigation' returned '0': CMAKE_PREFIX_PATH=${CMAKE_PREFIX_PATH}:/home/orangepi/marco_ws/install/marco_perception:/home/orangepi/marco_ws/install/marco_mission:/home/orangepi/marco_ws/install/marco_docking:/home/orangepi/marco_ws/install/marco_base:/opt/ros/humble /usr/bin/cmake /home/orangepi/marco_ws/src/marco_navigation -DCMAKE_INSTALL_PREFIX=/home/orangepi/marco_ws/install/marco_navigation
[1.953s] Invoking command in '/home/orangepi/marco_ws/build/marco_navigation': CMAKE_PREFIX_PATH=${CMAKE_PREFIX_PATH}:/home/orangepi/marco_ws/install/marco_perception:/home/orangepi/marco_ws/install/marco_mission:/home/orangepi/marco_ws/install/marco_docking:/home/orangepi/marco_ws/install/marco_base:/opt/ros/humble /usr/bin/cmake --build /home/orangepi/marco_ws/build/marco_navigation -- -j8 -l8
[2.117s] Invoked command in '/home/orangepi/marco_ws/build/marco_navigation' returned '0': CMAKE_PREFIX_PATH=${CMAKE_PREFIX_PATH}:/home/orangepi/marco_ws/install/marco_perception:/home/orangepi/marco_ws/install/marco_mission:/home/orangepi/marco_ws/install/marco_docking:/home/orangepi/marco_ws/install/marco_base:/opt/ros/humble /usr/bin/cmake --build /home/orangepi/marco_ws/build/marco_navigation -- -j8 -l8
[2.122s] Invoking command in '/home/orangepi/marco_ws/build/marco_navigation': CMAKE_PREFIX_PATH=${CMAKE_PREFIX_PATH}:/home/orangepi/marco_ws/install/marco_perception:/home/orangepi/marco_ws/install/marco_mission:/home/orangepi/marco_ws/install/marco_docking:/home/orangepi/marco_ws/install/marco_base:/opt/ros/humble /usr/bin/cmake --install /home/orangepi/marco_ws/build/marco_navigation
[2.152s] -- Install configuration: ""
[2.153s] -- Execute custom install script
[2.155s] -- Up-to-date symlink: /home/orangepi/marco_ws/install/marco_navigation/share/marco_navigation/config/.gitkeep
[2.155s] -- Up-to-date symlink: /home/orangepi/marco_ws/install/marco_navigation/share/marco_navigation/launch/.gitkeep
[2.156s] -- Up-to-date symlink: /home/orangepi/marco_ws/install/marco_navigation/share/marco_navigation/behavior_trees/.gitkeep
[2.157s] -- Up-to-date symlink: /home/orangepi/marco_ws/install/marco_navigation/share/marco_navigation/maps/.gitkeep
[2.158s] -- Up-to-date symlink: /home/orangepi/marco_ws/install/marco_navigation/share/marco_navigation/graphs/.gitkeep
[2.159s] -- Up-to-date symlink: /home/orangepi/marco_ws/install/marco_navigation/share/ament_index/resource_index/package_run_dependencies/marco_navigation
[2.160s] -- Up-to-date symlink: /home/orangepi/marco_ws/install/marco_navigation/share/ament_index/resource_index/parent_prefix_path/marco_navigation
[2.161s] -- Up-to-date symlink: /home/orangepi/marco_ws/install/marco_navigation/share/marco_navigation/environment/ament_prefix_path.sh
[2.161s] -- Up-to-date symlink: /home/orangepi/marco_ws/install/marco_navigation/share/marco_navigation/environment/ament_prefix_path.dsv
[2.162s] -- Up-to-date symlink: /home/orangepi/marco_ws/install/marco_navigation/share/marco_navigation/environment/path.sh
[2.163s] -- Up-to-date symlink: /home/orangepi/marco_ws/install/marco_navigation/share/marco_navigation/environment/path.dsv
[2.163s] -- Up-to-date symlink: /home/orangepi/marco_ws/install/marco_navigation/share/marco_navigation/local_setup.bash
[2.164s] -- Up-to-date symlink: /home/orangepi/marco_ws/install/marco_navigation/share/marco_navigation/local_setup.sh
[2.164s] -- Up-to-date symlink: /home/orangepi/marco_ws/install/marco_navigation/share/marco_navigation/local_setup.zsh
[2.165s] -- Up-to-date symlink: /home/orangepi/marco_ws/install/marco_navigation/share/marco_navigation/local_setup.dsv
[2.165s] -- Symlinking: /home/orangepi/marco_ws/install/marco_navigation/share/marco_navigation/package.dsv
[2.195s] -- Up-to-date symlink: /home/orangepi/marco_ws/install/marco_navigation/share/ament_index/resource_index/packages/marco_navigation
[2.196s] -- Up-to-date symlink: /home/orangepi/marco_ws/install/marco_navigation/share/marco_navigation/cmake/marco_navigationConfig.cmake
[2.196s] -- Up-to-date symlink: /home/orangepi/marco_ws/install/marco_navigation/share/marco_navigation/cmake/marco_navigationConfig-version.cmake
[2.197s] -- Up-to-date symlink: /home/orangepi/marco_ws/install/marco_navigation/share/marco_navigation/package.xml
[2.210s] Invoked command in '/home/orangepi/marco_ws/build/marco_navigation' returned '0': CMAKE_PREFIX_PATH=${CMAKE_PREFIX_PATH}:/home/orangepi/marco_ws/install/marco_perception:/home/orangepi/marco_ws/install/marco_mission:/home/orangepi/marco_ws/install/marco_docking:/home/orangepi/marco_ws/install/marco_base:/opt/ros/humble /usr/bin/cmake --install /home/orangepi/marco_ws/build/marco_navigation
