[0.022s] Invoking command in '/home/orangepi/marco_ws/build/marco_bringup': AMENT_PREFIX_PATH=/home/orangepi/marco_ws/install/marco_description:/home/orangepi/marco_ws/install/marco_base:${AMENT_PREFIX_PATH} CMAKE_PREFIX_PATH=/home/orangepi/marco_ws/install/marco_description:/home/orangepi/ydlidar_ros2_ws/install/ydlidar_ros2_driver:/opt/ros/humble PYTHONPATH=/home/orangepi/marco_ws/build/marco_base:/home/orangepi/marco_ws/install/marco_base/lib/python3.10/site-packages:${PYTHONPATH} /usr/bin/cmake --build /home/orangepi/marco_ws/build/marco_bringup -- -j8 -l8
[0.165s] Invoked command in '/home/orangepi/marco_ws/build/marco_bringup' returned '0': AMENT_PREFIX_PATH=/home/orangepi/marco_ws/install/marco_description:/home/orangepi/marco_ws/install/marco_base:${AMENT_PREFIX_PATH} CMAKE_PREFIX_PATH=/home/orangepi/marco_ws/install/marco_description:/home/orangepi/ydlidar_ros2_ws/install/ydlidar_ros2_driver:/opt/ros/humble PYTHONPATH=/home/orangepi/marco_ws/build/marco_base:/home/orangepi/marco_ws/install/marco_base/lib/python3.10/site-packages:${PYTHONPATH} /usr/bin/cmake --build /home/orangepi/marco_ws/build/marco_bringup -- -j8 -l8
[0.198s] Invoking command in '/home/orangepi/marco_ws/build/marco_bringup': AMENT_PREFIX_PATH=/home/orangepi/marco_ws/install/marco_description:/home/orangepi/marco_ws/install/marco_base:${AMENT_PREFIX_PATH} CMAKE_PREFIX_PATH=/home/orangepi/marco_ws/install/marco_description:/home/orangepi/ydlidar_ros2_ws/install/ydlidar_ros2_driver:/opt/ros/humble PYTHONPATH=/home/orangepi/marco_ws/build/marco_base:/home/orangepi/marco_ws/install/marco_base/lib/python3.10/site-packages:${PYTHONPATH} /usr/bin/cmake --install /home/orangepi/marco_ws/build/marco_bringup
[0.228s] -- Install configuration: ""
[0.231s] -- Execute custom install script
[0.234s] -- Up-to-date symlink: /home/orangepi/marco_ws/install/marco_bringup/share/marco_bringup/launch/.gitkeep
[0.234s] -- Up-to-date symlink: /home/orangepi/marco_ws/install/marco_bringup/share/marco_bringup/launch/robot.launch.py
[0.235s] -- Up-to-date symlink: /home/orangepi/marco_ws/install/marco_bringup/share/marco_bringup/config/.gitkeep
[0.236s] -- Up-to-date symlink: /home/orangepi/marco_ws/install/marco_bringup/share/marco_bringup/config/robot.rviz
[0.236s] -- Up-to-date symlink: /home/orangepi/marco_ws/install/marco_bringup/share/ament_index/resource_index/package_run_dependencies/marco_bringup
[0.237s] -- Up-to-date symlink: /home/orangepi/marco_ws/install/marco_bringup/share/ament_index/resource_index/parent_prefix_path/marco_bringup
[0.237s] -- Up-to-date symlink: /home/orangepi/marco_ws/install/marco_bringup/share/marco_bringup/environment/ament_prefix_path.sh
[0.238s] -- Up-to-date symlink: /home/orangepi/marco_ws/install/marco_bringup/share/marco_bringup/environment/ament_prefix_path.dsv
[0.238s] -- Up-to-date symlink: /home/orangepi/marco_ws/install/marco_bringup/share/marco_bringup/environment/path.sh
[0.239s] -- Up-to-date symlink: /home/orangepi/marco_ws/install/marco_bringup/share/marco_bringup/environment/path.dsv
[0.239s] -- Up-to-date symlink: /home/orangepi/marco_ws/install/marco_bringup/share/marco_bringup/local_setup.bash
[0.240s] -- Up-to-date symlink: /home/orangepi/marco_ws/install/marco_bringup/share/marco_bringup/local_setup.sh
[0.240s] -- Up-to-date symlink: /home/orangepi/marco_ws/install/marco_bringup/share/marco_bringup/local_setup.zsh
[0.241s] -- Up-to-date symlink: /home/orangepi/marco_ws/install/marco_bringup/share/marco_bringup/local_setup.dsv
[0.241s] -- Symlinking: /home/orangepi/marco_ws/install/marco_bringup/share/marco_bringup/package.dsv
[0.273s] -- Up-to-date symlink: /home/orangepi/marco_ws/install/marco_bringup/share/ament_index/resource_index/packages/marco_bringup
[0.273s] -- Up-to-date symlink: /home/orangepi/marco_ws/install/marco_bringup/share/marco_bringup/cmake/marco_bringupConfig.cmake
[0.274s] -- Up-to-date symlink: /home/orangepi/marco_ws/install/marco_bringup/share/marco_bringup/cmake/marco_bringupConfig-version.cmake
[0.274s] -- Up-to-date symlink: /home/orangepi/marco_ws/install/marco_bringup/share/marco_bringup/package.xml
[0.282s] Invoked command in '/home/orangepi/marco_ws/build/marco_bringup' returned '0': AMENT_PREFIX_PATH=/home/orangepi/marco_ws/install/marco_description:/home/orangepi/marco_ws/install/marco_base:${AMENT_PREFIX_PATH} CMAKE_PREFIX_PATH=/home/orangepi/marco_ws/install/marco_description:/home/orangepi/ydlidar_ros2_ws/install/ydlidar_ros2_driver:/opt/ros/humble PYTHONPATH=/home/orangepi/marco_ws/build/marco_base:/home/orangepi/marco_ws/install/marco_base/lib/python3.10/site-packages:${PYTHONPATH} /usr/bin/cmake --install /home/orangepi/marco_ws/build/marco_bringup
