[1.657s] Invoking command in '/home/orangepi/marco_ws/src/marco_base': PYTHONPATH=/home/orangepi/marco_ws/build/marco_base/prefix_override:/usr/lib/python3/dist-packages/colcon_core/task/python/colcon_distutils_commands:/home/orangepi/marco_ws/install/marco_base/lib/python3.10/site-packages:${PYTHONPATH} /usr/bin/python3 -W ignore:setup.py install is deprecated -W ignore:easy_install command is deprecated setup.py egg_info --egg-base ../../build/marco_base build --build-base /home/orangepi/marco_ws/build/marco_base/build install --record /home/orangepi/marco_ws/build/marco_base/install.log --install-scripts $base/lib/marco_base --single-version-externally-managed install_data
[1.969s] running egg_info
[1.971s] writing ../../build/marco_base/marco_base.egg-info/PKG-INFO
[1.972s] writing dependency_links to ../../build/marco_base/marco_base.egg-info/dependency_links.txt
[1.972s] writing entry points to ../../build/marco_base/marco_base.egg-info/entry_points.txt
[1.973s] writing requirements to ../../build/marco_base/marco_base.egg-info/requires.txt
[1.974s] writing top-level names to ../../build/marco_base/marco_base.egg-info/top_level.txt
[1.980s] reading manifest file '../../build/marco_base/marco_base.egg-info/SOURCES.txt'
[1.981s] adding license file 'LICENSE'
[1.982s] writing manifest file '../../build/marco_base/marco_base.egg-info/SOURCES.txt'
[1.983s] running build
[1.983s] running build_py
[1.984s] running install
[1.985s] running install_lib
[1.987s] running install_data
[1.988s] running install_egg_info
[1.992s] removing '/home/orangepi/marco_ws/install/marco_base/lib/python3.10/site-packages/marco_base-0.1.0-py3.10.egg-info' (and everything under it)
[1.992s] Copying ../../build/marco_base/marco_base.egg-info to /home/orangepi/marco_ws/install/marco_base/lib/python3.10/site-packages/marco_base-0.1.0-py3.10.egg-info
[1.993s] running install_scripts
[2.038s] Installing base_driver script to /home/orangepi/marco_ws/install/marco_base/lib/marco_base
[2.039s] Installing pwm_bridge script to /home/orangepi/marco_ws/install/marco_base/lib/marco_base
[2.040s] writing list of installed files to '/home/orangepi/marco_ws/build/marco_base/install.log'
[2.124s] Invoked command in '/home/orangepi/marco_ws/src/marco_base' returned '0': PYTHONPATH=/home/orangepi/marco_ws/build/marco_base/prefix_override:/usr/lib/python3/dist-packages/colcon_core/task/python/colcon_distutils_commands:/home/orangepi/marco_ws/install/marco_base/lib/python3.10/site-packages:${PYTHONPATH} /usr/bin/python3 -W ignore:setup.py install is deprecated -W ignore:easy_install command is deprecated setup.py egg_info --egg-base ../../build/marco_base build --build-base /home/orangepi/marco_ws/build/marco_base/build install --record /home/orangepi/marco_ws/build/marco_base/install.log --install-scripts $base/lib/marco_base --single-version-externally-managed install_data
