[1.491s] Invoking command in '/home/orangepi/marco_ws/build/marco_base': PYTHONPATH=/home/orangepi/marco_ws/build/marco_base/prefix_override:/usr/lib/python3/dist-packages/colcon_core/task/python/colcon_distutils_commands:/home/orangepi/marco_ws/install/marco_base/lib/python3.10/site-packages:${PYTHONPATH} /usr/bin/python3 -W ignore:setup.py install is deprecated -W ignore:easy_install command is deprecated setup.py develop --editable --build-directory /home/orangepi/marco_ws/build/marco_base/build --no-deps symlink_data --force
[1.853s] running develop
[2.026s] running egg_info
[2.027s] writing marco_base.egg-info/PKG-INFO
[2.028s] writing dependency_links to marco_base.egg-info/dependency_links.txt
[2.028s] writing entry points to marco_base.egg-info/entry_points.txt
[2.029s] writing requirements to marco_base.egg-info/requires.txt
[2.030s] writing top-level names to marco_base.egg-info/top_level.txt
[2.042s] reading manifest file 'marco_base.egg-info/SOURCES.txt'
[2.048s] writing manifest file 'marco_base.egg-info/SOURCES.txt'
[2.056s] running build_ext
[2.057s] Creating /home/orangepi/marco_ws/install/marco_base/lib/python3.10/site-packages/marco-base.egg-link (link to .)
[2.058s] Installing base_driver script to /home/orangepi/marco_ws/install/marco_base/lib/marco_base
[2.059s] Installing pwm_bridge script to /home/orangepi/marco_ws/install/marco_base/lib/marco_base
[2.060s] 
[2.061s] Installed /home/orangepi/marco_ws/build/marco_base
[2.061s] running symlink_data
[2.061s] symbolically linking /home/orangepi/marco_ws/build/marco_base/resource/marco_base -> /home/orangepi/marco_ws/install/marco_base/share/ament_index/resource_index/packages
[2.061s] symbolically linking /home/orangepi/marco_ws/build/marco_base/package.xml -> /home/orangepi/marco_ws/install/marco_base/share/marco_base
[2.062s] symbolically linking /home/orangepi/marco_ws/build/marco_base/launch/base_driver.launch.py -> /home/orangepi/marco_ws/install/marco_base/share/marco_base/launch
[2.062s] symbolically linking /home/orangepi/marco_ws/build/marco_base/launch/pwm_bridge.launch.py -> /home/orangepi/marco_ws/install/marco_base/share/marco_base/launch
[2.062s] symbolically linking /home/orangepi/marco_ws/build/marco_base/config/base_driver.yaml -> /home/orangepi/marco_ws/install/marco_base/share/marco_base/config
[2.062s] symbolically linking /home/orangepi/marco_ws/build/marco_base/config/pwm_bridge.yaml -> /home/orangepi/marco_ws/install/marco_base/share/marco_base/config
[2.062s] symbolically linking /home/orangepi/marco_ws/build/marco_base/docs/STM32_UART_PROTOKOL.md -> /home/orangepi/marco_ws/install/marco_base/share/marco_base/docs
[2.169s] Invoked command in '/home/orangepi/marco_ws/build/marco_base' returned '0': PYTHONPATH=/home/orangepi/marco_ws/build/marco_base/prefix_override:/usr/lib/python3/dist-packages/colcon_core/task/python/colcon_distutils_commands:/home/orangepi/marco_ws/install/marco_base/lib/python3.10/site-packages:${PYTHONPATH} /usr/bin/python3 -W ignore:setup.py install is deprecated -W ignore:easy_install command is deprecated setup.py develop --editable --build-directory /home/orangepi/marco_ws/build/marco_base/build --no-deps symlink_data --force
