[0.000000] (-) TimerEvent: {}
[0.000197] (-) JobUnselected: {'identifier': 'lane_tracking'}
[0.000232] (-) JobUnselected: {'identifier': 'marco_bringup'}
[0.000348] (-) JobUnselected: {'identifier': 'marco_description'}
[0.000370] (-) JobUnselected: {'identifier': 'marco_docking'}
[0.000618] (-) JobUnselected: {'identifier': 'marco_localization'}
[0.000639] (-) JobUnselected: {'identifier': 'marco_mission'}
[0.000658] (-) JobUnselected: {'identifier': 'marco_msgs'}
[0.000678] (-) JobUnselected: {'identifier': 'marco_navigation'}
[0.000697] (-) JobUnselected: {'identifier': 'marco_perception'}
[0.000715] (-) JobUnselected: {'identifier': 'marco_safety'}
[0.000734] (-) JobUnselected: {'identifier': 'marco_simulation'}
[0.000757] (marco_base) JobQueued: {'identifier': 'marco_base', 'dependencies': OrderedDict()}
[0.001200] (marco_base) JobStarted: {'identifier': 'marco_base'}
[0.099409] (-) TimerEvent: {}
[0.200023] (-) TimerEvent: {}
[0.300605] (-) TimerEvent: {}
[0.401372] (-) TimerEvent: {}
[0.502108] (-) TimerEvent: {}
[0.602798] (-) TimerEvent: {}
[0.703485] (-) TimerEvent: {}
[0.804097] (-) TimerEvent: {}
[0.904924] (-) TimerEvent: {}
[1.005790] (-) TimerEvent: {}
[1.106454] (-) TimerEvent: {}
[1.207053] (-) TimerEvent: {}
[1.307649] (-) TimerEvent: {}
[1.408487] (-) TimerEvent: {}
[1.424118] (marco_base) Command: {'cmd': ['/usr/bin/python3', '-W', 'ignore:setup.py install is deprecated', '-W', 'ignore:easy_install command is deprecated', 'setup.py', 'develop', '--editable', '--build-directory', '/home/orangepi/marco_ws/build/marco_base/build', '--no-deps', 'symlink_data'], 'cwd': '/home/orangepi/marco_ws/build/marco_base', 'env': {'LESSOPEN': '| /usr/bin/lesspipe %s', 'VSCODE_CWD': '/home/orangepi', 'UMS_MOUNTPOINT': '/mnt/ums', 'VSCODE_ESM_ENTRYPOINT': 'vs/workbench/api/node/extensionHostProcess', 'GST_V4L2_PREFERRED_FOURCC': 'NV12:YU12:NV16:YUY2', 'LANGUAGE': 'en_US.UTF-8', 'USER': 'orangepi', 'SSH_CLIENT': 'fe80::a915:eed:d97c:42ea%wlx4822541cd7c3 53828 22', 'VSCODE_NLS_CONFIG': '{"userLocale":"en","osLocale":"en","resolvedLanguage":"en","defaultMessagesFile":"/home/orangepi/.cursor-server/bin/linux-arm64/31e8d61c448c7472e371505838a0fe34083dad50/out/nls.messages.json","locale":"en","availableLanguages":{}}', 'VSCODE_HANDLES_UNCAUGHT_ERRORS': 'true', 'XDG_SESSION_TYPE': 'tty', 'CURSOR_RIPGREP_PATH': '/home/orangepi/.cursor-server/bin/linux-arm64/31e8d61c448c7472e371505838a0fe34083dad50/node_modules/@vscode/ripgrep/bin/rg', 'SHLVL': '0', 'USB_FUNCS': 'adb', 'LD_LIBRARY_PATH': '/home/orangepi/marco_ws/install/marco_msgs/lib:/opt/ros/humble/opt/rviz_ogre_vendor/lib:/opt/ros/humble/lib/aarch64-linux-gnu:/opt/ros/humble/lib', 'BROWSER': '/home/orangepi/.cursor-server/bin/linux-arm64/31e8d61c448c7472e371505838a0fe34083dad50/bin/helpers/browser.sh', 'MOTD_SHOWN': 'pam', 'HOME': '/home/orangepi', 'OLDPWD': '/home/orangepi/marco_ws', 'VSCODE_IPC_HOOK_CLI': '/run/user/1000/vscode-ipc-0eae5caf-301b-4724-a9a1-6e0880f85816.sock', 'GST_INSPECT_NO_COLORS': '1', 'GST_MPP_NO_RGA': '1', 'ROS_PYTHON_VERSION': '3', 'COGL_DRIVER': 'gles2', 'NO_COLOR': '1', 'DBUS_SESSION_BUS_ADDRESS': 'unix:path=/run/user/1000/bus', 'VSCODE_L10N_BUNDLE_LOCATION': '', 'COLCON_PREFIX_PATH': '/home/orangepi/marco_ws/install:/home/orangepi/ydlidar_ros2_ws/install', 'GST_V4L2SRC_MAX_RESOLUTION': '3840x2160', 'ROS_DISTRO': 'humble', 'OVSX_REGISTRY_URL': 'https://open-vsx.org', 'LOGNAME': 'orangepi', 'FORCE_COLOR': '0', 'VSCODE_HANDLES_SIGPIPE': 'true', '_': '/usr/bin/colcon', 'ROS_VERSION': '2', 'CURSOR_LAYOUT': 'unifiedAgent', 'XDG_SESSION_CLASS': 'user', 'TERM': 'dumb', 'GST_GL_API': 'gles2', 'XDG_SESSION_ID': '5', 'GST_VIDEO_CONVERT_PREFERRED_FORMAT': 'NV12:NV16:I420:YUY2', 'GST_V4L2SRC_RK_DEVICES': '_mainpath:_selfpath:_bypass:_scale', 'ROS_LOCALHOST_ONLY': '0', 'PATH': '/home/orangepi/.cursor-server/bin/linux-arm64/31e8d61c448c7472e371505838a0fe34083dad50/node_modules/@vscode/ripgrep/bin:/home/orangepi/.cursor-server/bin/linux-arm64/31e8d61c448c7472e371505838a0fe34083dad50/bin/remote-cli:/opt/ros/humble/bin:/home/orangepi/.cursor-server/bin/linux-arm64/31e8d61c448c7472e371505838a0fe34083dad50/bin/remote-cli:/usr/local/sbin:/usr/local/bin:/usr/sbin:/usr/bin:/sbin:/bin:/usr/games:/usr/local/games:/snap/bin', 'VSCODE_AGENT_FOLDER': '/home/orangepi/.cursor-server', 'XDG_RUNTIME_DIR': '/run/user/1000', 'AGENT_TRANSCRIPTS': '/home/orangepi/.cursor/projects/home-orangepi/agent-transcripts', 'GST_GL_PLATFORM': 'egl', 'GST_DEBUG_NO_COLOR': '1', 'GST_V4L2SRC_DEFAULT_DEVICE': '/dev/video-camera0', 'CURSOR_AGENT': '1', 'DISPLAY': ':0', 'LANG': 'en_US.UTF-8', 'LS_COLORS': '', 'GST_V4L2_USE_LIBV4L2': '1', 'UMS_SIZE': '256M', 'AMENT_PREFIX_PATH': '/home/orangepi/marco_ws/install/marco_simulation:/home/orangepi/marco_ws/install/marco_safety:/home/orangepi/marco_ws/install/marco_perception:/home/orangepi/marco_ws/install/marco_localization:/home/orangepi/marco_ws/install/marco_navigation:/home/orangepi/marco_ws/install/marco_msgs:/home/orangepi/marco_ws/install/marco_mission:/home/orangepi/marco_ws/install/marco_docking:/home/orangepi/marco_ws/install/marco_bringup:/home/orangepi/marco_ws/install/marco_description:/home/orangepi/marco_ws/install/marco_base:/home/orangepi/marco_ws/install/lane_tracking:/home/orangepi/ydlidar_ros2_ws/install/ydlidar_ros2_driver:/opt/ros/humble', 'LC_MESSAGES': 'en_US.UTF-8', 'SHELL': '/bin/bash', 'VSCODE_SERVER_SHUTDOWN_TIMEOUT': '300', 'UMS_RO': '0', 'LESSCLOSE': '/usr/bin/lesspipe %s %s', 'UMS_FSTYPE': 'vfat', 'PWD': '/home/orangepi/marco_ws/build/marco_base', 'LC_ALL': 'en_US.UTF-8', 'SSH_CONNECTION': 'fe80::a915:eed:d97c:42ea%wlx4822541cd7c3 53828 fe80::a73f:80ee:42ac:eebb%wlx4822541cd7c3 22', 'CURSOR_CONVERSATION_ID': '1ca3b929-f989-4c58-9e95-8b5ab2ce584e', 'PYTHONPATH': '/home/orangepi/marco_ws/build/marco_base/prefix_override:/usr/lib/python3/dist-packages/colcon_core/task/python/colcon_distutils_commands:/home/orangepi/marco_ws/install/marco_base/lib/python3.10/site-packages:/home/orangepi/marco_ws/build/marco_docking:/home/orangepi/marco_ws/build/marco_perception:/home/orangepi/marco_ws/install/marco_perception/lib/python3.10/site-packages:/home/orangepi/marco_ws/install/marco_msgs/local/lib/python3.10/dist-packages:/home/orangepi/marco_ws/install/marco_mission/lib/python3.10/site-packages:/home/orangepi/marco_ws/install/marco_docking/lib/python3.10/site-packages:/home/orangepi/marco_ws/build/marco_base:/home/orangepi/marco_ws/install/marco_base/lib/python3.10/site-packages:/home/orangepi/marco_ws/install/lane_tracking/lib/python3.10/site-packages:/opt/ros/humble/lib/python3.10/site-packages:/opt/ros/humble/local/lib/python3.10/dist-packages', 'UMS_MOUNT': '0', 'COLCON': '1', '__CURSOR_SANDBOX_ENV_RESTORE': "builtin unset CURSOR_CONVERSATION_ID CURSOR_AGENT_STORE_FILES_DIR CURSOR_AGENT_STORE_SHARED_PATHS 2>/dev/null || true; builtin export CURSOR_CONVERSATION_ID='1ca3b929-f989-4c58-9e95-8b5ab2ce584e'", '_ZO_DOCTOR': '0', 'CMAKE_PREFIX_PATH': '/home/orangepi/marco_ws/install/marco_simulation:/home/orangepi/marco_ws/install/marco_safety:/home/orangepi/marco_ws/install/marco_localization:/home/orangepi/marco_ws/install/marco_navigation:/home/orangepi/marco_ws/install/marco_msgs:/home/orangepi/marco_ws/install/marco_bringup:/home/orangepi/marco_ws/install/marco_description:/home/orangepi/ydlidar_ros2_ws/install/ydlidar_ros2_driver', 'UMS_FILE': '/userdata/ums_shared.img'}, 'shell': False}
[1.508735] (-) TimerEvent: {}
[1.609472] (-) TimerEvent: {}
[1.710040] (-) TimerEvent: {}
[1.763753] (marco_base) StdoutLine: {'line': b'running develop\n'}
[1.810215] (-) TimerEvent: {}
[1.910689] (-) TimerEvent: {}
[1.936294] (marco_base) StdoutLine: {'line': b'running egg_info\n'}
[1.937899] (marco_base) StdoutLine: {'line': b'writing marco_base.egg-info/PKG-INFO\n'}
[1.939278] (marco_base) StdoutLine: {'line': b'writing dependency_links to marco_base.egg-info/dependency_links.txt\n'}
[1.940309] (marco_base) StdoutLine: {'line': b'writing entry points to marco_base.egg-info/entry_points.txt\n'}
[1.940780] (marco_base) StdoutLine: {'line': b'writing requirements to marco_base.egg-info/requires.txt\n'}
[1.941171] (marco_base) StdoutLine: {'line': b'writing top-level names to marco_base.egg-info/top_level.txt\n'}
[1.944298] (marco_base) StdoutLine: {'line': b"reading manifest file 'marco_base.egg-info/SOURCES.txt'\n"}
[1.945312] (marco_base) StdoutLine: {'line': b"writing manifest file 'marco_base.egg-info/SOURCES.txt'\n"}
[1.947938] (marco_base) StdoutLine: {'line': b'running build_ext\n'}
[1.948589] (marco_base) StdoutLine: {'line': b'Creating /home/orangepi/marco_ws/install/marco_base/lib/python3.10/site-packages/marco-base.egg-link (link to .)\n'}
[1.949746] (marco_base) StdoutLine: {'line': b'Installing base_driver script to /home/orangepi/marco_ws/install/marco_base/lib/marco_base\n'}
[1.950573] (marco_base) StdoutLine: {'line': b'Installing pwm_bridge script to /home/orangepi/marco_ws/install/marco_base/lib/marco_base\n'}
[1.950746] (marco_base) StdoutLine: {'line': b'\n'}
[1.950880] (marco_base) StdoutLine: {'line': b'Installed /home/orangepi/marco_ws/build/marco_base\n'}
[1.951005] (marco_base) StdoutLine: {'line': b'running symlink_data\n'}
[2.010927] (-) TimerEvent: {}
[2.065271] (marco_base) CommandEnded: {'returncode': 0}
[2.112983] (-) TimerEvent: {}
[2.194645] (marco_base) JobEnded: {'identifier': 'marco_base', 'rc': 0}
[2.197515] (-) EventReactorShutdown: {}
