[2.027s] Invoking command in '/home/orangepi/marco_ws/src/lane_tracking': PYTHONPATH=/home/orangepi/marco_ws/build/lane_tracking/prefix_override:/usr/lib/python3/dist-packages/colcon_core/task/python/colcon_distutils_commands:/home/orangepi/marco_ws/install/lane_tracking/lib/python3.10/site-packages:${PYTHONPATH} /usr/bin/python3 -W ignore:setup.py install is deprecated -W ignore:easy_install command is deprecated setup.py egg_info --egg-base ../../build/lane_tracking build --build-base /home/orangepi/marco_ws/build/lane_tracking/build install --record /home/orangepi/marco_ws/build/lane_tracking/install.log --install-scripts $base/lib/lane_tracking --single-version-externally-managed install_data
[2.421s] running egg_info
[2.423s] writing ../../build/lane_tracking/lane_tracking.egg-info/PKG-INFO
[2.425s] writing dependency_links to ../../build/lane_tracking/lane_tracking.egg-info/dependency_links.txt
[2.425s] writing entry points to ../../build/lane_tracking/lane_tracking.egg-info/entry_points.txt
[2.425s] writing requirements to ../../build/lane_tracking/lane_tracking.egg-info/requires.txt
[2.426s] writing top-level names to ../../build/lane_tracking/lane_tracking.egg-info/top_level.txt
[2.430s] reading manifest file '../../build/lane_tracking/lane_tracking.egg-info/SOURCES.txt'
[2.432s] writing manifest file '../../build/lane_tracking/lane_tracking.egg-info/SOURCES.txt'
[2.432s] running build
[2.433s] running build_py
[2.433s] running install
[2.434s] running install_lib
[2.436s] copying /home/orangepi/marco_ws/build/lane_tracking/build/lib/lane_tracking/tracker.py -> /home/orangepi/marco_ws/install/lane_tracking/lib/python3.10/site-packages/lane_tracking
[2.438s] byte-compiling /home/orangepi/marco_ws/install/lane_tracking/lib/python3.10/site-packages/lane_tracking/tracker.py to tracker.cpython-310.pyc
[2.441s] running install_data
[2.441s] running install_egg_info
[2.446s] removing '/home/orangepi/marco_ws/install/lane_tracking/lib/python3.10/site-packages/lane_tracking-0.0.0-py3.10.egg-info' (and everything under it)
[2.447s] Copying ../../build/lane_tracking/lane_tracking.egg-info to /home/orangepi/marco_ws/install/lane_tracking/lib/python3.10/site-packages/lane_tracking-0.0.0-py3.10.egg-info
[2.448s] running install_scripts
[2.499s] Installing controller script to /home/orangepi/marco_ws/install/lane_tracking/lib/lane_tracking
[2.500s] Installing tracker script to /home/orangepi/marco_ws/install/lane_tracking/lib/lane_tracking
[2.501s] writing list of installed files to '/home/orangepi/marco_ws/build/lane_tracking/install.log'
[2.657s] Invoked command in '/home/orangepi/marco_ws/src/lane_tracking' returned '0': PYTHONPATH=/home/orangepi/marco_ws/build/lane_tracking/prefix_override:/usr/lib/python3/dist-packages/colcon_core/task/python/colcon_distutils_commands:/home/orangepi/marco_ws/install/lane_tracking/lib/python3.10/site-packages:${PYTHONPATH} /usr/bin/python3 -W ignore:setup.py install is deprecated -W ignore:easy_install command is deprecated setup.py egg_info --egg-base ../../build/lane_tracking build --build-base /home/orangepi/marco_ws/build/lane_tracking/build install --record /home/orangepi/marco_ws/build/lane_tracking/install.log --install-scripts $base/lib/lane_tracking --single-version-externally-managed install_data
