[1.467s] Invoking command in '/home/orangepi/marco_ws/build/marco_docking': AMENT_PREFIX_PATH=/home/orangepi/marco_ws/install/marco_perception:/home/orangepi/marco_ws/install/marco_simulation:/home/orangepi/marco_ws/install/marco_safety:/home/orangepi/marco_ws/install/marco_localization:/home/orangepi/marco_ws/install/marco_navigation:/home/orangepi/marco_ws/install/marco_msgs:/home/orangepi/marco_ws/install/marco_mission:/home/orangepi/marco_ws/install/marco_docking:/home/orangepi/marco_ws/install/marco_bringup:/home/orangepi/marco_ws/install/marco_description:/home/orangepi/marco_ws/install/marco_base:/home/orangepi/marco_ws/install/lane_tracking:/home/orangepi/ydlidar_ros2_ws/install/ydlidar_ros2_driver:/opt/ros/humble CMAKE_PREFIX_PATH=/home/orangepi/marco_ws/install/marco_msgs:/home/orangepi/marco_ws/install/marco_simulation:/home/orangepi/marco_ws/install/marco_safety:/home/orangepi/marco_ws/install/marco_localization:/home/orangepi/marco_ws/install/marco_navigation:/home/orangepi/marco_ws/install/marco_bringup:/home/orangepi/marco_ws/install/marco_description:/home/orangepi/ydlidar_ros2_ws/install/ydlidar_ros2_driver PYTHONPATH=/home/orangepi/marco_ws/build/marco_docking/prefix_override:/usr/lib/python3/dist-packages/colcon_core/task/python/colcon_distutils_commands:/home/orangepi/marco_ws/install/marco_docking/lib/python3.10/site-packages:/home/orangepi/marco_ws/build/marco_perception:${PYTHONPATH} /usr/bin/python3 -W ignore:setup.py install is deprecated -W ignore:easy_install command is deprecated setup.py develop --editable --build-directory /home/orangepi/marco_ws/build/marco_docking/build --no-deps symlink_data --force
[1.831s] running develop
[2.004s] running egg_info
[2.005s] writing marco_docking.egg-info/PKG-INFO
[2.006s] writing dependency_links to marco_docking.egg-info/dependency_links.txt
[2.007s] writing entry points to marco_docking.egg-info/entry_points.txt
[2.007s] writing requirements to marco_docking.egg-info/requires.txt
[2.008s] writing top-level names to marco_docking.egg-info/top_level.txt
[2.015s] reading manifest file 'marco_docking.egg-info/SOURCES.txt'
[2.018s] writing manifest file 'marco_docking.egg-info/SOURCES.txt'
[2.024s] running build_ext
[2.025s] Creating /home/orangepi/marco_ws/install/marco_docking/lib/python3.10/site-packages/marco-docking.egg-link (link to .)
[2.025s] Installing dock_server script to /home/orangepi/marco_ws/install/marco_docking/lib/marco_docking
[2.027s] 
[2.027s] Installed /home/orangepi/marco_ws/build/marco_docking
[2.027s] running symlink_data
[2.028s] symbolically linking /home/orangepi/marco_ws/build/marco_docking/resource/marco_docking -> /home/orangepi/marco_ws/install/marco_docking/share/ament_index/resource_index/packages
[2.028s] symbolically linking /home/orangepi/marco_ws/build/marco_docking/package.xml -> /home/orangepi/marco_ws/install/marco_docking/share/marco_docking
[2.028s] creating /home/orangepi/marco_ws/install/marco_docking/share/marco_docking/launch
[2.028s] error: [Errno 2] No such file or directory: '/home/orangepi/marco_ws/install/marco_docking/share/marco_docking/launch/docking.launch.py'
[2.139s] Invoked command in '/home/orangepi/marco_ws/build/marco_docking' returned '1': AMENT_PREFIX_PATH=/home/orangepi/marco_ws/install/marco_perception:/home/orangepi/marco_ws/install/marco_simulation:/home/orangepi/marco_ws/install/marco_safety:/home/orangepi/marco_ws/install/marco_localization:/home/orangepi/marco_ws/install/marco_navigation:/home/orangepi/marco_ws/install/marco_msgs:/home/orangepi/marco_ws/install/marco_mission:/home/orangepi/marco_ws/install/marco_docking:/home/orangepi/marco_ws/install/marco_bringup:/home/orangepi/marco_ws/install/marco_description:/home/orangepi/marco_ws/install/marco_base:/home/orangepi/marco_ws/install/lane_tracking:/home/orangepi/ydlidar_ros2_ws/install/ydlidar_ros2_driver:/opt/ros/humble CMAKE_PREFIX_PATH=/home/orangepi/marco_ws/install/marco_msgs:/home/orangepi/marco_ws/install/marco_simulation:/home/orangepi/marco_ws/install/marco_safety:/home/orangepi/marco_ws/install/marco_localization:/home/orangepi/marco_ws/install/marco_navigation:/home/orangepi/marco_ws/install/marco_bringup:/home/orangepi/marco_ws/install/marco_description:/home/orangepi/ydlidar_ros2_ws/install/ydlidar_ros2_driver PYTHONPATH=/home/orangepi/marco_ws/build/marco_docking/prefix_override:/usr/lib/python3/dist-packages/colcon_core/task/python/colcon_distutils_commands:/home/orangepi/marco_ws/install/marco_docking/lib/python3.10/site-packages:/home/orangepi/marco_ws/build/marco_perception:${PYTHONPATH} /usr/bin/python3 -W ignore:setup.py install is deprecated -W ignore:easy_install command is deprecated setup.py develop --editable --build-directory /home/orangepi/marco_ws/build/marco_docking/build --no-deps symlink_data --force
