[2.906s] Invoking command in '/home/orangepi/marco_ws/src/marco_base': PYTHONPATH=/home/orangepi/marco_ws/build/marco_base/prefix_override:/usr/lib/python3/dist-packages/colcon_core/task/python/colcon_distutils_commands:/home/orangepi/marco_ws/install/marco_base/lib/python3.10/site-packages:${PYTHONPATH} /usr/bin/python3 -W ignore:setup.py install is deprecated -W ignore:easy_install command is deprecated setup.py egg_info --egg-base ../../build/marco_base build --build-base /home/orangepi/marco_ws/build/marco_base/build install --record /home/orangepi/marco_ws/build/marco_base/install.log --install-scripts $base/lib/marco_base --single-version-externally-managed install_data
[3.229s] running egg_info
[3.230s] writing ../../build/marco_base/marco_base.egg-info/PKG-INFO
[3.230s] writing dependency_links to ../../build/marco_base/marco_base.egg-info/dependency_links.txt
[3.230s] writing entry points to ../../build/marco_base/marco_base.egg-info/entry_points.txt
[3.231s] writing requirements to ../../build/marco_base/marco_base.egg-info/requires.txt
[3.231s] writing top-level names to ../../build/marco_base/marco_base.egg-info/top_level.txt
[3.234s] reading manifest file '../../build/marco_base/marco_base.egg-info/SOURCES.txt'
[3.235s] adding license file 'LICENSE'
[3.235s] writing manifest file '../../build/marco_base/marco_base.egg-info/SOURCES.txt'
[3.236s] running build
[3.236s] running build_py
[3.237s] running install
[3.237s] running install_lib
[3.240s] running install_data
[3.240s] running install_egg_info
[3.243s] removing '/home/orangepi/marco_ws/install/marco_base/lib/python3.10/site-packages/marco_base-0.1.0-py3.10.egg-info' (and everything under it)
[3.243s] Copying ../../build/marco_base/marco_base.egg-info to /home/orangepi/marco_ws/install/marco_base/lib/python3.10/site-packages/marco_base-0.1.0-py3.10.egg-info
[3.244s] running install_scripts
[3.279s] Installing base_driver script to /home/orangepi/marco_ws/install/marco_base/lib/marco_base
[3.280s] Installing pwm_bridge script to /home/orangepi/marco_ws/install/marco_base/lib/marco_base
[3.280s] writing list of installed files to '/home/orangepi/marco_ws/build/marco_base/install.log'
[3.379s] Invoked command in '/home/orangepi/marco_ws/src/marco_base' returned '0': PYTHONPATH=/home/orangepi/marco_ws/build/marco_base/prefix_override:/usr/lib/python3/dist-packages/colcon_core/task/python/colcon_distutils_commands:/home/orangepi/marco_ws/install/marco_base/lib/python3.10/site-packages:${PYTHONPATH} /usr/bin/python3 -W ignore:setup.py install is deprecated -W ignore:easy_install command is deprecated setup.py egg_info --egg-base ../../build/marco_base build --build-base /home/orangepi/marco_ws/build/marco_base/build install --record /home/orangepi/marco_ws/build/marco_base/install.log --install-scripts $base/lib/marco_base --single-version-externally-managed install_data
