[0.508s] Invoking command in '/home/orangepi/marco_ws/build/marco_safety': CMAKE_PREFIX_PATH=/opt/ros/humble /usr/bin/cmake /home/orangepi/marco_ws/src/marco_safety -DAMENT_CMAKE_SYMLINK_INSTALL=1 -DCMAKE_INSTALL_PREFIX=/home/orangepi/marco_ws/install/marco_safety
[0.614s] -- The C compiler identification is GNU 11.4.0
[0.724s] -- The CXX compiler identification is GNU 11.4.0
[0.737s] -- Detecting C compiler ABI info
[0.915s] -- Detecting C compiler ABI info - done
[0.925s] -- Check for working C compiler: /usr/bin/cc - skipped
[0.925s] -- Detecting C compile features
[0.925s] -- Detecting C compile features - done
[0.930s] -- Detecting CXX compiler ABI info
[1.161s] -- Detecting CXX compiler ABI info - done
[1.201s] -- Check for working CXX compiler: /usr/bin/c++ - skipped
[1.202s] -- Detecting CXX compile features
[1.204s] -- Detecting CXX compile features - done
[1.212s] -- Found ament_cmake: 1.3.14 (/opt/ros/humble/share/ament_cmake/cmake)
[1.572s] -- Found Python3: /usr/bin/python3 (found version "3.10.12") found components: Interpreter 
[1.695s] -- Override CMake install command with custom implementation using symlinks instead of copying resources
[1.873s] -- Configuring done
[1.875s] -- Generating done
[1.877s] -- Build files have been written to: /home/orangepi/marco_ws/build/marco_safety
[1.884s] Invoked command in '/home/orangepi/marco_ws/build/marco_safety' returned '0': CMAKE_PREFIX_PATH=/opt/ros/humble /usr/bin/cmake /home/orangepi/marco_ws/src/marco_safety -DAMENT_CMAKE_SYMLINK_INSTALL=1 -DCMAKE_INSTALL_PREFIX=/home/orangepi/marco_ws/install/marco_safety
[1.888s] Invoking command in '/home/orangepi/marco_ws/build/marco_safety': CMAKE_PREFIX_PATH=/opt/ros/humble /usr/bin/cmake --build /home/orangepi/marco_ws/build/marco_safety -- -j8 -l8
[1.990s] Invoked command in '/home/orangepi/marco_ws/build/marco_safety' returned '0': CMAKE_PREFIX_PATH=/opt/ros/humble /usr/bin/cmake --build /home/orangepi/marco_ws/build/marco_safety -- -j8 -l8
[1.996s] Invoking command in '/home/orangepi/marco_ws/build/marco_safety': CMAKE_PREFIX_PATH=/opt/ros/humble /usr/bin/cmake --install /home/orangepi/marco_ws/build/marco_safety
[2.021s] -- Install configuration: ""
[2.023s] -- Execute custom install script
[2.024s] -- Symlinking: /home/orangepi/marco_ws/install/marco_safety/share/marco_safety/config/.gitkeep
[2.057s] -- Symlinking: /home/orangepi/marco_ws/install/marco_safety/share/marco_safety/launch/.gitkeep
[2.075s] -- Symlinking: /home/orangepi/marco_ws/install/marco_safety/share/ament_index/resource_index/package_run_dependencies/marco_safety
[2.078s] -- Symlinking: /home/orangepi/marco_ws/install/marco_safety/share/ament_index/resource_index/parent_prefix_path/marco_safety
[2.104s] -- Symlinking: /home/orangepi/marco_ws/install/marco_safety/share/marco_safety/environment/ament_prefix_path.sh
[2.129s] -- Symlinking: /home/orangepi/marco_ws/install/marco_safety/share/marco_safety/environment/ament_prefix_path.dsv
[2.155s] -- Symlinking: /home/orangepi/marco_ws/install/marco_safety/share/marco_safety/environment/path.sh
[2.168s] -- Symlinking: /home/orangepi/marco_ws/install/marco_safety/share/marco_safety/environment/path.dsv
[2.201s] -- Symlinking: /home/orangepi/marco_ws/install/marco_safety/share/marco_safety/local_setup.bash
[2.222s] -- Symlinking: /home/orangepi/marco_ws/install/marco_safety/share/marco_safety/local_setup.sh
[2.240s] -- Symlinking: /home/orangepi/marco_ws/install/marco_safety/share/marco_safety/local_setup.zsh
[2.258s] -- Symlinking: /home/orangepi/marco_ws/install/marco_safety/share/marco_safety/local_setup.dsv
[2.274s] -- Symlinking: /home/orangepi/marco_ws/install/marco_safety/share/marco_safety/package.dsv
[2.293s] -- Symlinking: /home/orangepi/marco_ws/install/marco_safety/share/ament_index/resource_index/packages/marco_safety
[2.310s] -- Symlinking: /home/orangepi/marco_ws/install/marco_safety/share/marco_safety/cmake/marco_safetyConfig.cmake
[2.327s] -- Symlinking: /home/orangepi/marco_ws/install/marco_safety/share/marco_safety/cmake/marco_safetyConfig-version.cmake
[2.347s] -- Symlinking: /home/orangepi/marco_ws/install/marco_safety/share/marco_safety/package.xml
[2.402s] Invoked command in '/home/orangepi/marco_ws/build/marco_safety' returned '0': CMAKE_PREFIX_PATH=/opt/ros/humble /usr/bin/cmake --install /home/orangepi/marco_ws/build/marco_safety
