[0.000000] (-) TimerEvent: {}
[0.000195] (-) JobUnselected: {'identifier': 'marco_bringup'}
[0.000490] (-) JobUnselected: {'identifier': 'marco_docking'}
[0.000514] (-) JobUnselected: {'identifier': 'marco_localization'}
[0.000699] (-) JobUnselected: {'identifier': 'marco_mission'}
[0.000845] (-) JobUnselected: {'identifier': 'marco_msgs'}
[0.000897] (-) JobUnselected: {'identifier': 'marco_navigation'}
[0.001011] (-) JobUnselected: {'identifier': 'marco_perception'}
[0.001031] (-) JobUnselected: {'identifier': 'marco_safety'}
[0.001068] (-) JobUnselected: {'identifier': 'marco_simulation'}
[0.001092] (marco_base) JobQueued: {'identifier': 'marco_base', 'dependencies': OrderedDict()}
[0.001123] (marco_description) JobQueued: {'identifier': 'marco_description', 'dependencies': OrderedDict()}
[0.001348] (marco_base) JobStarted: {'identifier': 'marco_base'}
[0.038845] (marco_description) JobStarted: {'identifier': 'marco_description'}
[0.099556] (-) TimerEvent: {}
[0.199893] (-) TimerEvent: {}
[0.300348] (-) TimerEvent: {}
[0.400750] (-) TimerEvent: {}
[0.501486] (-) TimerEvent: {}
[0.529446] (marco_description) JobProgress: {'identifier': 'marco_description', 'progress': 'cmake'}
[0.531847] (marco_description) JobProgress: {'identifier': 'marco_description', 'progress': 'build'}
[0.532838] (marco_description) Command: {'cmd': ['/usr/bin/cmake', '--build', '/home/orangepi/marco_ws/build/marco_description', '--', '-j8', '-l8'], 'cwd': '/home/orangepi/marco_ws/build/marco_description', 'env': OrderedDict([('LESSOPEN', '| /usr/bin/lesspipe %s'), ('VSCODE_CWD', '/home/orangepi'), ('UMS_MOUNTPOINT', '/mnt/ums'), ('VSCODE_ESM_ENTRYPOINT', 'vs/workbench/api/node/extensionHostProcess'), ('GST_V4L2_PREFERRED_FOURCC', 'NV12:YU12:NV16:YUY2'), ('LANGUAGE', 'en_US.UTF-8'), ('USER', 'orangepi'), ('SSH_CLIENT', '192.168.219.243 65096 22'), ('VSCODE_NLS_CONFIG', '{"userLocale":"en","osLocale":"en","resolvedLanguage":"en","defaultMessagesFile":"/home/orangepi/.cursor-server/bin/linux-arm64/4f02290ccd9304f0e6bf8ee85f6e9106f02ac1f0/out/nls.messages.json","locale":"en","availableLanguages":{}}'), ('VSCODE_HANDLES_UNCAUGHT_ERRORS', 'true'), ('XDG_SESSION_TYPE', 'tty'), ('CURSOR_RIPGREP_PATH', '/home/orangepi/.cursor-server/bin/linux-arm64/4f02290ccd9304f0e6bf8ee85f6e9106f02ac1f0/node_modules/@vscode/ripgrep/bin/rg'), ('SHLVL', '0'), ('USB_FUNCS', 'adb'), ('LD_LIBRARY_PATH', '/home/orangepi/marco_ws/install/marco_msgs/lib:/opt/ros/humble/opt/rviz_ogre_vendor/lib:/opt/ros/humble/lib/aarch64-linux-gnu:/opt/ros/humble/lib'), ('BROWSER', '/home/orangepi/.cursor-server/bin/linux-arm64/4f02290ccd9304f0e6bf8ee85f6e9106f02ac1f0/bin/helpers/browser.sh'), ('MOTD_SHOWN', 'pam'), ('HOME', '/home/orangepi'), ('OLDPWD', '/home/orangepi/marco_ws/src/marco_description/scripts'), ('VSCODE_IPC_HOOK_CLI', '/run/user/1000/vscode-ipc-465f8d30-32bc-4df1-851d-f94c6e2152bb.sock'), ('GST_INSPECT_NO_COLORS', '1'), ('GST_MPP_NO_RGA', '1'), ('ROS_PYTHON_VERSION', '3'), ('COGL_DRIVER', 'gles2'), ('NO_COLOR', '1'), ('DBUS_SESSION_BUS_ADDRESS', 'unix:path=/run/user/1000/bus'), ('VSCODE_L10N_BUNDLE_LOCATION', ''), ('COLCON_PREFIX_PATH', '/home/orangepi/ydlidar_ros2_ws/install:/home/orangepi/marco_ws/install'), ('GST_V4L2SRC_MAX_RESOLUTION', '3840x2160'), ('ROS_DISTRO', 'humble'), ('OVSX_REGISTRY_URL', 'https://open-vsx.org'), ('LOGNAME', 'orangepi'), ('FORCE_COLOR', '0'), ('VSCODE_HANDLES_SIGPIPE', 'true'), ('_', '/usr/bin/colcon'), ('ROS_VERSION', '2'), ('CURSOR_LAYOUT', 'unifiedAgent'), ('XDG_SESSION_CLASS', 'user'), ('TERM', 'dumb'), ('GST_GL_API', 'gles2'), ('XDG_SESSION_ID', '18'), ('GST_VIDEO_CONVERT_PREFERRED_FORMAT', 'NV12:NV16:I420:YUY2'), ('GST_V4L2SRC_RK_DEVICES', '_mainpath:_selfpath:_bypass:_scale'), ('ROS_LOCALHOST_ONLY', '0'), ('PATH', '/home/orangepi/.cursor-server/bin/linux-arm64/4f02290ccd9304f0e6bf8ee85f6e9106f02ac1f0/node_modules/@vscode/ripgrep/bin:/home/orangepi/.cursor-server/bin/linux-arm64/4f02290ccd9304f0e6bf8ee85f6e9106f02ac1f0/bin/remote-cli:/opt/ros/humble/bin:/home/orangepi/.cursor-server/bin/linux-arm64/4f02290ccd9304f0e6bf8ee85f6e9106f02ac1f0/bin/remote-cli:/usr/local/sbin:/usr/local/bin:/usr/sbin:/usr/bin:/sbin:/bin:/usr/games:/usr/local/games:/snap/bin'), ('VSCODE_AGENT_FOLDER', '/home/orangepi/.cursor-server'), ('XDG_RUNTIME_DIR', '/run/user/1000'), ('AGENT_TRANSCRIPTS', '/home/orangepi/.cursor/projects/home-orangepi/agent-transcripts'), ('GST_GL_PLATFORM', 'egl'), ('GST_DEBUG_NO_COLOR', '1'), ('GST_V4L2SRC_DEFAULT_DEVICE', '/dev/video-camera0'), ('CURSOR_AGENT', '1'), ('DISPLAY', ':0'), ('LANG', 'en_US.UTF-8'), ('LS_COLORS', ''), ('GST_V4L2_USE_LIBV4L2', '1'), ('UMS_SIZE', '256M'), ('AMENT_PREFIX_PATH', '/home/orangepi/marco_ws/install/marco_simulation:/home/orangepi/marco_ws/install/marco_safety:/home/orangepi/marco_ws/install/marco_perception:/home/orangepi/marco_ws/install/marco_navigation:/home/orangepi/marco_ws/install/marco_msgs:/home/orangepi/marco_ws/install/marco_mission:/home/orangepi/marco_ws/install/marco_localization:/home/orangepi/marco_ws/install/marco_docking:/home/orangepi/marco_ws/install/marco_bringup:/home/orangepi/marco_ws/install/marco_description:/home/orangepi/marco_ws/install/marco_base:/home/orangepi/ydlidar_ros2_ws/install/ydlidar_ros2_driver:/opt/ros/humble'), ('LC_MESSAGES', 'en_US.UTF-8'), ('SHELL', '/bin/bash'), ('VSCODE_SERVER_SHUTDOWN_TIMEOUT', '300'), ('UMS_RO', '0'), ('LESSCLOSE', '/usr/bin/lesspipe %s %s'), ('UMS_FSTYPE', 'vfat'), ('PWD', '/home/orangepi/marco_ws/build/marco_description'), ('LC_ALL', 'en_US.UTF-8'), ('SSH_CONNECTION', '192.168.219.243 65096 192.168.219.116 22'), ('CURSOR_CONVERSATION_ID', '1ca3b929-f989-4c58-9e95-8b5ab2ce584e'), ('PYTHONPATH', '/home/orangepi/marco_ws/build/marco_perception:/home/orangepi/marco_ws/install/marco_perception/lib/python3.10/site-packages:/home/orangepi/marco_ws/install/marco_msgs/local/lib/python3.10/dist-packages:/home/orangepi/marco_ws/build/marco_mission:/home/orangepi/marco_ws/install/marco_mission/lib/python3.10/site-packages:/home/orangepi/marco_ws/build/marco_docking:/home/orangepi/marco_ws/install/marco_docking/lib/python3.10/site-packages:/home/orangepi/marco_ws/build/marco_base:/home/orangepi/marco_ws/install/marco_base/lib/python3.10/site-packages:/opt/ros/humble/lib/python3.10/site-packages:/opt/ros/humble/local/lib/python3.10/dist-packages'), ('UMS_MOUNT', '0'), ('COLCON', '1'), ('__CURSOR_SANDBOX_ENV_RESTORE', "builtin unset CURSOR_CONVERSATION_ID CURSOR_AGENT_STORE_FILES_DIR CURSOR_AGENT_STORE_SHARED_PATHS 2>/dev/null || true; builtin export CURSOR_CONVERSATION_ID='1ca3b929-f989-4c58-9e95-8b5ab2ce584e'"), ('_ZO_DOCTOR', '0'), ('CMAKE_PREFIX_PATH', '/home/orangepi/marco_ws/install/marco_simulation:/home/orangepi/marco_ws/install/marco_safety:/home/orangepi/marco_ws/install/marco_navigation:/home/orangepi/marco_ws/install/marco_msgs:/home/orangepi/marco_ws/install/marco_localization:/home/orangepi/marco_ws/install/marco_bringup:/home/orangepi/marco_ws/install/marco_description:/home/orangepi/ydlidar_ros2_ws/install/ydlidar_ros2_driver:/home/orangepi/marco_ws/install/marco_perception:/home/orangepi/marco_ws/install/marco_mission:/home/orangepi/marco_ws/install/marco_docking:/home/orangepi/marco_ws/install/marco_base:/opt/ros/humble'), ('UMS_FILE', '/userdata/ums_shared.img')]), 'shell': False}
[0.601742] (-) TimerEvent: {}
[0.665995] (marco_description) CommandEnded: {'returncode': 0}
[0.669930] (marco_description) JobProgress: {'identifier': 'marco_description', 'progress': 'install'}
[0.703987] (-) TimerEvent: {}
[0.706310] (marco_description) Command: {'cmd': ['/usr/bin/cmake', '--install', '/home/orangepi/marco_ws/build/marco_description'], 'cwd': '/home/orangepi/marco_ws/build/marco_description', 'env': OrderedDict([('LESSOPEN', '| /usr/bin/lesspipe %s'), ('VSCODE_CWD', '/home/orangepi'), ('UMS_MOUNTPOINT', '/mnt/ums'), ('VSCODE_ESM_ENTRYPOINT', 'vs/workbench/api/node/extensionHostProcess'), ('GST_V4L2_PREFERRED_FOURCC', 'NV12:YU12:NV16:YUY2'), ('LANGUAGE', 'en_US.UTF-8'), ('USER', 'orangepi'), ('SSH_CLIENT', '192.168.219.243 65096 22'), ('VSCODE_NLS_CONFIG', '{"userLocale":"en","osLocale":"en","resolvedLanguage":"en","defaultMessagesFile":"/home/orangepi/.cursor-server/bin/linux-arm64/4f02290ccd9304f0e6bf8ee85f6e9106f02ac1f0/out/nls.messages.json","locale":"en","availableLanguages":{}}'), ('VSCODE_HANDLES_UNCAUGHT_ERRORS', 'true'), ('XDG_SESSION_TYPE', 'tty'), ('CURSOR_RIPGREP_PATH', '/home/orangepi/.cursor-server/bin/linux-arm64/4f02290ccd9304f0e6bf8ee85f6e9106f02ac1f0/node_modules/@vscode/ripgrep/bin/rg'), ('SHLVL', '0'), ('USB_FUNCS', 'adb'), ('LD_LIBRARY_PATH', '/home/orangepi/marco_ws/install/marco_msgs/lib:/opt/ros/humble/opt/rviz_ogre_vendor/lib:/opt/ros/humble/lib/aarch64-linux-gnu:/opt/ros/humble/lib'), ('BROWSER', '/home/orangepi/.cursor-server/bin/linux-arm64/4f02290ccd9304f0e6bf8ee85f6e9106f02ac1f0/bin/helpers/browser.sh'), ('MOTD_SHOWN', 'pam'), ('HOME', '/home/orangepi'), ('OLDPWD', '/home/orangepi/marco_ws/src/marco_description/scripts'), ('VSCODE_IPC_HOOK_CLI', '/run/user/1000/vscode-ipc-465f8d30-32bc-4df1-851d-f94c6e2152bb.sock'), ('GST_INSPECT_NO_COLORS', '1'), ('GST_MPP_NO_RGA', '1'), ('ROS_PYTHON_VERSION', '3'), ('COGL_DRIVER', 'gles2'), ('NO_COLOR', '1'), ('DBUS_SESSION_BUS_ADDRESS', 'unix:path=/run/user/1000/bus'), ('VSCODE_L10N_BUNDLE_LOCATION', ''), ('COLCON_PREFIX_PATH', '/home/orangepi/ydlidar_ros2_ws/install:/home/orangepi/marco_ws/install'), ('GST_V4L2SRC_MAX_RESOLUTION', '3840x2160'), ('ROS_DISTRO', 'humble'), ('OVSX_REGISTRY_URL', 'https://open-vsx.org'), ('LOGNAME', 'orangepi'), ('FORCE_COLOR', '0'), ('VSCODE_HANDLES_SIGPIPE', 'true'), ('_', '/usr/bin/colcon'), ('ROS_VERSION', '2'), ('CURSOR_LAYOUT', 'unifiedAgent'), ('XDG_SESSION_CLASS', 'user'), ('TERM', 'dumb'), ('GST_GL_API', 'gles2'), ('XDG_SESSION_ID', '18'), ('GST_VIDEO_CONVERT_PREFERRED_FORMAT', 'NV12:NV16:I420:YUY2'), ('GST_V4L2SRC_RK_DEVICES', '_mainpath:_selfpath:_bypass:_scale'), ('ROS_LOCALHOST_ONLY', '0'), ('PATH', '/home/orangepi/.cursor-server/bin/linux-arm64/4f02290ccd9304f0e6bf8ee85f6e9106f02ac1f0/node_modules/@vscode/ripgrep/bin:/home/orangepi/.cursor-server/bin/linux-arm64/4f02290ccd9304f0e6bf8ee85f6e9106f02ac1f0/bin/remote-cli:/opt/ros/humble/bin:/home/orangepi/.cursor-server/bin/linux-arm64/4f02290ccd9304f0e6bf8ee85f6e9106f02ac1f0/bin/remote-cli:/usr/local/sbin:/usr/local/bin:/usr/sbin:/usr/bin:/sbin:/bin:/usr/games:/usr/local/games:/snap/bin'), ('VSCODE_AGENT_FOLDER', '/home/orangepi/.cursor-server'), ('XDG_RUNTIME_DIR', '/run/user/1000'), ('AGENT_TRANSCRIPTS', '/home/orangepi/.cursor/projects/home-orangepi/agent-transcripts'), ('GST_GL_PLATFORM', 'egl'), ('GST_DEBUG_NO_COLOR', '1'), ('GST_V4L2SRC_DEFAULT_DEVICE', '/dev/video-camera0'), ('CURSOR_AGENT', '1'), ('DISPLAY', ':0'), ('LANG', 'en_US.UTF-8'), ('LS_COLORS', ''), ('GST_V4L2_USE_LIBV4L2', '1'), ('UMS_SIZE', '256M'), ('AMENT_PREFIX_PATH', '/home/orangepi/marco_ws/install/marco_simulation:/home/orangepi/marco_ws/install/marco_safety:/home/orangepi/marco_ws/install/marco_perception:/home/orangepi/marco_ws/install/marco_navigation:/home/orangepi/marco_ws/install/marco_msgs:/home/orangepi/marco_ws/install/marco_mission:/home/orangepi/marco_ws/install/marco_localization:/home/orangepi/marco_ws/install/marco_docking:/home/orangepi/marco_ws/install/marco_bringup:/home/orangepi/marco_ws/install/marco_description:/home/orangepi/marco_ws/install/marco_base:/home/orangepi/ydlidar_ros2_ws/install/ydlidar_ros2_driver:/opt/ros/humble'), ('LC_MESSAGES', 'en_US.UTF-8'), ('SHELL', '/bin/bash'), ('VSCODE_SERVER_SHUTDOWN_TIMEOUT', '300'), ('UMS_RO', '0'), ('LESSCLOSE', '/usr/bin/lesspipe %s %s'), ('UMS_FSTYPE', 'vfat'), ('PWD', '/home/orangepi/marco_ws/build/marco_description'), ('LC_ALL', 'en_US.UTF-8'), ('SSH_CONNECTION', '192.168.219.243 65096 192.168.219.116 22'), ('CURSOR_CONVERSATION_ID', '1ca3b929-f989-4c58-9e95-8b5ab2ce584e'), ('PYTHONPATH', '/home/orangepi/marco_ws/build/marco_perception:/home/orangepi/marco_ws/install/marco_perception/lib/python3.10/site-packages:/home/orangepi/marco_ws/install/marco_msgs/local/lib/python3.10/dist-packages:/home/orangepi/marco_ws/build/marco_mission:/home/orangepi/marco_ws/install/marco_mission/lib/python3.10/site-packages:/home/orangepi/marco_ws/build/marco_docking:/home/orangepi/marco_ws/install/marco_docking/lib/python3.10/site-packages:/home/orangepi/marco_ws/build/marco_base:/home/orangepi/marco_ws/install/marco_base/lib/python3.10/site-packages:/opt/ros/humble/lib/python3.10/site-packages:/opt/ros/humble/local/lib/python3.10/dist-packages'), ('UMS_MOUNT', '0'), ('COLCON', '1'), ('__CURSOR_SANDBOX_ENV_RESTORE', "builtin unset CURSOR_CONVERSATION_ID CURSOR_AGENT_STORE_FILES_DIR CURSOR_AGENT_STORE_SHARED_PATHS 2>/dev/null || true; builtin export CURSOR_CONVERSATION_ID='1ca3b929-f989-4c58-9e95-8b5ab2ce584e'"), ('_ZO_DOCTOR', '0'), ('CMAKE_PREFIX_PATH', '/home/orangepi/marco_ws/install/marco_simulation:/home/orangepi/marco_ws/install/marco_safety:/home/orangepi/marco_ws/install/marco_navigation:/home/orangepi/marco_ws/install/marco_msgs:/home/orangepi/marco_ws/install/marco_localization:/home/orangepi/marco_ws/install/marco_bringup:/home/orangepi/marco_ws/install/marco_description:/home/orangepi/ydlidar_ros2_ws/install/ydlidar_ros2_driver:/home/orangepi/marco_ws/install/marco_perception:/home/orangepi/marco_ws/install/marco_mission:/home/orangepi/marco_ws/install/marco_docking:/home/orangepi/marco_ws/install/marco_base:/opt/ros/humble'), ('UMS_FILE', '/userdata/ums_shared.img')]), 'shell': False}
[0.722066] (marco_description) StdoutLine: {'line': b'-- Install configuration: ""\n'}
[0.726493] (marco_description) StdoutLine: {'line': b'-- Execute custom install script\n'}
[0.726992] (marco_description) StdoutLine: {'line': b'-- Up-to-date symlink: /home/orangepi/marco_ws/install/marco_description/share/marco_description/urdf/.gitkeep\n'}
[0.727389] (marco_description) StdoutLine: {'line': b'-- Up-to-date symlink: /home/orangepi/marco_ws/install/marco_description/share/marco_description/urdf/base.xacro\n'}
[0.727730] (marco_description) StdoutLine: {'line': b'-- Up-to-date symlink: /home/orangepi/marco_ws/install/marco_description/share/marco_description/urdf/common.xacro\n'}
[0.728067] (marco_description) StdoutLine: {'line': b'-- Up-to-date symlink: /home/orangepi/marco_ws/install/marco_description/share/marco_description/urdf/fork.xacro\n'}
[0.728403] (marco_description) StdoutLine: {'line': b'-- Up-to-date symlink: /home/orangepi/marco_ws/install/marco_description/share/marco_description/urdf/marco.urdf.xacro\n'}
[0.728758] (marco_description) StdoutLine: {'line': b'-- Up-to-date symlink: /home/orangepi/marco_ws/install/marco_description/share/marco_description/urdf/properties.xacro\n'}
[0.729095] (marco_description) StdoutLine: {'line': b'-- Up-to-date symlink: /home/orangepi/marco_ws/install/marco_description/share/marco_description/urdf/sensors.xacro\n'}
[0.729431] (marco_description) StdoutLine: {'line': b'-- Up-to-date symlink: /home/orangepi/marco_ws/install/marco_description/share/marco_description/urdf/wheels.xacro\n'}
[0.729765] (marco_description) StdoutLine: {'line': b'-- Up-to-date symlink: /home/orangepi/marco_ws/install/marco_description/share/marco_description/meshes/.gitkeep\n'}
[0.730100] (marco_description) StdoutLine: {'line': b'-- Up-to-date symlink: /home/orangepi/marco_ws/install/marco_description/share/marco_description/launch/.gitkeep\n'}
[0.730434] (marco_description) StdoutLine: {'line': b'-- Up-to-date symlink: /home/orangepi/marco_ws/install/marco_description/share/marco_description/launch/display.launch.py\n'}
[0.730771] (marco_description) StdoutLine: {'line': b'-- Up-to-date symlink: /home/orangepi/marco_ws/install/marco_description/share/marco_description/rviz/.gitkeep\n'}
[0.731110] (marco_description) StdoutLine: {'line': b'-- Up-to-date symlink: /home/orangepi/marco_ws/install/marco_description/share/marco_description/rviz/model.rviz\n'}
[0.731493] (marco_description) StdoutLine: {'line': b'-- Up-to-date symlink: /home/orangepi/marco_ws/install/marco_description/share/marco_description/config/.gitkeep\n'}
[0.731858] (marco_description) StdoutLine: {'line': b'-- Up-to-date symlink: /home/orangepi/marco_ws/install/marco_description/share/ament_index/resource_index/package_run_dependencies/marco_description\n'}
[0.732225] (marco_description) StdoutLine: {'line': b'-- Up-to-date symlink: /home/orangepi/marco_ws/install/marco_description/share/ament_index/resource_index/parent_prefix_path/marco_description\n'}
[0.732707] (marco_description) StdoutLine: {'line': b'-- Up-to-date symlink: /home/orangepi/marco_ws/install/marco_description/share/marco_description/environment/ament_prefix_path.sh\n'}
[0.733120] (marco_description) StdoutLine: {'line': b'-- Up-to-date symlink: /home/orangepi/marco_ws/install/marco_description/share/marco_description/environment/ament_prefix_path.dsv\n'}
[0.733478] (marco_description) StdoutLine: {'line': b'-- Up-to-date symlink: /home/orangepi/marco_ws/install/marco_description/share/marco_description/environment/path.sh\n'}
[0.733827] (marco_description) StdoutLine: {'line': b'-- Up-to-date symlink: /home/orangepi/marco_ws/install/marco_description/share/marco_description/environment/path.dsv\n'}
[0.734172] (marco_description) StdoutLine: {'line': b'-- Up-to-date symlink: /home/orangepi/marco_ws/install/marco_description/share/marco_description/local_setup.bash\n'}
[0.734521] (marco_description) StdoutLine: {'line': b'-- Up-to-date symlink: /home/orangepi/marco_ws/install/marco_description/share/marco_description/local_setup.sh\n'}
[0.734949] (marco_description) StdoutLine: {'line': b'-- Up-to-date symlink: /home/orangepi/marco_ws/install/marco_description/share/marco_description/local_setup.zsh\n'}
[0.735363] (marco_description) StdoutLine: {'line': b'-- Up-to-date symlink: /home/orangepi/marco_ws/install/marco_description/share/marco_description/local_setup.dsv\n'}
[0.735727] (marco_description) StdoutLine: {'line': b'-- Symlinking: /home/orangepi/marco_ws/install/marco_description/share/marco_description/package.dsv\n'}
[0.760649] (marco_description) StdoutLine: {'line': b'-- Up-to-date symlink: /home/orangepi/marco_ws/install/marco_description/share/ament_index/resource_index/packages/marco_description\n'}
[0.761507] (marco_description) StdoutLine: {'line': b'-- Up-to-date symlink: /home/orangepi/marco_ws/install/marco_description/share/marco_description/cmake/marco_descriptionConfig.cmake\n'}
[0.762000] (marco_description) StdoutLine: {'line': b'-- Up-to-date symlink: /home/orangepi/marco_ws/install/marco_description/share/marco_description/cmake/marco_descriptionConfig-version.cmake\n'}
[0.762809] (marco_description) StdoutLine: {'line': b'-- Up-to-date symlink: /home/orangepi/marco_ws/install/marco_description/share/marco_description/package.xml\n'}
[0.767500] (marco_description) CommandEnded: {'returncode': 0}
[0.804071] (-) TimerEvent: {}
[0.835694] (marco_description) JobEnded: {'identifier': 'marco_description', 'rc': 0}
[0.904526] (-) TimerEvent: {}
[1.006030] (-) TimerEvent: {}
[1.106849] (-) TimerEvent: {}
[1.207524] (-) TimerEvent: {}
[1.308136] (-) TimerEvent: {}
[1.408788] (-) TimerEvent: {}
[1.509687] (-) TimerEvent: {}
[1.610492] (marco_base) Command: {'cmd': ['/usr/bin/python3', '-W', 'ignore:setup.py install is deprecated', '-W', 'ignore:easy_install command is deprecated', 'setup.py', 'develop', '--editable', '--build-directory', '/home/orangepi/marco_ws/build/marco_base/build', '--no-deps', 'symlink_data'], 'cwd': '/home/orangepi/marco_ws/build/marco_base', 'env': {'LESSOPEN': '| /usr/bin/lesspipe %s', 'VSCODE_CWD': '/home/orangepi', 'UMS_MOUNTPOINT': '/mnt/ums', 'VSCODE_ESM_ENTRYPOINT': 'vs/workbench/api/node/extensionHostProcess', 'GST_V4L2_PREFERRED_FOURCC': 'NV12:YU12:NV16:YUY2', 'LANGUAGE': 'en_US.UTF-8', 'USER': 'orangepi', 'SSH_CLIENT': '192.168.219.243 65096 22', 'VSCODE_NLS_CONFIG': '{"userLocale":"en","osLocale":"en","resolvedLanguage":"en","defaultMessagesFile":"/home/orangepi/.cursor-server/bin/linux-arm64/4f02290ccd9304f0e6bf8ee85f6e9106f02ac1f0/out/nls.messages.json","locale":"en","availableLanguages":{}}', 'VSCODE_HANDLES_UNCAUGHT_ERRORS': 'true', 'XDG_SESSION_TYPE': 'tty', 'CURSOR_RIPGREP_PATH': '/home/orangepi/.cursor-server/bin/linux-arm64/4f02290ccd9304f0e6bf8ee85f6e9106f02ac1f0/node_modules/@vscode/ripgrep/bin/rg', 'SHLVL': '0', 'USB_FUNCS': 'adb', 'LD_LIBRARY_PATH': '/home/orangepi/marco_ws/install/marco_msgs/lib:/opt/ros/humble/opt/rviz_ogre_vendor/lib:/opt/ros/humble/lib/aarch64-linux-gnu:/opt/ros/humble/lib', 'BROWSER': '/home/orangepi/.cursor-server/bin/linux-arm64/4f02290ccd9304f0e6bf8ee85f6e9106f02ac1f0/bin/helpers/browser.sh', 'MOTD_SHOWN': 'pam', 'HOME': '/home/orangepi', 'OLDPWD': '/home/orangepi/marco_ws/src/marco_description/scripts', 'VSCODE_IPC_HOOK_CLI': '/run/user/1000/vscode-ipc-465f8d30-32bc-4df1-851d-f94c6e2152bb.sock', 'GST_INSPECT_NO_COLORS': '1', 'GST_MPP_NO_RGA': '1', 'ROS_PYTHON_VERSION': '3', 'COGL_DRIVER': 'gles2', 'NO_COLOR': '1', 'DBUS_SESSION_BUS_ADDRESS': 'unix:path=/run/user/1000/bus', 'VSCODE_L10N_BUNDLE_LOCATION': '', 'COLCON_PREFIX_PATH': '/home/orangepi/ydlidar_ros2_ws/install:/home/orangepi/marco_ws/install', 'GST_V4L2SRC_MAX_RESOLUTION': '3840x2160', 'ROS_DISTRO': 'humble', 'OVSX_REGISTRY_URL': 'https://open-vsx.org', 'LOGNAME': 'orangepi', 'FORCE_COLOR': '0', 'VSCODE_HANDLES_SIGPIPE': 'true', '_': '/usr/bin/colcon', 'ROS_VERSION': '2', 'CURSOR_LAYOUT': 'unifiedAgent', 'XDG_SESSION_CLASS': 'user', 'TERM': 'dumb', 'GST_GL_API': 'gles2', 'XDG_SESSION_ID': '18', 'GST_VIDEO_CONVERT_PREFERRED_FORMAT': 'NV12:NV16:I420:YUY2', 'GST_V4L2SRC_RK_DEVICES': '_mainpath:_selfpath:_bypass:_scale', 'ROS_LOCALHOST_ONLY': '0', 'PATH': '/home/orangepi/.cursor-server/bin/linux-arm64/4f02290ccd9304f0e6bf8ee85f6e9106f02ac1f0/node_modules/@vscode/ripgrep/bin:/home/orangepi/.cursor-server/bin/linux-arm64/4f02290ccd9304f0e6bf8ee85f6e9106f02ac1f0/bin/remote-cli:/opt/ros/humble/bin:/home/orangepi/.cursor-server/bin/linux-arm64/4f02290ccd9304f0e6bf8ee85f6e9106f02ac1f0/bin/remote-cli:/usr/local/sbin:/usr/local/bin:/usr/sbin:/usr/bin:/sbin:/bin:/usr/games:/usr/local/games:/snap/bin', 'VSCODE_AGENT_FOLDER': '/home/orangepi/.cursor-server', 'XDG_RUNTIME_DIR': '/run/user/1000', 'AGENT_TRANSCRIPTS': '/home/orangepi/.cursor/projects/home-orangepi/agent-transcripts', 'GST_GL_PLATFORM': 'egl', 'GST_DEBUG_NO_COLOR': '1', 'GST_V4L2SRC_DEFAULT_DEVICE': '/dev/video-camera0', 'CURSOR_AGENT': '1', 'DISPLAY': ':0', 'LANG': 'en_US.UTF-8', 'LS_COLORS': '', 'GST_V4L2_USE_LIBV4L2': '1', 'UMS_SIZE': '256M', 'AMENT_PREFIX_PATH': '/home/orangepi/marco_ws/install/marco_simulation:/home/orangepi/marco_ws/install/marco_safety:/home/orangepi/marco_ws/install/marco_perception:/home/orangepi/marco_ws/install/marco_navigation:/home/orangepi/marco_ws/install/marco_msgs:/home/orangepi/marco_ws/install/marco_mission:/home/orangepi/marco_ws/install/marco_localization:/home/orangepi/marco_ws/install/marco_docking:/home/orangepi/marco_ws/install/marco_bringup:/home/orangepi/marco_ws/install/marco_description:/home/orangepi/marco_ws/install/marco_base:/home/orangepi/ydlidar_ros2_ws/install/ydlidar_ros2_driver:/opt/ros/humble', 'LC_MESSAGES': 'en_US.UTF-8', 'SHELL': '/bin/bash', 'VSCODE_SERVER_SHUTDOWN_TIMEOUT': '300', 'UMS_RO': '0', 'LESSCLOSE': '/usr/bin/lesspipe %s %s', 'UMS_FSTYPE': 'vfat', 'PWD': '/home/orangepi/marco_ws/build/marco_base', 'LC_ALL': 'en_US.UTF-8', 'SSH_CONNECTION': '192.168.219.243 65096 192.168.219.116 22', 'CURSOR_CONVERSATION_ID': '1ca3b929-f989-4c58-9e95-8b5ab2ce584e', 'PYTHONPATH': '/home/orangepi/marco_ws/build/marco_base/prefix_override:/usr/lib/python3/dist-packages/colcon_core/task/python/colcon_distutils_commands:/home/orangepi/marco_ws/install/marco_base/lib/python3.10/site-packages:/home/orangepi/marco_ws/build/marco_perception:/home/orangepi/marco_ws/install/marco_perception/lib/python3.10/site-packages:/home/orangepi/marco_ws/install/marco_msgs/local/lib/python3.10/dist-packages:/home/orangepi/marco_ws/build/marco_mission:/home/orangepi/marco_ws/install/marco_mission/lib/python3.10/site-packages:/home/orangepi/marco_ws/build/marco_docking:/home/orangepi/marco_ws/install/marco_docking/lib/python3.10/site-packages:/home/orangepi/marco_ws/build/marco_base:/home/orangepi/marco_ws/install/marco_base/lib/python3.10/site-packages:/opt/ros/humble/lib/python3.10/site-packages:/opt/ros/humble/local/lib/python3.10/dist-packages', 'UMS_MOUNT': '0', 'COLCON': '1', '__CURSOR_SANDBOX_ENV_RESTORE': "builtin unset CURSOR_CONVERSATION_ID CURSOR_AGENT_STORE_FILES_DIR CURSOR_AGENT_STORE_SHARED_PATHS 2>/dev/null || true; builtin export CURSOR_CONVERSATION_ID='1ca3b929-f989-4c58-9e95-8b5ab2ce584e'", '_ZO_DOCTOR': '0', 'CMAKE_PREFIX_PATH': '/home/orangepi/marco_ws/install/marco_simulation:/home/orangepi/marco_ws/install/marco_safety:/home/orangepi/marco_ws/install/marco_navigation:/home/orangepi/marco_ws/install/marco_msgs:/home/orangepi/marco_ws/install/marco_localization:/home/orangepi/marco_ws/install/marco_bringup:/home/orangepi/marco_ws/install/marco_description:/home/orangepi/ydlidar_ros2_ws/install/ydlidar_ros2_driver', 'UMS_FILE': '/userdata/ums_shared.img'}, 'shell': False}
[1.615668] (-) TimerEvent: {}
[1.716095] (-) TimerEvent: {}
[1.816710] (-) TimerEvent: {}
[1.917476] (-) TimerEvent: {}
[1.989507] (marco_base) StdoutLine: {'line': b'running develop\n'}
[2.017545] (-) TimerEvent: {}
[2.117933] (-) TimerEvent: {}
[2.171858] (marco_base) StdoutLine: {'line': b'running egg_info\n'}
[2.172913] (marco_base) StdoutLine: {'line': b'writing marco_base.egg-info/PKG-INFO\n'}
[2.173311] (marco_base) StdoutLine: {'line': b'writing dependency_links to marco_base.egg-info/dependency_links.txt\n'}
[2.179112] (marco_base) StdoutLine: {'line': b'writing entry points to marco_base.egg-info/entry_points.txt\n'}
[2.180120] (marco_base) StdoutLine: {'line': b'writing requirements to marco_base.egg-info/requires.txt\n'}
[2.181240] (marco_base) StdoutLine: {'line': b'writing top-level names to marco_base.egg-info/top_level.txt\n'}
[2.186087] (marco_base) StdoutLine: {'line': b"reading manifest file 'marco_base.egg-info/SOURCES.txt'\n"}
[2.187076] (marco_base) StdoutLine: {'line': b"writing manifest file 'marco_base.egg-info/SOURCES.txt'\n"}
[2.190369] (marco_base) StdoutLine: {'line': b'running build_ext\n'}
[2.190922] (marco_base) StdoutLine: {'line': b'Creating /home/orangepi/marco_ws/install/marco_base/lib/python3.10/site-packages/marco-base.egg-link (link to .)\n'}
[2.192106] (marco_base) StdoutLine: {'line': b'Installing base_driver script to /home/orangepi/marco_ws/install/marco_base/lib/marco_base\n'}
[2.192606] (marco_base) StdoutLine: {'line': b'\n'}
[2.192944] (marco_base) StdoutLine: {'line': b'Installed /home/orangepi/marco_ws/build/marco_base\n'}
[2.193285] (marco_base) StdoutLine: {'line': b'running symlink_data\n'}
[2.218272] (-) TimerEvent: {}
[2.319050] (-) TimerEvent: {}
[2.320325] (marco_base) CommandEnded: {'returncode': 0}
[2.339761] (marco_base) JobEnded: {'identifier': 'marco_base', 'rc': 0}
[2.340816] (-) EventReactorShutdown: {}
