[0.000000] (-) TimerEvent: {}
[0.001163] (-) JobUnselected: {'identifier': 'marco_base'}
[0.001668] (-) JobUnselected: {'identifier': 'marco_bringup'}
[0.001807] (-) JobUnselected: {'identifier': 'marco_description'}
[0.001912] (-) JobUnselected: {'identifier': 'marco_docking'}
[0.002011] (-) JobUnselected: {'identifier': 'marco_localization'}
[0.002112] (-) JobUnselected: {'identifier': 'marco_mission'}
[0.002211] (-) JobUnselected: {'identifier': 'marco_msgs'}
[0.002361] (-) JobUnselected: {'identifier': 'marco_navigation'}
[0.002458] (-) JobUnselected: {'identifier': 'marco_perception'}
[0.002558] (-) JobUnselected: {'identifier': 'marco_safety'}
[0.002705] (-) JobUnselected: {'identifier': 'marco_simulation'}
[0.002817] (lane_tracking) JobQueued: {'identifier': 'lane_tracking', 'dependencies': OrderedDict()}
[0.003049] (lane_tracking) JobStarted: {'identifier': 'lane_tracking'}
[0.057547] (-) TimerEvent: {}
[0.158253] (-) TimerEvent: {}
[0.258914] (-) TimerEvent: {}
[0.359656] (-) TimerEvent: {}
[0.460378] (-) TimerEvent: {}
[0.561081] (-) TimerEvent: {}
[0.661686] (-) TimerEvent: {}
[0.762328] (-) TimerEvent: {}
[0.863140] (-) TimerEvent: {}
[0.943018] (lane_tracking) Command: {'cmd': ['/usr/bin/python3', '-W', 'ignore:setup.py install is deprecated', '-W', 'ignore:easy_install command is deprecated', 'setup.py', 'egg_info', '--egg-base', '../../build/lane_tracking', 'build', '--build-base', '/home/orangepi/marco_ws/build/lane_tracking/build', 'install', '--record', '/home/orangepi/marco_ws/build/lane_tracking/install.log', '--install-scripts', '$base/lib/lane_tracking', '--single-version-externally-managed', 'install_data'], 'cwd': '/home/orangepi/marco_ws/src/lane_tracking', 'env': {'LESSOPEN': '| /usr/bin/lesspipe %s', 'VSCODE_CWD': '/home/orangepi', 'UMS_MOUNTPOINT': '/mnt/ums', 'VSCODE_ESM_ENTRYPOINT': 'vs/workbench/api/node/extensionHostProcess', 'GST_V4L2_PREFERRED_FOURCC': 'NV12:YU12:NV16:YUY2', 'LANGUAGE': 'en_US.UTF-8', 'USER': 'orangepi', 'SSH_CLIENT': '192.168.186.243 52154 22', 'VSCODE_NLS_CONFIG': '{"userLocale":"en","osLocale":"en","resolvedLanguage":"en","defaultMessagesFile":"/home/orangepi/.cursor-server/bin/linux-arm64/55434bd8062ece6fee083b82beed2aee42d253f0/out/nls.messages.json","locale":"en","availableLanguages":{}}', 'VSCODE_HANDLES_UNCAUGHT_ERRORS': 'true', 'XDG_SESSION_TYPE': 'tty', 'CURSOR_RIPGREP_PATH': '/home/orangepi/.cursor-server/bin/linux-arm64/55434bd8062ece6fee083b82beed2aee42d253f0/node_modules/@vscode/ripgrep/bin/rg', 'SHLVL': '0', 'USB_FUNCS': 'adb', 'LD_LIBRARY_PATH': '/home/orangepi/marco_ws/install/marco_msgs/lib:/opt/ros/humble/opt/rviz_ogre_vendor/lib:/opt/ros/humble/lib/aarch64-linux-gnu:/opt/ros/humble/lib', 'BROWSER': '/home/orangepi/.cursor-server/bin/linux-arm64/55434bd8062ece6fee083b82beed2aee42d253f0/bin/helpers/browser.sh', 'MOTD_SHOWN': 'pam', 'HOME': '/home/orangepi', 'OLDPWD': '/home/orangepi/marco_ws', 'VSCODE_IPC_HOOK_CLI': '/run/user/1000/vscode-ipc-02e672ea-60f9-4707-882c-79b93e543d7d.sock', 'GST_INSPECT_NO_COLORS': '1', 'GST_MPP_NO_RGA': '1', 'ROS_PYTHON_VERSION': '3', 'COGL_DRIVER': 'gles2', 'NO_COLOR': '1', 'DBUS_SESSION_BUS_ADDRESS': 'unix:path=/run/user/1000/bus', 'VSCODE_L10N_BUNDLE_LOCATION': '', 'COLCON_PREFIX_PATH': '/home/orangepi/marco_ws/install:/home/orangepi/ydlidar_ros2_ws/install', 'GST_V4L2SRC_MAX_RESOLUTION': '3840x2160', 'ROS_DISTRO': 'humble', 'OVSX_REGISTRY_URL': 'https://open-vsx.org', 'LOGNAME': 'orangepi', 'FORCE_COLOR': '0', 'VSCODE_HANDLES_SIGPIPE': 'true', '_': '/usr/bin/colcon', 'ROS_VERSION': '2', 'CURSOR_LAYOUT': 'unifiedAgent', 'XDG_SESSION_CLASS': 'user', 'TERM': 'dumb', 'GST_GL_API': 'gles2', 'XDG_SESSION_ID': '5', 'GST_VIDEO_CONVERT_PREFERRED_FORMAT': 'NV12:NV16:I420:YUY2', 'GST_V4L2SRC_RK_DEVICES': '_mainpath:_selfpath:_bypass:_scale', 'ROS_LOCALHOST_ONLY': '0', 'PATH': '/home/orangepi/.cursor-server/bin/linux-arm64/55434bd8062ece6fee083b82beed2aee42d253f0/node_modules/@vscode/ripgrep/bin:/home/orangepi/.cursor-server/bin/linux-arm64/55434bd8062ece6fee083b82beed2aee42d253f0/bin/remote-cli:/opt/ros/humble/bin:/home/orangepi/.cursor-server/bin/linux-arm64/55434bd8062ece6fee083b82beed2aee42d253f0/bin/remote-cli:/usr/local/sbin:/usr/local/bin:/usr/sbin:/usr/bin:/sbin:/bin:/usr/games:/usr/local/games:/snap/bin', 'VSCODE_AGENT_FOLDER': '/home/orangepi/.cursor-server', 'XDG_RUNTIME_DIR': '/run/user/1000', 'AGENT_TRANSCRIPTS': '/home/orangepi/.cursor/projects/home-orangepi/agent-transcripts', 'GST_GL_PLATFORM': 'egl', 'GST_DEBUG_NO_COLOR': '1', 'GST_V4L2SRC_DEFAULT_DEVICE': '/dev/video-camera0', 'CURSOR_AGENT': '1', 'DISPLAY': ':0', 'LANG': 'en_US.UTF-8', 'LS_COLORS': '', 'GST_V4L2_USE_LIBV4L2': '1', 'UMS_SIZE': '256M', 'AMENT_PREFIX_PATH': '/home/orangepi/marco_ws/install/marco_simulation:/home/orangepi/marco_ws/install/marco_safety:/home/orangepi/marco_ws/install/marco_perception:/home/orangepi/marco_ws/install/marco_navigation:/home/orangepi/marco_ws/install/marco_msgs:/home/orangepi/marco_ws/install/marco_mission:/home/orangepi/marco_ws/install/marco_localization:/home/orangepi/marco_ws/install/marco_docking:/home/orangepi/marco_ws/install/marco_bringup:/home/orangepi/marco_ws/install/marco_description:/home/orangepi/marco_ws/install/marco_base:/home/orangepi/ydlidar_ros2_ws/install/ydlidar_ros2_driver:/opt/ros/humble', 'LC_MESSAGES': 'en_US.UTF-8', 'SHELL': '/bin/bash', 'VSCODE_SERVER_SHUTDOWN_TIMEOUT': '300', 'UMS_RO': '0', 'LESSCLOSE': '/usr/bin/lesspipe %s %s', 'UMS_FSTYPE': 'vfat', 'PWD': '/home/orangepi/marco_ws/build/lane_tracking', 'LC_ALL': 'en_US.UTF-8', 'SSH_CONNECTION': '192.168.186.243 52154 192.168.186.116 22', 'CURSOR_CONVERSATION_ID': '1ca3b929-f989-4c58-9e95-8b5ab2ce584e', 'PYTHONPATH': '/home/orangepi/marco_ws/build/lane_tracking/prefix_override:/usr/lib/python3/dist-packages/colcon_core/task/python/colcon_distutils_commands:/home/orangepi/marco_ws/install/lane_tracking/lib/python3.10/site-packages:/home/orangepi/marco_ws/build/marco_perception:/home/orangepi/marco_ws/install/marco_perception/lib/python3.10/site-packages:/home/orangepi/marco_ws/install/marco_msgs/local/lib/python3.10/dist-packages:/home/orangepi/marco_ws/build/marco_mission:/home/orangepi/marco_ws/install/marco_mission/lib/python3.10/site-packages:/home/orangepi/marco_ws/build/marco_docking:/home/orangepi/marco_ws/install/marco_docking/lib/python3.10/site-packages:/home/orangepi/marco_ws/build/marco_base:/home/orangepi/marco_ws/install/marco_base/lib/python3.10/site-packages:/opt/ros/humble/lib/python3.10/site-packages:/opt/ros/humble/local/lib/python3.10/dist-packages', 'UMS_MOUNT': '0', 'COLCON': '1', '__CURSOR_SANDBOX_ENV_RESTORE': "builtin unset CURSOR_CONVERSATION_ID CURSOR_AGENT_STORE_FILES_DIR CURSOR_AGENT_STORE_SHARED_PATHS 2>/dev/null || true; builtin export CURSOR_CONVERSATION_ID='1ca3b929-f989-4c58-9e95-8b5ab2ce584e'", '_ZO_DOCTOR': '0', 'CMAKE_PREFIX_PATH': '/home/orangepi/marco_ws/install/marco_simulation:/home/orangepi/marco_ws/install/marco_safety:/home/orangepi/marco_ws/install/marco_navigation:/home/orangepi/marco_ws/install/marco_msgs:/home/orangepi/marco_ws/install/marco_localization:/home/orangepi/marco_ws/install/marco_bringup:/home/orangepi/marco_ws/install/marco_description:/home/orangepi/ydlidar_ros2_ws/install/ydlidar_ros2_driver', 'UMS_FILE': '/userdata/ums_shared.img'}, 'shell': False}
[0.963325] (-) TimerEvent: {}
[1.063976] (-) TimerEvent: {}
[1.164636] (-) TimerEvent: {}
[1.262031] (lane_tracking) StdoutLine: {'line': b'running egg_info\n'}
[1.264410] (lane_tracking) StdoutLine: {'line': b'creating ../../build/lane_tracking/lane_tracking.egg-info\n'}
[1.264850] (-) TimerEvent: {}
[1.264942] (lane_tracking) StdoutLine: {'line': b'writing ../../build/lane_tracking/lane_tracking.egg-info/PKG-INFO\n'}
[1.265285] (lane_tracking) StdoutLine: {'line': b'writing dependency_links to ../../build/lane_tracking/lane_tracking.egg-info/dependency_links.txt\n'}
[1.265624] (lane_tracking) StdoutLine: {'line': b'writing entry points to ../../build/lane_tracking/lane_tracking.egg-info/entry_points.txt\n'}
[1.265958] (lane_tracking) StdoutLine: {'line': b'writing requirements to ../../build/lane_tracking/lane_tracking.egg-info/requires.txt\n'}
[1.266321] (lane_tracking) StdoutLine: {'line': b'writing top-level names to ../../build/lane_tracking/lane_tracking.egg-info/top_level.txt\n'}
[1.266786] (lane_tracking) StdoutLine: {'line': b"writing manifest file '../../build/lane_tracking/lane_tracking.egg-info/SOURCES.txt'\n"}
[1.268190] (lane_tracking) StdoutLine: {'line': b"reading manifest file '../../build/lane_tracking/lane_tracking.egg-info/SOURCES.txt'\n"}
[1.268562] (lane_tracking) StdoutLine: {'line': b"writing manifest file '../../build/lane_tracking/lane_tracking.egg-info/SOURCES.txt'\n"}
[1.269013] (lane_tracking) StdoutLine: {'line': b'running build\n'}
[1.269702] (lane_tracking) StdoutLine: {'line': b'running build_py\n'}
[1.270689] (lane_tracking) StdoutLine: {'line': b'creating /home/orangepi/marco_ws/build/lane_tracking/build\n'}
[1.271036] (lane_tracking) StdoutLine: {'line': b'creating /home/orangepi/marco_ws/build/lane_tracking/build/lib\n'}
[1.271378] (lane_tracking) StdoutLine: {'line': b'creating /home/orangepi/marco_ws/build/lane_tracking/build/lib/lane_tracking\n'}
[1.271869] (lane_tracking) StdoutLine: {'line': b'copying lane_tracking/tracker.py -> /home/orangepi/marco_ws/build/lane_tracking/build/lib/lane_tracking\n'}
[1.272205] (lane_tracking) StdoutLine: {'line': b'copying lane_tracking/controller.py -> /home/orangepi/marco_ws/build/lane_tracking/build/lib/lane_tracking\n'}
[1.272544] (lane_tracking) StdoutLine: {'line': b'copying lane_tracking/__init__.py -> /home/orangepi/marco_ws/build/lane_tracking/build/lib/lane_tracking\n'}
[1.273038] (lane_tracking) StdoutLine: {'line': b'running install\n'}
[1.273547] (lane_tracking) StdoutLine: {'line': b'running install_lib\n'}
[1.274102] (lane_tracking) StdoutLine: {'line': b'creating /home/orangepi/marco_ws/install/lane_tracking/lib/python3.10/site-packages/lane_tracking\n'}
[1.274443] (lane_tracking) StdoutLine: {'line': b'copying /home/orangepi/marco_ws/build/lane_tracking/build/lib/lane_tracking/tracker.py -> /home/orangepi/marco_ws/install/lane_tracking/lib/python3.10/site-packages/lane_tracking\n'}
[1.274785] (lane_tracking) StdoutLine: {'line': b'copying /home/orangepi/marco_ws/build/lane_tracking/build/lib/lane_tracking/controller.py -> /home/orangepi/marco_ws/install/lane_tracking/lib/python3.10/site-packages/lane_tracking\n'}
[1.275120] (lane_tracking) StdoutLine: {'line': b'copying /home/orangepi/marco_ws/build/lane_tracking/build/lib/lane_tracking/__init__.py -> /home/orangepi/marco_ws/install/lane_tracking/lib/python3.10/site-packages/lane_tracking\n'}
[1.275451] (lane_tracking) StdoutLine: {'line': b'byte-compiling /home/orangepi/marco_ws/install/lane_tracking/lib/python3.10/site-packages/lane_tracking/tracker.py to tracker.cpython-310.pyc\n'}
[1.275784] (lane_tracking) StdoutLine: {'line': b'byte-compiling /home/orangepi/marco_ws/install/lane_tracking/lib/python3.10/site-packages/lane_tracking/controller.py to controller.cpython-310.pyc\n'}
[1.276114] (lane_tracking) StdoutLine: {'line': b'byte-compiling /home/orangepi/marco_ws/install/lane_tracking/lib/python3.10/site-packages/lane_tracking/__init__.py to __init__.cpython-310.pyc\n'}
[1.276445] (lane_tracking) StdoutLine: {'line': b'running install_data\n'}
[1.276776] (lane_tracking) StdoutLine: {'line': b'creating /home/orangepi/marco_ws/install/lane_tracking/share/ament_index\n'}
[1.277109] (lane_tracking) StdoutLine: {'line': b'creating /home/orangepi/marco_ws/install/lane_tracking/share/ament_index/resource_index\n'}
[1.277682] (lane_tracking) StdoutLine: {'line': b'creating /home/orangepi/marco_ws/install/lane_tracking/share/ament_index/resource_index/packages\n'}
[1.278112] (lane_tracking) StdoutLine: {'line': b'copying resource/lane_tracking -> /home/orangepi/marco_ws/install/lane_tracking/share/ament_index/resource_index/packages\n'}
[1.278448] (lane_tracking) StdoutLine: {'line': b'copying package.xml -> /home/orangepi/marco_ws/install/lane_tracking/share/lane_tracking\n'}
[1.278781] (lane_tracking) StdoutLine: {'line': b'running install_egg_info\n'}
[1.279110] (lane_tracking) StdoutLine: {'line': b'Copying ../../build/lane_tracking/lane_tracking.egg-info to /home/orangepi/marco_ws/install/lane_tracking/lib/python3.10/site-packages/lane_tracking-0.0.0-py3.10.egg-info\n'}
[1.279483] (lane_tracking) StdoutLine: {'line': b'running install_scripts\n'}
[1.313513] (lane_tracking) StdoutLine: {'line': b'Installing controller script to /home/orangepi/marco_ws/install/lane_tracking/lib/lane_tracking\n'}
[1.314616] (lane_tracking) StdoutLine: {'line': b'Installing tracker script to /home/orangepi/marco_ws/install/lane_tracking/lib/lane_tracking\n'}
[1.315003] (lane_tracking) StdoutLine: {'line': b"writing list of installed files to '/home/orangepi/marco_ws/build/lane_tracking/install.log'\n"}
[1.365281] (-) TimerEvent: {}
[1.406036] (lane_tracking) CommandEnded: {'returncode': 0}
[1.437718] (lane_tracking) JobEnded: {'identifier': 'lane_tracking', 'rc': 0}
[1.439151] (-) EventReactorShutdown: {}
