[0.032s] Invoking command in '/home/orangepi/marco_ws/build/marco_description': CMAKE_PREFIX_PATH=${CMAKE_PREFIX_PATH}:/home/orangepi/marco_ws/install/marco_perception:/home/orangepi/marco_ws/install/marco_mission:/home/orangepi/marco_ws/install/marco_docking:/home/orangepi/marco_ws/install/marco_base:/opt/ros/humble /usr/bin/cmake --build /home/orangepi/marco_ws/build/marco_description -- -j8 -l8
[0.154s] Invoked command in '/home/orangepi/marco_ws/build/marco_description' returned '0': CMAKE_PREFIX_PATH=${CMAKE_PREFIX_PATH}:/home/orangepi/marco_ws/install/marco_perception:/home/orangepi/marco_ws/install/marco_mission:/home/orangepi/marco_ws/install/marco_docking:/home/orangepi/marco_ws/install/marco_base:/opt/ros/humble /usr/bin/cmake --build /home/orangepi/marco_ws/build/marco_description -- -j8 -l8
[0.194s] Invoking command in '/home/orangepi/marco_ws/build/marco_description': CMAKE_PREFIX_PATH=${CMAKE_PREFIX_PATH}:/home/orangepi/marco_ws/install/marco_perception:/home/orangepi/marco_ws/install/marco_mission:/home/orangepi/marco_ws/install/marco_docking:/home/orangepi/marco_ws/install/marco_base:/opt/ros/humble /usr/bin/cmake --install /home/orangepi/marco_ws/build/marco_description
[0.222s] -- Install configuration: ""
[0.222s] -- Execute custom install script
[0.223s] -- Up-to-date symlink: /home/orangepi/marco_ws/install/marco_description/share/marco_description/urdf/.gitkeep
[0.223s] -- Symlinking: /home/orangepi/marco_ws/install/marco_description/share/marco_description/urdf/base.xacro
[0.244s] -- Symlinking: /home/orangepi/marco_ws/install/marco_description/share/marco_description/urdf/common.xacro
[0.278s] -- Symlinking: /home/orangepi/marco_ws/install/marco_description/share/marco_description/urdf/fork.xacro
[0.313s] -- Symlinking: /home/orangepi/marco_ws/install/marco_description/share/marco_description/urdf/marco.urdf.xacro
[0.348s] -- Symlinking: /home/orangepi/marco_ws/install/marco_description/share/marco_description/urdf/properties.xacro
[0.364s] -- Symlinking: /home/orangepi/marco_ws/install/marco_description/share/marco_description/urdf/sensors.xacro
[0.381s] -- Symlinking: /home/orangepi/marco_ws/install/marco_description/share/marco_description/urdf/wheels.xacro
[0.399s] -- Up-to-date symlink: /home/orangepi/marco_ws/install/marco_description/share/marco_description/meshes/.gitkeep
[0.400s] -- Up-to-date symlink: /home/orangepi/marco_ws/install/marco_description/share/marco_description/launch/.gitkeep
[0.400s] -- Up-to-date symlink: /home/orangepi/marco_ws/install/marco_description/share/marco_description/rviz/.gitkeep
[0.401s] -- Up-to-date symlink: /home/orangepi/marco_ws/install/marco_description/share/marco_description/config/.gitkeep
[0.401s] -- Up-to-date symlink: /home/orangepi/marco_ws/install/marco_description/share/ament_index/resource_index/package_run_dependencies/marco_description
[0.402s] -- Up-to-date symlink: /home/orangepi/marco_ws/install/marco_description/share/ament_index/resource_index/parent_prefix_path/marco_description
[0.402s] -- Up-to-date symlink: /home/orangepi/marco_ws/install/marco_description/share/marco_description/environment/ament_prefix_path.sh
[0.403s] -- Up-to-date symlink: /home/orangepi/marco_ws/install/marco_description/share/marco_description/environment/ament_prefix_path.dsv
[0.403s] -- Up-to-date symlink: /home/orangepi/marco_ws/install/marco_description/share/marco_description/environment/path.sh
[0.403s] -- Up-to-date symlink: /home/orangepi/marco_ws/install/marco_description/share/marco_description/environment/path.dsv
[0.404s] -- Up-to-date symlink: /home/orangepi/marco_ws/install/marco_description/share/marco_description/local_setup.bash
[0.404s] -- Up-to-date symlink: /home/orangepi/marco_ws/install/marco_description/share/marco_description/local_setup.sh
[0.405s] -- Up-to-date symlink: /home/orangepi/marco_ws/install/marco_description/share/marco_description/local_setup.zsh
[0.405s] -- Up-to-date symlink: /home/orangepi/marco_ws/install/marco_description/share/marco_description/local_setup.dsv
[0.406s] -- Symlinking: /home/orangepi/marco_ws/install/marco_description/share/marco_description/package.dsv
[0.445s] -- Up-to-date symlink: /home/orangepi/marco_ws/install/marco_description/share/ament_index/resource_index/packages/marco_description
[0.446s] -- Up-to-date symlink: /home/orangepi/marco_ws/install/marco_description/share/marco_description/cmake/marco_descriptionConfig.cmake
[0.446s] -- Up-to-date symlink: /home/orangepi/marco_ws/install/marco_description/share/marco_description/cmake/marco_descriptionConfig-version.cmake
[0.447s] -- Up-to-date symlink: /home/orangepi/marco_ws/install/marco_description/share/marco_description/package.xml
[0.453s] Invoked command in '/home/orangepi/marco_ws/build/marco_description' returned '0': CMAKE_PREFIX_PATH=${CMAKE_PREFIX_PATH}:/home/orangepi/marco_ws/install/marco_perception:/home/orangepi/marco_ws/install/marco_mission:/home/orangepi/marco_ws/install/marco_docking:/home/orangepi/marco_ws/install/marco_base:/opt/ros/humble /usr/bin/cmake --install /home/orangepi/marco_ws/build/marco_description
