[0.935s] Invoking command in '/home/orangepi/marco_ws/build/marco_safety': CMAKE_PREFIX_PATH=${CMAKE_PREFIX_PATH}:/home/orangepi/marco_ws/install/marco_docking:/home/orangepi/marco_ws/install/marco_perception:/home/orangepi/marco_ws/install/marco_mission:/home/orangepi/marco_ws/install/marco_base:/home/orangepi/marco_ws/install/lane_tracking:/opt/ros/humble /usr/bin/cmake --build /home/orangepi/marco_ws/build/marco_safety -- -j8 -l8
[1.254s] Invoked command in '/home/orangepi/marco_ws/build/marco_safety' returned '0': CMAKE_PREFIX_PATH=${CMAKE_PREFIX_PATH}:/home/orangepi/marco_ws/install/marco_docking:/home/orangepi/marco_ws/install/marco_perception:/home/orangepi/marco_ws/install/marco_mission:/home/orangepi/marco_ws/install/marco_base:/home/orangepi/marco_ws/install/lane_tracking:/opt/ros/humble /usr/bin/cmake --build /home/orangepi/marco_ws/build/marco_safety -- -j8 -l8
[1.255s] Invoking command in '/home/orangepi/marco_ws/build/marco_safety': CMAKE_PREFIX_PATH=${CMAKE_PREFIX_PATH}:/home/orangepi/marco_ws/install/marco_docking:/home/orangepi/marco_ws/install/marco_perception:/home/orangepi/marco_ws/install/marco_mission:/home/orangepi/marco_ws/install/marco_base:/home/orangepi/marco_ws/install/lane_tracking:/opt/ros/humble /usr/bin/cmake --install /home/orangepi/marco_ws/build/marco_safety
[1.258s] -- Install configuration: ""
[1.258s] -- Execute custom install script
[1.258s] -- Up-to-date symlink: /home/orangepi/marco_ws/install/marco_safety/share/marco_safety/config/.gitkeep
[1.259s] -- Up-to-date symlink: /home/orangepi/marco_ws/install/marco_safety/share/marco_safety/config/collision_monitor.yaml
[1.260s] -- Up-to-date symlink: /home/orangepi/marco_ws/install/marco_safety/share/marco_safety/config/twist_mux.yaml
[1.260s] -- Up-to-date symlink: /home/orangepi/marco_ws/install/marco_safety/share/marco_safety/launch/.gitkeep
[1.261s] -- Up-to-date symlink: /home/orangepi/marco_ws/install/marco_safety/share/marco_safety/launch/safety.launch.py
[1.262s] -- Up-to-date symlink: /home/orangepi/marco_ws/install/marco_safety/share/ament_index/resource_index/package_run_dependencies/marco_safety
[1.262s] -- Up-to-date symlink: /home/orangepi/marco_ws/install/marco_safety/share/ament_index/resource_index/parent_prefix_path/marco_safety
[1.263s] -- Up-to-date symlink: /home/orangepi/marco_ws/install/marco_safety/share/marco_safety/environment/ament_prefix_path.sh
[1.263s] -- Up-to-date symlink: /home/orangepi/marco_ws/install/marco_safety/share/marco_safety/environment/ament_prefix_path.dsv
[1.264s] -- Up-to-date symlink: /home/orangepi/marco_ws/install/marco_safety/share/marco_safety/environment/path.sh
[1.264s] -- Up-to-date symlink: /home/orangepi/marco_ws/install/marco_safety/share/marco_safety/environment/path.dsv
[1.264s] -- Up-to-date symlink: /home/orangepi/marco_ws/install/marco_safety/share/marco_safety/local_setup.bash
[1.265s] -- Up-to-date symlink: /home/orangepi/marco_ws/install/marco_safety/share/marco_safety/local_setup.sh
[1.266s] -- Up-to-date symlink: /home/orangepi/marco_ws/install/marco_safety/share/marco_safety/local_setup.zsh
[1.267s] -- Up-to-date symlink: /home/orangepi/marco_ws/install/marco_safety/share/marco_safety/local_setup.dsv
[1.267s] -- Symlinking: /home/orangepi/marco_ws/install/marco_safety/share/marco_safety/package.dsv
[1.268s] -- Up-to-date symlink: /home/orangepi/marco_ws/install/marco_safety/share/ament_index/resource_index/packages/marco_safety
[1.269s] -- Up-to-date symlink: /home/orangepi/marco_ws/install/marco_safety/share/marco_safety/cmake/marco_safetyConfig.cmake
[1.269s] -- Up-to-date symlink: /home/orangepi/marco_ws/install/marco_safety/share/marco_safety/cmake/marco_safetyConfig-version.cmake
[1.270s] -- Up-to-date symlink: /home/orangepi/marco_ws/install/marco_safety/share/marco_safety/package.xml
[1.281s] Invoked command in '/home/orangepi/marco_ws/build/marco_safety' returned '0': CMAKE_PREFIX_PATH=${CMAKE_PREFIX_PATH}:/home/orangepi/marco_ws/install/marco_docking:/home/orangepi/marco_ws/install/marco_perception:/home/orangepi/marco_ws/install/marco_mission:/home/orangepi/marco_ws/install/marco_base:/home/orangepi/marco_ws/install/lane_tracking:/opt/ros/humble /usr/bin/cmake --install /home/orangepi/marco_ws/build/marco_safety
