/home/orangepi/marco_ws/install/marco_base/lib/python3.10/site-packages/marco_base/pwm_bridge.py
/home/orangepi/marco_ws/install/marco_base/lib/python3.10/site-packages/marco_base/base_driver.py
/home/orangepi/marco_ws/install/marco_base/lib/python3.10/site-packages/marco_base/protocol.py
/home/orangepi/marco_ws/install/marco_base/lib/python3.10/site-packages/marco_base/odometry.py
/home/orangepi/marco_ws/install/marco_base/lib/python3.10/site-packages/marco_base/__init__.py
/home/orangepi/marco_ws/install/marco_base/lib/python3.10/site-packages/marco_base/transport.py
/home/orangepi/marco_ws/install/marco_base/lib/python3.10/site-packages/marco_base/fake_stm32.py
/home/orangepi/marco_ws/install/marco_base/lib/python3.10/site-packages/marco_base/__pycache__/pwm_bridge.cpython-310.pyc
/home/orangepi/marco_ws/install/marco_base/lib/python3.10/site-packages/marco_base/__pycache__/base_driver.cpython-310.pyc
/home/orangepi/marco_ws/install/marco_base/lib/python3.10/site-packages/marco_base/__pycache__/protocol.cpython-310.pyc
/home/orangepi/marco_ws/install/marco_base/lib/python3.10/site-packages/marco_base/__pycache__/odometry.cpython-310.pyc
/home/orangepi/marco_ws/install/marco_base/lib/python3.10/site-packages/marco_base/__pycache__/__init__.cpython-310.pyc
/home/orangepi/marco_ws/install/marco_base/lib/python3.10/site-packages/marco_base/__pycache__/transport.cpython-310.pyc
/home/orangepi/marco_ws/install/marco_base/lib/python3.10/site-packages/marco_base/__pycache__/fake_stm32.cpython-310.pyc
/home/orangepi/marco_ws/install/marco_base/share/ament_index/resource_index/packages/marco_base
/home/orangepi/marco_ws/install/marco_base/share/marco_base/package.xml
/home/orangepi/marco_ws/install/marco_base/share/marco_base/launch/base_driver.launch.py
/home/orangepi/marco_ws/install/marco_base/share/marco_base/launch/pwm_bridge.launch.py
/home/orangepi/marco_ws/install/marco_base/share/marco_base/config/base_driver.yaml
/home/orangepi/marco_ws/install/marco_base/share/marco_base/config/pwm_bridge.yaml
/home/orangepi/marco_ws/install/marco_base/share/marco_base/docs/STM32_UART_PROTOKOL.md
/home/orangepi/marco_ws/install/marco_base/lib/python3.10/site-packages/marco_base-0.1.0-py3.10.egg-info/entry_points.txt
/home/orangepi/marco_ws/install/marco_base/lib/python3.10/site-packages/marco_base-0.1.0-py3.10.egg-info/zip-safe
/home/orangepi/marco_ws/install/marco_base/lib/python3.10/site-packages/marco_base-0.1.0-py3.10.egg-info/top_level.txt
/home/orangepi/marco_ws/install/marco_base/lib/python3.10/site-packages/marco_base-0.1.0-py3.10.egg-info/dependency_links.txt
/home/orangepi/marco_ws/install/marco_base/lib/python3.10/site-packages/marco_base-0.1.0-py3.10.egg-info/SOURCES.txt
/home/orangepi/marco_ws/install/marco_base/lib/python3.10/site-packages/marco_base-0.1.0-py3.10.egg-info/PKG-INFO
/home/orangepi/marco_ws/install/marco_base/lib/python3.10/site-packages/marco_base-0.1.0-py3.10.egg-info/requires.txt
/home/orangepi/marco_ws/install/marco_base/lib/marco_base/base_driver
/home/orangepi/marco_ws/install/marco_base/lib/marco_base/pwm_bridge
