running develop
Removing /home/orangepi/marco_ws/install/marco_perception/lib/python3.10/site-packages/marco-perception.egg-link (link to .)
running egg_info
writing ../../build/marco_perception/marco_perception.egg-info/PKG-INFO
writing dependency_links to ../../build/marco_perception/marco_perception.egg-info/dependency_links.txt
writing entry points to ../../build/marco_perception/marco_perception.egg-info/entry_points.txt
writing requirements to ../../build/marco_perception/marco_perception.egg-info/requires.txt
writing top-level names to ../../build/marco_perception/marco_perception.egg-info/top_level.txt
reading manifest file '../../build/marco_perception/marco_perception.egg-info/SOURCES.txt'
adding license file 'LICENSE'
writing manifest file '../../build/marco_perception/marco_perception.egg-info/SOURCES.txt'
running build
running build_py
copying marco_perception/mock_lane_qr.py -> /home/orangepi/marco_ws/build/marco_perception/build/lib/marco_perception
running install
running install_lib
creating /home/orangepi/marco_ws/install/marco_perception/lib/python3.10/site-packages/marco_perception
copying /home/orangepi/marco_ws/build/marco_perception/build/lib/marco_perception/mock_lane_qr.py -> /home/orangepi/marco_ws/install/marco_perception/lib/python3.10/site-packages/marco_perception
copying /home/orangepi/marco_ws/build/marco_perception/build/lib/marco_perception/__init__.py -> /home/orangepi/marco_ws/install/marco_perception/lib/python3.10/site-packages/marco_perception
byte-compiling /home/orangepi/marco_ws/install/marco_perception/lib/python3.10/site-packages/marco_perception/mock_lane_qr.py to mock_lane_qr.cpython-310.pyc
byte-compiling /home/orangepi/marco_ws/install/marco_perception/lib/python3.10/site-packages/marco_perception/__init__.py to __init__.cpython-310.pyc
running install_data
copying resource/marco_perception -> /home/orangepi/marco_ws/install/marco_perception/share/ament_index/resource_index/packages
copying package.xml -> /home/orangepi/marco_ws/install/marco_perception/share/marco_perception
copying launch/mock_perception.launch.py -> /home/orangepi/marco_ws/install/marco_perception/share/marco_perception/launch
running install_egg_info
Copying ../../build/marco_perception/marco_perception.egg-info to /home/orangepi/marco_ws/install/marco_perception/lib/python3.10/site-packages/marco_perception-0.1.0-py3.10.egg-info
running install_scripts
Installing mock_lane_qr script to /home/orangepi/marco_ws/install/marco_perception/lib/marco_perception
writing list of installed files to '/home/orangepi/marco_ws/build/marco_perception/install.log'
