[1.423s] Invoking command in '/home/orangepi/marco_ws/build/marco_perception': CMAKE_PREFIX_PATH=/home/orangepi/marco_ws/install/marco_msgs:/home/orangepi/marco_ws/install/marco_simulation:/home/orangepi/marco_ws/install/marco_safety:/home/orangepi/marco_ws/install/marco_localization:/home/orangepi/marco_ws/install/marco_navigation:/home/orangepi/marco_ws/install/marco_bringup:/home/orangepi/marco_ws/install/marco_description:/home/orangepi/ydlidar_ros2_ws/install/ydlidar_ros2_driver PYTHONPATH=/home/orangepi/marco_ws/build/marco_perception/prefix_override:/usr/lib/python3/dist-packages/colcon_core/task/python/colcon_distutils_commands:/home/orangepi/marco_ws/install/marco_perception/lib/python3.10/site-packages:${PYTHONPATH} /usr/bin/python3 -W ignore:setup.py install is deprecated -W ignore:easy_install command is deprecated setup.py develop --uninstall --editable --build-directory /home/orangepi/marco_ws/build/marco_perception/build
[1.754s] running develop
[1.929s] Removing /home/orangepi/marco_ws/install/marco_perception/lib/python3.10/site-packages/marco-perception.egg-link (link to .)
[2.052s] Invoked command in '/home/orangepi/marco_ws/build/marco_perception' returned '0': CMAKE_PREFIX_PATH=/home/orangepi/marco_ws/install/marco_msgs:/home/orangepi/marco_ws/install/marco_simulation:/home/orangepi/marco_ws/install/marco_safety:/home/orangepi/marco_ws/install/marco_localization:/home/orangepi/marco_ws/install/marco_navigation:/home/orangepi/marco_ws/install/marco_bringup:/home/orangepi/marco_ws/install/marco_description:/home/orangepi/ydlidar_ros2_ws/install/ydlidar_ros2_driver PYTHONPATH=/home/orangepi/marco_ws/build/marco_perception/prefix_override:/usr/lib/python3/dist-packages/colcon_core/task/python/colcon_distutils_commands:/home/orangepi/marco_ws/install/marco_perception/lib/python3.10/site-packages:${PYTHONPATH} /usr/bin/python3 -W ignore:setup.py install is deprecated -W ignore:easy_install command is deprecated setup.py develop --uninstall --editable --build-directory /home/orangepi/marco_ws/build/marco_perception/build
[2.056s] Invoking command in '/home/orangepi/marco_ws/src/marco_perception': CMAKE_PREFIX_PATH=/home/orangepi/marco_ws/install/marco_msgs:/home/orangepi/marco_ws/install/marco_simulation:/home/orangepi/marco_ws/install/marco_safety:/home/orangepi/marco_ws/install/marco_localization:/home/orangepi/marco_ws/install/marco_navigation:/home/orangepi/marco_ws/install/marco_bringup:/home/orangepi/marco_ws/install/marco_description:/home/orangepi/ydlidar_ros2_ws/install/ydlidar_ros2_driver PYTHONPATH=/home/orangepi/marco_ws/build/marco_perception/prefix_override:/usr/lib/python3/dist-packages/colcon_core/task/python/colcon_distutils_commands:/home/orangepi/marco_ws/install/marco_perception/lib/python3.10/site-packages:${PYTHONPATH} /usr/bin/python3 -W ignore:setup.py install is deprecated -W ignore:easy_install command is deprecated setup.py egg_info --egg-base ../../build/marco_perception build --build-base /home/orangepi/marco_ws/build/marco_perception/build install --record /home/orangepi/marco_ws/build/marco_perception/install.log --install-scripts $base/lib/marco_perception --single-version-externally-managed install_data --force
[2.395s] running egg_info
[2.397s] writing ../../build/marco_perception/marco_perception.egg-info/PKG-INFO
[2.397s] writing dependency_links to ../../build/marco_perception/marco_perception.egg-info/dependency_links.txt
[2.398s] writing entry points to ../../build/marco_perception/marco_perception.egg-info/entry_points.txt
[2.399s] writing requirements to ../../build/marco_perception/marco_perception.egg-info/requires.txt
[2.400s] writing top-level names to ../../build/marco_perception/marco_perception.egg-info/top_level.txt
[2.405s] reading manifest file '../../build/marco_perception/marco_perception.egg-info/SOURCES.txt'
[2.406s] adding license file 'LICENSE'
[2.407s] writing manifest file '../../build/marco_perception/marco_perception.egg-info/SOURCES.txt'
[2.407s] running build
[2.407s] running build_py
[2.408s] copying marco_perception/mock_lane_qr.py -> /home/orangepi/marco_ws/build/marco_perception/build/lib/marco_perception
[2.408s] running install
[2.408s] running install_lib
[2.410s] creating /home/orangepi/marco_ws/install/marco_perception/lib/python3.10/site-packages/marco_perception
[2.410s] copying /home/orangepi/marco_ws/build/marco_perception/build/lib/marco_perception/mock_lane_qr.py -> /home/orangepi/marco_ws/install/marco_perception/lib/python3.10/site-packages/marco_perception
[2.411s] copying /home/orangepi/marco_ws/build/marco_perception/build/lib/marco_perception/__init__.py -> /home/orangepi/marco_ws/install/marco_perception/lib/python3.10/site-packages/marco_perception
[2.411s] byte-compiling /home/orangepi/marco_ws/install/marco_perception/lib/python3.10/site-packages/marco_perception/mock_lane_qr.py to mock_lane_qr.cpython-310.pyc
[2.413s] byte-compiling /home/orangepi/marco_ws/install/marco_perception/lib/python3.10/site-packages/marco_perception/__init__.py to __init__.cpython-310.pyc
[2.414s] running install_data
[2.414s] copying resource/marco_perception -> /home/orangepi/marco_ws/install/marco_perception/share/ament_index/resource_index/packages
[2.414s] copying package.xml -> /home/orangepi/marco_ws/install/marco_perception/share/marco_perception
[2.415s] copying launch/mock_perception.launch.py -> /home/orangepi/marco_ws/install/marco_perception/share/marco_perception/launch
[2.415s] running install_egg_info
[2.419s] Copying ../../build/marco_perception/marco_perception.egg-info to /home/orangepi/marco_ws/install/marco_perception/lib/python3.10/site-packages/marco_perception-0.1.0-py3.10.egg-info
[2.420s] running install_scripts
[2.461s] Installing mock_lane_qr script to /home/orangepi/marco_ws/install/marco_perception/lib/marco_perception
[2.462s] writing list of installed files to '/home/orangepi/marco_ws/build/marco_perception/install.log'
[2.594s] Invoked command in '/home/orangepi/marco_ws/src/marco_perception' returned '0': CMAKE_PREFIX_PATH=/home/orangepi/marco_ws/install/marco_msgs:/home/orangepi/marco_ws/install/marco_simulation:/home/orangepi/marco_ws/install/marco_safety:/home/orangepi/marco_ws/install/marco_localization:/home/orangepi/marco_ws/install/marco_navigation:/home/orangepi/marco_ws/install/marco_bringup:/home/orangepi/marco_ws/install/marco_description:/home/orangepi/ydlidar_ros2_ws/install/ydlidar_ros2_driver PYTHONPATH=/home/orangepi/marco_ws/build/marco_perception/prefix_override:/usr/lib/python3/dist-packages/colcon_core/task/python/colcon_distutils_commands:/home/orangepi/marco_ws/install/marco_perception/lib/python3.10/site-packages:${PYTHONPATH} /usr/bin/python3 -W ignore:setup.py install is deprecated -W ignore:easy_install command is deprecated setup.py egg_info --egg-base ../../build/marco_perception build --build-base /home/orangepi/marco_ws/build/marco_perception/build install --record /home/orangepi/marco_ws/build/marco_perception/install.log --install-scripts $base/lib/marco_perception --single-version-externally-managed install_data --force
