[3.139s] Invoking command in '/home/orangepi/marco_ws/src/marco_perception': PYTHONPATH=/home/orangepi/marco_ws/build/marco_perception/prefix_override:/usr/lib/python3/dist-packages/colcon_core/task/python/colcon_distutils_commands:/home/orangepi/marco_ws/install/marco_perception/lib/python3.10/site-packages:${PYTHONPATH} /usr/bin/python3 -W ignore:setup.py install is deprecated -W ignore:easy_install command is deprecated setup.py egg_info --egg-base ../../build/marco_perception build --build-base /home/orangepi/marco_ws/build/marco_perception/build install --record /home/orangepi/marco_ws/build/marco_perception/install.log --install-scripts $base/lib/marco_perception --single-version-externally-managed install_data
[3.491s] running egg_info
[3.493s] writing ../../build/marco_perception/marco_perception.egg-info/PKG-INFO
[3.494s] writing dependency_links to ../../build/marco_perception/marco_perception.egg-info/dependency_links.txt
[3.496s] writing entry points to ../../build/marco_perception/marco_perception.egg-info/entry_points.txt
[3.496s] writing requirements to ../../build/marco_perception/marco_perception.egg-info/requires.txt
[3.500s] writing top-level names to ../../build/marco_perception/marco_perception.egg-info/top_level.txt
[3.515s] reading manifest file '../../build/marco_perception/marco_perception.egg-info/SOURCES.txt'
[3.519s] adding license file 'LICENSE'
[3.521s] writing manifest file '../../build/marco_perception/marco_perception.egg-info/SOURCES.txt'
[3.521s] running build
[3.522s] running build_py
[3.522s] running install
[3.523s] running install_lib
[3.525s] running install_data
[3.525s] running install_egg_info
[3.527s] removing '/home/orangepi/marco_ws/install/marco_perception/lib/python3.10/site-packages/marco_perception-0.0.0-py3.10.egg-info' (and everything under it)
[3.527s] Copying ../../build/marco_perception/marco_perception.egg-info to /home/orangepi/marco_ws/install/marco_perception/lib/python3.10/site-packages/marco_perception-0.0.0-py3.10.egg-info
[3.533s] running install_scripts
[3.573s] writing list of installed files to '/home/orangepi/marco_ws/build/marco_perception/install.log'
[3.654s] Invoked command in '/home/orangepi/marco_ws/src/marco_perception' returned '0': PYTHONPATH=/home/orangepi/marco_ws/build/marco_perception/prefix_override:/usr/lib/python3/dist-packages/colcon_core/task/python/colcon_distutils_commands:/home/orangepi/marco_ws/install/marco_perception/lib/python3.10/site-packages:${PYTHONPATH} /usr/bin/python3 -W ignore:setup.py install is deprecated -W ignore:easy_install command is deprecated setup.py egg_info --egg-base ../../build/marco_perception build --build-base /home/orangepi/marco_ws/build/marco_perception/build install --record /home/orangepi/marco_ws/build/marco_perception/install.log --install-scripts $base/lib/marco_perception --single-version-externally-managed install_data
