[0.000000] (-) TimerEvent: {}
[0.002254] (-) JobUnselected: {'identifier': 'lane_tracking'}
[0.002493] (-) JobUnselected: {'identifier': 'marco_base'}
[0.002888] (-) JobUnselected: {'identifier': 'marco_bringup'}
[0.003055] (-) JobUnselected: {'identifier': 'marco_description'}
[0.003151] (-) JobUnselected: {'identifier': 'marco_docking'}
[0.003251] (-) JobUnselected: {'identifier': 'marco_localization'}
[0.003388] (-) JobUnselected: {'identifier': 'marco_msgs'}
[0.003484] (-) JobUnselected: {'identifier': 'marco_navigation'}
[0.003636] (-) JobUnselected: {'identifier': 'marco_perception'}
[0.004599] (-) JobUnselected: {'identifier': 'marco_safety'}
[0.004786] (-) JobUnselected: {'identifier': 'marco_simulation'}
[0.005114] (marco_mission) JobQueued: {'identifier': 'marco_mission', 'dependencies': OrderedDict([('marco_msgs', '/home/orangepi/marco_ws/install/marco_msgs')])}
[0.005288] (marco_mission) JobStarted: {'identifier': 'marco_mission'}
[0.097874] (-) TimerEvent: {}
[0.198492] (-) TimerEvent: {}
[0.299090] (-) TimerEvent: {}
[0.399869] (-) TimerEvent: {}
[0.500689] (-) TimerEvent: {}
[0.601379] (-) TimerEvent: {}
[0.701985] (-) TimerEvent: {}
[0.802630] (-) TimerEvent: {}
[0.903399] (-) TimerEvent: {}
[1.004052] (-) TimerEvent: {}
[1.104681] (-) TimerEvent: {}
[1.205273] (-) TimerEvent: {}
[1.305892] (-) TimerEvent: {}
[1.406657] (-) TimerEvent: {}
[1.430650] (marco_mission) Command: {'cmd': ['/usr/bin/python3', '-W', 'ignore:setup.py install is deprecated', '-W', 'ignore:easy_install command is deprecated', 'setup.py', 'develop', '--editable', '--build-directory', '/home/orangepi/marco_ws/build/marco_mission/build', '--no-deps', 'symlink_data'], 'cwd': '/home/orangepi/marco_ws/build/marco_mission', 'env': {'LESSOPEN': '| /usr/bin/lesspipe %s', 'VSCODE_CWD': '/home/orangepi', 'UMS_MOUNTPOINT': '/mnt/ums', 'VSCODE_ESM_ENTRYPOINT': 'vs/workbench/api/node/extensionHostProcess', 'GST_V4L2_PREFERRED_FOURCC': 'NV12:YU12:NV16:YUY2', 'LANGUAGE': 'en_US.UTF-8', 'USER': 'orangepi', 'SSH_CLIENT': 'fe80::a915:eed:d97c:42ea%wlx4822541cd7c3 53828 22', 'VSCODE_NLS_CONFIG': '{"userLocale":"en","osLocale":"en","resolvedLanguage":"en","defaultMessagesFile":"/home/orangepi/.cursor-server/bin/linux-arm64/31e8d61c448c7472e371505838a0fe34083dad50/out/nls.messages.json","locale":"en","availableLanguages":{}}', 'VSCODE_HANDLES_UNCAUGHT_ERRORS': 'true', 'XDG_SESSION_TYPE': 'tty', 'CURSOR_RIPGREP_PATH': '/home/orangepi/.cursor-server/bin/linux-arm64/31e8d61c448c7472e371505838a0fe34083dad50/node_modules/@vscode/ripgrep/bin/rg', 'SHLVL': '0', 'USB_FUNCS': 'adb', 'LD_LIBRARY_PATH': '/home/orangepi/marco_ws/install/marco_msgs/lib:/opt/ros/humble/opt/rviz_ogre_vendor/lib:/opt/ros/humble/lib/aarch64-linux-gnu:/opt/ros/humble/lib', 'BROWSER': '/home/orangepi/.cursor-server/bin/linux-arm64/31e8d61c448c7472e371505838a0fe34083dad50/bin/helpers/browser.sh', 'MOTD_SHOWN': 'pam', 'HOME': '/home/orangepi', 'OLDPWD': '/home/orangepi/marco_ws', 'VSCODE_IPC_HOOK_CLI': '/run/user/1000/vscode-ipc-0eae5caf-301b-4724-a9a1-6e0880f85816.sock', 'GST_INSPECT_NO_COLORS': '1', 'GST_MPP_NO_RGA': '1', 'ROS_PYTHON_VERSION': '3', 'COGL_DRIVER': 'gles2', 'NO_COLOR': '1', 'DBUS_SESSION_BUS_ADDRESS': 'unix:path=/run/user/1000/bus', 'VSCODE_L10N_BUNDLE_LOCATION': '', 'COLCON_PREFIX_PATH': '/home/orangepi/marco_ws/install:/home/orangepi/ydlidar_ros2_ws/install', 'GST_V4L2SRC_MAX_RESOLUTION': '3840x2160', 'ROS_DISTRO': 'humble', 'OVSX_REGISTRY_URL': 'https://open-vsx.org', 'LOGNAME': 'orangepi', 'FORCE_COLOR': '0', 'VSCODE_HANDLES_SIGPIPE': 'true', '_': '/usr/bin/colcon', 'ROS_VERSION': '2', 'CURSOR_LAYOUT': 'unifiedAgent', 'XDG_SESSION_CLASS': 'user', 'TERM': 'dumb', 'GST_GL_API': 'gles2', 'XDG_SESSION_ID': '5', 'GST_VIDEO_CONVERT_PREFERRED_FORMAT': 'NV12:NV16:I420:YUY2', 'GST_V4L2SRC_RK_DEVICES': '_mainpath:_selfpath:_bypass:_scale', 'ROS_LOCALHOST_ONLY': '0', 'PATH': '/home/orangepi/.cursor-server/bin/linux-arm64/31e8d61c448c7472e371505838a0fe34083dad50/node_modules/@vscode/ripgrep/bin:/home/orangepi/.cursor-server/bin/linux-arm64/31e8d61c448c7472e371505838a0fe34083dad50/bin/remote-cli:/opt/ros/humble/bin:/home/orangepi/.cursor-server/bin/linux-arm64/31e8d61c448c7472e371505838a0fe34083dad50/bin/remote-cli:/usr/local/sbin:/usr/local/bin:/usr/sbin:/usr/bin:/sbin:/bin:/usr/games:/usr/local/games:/snap/bin', 'VSCODE_AGENT_FOLDER': '/home/orangepi/.cursor-server', 'XDG_RUNTIME_DIR': '/run/user/1000', 'AGENT_TRANSCRIPTS': '/home/orangepi/.cursor/projects/home-orangepi/agent-transcripts', 'GST_GL_PLATFORM': 'egl', 'GST_DEBUG_NO_COLOR': '1', 'GST_V4L2SRC_DEFAULT_DEVICE': '/dev/video-camera0', 'CURSOR_AGENT': '1', 'DISPLAY': ':0', 'LANG': 'en_US.UTF-8', 'LS_COLORS': '', 'GST_V4L2_USE_LIBV4L2': '1', 'UMS_SIZE': '256M', 'AMENT_PREFIX_PATH': '/home/orangepi/marco_ws/install/marco_simulation:/home/orangepi/marco_ws/install/marco_safety:/home/orangepi/marco_ws/install/marco_perception:/home/orangepi/marco_ws/install/marco_localization:/home/orangepi/marco_ws/install/marco_navigation:/home/orangepi/marco_ws/install/marco_msgs:/home/orangepi/marco_ws/install/marco_mission:/home/orangepi/marco_ws/install/marco_docking:/home/orangepi/marco_ws/install/marco_bringup:/home/orangepi/marco_ws/install/marco_description:/home/orangepi/marco_ws/install/marco_base:/home/orangepi/marco_ws/install/lane_tracking:/home/orangepi/ydlidar_ros2_ws/install/ydlidar_ros2_driver:/opt/ros/humble', 'LC_MESSAGES': 'en_US.UTF-8', 'SHELL': '/bin/bash', 'VSCODE_SERVER_SHUTDOWN_TIMEOUT': '300', 'UMS_RO': '0', 'LESSCLOSE': '/usr/bin/lesspipe %s %s', 'UMS_FSTYPE': 'vfat', 'PWD': '/home/orangepi/marco_ws/build/marco_mission', 'LC_ALL': 'en_US.UTF-8', 'SSH_CONNECTION': 'fe80::a915:eed:d97c:42ea%wlx4822541cd7c3 53828 fe80::a73f:80ee:42ac:eebb%wlx4822541cd7c3 22', 'CURSOR_CONVERSATION_ID': '1ca3b929-f989-4c58-9e95-8b5ab2ce584e', 'PYTHONPATH': '/home/orangepi/marco_ws/build/marco_mission/prefix_override:/usr/lib/python3/dist-packages/colcon_core/task/python/colcon_distutils_commands:/home/orangepi/marco_ws/install/marco_mission/lib/python3.10/site-packages:/home/orangepi/marco_ws/build/marco_docking:/home/orangepi/marco_ws/build/marco_perception:/home/orangepi/marco_ws/install/marco_perception/lib/python3.10/site-packages:/home/orangepi/marco_ws/install/marco_msgs/local/lib/python3.10/dist-packages:/home/orangepi/marco_ws/install/marco_mission/lib/python3.10/site-packages:/home/orangepi/marco_ws/install/marco_docking/lib/python3.10/site-packages:/home/orangepi/marco_ws/build/marco_base:/home/orangepi/marco_ws/install/marco_base/lib/python3.10/site-packages:/home/orangepi/marco_ws/install/lane_tracking/lib/python3.10/site-packages:/opt/ros/humble/lib/python3.10/site-packages:/opt/ros/humble/local/lib/python3.10/dist-packages', 'UMS_MOUNT': '0', 'COLCON': '1', '__CURSOR_SANDBOX_ENV_RESTORE': "builtin unset CURSOR_CONVERSATION_ID CURSOR_AGENT_STORE_FILES_DIR CURSOR_AGENT_STORE_SHARED_PATHS 2>/dev/null || true; builtin export CURSOR_CONVERSATION_ID='1ca3b929-f989-4c58-9e95-8b5ab2ce584e'", '_ZO_DOCTOR': '0', 'CMAKE_PREFIX_PATH': '/home/orangepi/marco_ws/install/marco_msgs:/home/orangepi/marco_ws/install/marco_simulation:/home/orangepi/marco_ws/install/marco_safety:/home/orangepi/marco_ws/install/marco_localization:/home/orangepi/marco_ws/install/marco_navigation:/home/orangepi/marco_ws/install/marco_bringup:/home/orangepi/marco_ws/install/marco_description:/home/orangepi/ydlidar_ros2_ws/install/ydlidar_ros2_driver', 'UMS_FILE': '/userdata/ums_shared.img'}, 'shell': False}
[1.506859] (-) TimerEvent: {}
[1.607463] (-) TimerEvent: {}
[1.708147] (-) TimerEvent: {}
[1.772296] (marco_mission) StdoutLine: {'line': b'running develop\n'}
[1.808460] (-) TimerEvent: {}
[1.909119] (-) TimerEvent: {}
[1.945993] (marco_mission) StdoutLine: {'line': b'running egg_info\n'}
[1.947111] (marco_mission) StdoutLine: {'line': b'writing marco_mission.egg-info/PKG-INFO\n'}
[1.947796] (marco_mission) StdoutLine: {'line': b'writing dependency_links to marco_mission.egg-info/dependency_links.txt\n'}
[1.948514] (marco_mission) StdoutLine: {'line': b'writing entry points to marco_mission.egg-info/entry_points.txt\n'}
[1.949161] (marco_mission) StdoutLine: {'line': b'writing requirements to marco_mission.egg-info/requires.txt\n'}
[1.949538] (marco_mission) StdoutLine: {'line': b'writing top-level names to marco_mission.egg-info/top_level.txt\n'}
[1.955453] (marco_mission) StdoutLine: {'line': b"reading manifest file 'marco_mission.egg-info/SOURCES.txt'\n"}
[1.957023] (marco_mission) StdoutLine: {'line': b"writing manifest file 'marco_mission.egg-info/SOURCES.txt'\n"}
[1.960847] (marco_mission) StdoutLine: {'line': b'running build_ext\n'}
[1.961512] (marco_mission) StdoutLine: {'line': b'Creating /home/orangepi/marco_ws/install/marco_mission/lib/python3.10/site-packages/marco-mission.egg-link (link to .)\n'}
[1.964841] (marco_mission) StdoutLine: {'line': b'Installing mission_manager script to /home/orangepi/marco_ws/install/marco_mission/lib/marco_mission\n'}
[1.965554] (marco_mission) StdoutLine: {'line': b'Installing mock_plc script to /home/orangepi/marco_ws/install/marco_mission/lib/marco_mission\n'}
[1.966199] (marco_mission) StdoutLine: {'line': b'\n'}
[1.966833] (marco_mission) StdoutLine: {'line': b'Installed /home/orangepi/marco_ws/build/marco_mission\n'}
[1.967484] (marco_mission) StdoutLine: {'line': b'running symlink_data\n'}
[2.009530] (-) TimerEvent: {}
[2.075950] (marco_mission) CommandEnded: {'returncode': 0}
[2.109918] (-) TimerEvent: {}
[2.181584] (marco_mission) JobEnded: {'identifier': 'marco_mission', 'rc': 0}
[2.183375] (-) EventReactorShutdown: {}
