[0.477s] Invoking command in '/home/orangepi/marco_ws/build/marco_bringup': CMAKE_PREFIX_PATH=/opt/ros/humble /usr/bin/cmake /home/orangepi/marco_ws/src/marco_bringup -DAMENT_CMAKE_SYMLINK_INSTALL=1 -DCMAKE_INSTALL_PREFIX=/home/orangepi/marco_ws/install/marco_bringup
[1.358s] -- The C compiler identification is GNU 11.4.0
[1.518s] -- The CXX compiler identification is GNU 11.4.0
[1.554s] -- Detecting C compiler ABI info
[1.846s] -- Detecting C compiler ABI info - done
[1.890s] -- Check for working C compiler: /usr/bin/cc - skipped
[1.897s] -- Detecting C compile features
[1.897s] -- Detecting C compile features - done
[1.911s] -- Detecting CXX compiler ABI info
[2.092s] -- Detecting CXX compiler ABI info - done
[2.119s] -- Check for working CXX compiler: /usr/bin/c++ - skipped
[2.120s] -- Detecting CXX compile features
[2.126s] -- Detecting CXX compile features - done
[2.136s] -- Found ament_cmake: 1.3.14 (/opt/ros/humble/share/ament_cmake/cmake)
[2.941s] -- Found Python3: /usr/bin/python3 (found version "3.10.12") found components: Interpreter 
[3.052s] -- Override CMake install command with custom implementation using symlinks instead of copying resources
[3.224s] -- Configuring done
[3.239s] -- Generating done
[3.241s] -- Build files have been written to: /home/orangepi/marco_ws/build/marco_bringup
[3.290s] Invoked command in '/home/orangepi/marco_ws/build/marco_bringup' returned '0': CMAKE_PREFIX_PATH=/opt/ros/humble /usr/bin/cmake /home/orangepi/marco_ws/src/marco_bringup -DAMENT_CMAKE_SYMLINK_INSTALL=1 -DCMAKE_INSTALL_PREFIX=/home/orangepi/marco_ws/install/marco_bringup
[3.293s] Invoking command in '/home/orangepi/marco_ws/build/marco_bringup': CMAKE_PREFIX_PATH=/opt/ros/humble /usr/bin/cmake --build /home/orangepi/marco_ws/build/marco_bringup -- -j8 -l8
[3.492s] Invoked command in '/home/orangepi/marco_ws/build/marco_bringup' returned '0': CMAKE_PREFIX_PATH=/opt/ros/humble /usr/bin/cmake --build /home/orangepi/marco_ws/build/marco_bringup -- -j8 -l8
[3.495s] Invoking command in '/home/orangepi/marco_ws/build/marco_bringup': CMAKE_PREFIX_PATH=/opt/ros/humble /usr/bin/cmake --install /home/orangepi/marco_ws/build/marco_bringup
[3.975s] -- Install configuration: ""
[3.977s] -- Execute custom install script
[3.977s] -- Symlinking: /home/orangepi/marco_ws/install/marco_bringup/share/marco_bringup/launch/.gitkeep
[3.977s] -- Symlinking: /home/orangepi/marco_ws/install/marco_bringup/share/marco_bringup/config/.gitkeep
[3.978s] -- Symlinking: /home/orangepi/marco_ws/install/marco_bringup/share/ament_index/resource_index/package_run_dependencies/marco_bringup
[3.978s] -- Symlinking: /home/orangepi/marco_ws/install/marco_bringup/share/ament_index/resource_index/parent_prefix_path/marco_bringup
[3.978s] -- Symlinking: /home/orangepi/marco_ws/install/marco_bringup/share/marco_bringup/environment/ament_prefix_path.sh
[3.978s] -- Symlinking: /home/orangepi/marco_ws/install/marco_bringup/share/marco_bringup/environment/ament_prefix_path.dsv
[3.978s] -- Symlinking: /home/orangepi/marco_ws/install/marco_bringup/share/marco_bringup/environment/path.sh
[3.979s] -- Symlinking: /home/orangepi/marco_ws/install/marco_bringup/share/marco_bringup/environment/path.dsv
[3.979s] -- Symlinking: /home/orangepi/marco_ws/install/marco_bringup/share/marco_bringup/local_setup.bash
[3.979s] -- Symlinking: /home/orangepi/marco_ws/install/marco_bringup/share/marco_bringup/local_setup.sh
[3.979s] -- Symlinking: /home/orangepi/marco_ws/install/marco_bringup/share/marco_bringup/local_setup.zsh
[3.980s] -- Symlinking: /home/orangepi/marco_ws/install/marco_bringup/share/marco_bringup/local_setup.dsv
[3.981s] -- Symlinking: /home/orangepi/marco_ws/install/marco_bringup/share/marco_bringup/package.dsv
[3.981s] -- Symlinking: /home/orangepi/marco_ws/install/marco_bringup/share/ament_index/resource_index/packages/marco_bringup
[3.981s] -- Symlinking: /home/orangepi/marco_ws/install/marco_bringup/share/marco_bringup/cmake/marco_bringupConfig.cmake
[3.981s] -- Symlinking: /home/orangepi/marco_ws/install/marco_bringup/share/marco_bringup/cmake/marco_bringupConfig-version.cmake
[3.982s] -- Symlinking: /home/orangepi/marco_ws/install/marco_bringup/share/marco_bringup/package.xml
[4.020s] Invoked command in '/home/orangepi/marco_ws/build/marco_bringup' returned '0': CMAKE_PREFIX_PATH=/opt/ros/humble /usr/bin/cmake --install /home/orangepi/marco_ws/build/marco_bringup
