[2.609s] Invoking command in '/home/orangepi/marco_ws/build/marco_docking': PYTHONPATH=/home/orangepi/marco_ws/build/marco_docking/prefix_override:/usr/lib/python3/dist-packages/colcon_core/task/python/colcon_distutils_commands:/home/orangepi/marco_ws/install/marco_docking/lib/python3.10/site-packages:${PYTHONPATH} /usr/bin/python3 -W ignore:setup.py install is deprecated -W ignore:easy_install command is deprecated setup.py develop --editable --build-directory /home/orangepi/marco_ws/build/marco_docking/build --no-deps symlink_data
[2.970s] running develop
[3.295s] running egg_info
[3.296s] creating marco_docking.egg-info
[3.296s] writing marco_docking.egg-info/PKG-INFO
[3.297s] writing dependency_links to marco_docking.egg-info/dependency_links.txt
[3.297s] writing entry points to marco_docking.egg-info/entry_points.txt
[3.298s] writing requirements to marco_docking.egg-info/requires.txt
[3.299s] writing top-level names to marco_docking.egg-info/top_level.txt
[3.299s] writing manifest file 'marco_docking.egg-info/SOURCES.txt'
[3.314s] reading manifest file 'marco_docking.egg-info/SOURCES.txt'
[3.317s] writing manifest file 'marco_docking.egg-info/SOURCES.txt'
[3.318s] running build_ext
[3.319s] Creating /home/orangepi/marco_ws/install/marco_docking/lib/python3.10/site-packages/marco-docking.egg-link (link to .)
[3.321s] 
[3.324s] Installed /home/orangepi/marco_ws/build/marco_docking
[3.325s] running symlink_data
[3.328s] creating /home/orangepi/marco_ws/install/marco_docking/share/ament_index
[3.329s] creating /home/orangepi/marco_ws/install/marco_docking/share/ament_index/resource_index
[3.330s] creating /home/orangepi/marco_ws/install/marco_docking/share/ament_index/resource_index/packages
[3.333s] symbolically linking /home/orangepi/marco_ws/build/marco_docking/resource/marco_docking -> /home/orangepi/marco_ws/install/marco_docking/share/ament_index/resource_index/packages
[3.334s] symbolically linking /home/orangepi/marco_ws/build/marco_docking/package.xml -> /home/orangepi/marco_ws/install/marco_docking/share/marco_docking
[3.462s] Invoked command in '/home/orangepi/marco_ws/build/marco_docking' returned '0': PYTHONPATH=/home/orangepi/marco_ws/build/marco_docking/prefix_override:/usr/lib/python3/dist-packages/colcon_core/task/python/colcon_distutils_commands:/home/orangepi/marco_ws/install/marco_docking/lib/python3.10/site-packages:${PYTHONPATH} /usr/bin/python3 -W ignore:setup.py install is deprecated -W ignore:easy_install command is deprecated setup.py develop --editable --build-directory /home/orangepi/marco_ws/build/marco_docking/build --no-deps symlink_data
