[0.887s] Invoking command in '/home/orangepi/marco_ws/build/marco_simulation': CMAKE_PREFIX_PATH=${CMAKE_PREFIX_PATH}:/home/orangepi/marco_ws/install/marco_docking:/home/orangepi/marco_ws/install/marco_perception:/home/orangepi/marco_ws/install/marco_mission:/home/orangepi/marco_ws/install/marco_base:/home/orangepi/marco_ws/install/lane_tracking:/opt/ros/humble /usr/bin/cmake --build /home/orangepi/marco_ws/build/marco_simulation -- -j8 -l8
[1.071s] Invoked command in '/home/orangepi/marco_ws/build/marco_simulation' returned '0': CMAKE_PREFIX_PATH=${CMAKE_PREFIX_PATH}:/home/orangepi/marco_ws/install/marco_docking:/home/orangepi/marco_ws/install/marco_perception:/home/orangepi/marco_ws/install/marco_mission:/home/orangepi/marco_ws/install/marco_base:/home/orangepi/marco_ws/install/lane_tracking:/opt/ros/humble /usr/bin/cmake --build /home/orangepi/marco_ws/build/marco_simulation -- -j8 -l8
[1.073s] Invoking command in '/home/orangepi/marco_ws/build/marco_simulation': CMAKE_PREFIX_PATH=${CMAKE_PREFIX_PATH}:/home/orangepi/marco_ws/install/marco_docking:/home/orangepi/marco_ws/install/marco_perception:/home/orangepi/marco_ws/install/marco_mission:/home/orangepi/marco_ws/install/marco_base:/home/orangepi/marco_ws/install/lane_tracking:/opt/ros/humble /usr/bin/cmake --install /home/orangepi/marco_ws/build/marco_simulation
[1.115s] -- Install configuration: ""
[1.115s] -- Execute custom install script
[1.115s] -- Up-to-date symlink: /home/orangepi/marco_ws/install/marco_simulation/share/marco_simulation/worlds/.gitkeep
[1.116s] -- Up-to-date symlink: /home/orangepi/marco_ws/install/marco_simulation/share/marco_simulation/models/.gitkeep
[1.116s] -- Up-to-date symlink: /home/orangepi/marco_ws/install/marco_simulation/share/marco_simulation/launch/.gitkeep
[1.116s] -- Up-to-date symlink: /home/orangepi/marco_ws/install/marco_simulation/share/marco_simulation/config/.gitkeep
[1.117s] -- Up-to-date symlink: /home/orangepi/marco_ws/install/marco_simulation/share/ament_index/resource_index/package_run_dependencies/marco_simulation
[1.117s] -- Up-to-date symlink: /home/orangepi/marco_ws/install/marco_simulation/share/ament_index/resource_index/parent_prefix_path/marco_simulation
[1.118s] -- Up-to-date symlink: /home/orangepi/marco_ws/install/marco_simulation/share/marco_simulation/environment/ament_prefix_path.sh
[1.118s] -- Up-to-date symlink: /home/orangepi/marco_ws/install/marco_simulation/share/marco_simulation/environment/ament_prefix_path.dsv
[1.118s] -- Up-to-date symlink: /home/orangepi/marco_ws/install/marco_simulation/share/marco_simulation/environment/path.sh
[1.119s] -- Up-to-date symlink: /home/orangepi/marco_ws/install/marco_simulation/share/marco_simulation/environment/path.dsv
[1.119s] -- Up-to-date symlink: /home/orangepi/marco_ws/install/marco_simulation/share/marco_simulation/local_setup.bash
[1.120s] -- Up-to-date symlink: /home/orangepi/marco_ws/install/marco_simulation/share/marco_simulation/local_setup.sh
[1.120s] -- Up-to-date symlink: /home/orangepi/marco_ws/install/marco_simulation/share/marco_simulation/local_setup.zsh
[1.121s] -- Up-to-date symlink: /home/orangepi/marco_ws/install/marco_simulation/share/marco_simulation/local_setup.dsv
[1.121s] -- Symlinking: /home/orangepi/marco_ws/install/marco_simulation/share/marco_simulation/package.dsv
[1.122s] -- Up-to-date symlink: /home/orangepi/marco_ws/install/marco_simulation/share/ament_index/resource_index/packages/marco_simulation
[1.122s] -- Up-to-date symlink: /home/orangepi/marco_ws/install/marco_simulation/share/marco_simulation/cmake/marco_simulationConfig.cmake
[1.123s] -- Up-to-date symlink: /home/orangepi/marco_ws/install/marco_simulation/share/marco_simulation/cmake/marco_simulationConfig-version.cmake
[1.124s] -- Up-to-date symlink: /home/orangepi/marco_ws/install/marco_simulation/share/marco_simulation/package.xml
[1.186s] Invoked command in '/home/orangepi/marco_ws/build/marco_simulation' returned '0': CMAKE_PREFIX_PATH=${CMAKE_PREFIX_PATH}:/home/orangepi/marco_ws/install/marco_docking:/home/orangepi/marco_ws/install/marco_perception:/home/orangepi/marco_ws/install/marco_mission:/home/orangepi/marco_ws/install/marco_base:/home/orangepi/marco_ws/install/lane_tracking:/opt/ros/humble /usr/bin/cmake --install /home/orangepi/marco_ws/build/marco_simulation
