[0.000000] (-) TimerEvent: {}
[0.000272] (-) JobUnselected: {'identifier': 'marco_description'}
[0.000444] (-) JobUnselected: {'identifier': 'marco_docking'}
[0.000509] (-) JobUnselected: {'identifier': 'marco_localization'}
[0.000658] (-) JobUnselected: {'identifier': 'marco_mission'}
[0.000679] (-) JobUnselected: {'identifier': 'marco_msgs'}
[0.000700] (-) JobUnselected: {'identifier': 'marco_navigation'}
[0.000735] (-) JobUnselected: {'identifier': 'marco_perception'}
[0.000763] (-) JobUnselected: {'identifier': 'marco_safety'}
[0.001061] (-) JobUnselected: {'identifier': 'marco_simulation'}
[0.001105] (marco_base) JobQueued: {'identifier': 'marco_base', 'dependencies': OrderedDict()}
[0.001186] (marco_bringup) JobQueued: {'identifier': 'marco_bringup', 'dependencies': OrderedDict([('marco_base', '/home/orangepi/marco_ws/install/marco_base'), ('marco_description', '/home/orangepi/marco_ws/install/marco_description')])}
[0.001219] (marco_base) JobStarted: {'identifier': 'marco_base'}
[0.098675] (-) TimerEvent: {}
[0.199287] (-) TimerEvent: {}
[0.299825] (-) TimerEvent: {}
[0.400491] (-) TimerEvent: {}
[0.500885] (-) TimerEvent: {}
[0.601429] (-) TimerEvent: {}
[0.702117] (-) TimerEvent: {}
[0.802763] (-) TimerEvent: {}
[0.903431] (-) TimerEvent: {}
[1.004186] (-) TimerEvent: {}
[1.104881] (-) TimerEvent: {}
[1.205387] (-) TimerEvent: {}
[1.305956] (-) TimerEvent: {}
[1.406546] (-) TimerEvent: {}
[1.482885] (marco_base) Command: {'cmd': ['/usr/bin/python3', '-W', 'ignore:setup.py install is deprecated', '-W', 'ignore:easy_install command is deprecated', 'setup.py', 'develop', '--editable', '--build-directory', '/home/orangepi/marco_ws/build/marco_base/build', '--no-deps', 'symlink_data'], 'cwd': '/home/orangepi/marco_ws/build/marco_base', 'env': {'LESSOPEN': '| /usr/bin/lesspipe %s', 'VSCODE_CWD': '/home/orangepi', 'UMS_MOUNTPOINT': '/mnt/ums', 'VSCODE_ESM_ENTRYPOINT': 'vs/workbench/api/node/extensionHostProcess', 'GST_V4L2_PREFERRED_FOURCC': 'NV12:YU12:NV16:YUY2', 'LANGUAGE': 'en_US.UTF-8', 'USER': 'orangepi', 'SSH_CLIENT': '192.168.55.1 51593 22', 'VSCODE_NLS_CONFIG': '{"userLocale":"en","osLocale":"en","resolvedLanguage":"en","defaultMessagesFile":"/home/orangepi/.cursor-server/bin/linux-arm64/4f02290ccd9304f0e6bf8ee85f6e9106f02ac1f0/out/nls.messages.json","locale":"en","availableLanguages":{}}', 'VSCODE_HANDLES_UNCAUGHT_ERRORS': 'true', 'XDG_SESSION_TYPE': 'tty', 'CURSOR_RIPGREP_PATH': '/home/orangepi/.cursor-server/bin/linux-arm64/4f02290ccd9304f0e6bf8ee85f6e9106f02ac1f0/node_modules/@vscode/ripgrep/bin/rg', 'SHLVL': '0', 'USB_FUNCS': 'adb', 'LD_LIBRARY_PATH': '/home/orangepi/marco_ws/install/marco_msgs/lib:/opt/ros/humble/opt/rviz_ogre_vendor/lib:/opt/ros/humble/lib/aarch64-linux-gnu:/opt/ros/humble/lib', 'BROWSER': '/home/orangepi/.cursor-server/bin/linux-arm64/4f02290ccd9304f0e6bf8ee85f6e9106f02ac1f0/bin/helpers/browser.sh', 'MOTD_SHOWN': 'pam', 'HOME': '/home/orangepi', 'OLDPWD': '/home/orangepi/marco_ws', 'VSCODE_IPC_HOOK_CLI': '/run/user/1000/vscode-ipc-786c5353-b3d8-418e-b569-0e2c59f58f48.sock', 'GST_INSPECT_NO_COLORS': '1', 'GST_MPP_NO_RGA': '1', 'ROS_PYTHON_VERSION': '3', 'COGL_DRIVER': 'gles2', 'NO_COLOR': '1', 'DBUS_SESSION_BUS_ADDRESS': 'unix:path=/run/user/1000/bus', 'VSCODE_L10N_BUNDLE_LOCATION': '', 'COLCON_PREFIX_PATH': '/home/orangepi/marco_ws/install', 'GST_V4L2SRC_MAX_RESOLUTION': '3840x2160', 'ROS_DISTRO': 'humble', 'OVSX_REGISTRY_URL': 'https://open-vsx.org', 'LOGNAME': 'orangepi', 'FORCE_COLOR': '0', 'VSCODE_HANDLES_SIGPIPE': 'true', '_': '/usr/bin/colcon', 'ROS_VERSION': '2', 'CURSOR_LAYOUT': 'unifiedAgent', 'XDG_SESSION_CLASS': 'user', 'TERM': 'dumb', 'GST_GL_API': 'gles2', 'XDG_SESSION_ID': '7', 'GST_VIDEO_CONVERT_PREFERRED_FORMAT': 'NV12:NV16:I420:YUY2', 'GST_V4L2SRC_RK_DEVICES': '_mainpath:_selfpath:_bypass:_scale', 'ROS_LOCALHOST_ONLY': '0', 'PATH': '/home/orangepi/.cursor-server/bin/linux-arm64/4f02290ccd9304f0e6bf8ee85f6e9106f02ac1f0/node_modules/@vscode/ripgrep/bin:/home/orangepi/.cursor-server/bin/linux-arm64/4f02290ccd9304f0e6bf8ee85f6e9106f02ac1f0/bin/remote-cli:/opt/ros/humble/bin:/home/orangepi/.cursor-server/bin/linux-arm64/4f02290ccd9304f0e6bf8ee85f6e9106f02ac1f0/bin/remote-cli:/usr/local/sbin:/usr/local/bin:/usr/sbin:/usr/bin:/sbin:/bin:/usr/games:/usr/local/games:/snap/bin', 'VSCODE_AGENT_FOLDER': '/home/orangepi/.cursor-server', 'XDG_RUNTIME_DIR': '/run/user/1000', 'AGENT_TRANSCRIPTS': '/home/orangepi/.cursor/projects/home-orangepi/agent-transcripts', 'GST_GL_PLATFORM': 'egl', 'GST_DEBUG_NO_COLOR': '1', 'GST_V4L2SRC_DEFAULT_DEVICE': '/dev/video-camera0', 'CURSOR_AGENT': '1', 'DISPLAY': ':0', 'LANG': 'en_US.UTF-8', 'LS_COLORS': '', 'GST_V4L2_USE_LIBV4L2': '1', 'UMS_SIZE': '256M', 'AMENT_PREFIX_PATH': '/home/orangepi/marco_ws/install/marco_simulation:/home/orangepi/marco_ws/install/marco_safety:/home/orangepi/marco_ws/install/marco_perception:/home/orangepi/marco_ws/install/marco_navigation:/home/orangepi/marco_ws/install/marco_msgs:/home/orangepi/marco_ws/install/marco_mission:/home/orangepi/marco_ws/install/marco_localization:/home/orangepi/marco_ws/install/marco_docking:/home/orangepi/marco_ws/install/marco_description:/home/orangepi/marco_ws/install/marco_bringup:/home/orangepi/marco_ws/install/marco_base:/opt/ros/humble', 'LC_MESSAGES': 'en_US.UTF-8', 'SHELL': '/bin/bash', 'VSCODE_SERVER_SHUTDOWN_TIMEOUT': '300', 'UMS_RO': '0', 'LESSCLOSE': '/usr/bin/lesspipe %s %s', 'UMS_FSTYPE': 'vfat', 'PWD': '/home/orangepi/marco_ws/build/marco_base', 'LC_ALL': 'en_US.UTF-8', 'SSH_CONNECTION': '192.168.55.1 51593 192.168.55.2 22', 'CURSOR_CONVERSATION_ID': '1ca3b929-f989-4c58-9e95-8b5ab2ce584e', 'PYTHONPATH': '/home/orangepi/marco_ws/build/marco_base/prefix_override:/usr/lib/python3/dist-packages/colcon_core/task/python/colcon_distutils_commands:/home/orangepi/marco_ws/install/marco_base/lib/python3.10/site-packages:/home/orangepi/marco_ws/build/marco_perception:/home/orangepi/marco_ws/install/marco_perception/lib/python3.10/site-packages:/home/orangepi/marco_ws/install/marco_msgs/local/lib/python3.10/dist-packages:/home/orangepi/marco_ws/build/marco_mission:/home/orangepi/marco_ws/install/marco_mission/lib/python3.10/site-packages:/home/orangepi/marco_ws/build/marco_docking:/home/orangepi/marco_ws/install/marco_docking/lib/python3.10/site-packages:/home/orangepi/marco_ws/build/marco_base:/home/orangepi/marco_ws/install/marco_base/lib/python3.10/site-packages:/opt/ros/humble/lib/python3.10/site-packages:/opt/ros/humble/local/lib/python3.10/dist-packages', 'UMS_MOUNT': '0', 'COLCON': '1', '__CURSOR_SANDBOX_ENV_RESTORE': "builtin unset CURSOR_CONVERSATION_ID CURSOR_AGENT_STORE_FILES_DIR CURSOR_AGENT_STORE_SHARED_PATHS 2>/dev/null || true; builtin export CURSOR_CONVERSATION_ID='1ca3b929-f989-4c58-9e95-8b5ab2ce584e'", '_ZO_DOCTOR': '0', 'CMAKE_PREFIX_PATH': '/home/orangepi/marco_ws/install/marco_simulation:/home/orangepi/marco_ws/install/marco_safety:/home/orangepi/marco_ws/install/marco_navigation:/home/orangepi/marco_ws/install/marco_msgs:/home/orangepi/marco_ws/install/marco_localization:/home/orangepi/marco_ws/install/marco_description:/home/orangepi/marco_ws/install/marco_bringup', 'UMS_FILE': '/userdata/ums_shared.img'}, 'shell': False}
[1.506813] (-) TimerEvent: {}
[1.607332] (-) TimerEvent: {}
[1.707841] (-) TimerEvent: {}
[1.808500] (-) TimerEvent: {}
[1.824099] (marco_base) StdoutLine: {'line': b'running develop\n'}
[1.908847] (-) TimerEvent: {}
[1.998859] (marco_base) StdoutLine: {'line': b'running egg_info\n'}
[1.999823] (marco_base) StdoutLine: {'line': b'writing marco_base.egg-info/PKG-INFO\n'}
[2.000141] (marco_base) StdoutLine: {'line': b'writing dependency_links to marco_base.egg-info/dependency_links.txt\n'}
[2.000709] (marco_base) StdoutLine: {'line': b'writing entry points to marco_base.egg-info/entry_points.txt\n'}
[2.001518] (marco_base) StdoutLine: {'line': b'writing requirements to marco_base.egg-info/requires.txt\n'}
[2.002235] (marco_base) StdoutLine: {'line': b'writing top-level names to marco_base.egg-info/top_level.txt\n'}
[2.006438] (marco_base) StdoutLine: {'line': b"reading manifest file 'marco_base.egg-info/SOURCES.txt'\n"}
[2.007430] (marco_base) StdoutLine: {'line': b"writing manifest file 'marco_base.egg-info/SOURCES.txt'\n"}
[2.008860] (-) TimerEvent: {}
[2.009757] (marco_base) StdoutLine: {'line': b'running build_ext\n'}
[2.010209] (marco_base) StdoutLine: {'line': b'Creating /home/orangepi/marco_ws/install/marco_base/lib/python3.10/site-packages/marco-base.egg-link (link to .)\n'}
[2.011313] (marco_base) StdoutLine: {'line': b'Installing base_driver script to /home/orangepi/marco_ws/install/marco_base/lib/marco_base\n'}
[2.012318] (marco_base) StdoutLine: {'line': b'\n'}
[2.012497] (marco_base) StdoutLine: {'line': b'Installed /home/orangepi/marco_ws/build/marco_base\n'}
[2.012638] (marco_base) StdoutLine: {'line': b'running symlink_data\n'}
[2.012776] (marco_base) StdoutLine: {'line': b'symbolically linking /home/orangepi/marco_ws/build/marco_base/launch/base_driver.launch.py -> /home/orangepi/marco_ws/install/marco_base/share/marco_base/launch\n'}
[2.012936] (marco_base) StdoutLine: {'line': b'symbolically linking /home/orangepi/marco_ws/build/marco_base/config/base_driver.yaml -> /home/orangepi/marco_ws/install/marco_base/share/marco_base/config\n'}
[2.109281] (-) TimerEvent: {}
[2.134782] (marco_base) CommandEnded: {'returncode': 0}
[2.195898] (marco_base) JobEnded: {'identifier': 'marco_base', 'rc': 0}
[2.200990] (marco_bringup) JobStarted: {'identifier': 'marco_bringup'}
[2.209379] (-) TimerEvent: {}
[2.220768] (marco_bringup) JobProgress: {'identifier': 'marco_bringup', 'progress': 'cmake'}
[2.221429] (marco_bringup) JobProgress: {'identifier': 'marco_bringup', 'progress': 'build'}
[2.222703] (marco_bringup) Command: {'cmd': ['/usr/bin/cmake', '--build', '/home/orangepi/marco_ws/build/marco_bringup', '--', '-j8', '-l8'], 'cwd': '/home/orangepi/marco_ws/build/marco_bringup', 'env': OrderedDict([('LESSOPEN', '| /usr/bin/lesspipe %s'), ('VSCODE_CWD', '/home/orangepi'), ('UMS_MOUNTPOINT', '/mnt/ums'), ('VSCODE_ESM_ENTRYPOINT', 'vs/workbench/api/node/extensionHostProcess'), ('GST_V4L2_PREFERRED_FOURCC', 'NV12:YU12:NV16:YUY2'), ('LANGUAGE', 'en_US.UTF-8'), ('USER', 'orangepi'), ('SSH_CLIENT', '192.168.55.1 51593 22'), ('VSCODE_NLS_CONFIG', '{"userLocale":"en","osLocale":"en","resolvedLanguage":"en","defaultMessagesFile":"/home/orangepi/.cursor-server/bin/linux-arm64/4f02290ccd9304f0e6bf8ee85f6e9106f02ac1f0/out/nls.messages.json","locale":"en","availableLanguages":{}}'), ('VSCODE_HANDLES_UNCAUGHT_ERRORS', 'true'), ('XDG_SESSION_TYPE', 'tty'), ('CURSOR_RIPGREP_PATH', '/home/orangepi/.cursor-server/bin/linux-arm64/4f02290ccd9304f0e6bf8ee85f6e9106f02ac1f0/node_modules/@vscode/ripgrep/bin/rg'), ('SHLVL', '0'), ('USB_FUNCS', 'adb'), ('LD_LIBRARY_PATH', '/home/orangepi/marco_ws/install/marco_msgs/lib:/opt/ros/humble/opt/rviz_ogre_vendor/lib:/opt/ros/humble/lib/aarch64-linux-gnu:/opt/ros/humble/lib'), ('BROWSER', '/home/orangepi/.cursor-server/bin/linux-arm64/4f02290ccd9304f0e6bf8ee85f6e9106f02ac1f0/bin/helpers/browser.sh'), ('MOTD_SHOWN', 'pam'), ('HOME', '/home/orangepi'), ('OLDPWD', '/home/orangepi/marco_ws'), ('VSCODE_IPC_HOOK_CLI', '/run/user/1000/vscode-ipc-786c5353-b3d8-418e-b569-0e2c59f58f48.sock'), ('GST_INSPECT_NO_COLORS', '1'), ('GST_MPP_NO_RGA', '1'), ('ROS_PYTHON_VERSION', '3'), ('COGL_DRIVER', 'gles2'), ('NO_COLOR', '1'), ('DBUS_SESSION_BUS_ADDRESS', 'unix:path=/run/user/1000/bus'), ('VSCODE_L10N_BUNDLE_LOCATION', ''), ('COLCON_PREFIX_PATH', '/home/orangepi/marco_ws/install'), ('GST_V4L2SRC_MAX_RESOLUTION', '3840x2160'), ('ROS_DISTRO', 'humble'), ('OVSX_REGISTRY_URL', 'https://open-vsx.org'), ('LOGNAME', 'orangepi'), ('FORCE_COLOR', '0'), ('VSCODE_HANDLES_SIGPIPE', 'true'), ('_', '/usr/bin/colcon'), ('ROS_VERSION', '2'), ('CURSOR_LAYOUT', 'unifiedAgent'), ('XDG_SESSION_CLASS', 'user'), ('TERM', 'dumb'), ('GST_GL_API', 'gles2'), ('XDG_SESSION_ID', '7'), ('GST_VIDEO_CONVERT_PREFERRED_FORMAT', 'NV12:NV16:I420:YUY2'), ('GST_V4L2SRC_RK_DEVICES', '_mainpath:_selfpath:_bypass:_scale'), ('ROS_LOCALHOST_ONLY', '0'), ('PATH', '/home/orangepi/.cursor-server/bin/linux-arm64/4f02290ccd9304f0e6bf8ee85f6e9106f02ac1f0/node_modules/@vscode/ripgrep/bin:/home/orangepi/.cursor-server/bin/linux-arm64/4f02290ccd9304f0e6bf8ee85f6e9106f02ac1f0/bin/remote-cli:/opt/ros/humble/bin:/home/orangepi/.cursor-server/bin/linux-arm64/4f02290ccd9304f0e6bf8ee85f6e9106f02ac1f0/bin/remote-cli:/usr/local/sbin:/usr/local/bin:/usr/sbin:/usr/bin:/sbin:/bin:/usr/games:/usr/local/games:/snap/bin'), ('VSCODE_AGENT_FOLDER', '/home/orangepi/.cursor-server'), ('XDG_RUNTIME_DIR', '/run/user/1000'), ('AGENT_TRANSCRIPTS', '/home/orangepi/.cursor/projects/home-orangepi/agent-transcripts'), ('GST_GL_PLATFORM', 'egl'), ('GST_DEBUG_NO_COLOR', '1'), ('GST_V4L2SRC_DEFAULT_DEVICE', '/dev/video-camera0'), ('CURSOR_AGENT', '1'), ('DISPLAY', ':0'), ('LANG', 'en_US.UTF-8'), ('LS_COLORS', ''), ('GST_V4L2_USE_LIBV4L2', '1'), ('UMS_SIZE', '256M'), ('AMENT_PREFIX_PATH', '/home/orangepi/marco_ws/install/marco_base:/home/orangepi/marco_ws/install/marco_simulation:/home/orangepi/marco_ws/install/marco_safety:/home/orangepi/marco_ws/install/marco_perception:/home/orangepi/marco_ws/install/marco_navigation:/home/orangepi/marco_ws/install/marco_msgs:/home/orangepi/marco_ws/install/marco_mission:/home/orangepi/marco_ws/install/marco_localization:/home/orangepi/marco_ws/install/marco_docking:/home/orangepi/marco_ws/install/marco_description:/home/orangepi/marco_ws/install/marco_bringup:/opt/ros/humble'), ('LC_MESSAGES', 'en_US.UTF-8'), ('SHELL', '/bin/bash'), ('VSCODE_SERVER_SHUTDOWN_TIMEOUT', '300'), ('UMS_RO', '0'), ('LESSCLOSE', '/usr/bin/lesspipe %s %s'), ('UMS_FSTYPE', 'vfat'), ('PWD', '/home/orangepi/marco_ws/build/marco_bringup'), ('LC_ALL', 'en_US.UTF-8'), ('SSH_CONNECTION', '192.168.55.1 51593 192.168.55.2 22'), ('CURSOR_CONVERSATION_ID', '1ca3b929-f989-4c58-9e95-8b5ab2ce584e'), ('PYTHONPATH', '/home/orangepi/marco_ws/build/marco_base:/home/orangepi/marco_ws/install/marco_base/lib/python3.10/site-packages:/home/orangepi/marco_ws/build/marco_perception:/home/orangepi/marco_ws/install/marco_perception/lib/python3.10/site-packages:/home/orangepi/marco_ws/install/marco_msgs/local/lib/python3.10/dist-packages:/home/orangepi/marco_ws/build/marco_mission:/home/orangepi/marco_ws/install/marco_mission/lib/python3.10/site-packages:/home/orangepi/marco_ws/build/marco_docking:/home/orangepi/marco_ws/install/marco_docking/lib/python3.10/site-packages:/opt/ros/humble/lib/python3.10/site-packages:/opt/ros/humble/local/lib/python3.10/dist-packages'), ('UMS_MOUNT', '0'), ('COLCON', '1'), ('__CURSOR_SANDBOX_ENV_RESTORE', "builtin unset CURSOR_CONVERSATION_ID CURSOR_AGENT_STORE_FILES_DIR CURSOR_AGENT_STORE_SHARED_PATHS 2>/dev/null || true; builtin export CURSOR_CONVERSATION_ID='1ca3b929-f989-4c58-9e95-8b5ab2ce584e'"), ('_ZO_DOCTOR', '0'), ('CMAKE_PREFIX_PATH', '/home/orangepi/marco_ws/install/marco_description:/home/orangepi/marco_ws/install/marco_simulation:/home/orangepi/marco_ws/install/marco_safety:/home/orangepi/marco_ws/install/marco_navigation:/home/orangepi/marco_ws/install/marco_msgs:/home/orangepi/marco_ws/install/marco_localization:/home/orangepi/marco_ws/install/marco_bringup:/home/orangepi/marco_ws/install/marco_perception:/home/orangepi/marco_ws/install/marco_mission:/home/orangepi/marco_ws/install/marco_docking:/home/orangepi/marco_ws/install/marco_base:/opt/ros/humble'), ('UMS_FILE', '/userdata/ums_shared.img')]), 'shell': False}
[2.289100] (marco_bringup) StdoutLine: {'line': b'-- Found ament_cmake: 1.3.14 (/opt/ros/humble/share/ament_cmake/cmake)\n'}
[2.309600] (-) TimerEvent: {}
[2.410025] (-) TimerEvent: {}
[2.510402] (-) TimerEvent: {}
[2.554777] (marco_bringup) StdoutLine: {'line': b'-- Override CMake install command with custom implementation using symlinks instead of copying resources\n'}
[2.610644] (-) TimerEvent: {}
[2.705688] (marco_bringup) StdoutLine: {'line': b'-- Configuring done\n'}
[2.710794] (-) TimerEvent: {}
[2.715481] (marco_bringup) StdoutLine: {'line': b'-- Generating done\n'}
[2.723496] (marco_bringup) StdoutLine: {'line': b'-- Build files have been written to: /home/orangepi/marco_ws/build/marco_bringup\n'}
[2.793483] (marco_bringup) CommandEnded: {'returncode': 0}
[2.796989] (marco_bringup) JobProgress: {'identifier': 'marco_bringup', 'progress': 'install'}
[2.811021] (-) TimerEvent: {}
[2.826490] (marco_bringup) Command: {'cmd': ['/usr/bin/cmake', '--install', '/home/orangepi/marco_ws/build/marco_bringup'], 'cwd': '/home/orangepi/marco_ws/build/marco_bringup', 'env': OrderedDict([('LESSOPEN', '| /usr/bin/lesspipe %s'), ('VSCODE_CWD', '/home/orangepi'), ('UMS_MOUNTPOINT', '/mnt/ums'), ('VSCODE_ESM_ENTRYPOINT', 'vs/workbench/api/node/extensionHostProcess'), ('GST_V4L2_PREFERRED_FOURCC', 'NV12:YU12:NV16:YUY2'), ('LANGUAGE', 'en_US.UTF-8'), ('USER', 'orangepi'), ('SSH_CLIENT', '192.168.55.1 51593 22'), ('VSCODE_NLS_CONFIG', '{"userLocale":"en","osLocale":"en","resolvedLanguage":"en","defaultMessagesFile":"/home/orangepi/.cursor-server/bin/linux-arm64/4f02290ccd9304f0e6bf8ee85f6e9106f02ac1f0/out/nls.messages.json","locale":"en","availableLanguages":{}}'), ('VSCODE_HANDLES_UNCAUGHT_ERRORS', 'true'), ('XDG_SESSION_TYPE', 'tty'), ('CURSOR_RIPGREP_PATH', '/home/orangepi/.cursor-server/bin/linux-arm64/4f02290ccd9304f0e6bf8ee85f6e9106f02ac1f0/node_modules/@vscode/ripgrep/bin/rg'), ('SHLVL', '0'), ('USB_FUNCS', 'adb'), ('LD_LIBRARY_PATH', '/home/orangepi/marco_ws/install/marco_msgs/lib:/opt/ros/humble/opt/rviz_ogre_vendor/lib:/opt/ros/humble/lib/aarch64-linux-gnu:/opt/ros/humble/lib'), ('BROWSER', '/home/orangepi/.cursor-server/bin/linux-arm64/4f02290ccd9304f0e6bf8ee85f6e9106f02ac1f0/bin/helpers/browser.sh'), ('MOTD_SHOWN', 'pam'), ('HOME', '/home/orangepi'), ('OLDPWD', '/home/orangepi/marco_ws'), ('VSCODE_IPC_HOOK_CLI', '/run/user/1000/vscode-ipc-786c5353-b3d8-418e-b569-0e2c59f58f48.sock'), ('GST_INSPECT_NO_COLORS', '1'), ('GST_MPP_NO_RGA', '1'), ('ROS_PYTHON_VERSION', '3'), ('COGL_DRIVER', 'gles2'), ('NO_COLOR', '1'), ('DBUS_SESSION_BUS_ADDRESS', 'unix:path=/run/user/1000/bus'), ('VSCODE_L10N_BUNDLE_LOCATION', ''), ('COLCON_PREFIX_PATH', '/home/orangepi/marco_ws/install'), ('GST_V4L2SRC_MAX_RESOLUTION', '3840x2160'), ('ROS_DISTRO', 'humble'), ('OVSX_REGISTRY_URL', 'https://open-vsx.org'), ('LOGNAME', 'orangepi'), ('FORCE_COLOR', '0'), ('VSCODE_HANDLES_SIGPIPE', 'true'), ('_', '/usr/bin/colcon'), ('ROS_VERSION', '2'), ('CURSOR_LAYOUT', 'unifiedAgent'), ('XDG_SESSION_CLASS', 'user'), ('TERM', 'dumb'), ('GST_GL_API', 'gles2'), ('XDG_SESSION_ID', '7'), ('GST_VIDEO_CONVERT_PREFERRED_FORMAT', 'NV12:NV16:I420:YUY2'), ('GST_V4L2SRC_RK_DEVICES', '_mainpath:_selfpath:_bypass:_scale'), ('ROS_LOCALHOST_ONLY', '0'), ('PATH', '/home/orangepi/.cursor-server/bin/linux-arm64/4f02290ccd9304f0e6bf8ee85f6e9106f02ac1f0/node_modules/@vscode/ripgrep/bin:/home/orangepi/.cursor-server/bin/linux-arm64/4f02290ccd9304f0e6bf8ee85f6e9106f02ac1f0/bin/remote-cli:/opt/ros/humble/bin:/home/orangepi/.cursor-server/bin/linux-arm64/4f02290ccd9304f0e6bf8ee85f6e9106f02ac1f0/bin/remote-cli:/usr/local/sbin:/usr/local/bin:/usr/sbin:/usr/bin:/sbin:/bin:/usr/games:/usr/local/games:/snap/bin'), ('VSCODE_AGENT_FOLDER', '/home/orangepi/.cursor-server'), ('XDG_RUNTIME_DIR', '/run/user/1000'), ('AGENT_TRANSCRIPTS', '/home/orangepi/.cursor/projects/home-orangepi/agent-transcripts'), ('GST_GL_PLATFORM', 'egl'), ('GST_DEBUG_NO_COLOR', '1'), ('GST_V4L2SRC_DEFAULT_DEVICE', '/dev/video-camera0'), ('CURSOR_AGENT', '1'), ('DISPLAY', ':0'), ('LANG', 'en_US.UTF-8'), ('LS_COLORS', ''), ('GST_V4L2_USE_LIBV4L2', '1'), ('UMS_SIZE', '256M'), ('AMENT_PREFIX_PATH', '/home/orangepi/marco_ws/install/marco_base:/home/orangepi/marco_ws/install/marco_simulation:/home/orangepi/marco_ws/install/marco_safety:/home/orangepi/marco_ws/install/marco_perception:/home/orangepi/marco_ws/install/marco_navigation:/home/orangepi/marco_ws/install/marco_msgs:/home/orangepi/marco_ws/install/marco_mission:/home/orangepi/marco_ws/install/marco_localization:/home/orangepi/marco_ws/install/marco_docking:/home/orangepi/marco_ws/install/marco_description:/home/orangepi/marco_ws/install/marco_bringup:/opt/ros/humble'), ('LC_MESSAGES', 'en_US.UTF-8'), ('SHELL', '/bin/bash'), ('VSCODE_SERVER_SHUTDOWN_TIMEOUT', '300'), ('UMS_RO', '0'), ('LESSCLOSE', '/usr/bin/lesspipe %s %s'), ('UMS_FSTYPE', 'vfat'), ('PWD', '/home/orangepi/marco_ws/build/marco_bringup'), ('LC_ALL', 'en_US.UTF-8'), ('SSH_CONNECTION', '192.168.55.1 51593 192.168.55.2 22'), ('CURSOR_CONVERSATION_ID', '1ca3b929-f989-4c58-9e95-8b5ab2ce584e'), ('PYTHONPATH', '/home/orangepi/marco_ws/build/marco_base:/home/orangepi/marco_ws/install/marco_base/lib/python3.10/site-packages:/home/orangepi/marco_ws/build/marco_perception:/home/orangepi/marco_ws/install/marco_perception/lib/python3.10/site-packages:/home/orangepi/marco_ws/install/marco_msgs/local/lib/python3.10/dist-packages:/home/orangepi/marco_ws/build/marco_mission:/home/orangepi/marco_ws/install/marco_mission/lib/python3.10/site-packages:/home/orangepi/marco_ws/build/marco_docking:/home/orangepi/marco_ws/install/marco_docking/lib/python3.10/site-packages:/opt/ros/humble/lib/python3.10/site-packages:/opt/ros/humble/local/lib/python3.10/dist-packages'), ('UMS_MOUNT', '0'), ('COLCON', '1'), ('__CURSOR_SANDBOX_ENV_RESTORE', "builtin unset CURSOR_CONVERSATION_ID CURSOR_AGENT_STORE_FILES_DIR CURSOR_AGENT_STORE_SHARED_PATHS 2>/dev/null || true; builtin export CURSOR_CONVERSATION_ID='1ca3b929-f989-4c58-9e95-8b5ab2ce584e'"), ('_ZO_DOCTOR', '0'), ('CMAKE_PREFIX_PATH', '/home/orangepi/marco_ws/install/marco_description:/home/orangepi/marco_ws/install/marco_simulation:/home/orangepi/marco_ws/install/marco_safety:/home/orangepi/marco_ws/install/marco_navigation:/home/orangepi/marco_ws/install/marco_msgs:/home/orangepi/marco_ws/install/marco_localization:/home/orangepi/marco_ws/install/marco_bringup:/home/orangepi/marco_ws/install/marco_perception:/home/orangepi/marco_ws/install/marco_mission:/home/orangepi/marco_ws/install/marco_docking:/home/orangepi/marco_ws/install/marco_base:/opt/ros/humble'), ('UMS_FILE', '/userdata/ums_shared.img')]), 'shell': False}
[2.857784] (marco_bringup) StdoutLine: {'line': b'-- Install configuration: ""\n'}
[2.859753] (marco_bringup) StdoutLine: {'line': b'-- Execute custom install script\n'}
[2.861155] (marco_bringup) StdoutLine: {'line': b'-- Up-to-date symlink: /home/orangepi/marco_ws/install/marco_bringup/share/marco_bringup/launch/.gitkeep\n'}
[2.861561] (marco_bringup) StdoutLine: {'line': b'-- Symlinking: /home/orangepi/marco_ws/install/marco_bringup/share/marco_bringup/launch/robot.launch.py\n'}
[2.897246] (marco_bringup) StdoutLine: {'line': b'-- Up-to-date symlink: /home/orangepi/marco_ws/install/marco_bringup/share/marco_bringup/config/.gitkeep\n'}
[2.898127] (marco_bringup) StdoutLine: {'line': b'-- Up-to-date symlink: /home/orangepi/marco_ws/install/marco_bringup/share/ament_index/resource_index/package_run_dependencies/marco_bringup\n'}
[2.898765] (marco_bringup) StdoutLine: {'line': b'-- Up-to-date symlink: /home/orangepi/marco_ws/install/marco_bringup/share/ament_index/resource_index/parent_prefix_path/marco_bringup\n'}
[2.899658] (marco_bringup) StdoutLine: {'line': b'-- Up-to-date symlink: /home/orangepi/marco_ws/install/marco_bringup/share/marco_bringup/environment/ament_prefix_path.sh\n'}
[2.900522] (marco_bringup) StdoutLine: {'line': b'-- Up-to-date symlink: /home/orangepi/marco_ws/install/marco_bringup/share/marco_bringup/environment/ament_prefix_path.dsv\n'}
[2.901308] (marco_bringup) StdoutLine: {'line': b'-- Up-to-date symlink: /home/orangepi/marco_ws/install/marco_bringup/share/marco_bringup/environment/path.sh\n'}
[2.902069] (marco_bringup) StdoutLine: {'line': b'-- Up-to-date symlink: /home/orangepi/marco_ws/install/marco_bringup/share/marco_bringup/environment/path.dsv\n'}
[2.902837] (marco_bringup) StdoutLine: {'line': b'-- Up-to-date symlink: /home/orangepi/marco_ws/install/marco_bringup/share/marco_bringup/local_setup.bash\n'}
[2.903802] (marco_bringup) StdoutLine: {'line': b'-- Up-to-date symlink: /home/orangepi/marco_ws/install/marco_bringup/share/marco_bringup/local_setup.sh\n'}
[2.904630] (marco_bringup) StdoutLine: {'line': b'-- Up-to-date symlink: /home/orangepi/marco_ws/install/marco_bringup/share/marco_bringup/local_setup.zsh\n'}
[2.905285] (marco_bringup) StdoutLine: {'line': b'-- Up-to-date symlink: /home/orangepi/marco_ws/install/marco_bringup/share/marco_bringup/local_setup.dsv\n'}
[2.905833] (marco_bringup) StdoutLine: {'line': b'-- Symlinking: /home/orangepi/marco_ws/install/marco_bringup/share/marco_bringup/package.dsv\n'}
[2.911082] (-) TimerEvent: {}
[2.929175] (marco_bringup) StdoutLine: {'line': b'-- Up-to-date symlink: /home/orangepi/marco_ws/install/marco_bringup/share/ament_index/resource_index/packages/marco_bringup\n'}
[2.930158] (marco_bringup) StdoutLine: {'line': b'-- Up-to-date symlink: /home/orangepi/marco_ws/install/marco_bringup/share/marco_bringup/cmake/marco_bringupConfig.cmake\n'}
[2.930595] (marco_bringup) StdoutLine: {'line': b'-- Up-to-date symlink: /home/orangepi/marco_ws/install/marco_bringup/share/marco_bringup/cmake/marco_bringupConfig-version.cmake\n'}
[2.931008] (marco_bringup) StdoutLine: {'line': b'-- Up-to-date symlink: /home/orangepi/marco_ws/install/marco_bringup/share/marco_bringup/package.xml\n'}
[2.938367] (marco_bringup) CommandEnded: {'returncode': 0}
[2.998581] (marco_bringup) JobEnded: {'identifier': 'marco_bringup', 'rc': 0}
[3.000520] (-) EventReactorShutdown: {}
