running egg_info
writing ../../build/lane_tracking/lane_tracking.egg-info/PKG-INFO
writing dependency_links to ../../build/lane_tracking/lane_tracking.egg-info/dependency_links.txt
writing entry points to ../../build/lane_tracking/lane_tracking.egg-info/entry_points.txt
writing requirements to ../../build/lane_tracking/lane_tracking.egg-info/requires.txt
writing top-level names to ../../build/lane_tracking/lane_tracking.egg-info/top_level.txt
reading manifest file '../../build/lane_tracking/lane_tracking.egg-info/SOURCES.txt'
writing manifest file '../../build/lane_tracking/lane_tracking.egg-info/SOURCES.txt'
running build
running build_py
running install
running install_lib
copying /home/orangepi/marco_ws/build/lane_tracking/build/lib/lane_tracking/tracker.py -> /home/orangepi/marco_ws/install/lane_tracking/lib/python3.10/site-packages/lane_tracking
byte-compiling /home/orangepi/marco_ws/install/lane_tracking/lib/python3.10/site-packages/lane_tracking/tracker.py to tracker.cpython-310.pyc
Sorry: IndentationError: unexpected indent (tracker.py, line 72)
running install_data
running install_egg_info
removing '/home/orangepi/marco_ws/install/lane_tracking/lib/python3.10/site-packages/lane_tracking-0.0.0-py3.10.egg-info' (and everything under it)
Copying ../../build/lane_tracking/lane_tracking.egg-info to /home/orangepi/marco_ws/install/lane_tracking/lib/python3.10/site-packages/lane_tracking-0.0.0-py3.10.egg-info
running install_scripts
Installing controller script to /home/orangepi/marco_ws/install/lane_tracking/lib/lane_tracking
Installing tracker script to /home/orangepi/marco_ws/install/lane_tracking/lib/lane_tracking
writing list of installed files to '/home/orangepi/marco_ws/build/lane_tracking/install.log'
