[0.901s] Invoking command in '/home/orangepi/marco_ws/build/marco_localization': CMAKE_PREFIX_PATH=${CMAKE_PREFIX_PATH}:/home/orangepi/marco_ws/install/marco_perception:/home/orangepi/marco_ws/install/marco_mission:/home/orangepi/marco_ws/install/marco_docking:/home/orangepi/marco_ws/install/marco_base:/opt/ros/humble /usr/bin/cmake --build /home/orangepi/marco_ws/build/marco_localization -- -j8 -l8
[1.845s] Invoked command in '/home/orangepi/marco_ws/build/marco_localization' returned '0': CMAKE_PREFIX_PATH=${CMAKE_PREFIX_PATH}:/home/orangepi/marco_ws/install/marco_perception:/home/orangepi/marco_ws/install/marco_mission:/home/orangepi/marco_ws/install/marco_docking:/home/orangepi/marco_ws/install/marco_base:/opt/ros/humble /usr/bin/cmake --build /home/orangepi/marco_ws/build/marco_localization -- -j8 -l8
[1.848s] Invoking command in '/home/orangepi/marco_ws/build/marco_localization': CMAKE_PREFIX_PATH=${CMAKE_PREFIX_PATH}:/home/orangepi/marco_ws/install/marco_perception:/home/orangepi/marco_ws/install/marco_mission:/home/orangepi/marco_ws/install/marco_docking:/home/orangepi/marco_ws/install/marco_base:/opt/ros/humble /usr/bin/cmake --install /home/orangepi/marco_ws/build/marco_localization
[1.946s] -- Install configuration: ""
[1.946s] -- Execute custom install script
[1.946s] -- Up-to-date symlink: /home/orangepi/marco_ws/install/marco_localization/share/marco_localization/config/.gitkeep
[1.946s] -- Up-to-date symlink: /home/orangepi/marco_ws/install/marco_localization/share/marco_localization/launch/.gitkeep
[1.946s] -- Up-to-date symlink: /home/orangepi/marco_ws/install/marco_localization/lib/marco_localization/odometry_check.py
[1.946s] -- Up-to-date symlink: /home/orangepi/marco_ws/install/marco_localization/share/ament_index/resource_index/package_run_dependencies/marco_localization
[1.948s] -- Up-to-date symlink: /home/orangepi/marco_ws/install/marco_localization/share/ament_index/resource_index/parent_prefix_path/marco_localization
[1.948s] -- Up-to-date symlink: /home/orangepi/marco_ws/install/marco_localization/share/marco_localization/environment/ament_prefix_path.sh
[1.948s] -- Up-to-date symlink: /home/orangepi/marco_ws/install/marco_localization/share/marco_localization/environment/ament_prefix_path.dsv
[1.948s] -- Up-to-date symlink: /home/orangepi/marco_ws/install/marco_localization/share/marco_localization/environment/path.sh
[1.948s] -- Up-to-date symlink: /home/orangepi/marco_ws/install/marco_localization/share/marco_localization/environment/path.dsv
[1.948s] -- Up-to-date symlink: /home/orangepi/marco_ws/install/marco_localization/share/marco_localization/local_setup.bash
[1.948s] -- Up-to-date symlink: /home/orangepi/marco_ws/install/marco_localization/share/marco_localization/local_setup.sh
[1.948s] -- Up-to-date symlink: /home/orangepi/marco_ws/install/marco_localization/share/marco_localization/local_setup.zsh
[1.948s] -- Up-to-date symlink: /home/orangepi/marco_ws/install/marco_localization/share/marco_localization/local_setup.dsv
[1.948s] -- Symlinking: /home/orangepi/marco_ws/install/marco_localization/share/marco_localization/package.dsv
[1.948s] -- Up-to-date symlink: /home/orangepi/marco_ws/install/marco_localization/share/ament_index/resource_index/packages/marco_localization
[1.948s] -- Up-to-date symlink: /home/orangepi/marco_ws/install/marco_localization/share/marco_localization/cmake/marco_localizationConfig.cmake
[1.948s] -- Up-to-date symlink: /home/orangepi/marco_ws/install/marco_localization/share/marco_localization/cmake/marco_localizationConfig-version.cmake
[1.949s] -- Up-to-date symlink: /home/orangepi/marco_ws/install/marco_localization/share/marco_localization/package.xml
[1.992s] Invoked command in '/home/orangepi/marco_ws/build/marco_localization' returned '0': CMAKE_PREFIX_PATH=${CMAKE_PREFIX_PATH}:/home/orangepi/marco_ws/install/marco_perception:/home/orangepi/marco_ws/install/marco_mission:/home/orangepi/marco_ws/install/marco_docking:/home/orangepi/marco_ws/install/marco_base:/opt/ros/humble /usr/bin/cmake --install /home/orangepi/marco_ws/build/marco_localization
