running egg_info
writing ../../build/marco_mission/marco_mission.egg-info/PKG-INFO
writing dependency_links to ../../build/marco_mission/marco_mission.egg-info/dependency_links.txt
writing entry points to ../../build/marco_mission/marco_mission.egg-info/entry_points.txt
writing requirements to ../../build/marco_mission/marco_mission.egg-info/requires.txt
writing top-level names to ../../build/marco_mission/marco_mission.egg-info/top_level.txt
reading manifest file '../../build/marco_mission/marco_mission.egg-info/SOURCES.txt'
adding license file 'LICENSE'
writing manifest file '../../build/marco_mission/marco_mission.egg-info/SOURCES.txt'
running build
running build_py
running install
running install_lib
running install_data
running install_egg_info
removing '/home/orangepi/marco_ws/install/marco_mission/lib/python3.10/site-packages/marco_mission-0.1.0-py3.10.egg-info' (and everything under it)
Copying ../../build/marco_mission/marco_mission.egg-info to /home/orangepi/marco_ws/install/marco_mission/lib/python3.10/site-packages/marco_mission-0.1.0-py3.10.egg-info
running install_scripts
Installing mission_manager script to /home/orangepi/marco_ws/install/marco_mission/lib/marco_mission
Installing mock_plc script to /home/orangepi/marco_ws/install/marco_mission/lib/marco_mission
writing list of installed files to '/home/orangepi/marco_ws/build/marco_mission/install.log'
