running develop
running egg_info
creating marco_base.egg-info
writing marco_base.egg-info/PKG-INFO
writing dependency_links to marco_base.egg-info/dependency_links.txt
writing entry points to marco_base.egg-info/entry_points.txt
writing requirements to marco_base.egg-info/requires.txt
writing top-level names to marco_base.egg-info/top_level.txt
writing manifest file 'marco_base.egg-info/SOURCES.txt'
reading manifest file 'marco_base.egg-info/SOURCES.txt'
writing manifest file 'marco_base.egg-info/SOURCES.txt'
running build_ext
Creating /home/orangepi/marco_ws/install/marco_base/lib/python3.10/site-packages/marco-base.egg-link (link to .)
Installing base_driver script to /home/orangepi/marco_ws/install/marco_base/lib/marco_base
Installing pwm_bridge script to /home/orangepi/marco_ws/install/marco_base/lib/marco_base

Installed /home/orangepi/marco_ws/build/marco_base
running symlink_data
creating /home/orangepi/marco_ws/install/marco_base/share/ament_index
creating /home/orangepi/marco_ws/install/marco_base/share/ament_index/resource_index
creating /home/orangepi/marco_ws/install/marco_base/share/ament_index/resource_index/packages
symbolically linking /home/orangepi/marco_ws/build/marco_base/resource/marco_base -> /home/orangepi/marco_ws/install/marco_base/share/ament_index/resource_index/packages
symbolically linking /home/orangepi/marco_ws/build/marco_base/package.xml -> /home/orangepi/marco_ws/install/marco_base/share/marco_base
creating /home/orangepi/marco_ws/install/marco_base/share/marco_base/launch
symbolically linking /home/orangepi/marco_ws/build/marco_base/launch/base_driver.launch.py -> /home/orangepi/marco_ws/install/marco_base/share/marco_base/launch
symbolically linking /home/orangepi/marco_ws/build/marco_base/launch/pwm_bridge.launch.py -> /home/orangepi/marco_ws/install/marco_base/share/marco_base/launch
creating /home/orangepi/marco_ws/install/marco_base/share/marco_base/config
symbolically linking /home/orangepi/marco_ws/build/marco_base/config/base_driver.yaml -> /home/orangepi/marco_ws/install/marco_base/share/marco_base/config
symbolically linking /home/orangepi/marco_ws/build/marco_base/config/pwm_bridge.yaml -> /home/orangepi/marco_ws/install/marco_base/share/marco_base/config
creating /home/orangepi/marco_ws/install/marco_base/share/marco_base/docs
symbolically linking /home/orangepi/marco_ws/build/marco_base/docs/STM32_UART_PROTOKOL.md -> /home/orangepi/marco_ws/install/marco_base/share/marco_base/docs
