[1.665s] Invoking command in '/home/orangepi/marco_ws/build/marco_base': PYTHONPATH=/home/orangepi/marco_ws/build/marco_base/prefix_override:/usr/lib/python3/dist-packages/colcon_core/task/python/colcon_distutils_commands:/home/orangepi/marco_ws/install/marco_base/lib/python3.10/site-packages:${PYTHONPATH} /usr/bin/python3 -W ignore:setup.py install is deprecated -W ignore:easy_install command is deprecated setup.py develop --editable --build-directory /home/orangepi/marco_ws/build/marco_base/build --no-deps symlink_data
[2.102s] running develop
[2.296s] running egg_info
[2.297s] creating marco_base.egg-info
[2.297s] writing marco_base.egg-info/PKG-INFO
[2.297s] writing dependency_links to marco_base.egg-info/dependency_links.txt
[2.298s] writing entry points to marco_base.egg-info/entry_points.txt
[2.298s] writing requirements to marco_base.egg-info/requires.txt
[2.299s] writing top-level names to marco_base.egg-info/top_level.txt
[2.299s] writing manifest file 'marco_base.egg-info/SOURCES.txt'
[2.301s] reading manifest file 'marco_base.egg-info/SOURCES.txt'
[2.303s] writing manifest file 'marco_base.egg-info/SOURCES.txt'
[2.306s] running build_ext
[2.307s] Creating /home/orangepi/marco_ws/install/marco_base/lib/python3.10/site-packages/marco-base.egg-link (link to .)
[2.308s] Installing base_driver script to /home/orangepi/marco_ws/install/marco_base/lib/marco_base
[2.309s] Installing pwm_bridge script to /home/orangepi/marco_ws/install/marco_base/lib/marco_base
[2.309s] 
[2.310s] Installed /home/orangepi/marco_ws/build/marco_base
[2.310s] running symlink_data
[2.310s] creating /home/orangepi/marco_ws/install/marco_base/share/ament_index
[2.311s] creating /home/orangepi/marco_ws/install/marco_base/share/ament_index/resource_index
[2.311s] creating /home/orangepi/marco_ws/install/marco_base/share/ament_index/resource_index/packages
[2.311s] symbolically linking /home/orangepi/marco_ws/build/marco_base/resource/marco_base -> /home/orangepi/marco_ws/install/marco_base/share/ament_index/resource_index/packages
[2.312s] symbolically linking /home/orangepi/marco_ws/build/marco_base/package.xml -> /home/orangepi/marco_ws/install/marco_base/share/marco_base
[2.312s] creating /home/orangepi/marco_ws/install/marco_base/share/marco_base/launch
[2.313s] symbolically linking /home/orangepi/marco_ws/build/marco_base/launch/base_driver.launch.py -> /home/orangepi/marco_ws/install/marco_base/share/marco_base/launch
[2.313s] symbolically linking /home/orangepi/marco_ws/build/marco_base/launch/pwm_bridge.launch.py -> /home/orangepi/marco_ws/install/marco_base/share/marco_base/launch
[2.313s] creating /home/orangepi/marco_ws/install/marco_base/share/marco_base/config
[2.314s] symbolically linking /home/orangepi/marco_ws/build/marco_base/config/base_driver.yaml -> /home/orangepi/marco_ws/install/marco_base/share/marco_base/config
[2.314s] symbolically linking /home/orangepi/marco_ws/build/marco_base/config/pwm_bridge.yaml -> /home/orangepi/marco_ws/install/marco_base/share/marco_base/config
[2.315s] creating /home/orangepi/marco_ws/install/marco_base/share/marco_base/docs
[2.315s] symbolically linking /home/orangepi/marco_ws/build/marco_base/docs/STM32_UART_PROTOKOL.md -> /home/orangepi/marco_ws/install/marco_base/share/marco_base/docs
[2.441s] Invoked command in '/home/orangepi/marco_ws/build/marco_base' returned '0': PYTHONPATH=/home/orangepi/marco_ws/build/marco_base/prefix_override:/usr/lib/python3/dist-packages/colcon_core/task/python/colcon_distutils_commands:/home/orangepi/marco_ws/install/marco_base/lib/python3.10/site-packages:${PYTHONPATH} /usr/bin/python3 -W ignore:setup.py install is deprecated -W ignore:easy_install command is deprecated setup.py develop --editable --build-directory /home/orangepi/marco_ws/build/marco_base/build --no-deps symlink_data
