[1.622s] Invoking command in '/home/orangepi/marco_ws/build/marco_base': PYTHONPATH=/home/orangepi/marco_ws/build/marco_base/prefix_override:/usr/lib/python3/dist-packages/colcon_core/task/python/colcon_distutils_commands:/home/orangepi/marco_ws/install/marco_base/lib/python3.10/site-packages:${PYTHONPATH} /usr/bin/python3 -W ignore:setup.py install is deprecated -W ignore:easy_install command is deprecated setup.py develop --editable --build-directory /home/orangepi/marco_ws/build/marco_base/build --no-deps symlink_data --force
[2.027s] running develop
[2.212s] running egg_info
[2.212s] writing marco_base.egg-info/PKG-INFO
[2.212s] writing dependency_links to marco_base.egg-info/dependency_links.txt
[2.214s] writing entry points to marco_base.egg-info/entry_points.txt
[2.215s] writing requirements to marco_base.egg-info/requires.txt
[2.215s] writing top-level names to marco_base.egg-info/top_level.txt
[2.222s] reading manifest file 'marco_base.egg-info/SOURCES.txt'
[2.223s] writing manifest file 'marco_base.egg-info/SOURCES.txt'
[2.228s] running build_ext
[2.228s] Creating /home/orangepi/marco_ws/install/marco_base/lib/python3.10/site-packages/marco-base.egg-link (link to .)
[2.231s] Installing base_driver script to /home/orangepi/marco_ws/install/marco_base/lib/marco_base
[2.231s] Installing pwm_bridge script to /home/orangepi/marco_ws/install/marco_base/lib/marco_base
[2.232s] 
[2.233s] Installed /home/orangepi/marco_ws/build/marco_base
[2.233s] running symlink_data
[2.233s] symbolically linking /home/orangepi/marco_ws/build/marco_base/resource/marco_base -> /home/orangepi/marco_ws/install/marco_base/share/ament_index/resource_index/packages
[2.234s] symbolically linking /home/orangepi/marco_ws/build/marco_base/package.xml -> /home/orangepi/marco_ws/install/marco_base/share/marco_base
[2.234s] symbolically linking /home/orangepi/marco_ws/build/marco_base/launch/base_driver.launch.py -> /home/orangepi/marco_ws/install/marco_base/share/marco_base/launch
[2.235s] error: [Errno 2] No such file or directory: '/home/orangepi/marco_ws/install/marco_base/share/marco_base/launch/pwm_bridge.launch.py'
[2.380s] Invoked command in '/home/orangepi/marco_ws/build/marco_base' returned '1': PYTHONPATH=/home/orangepi/marco_ws/build/marco_base/prefix_override:/usr/lib/python3/dist-packages/colcon_core/task/python/colcon_distutils_commands:/home/orangepi/marco_ws/install/marco_base/lib/python3.10/site-packages:${PYTHONPATH} /usr/bin/python3 -W ignore:setup.py install is deprecated -W ignore:easy_install command is deprecated setup.py develop --editable --build-directory /home/orangepi/marco_ws/build/marco_base/build --no-deps symlink_data --force
