[1.481s] Invoking command in '/home/orangepi/marco_ws/build/marco_base': PYTHONPATH=/home/orangepi/marco_ws/build/marco_base/prefix_override:/usr/lib/python3/dist-packages/colcon_core/task/python/colcon_distutils_commands:/home/orangepi/marco_ws/install/marco_base/lib/python3.10/site-packages:${PYTHONPATH} /usr/bin/python3 -W ignore:setup.py install is deprecated -W ignore:easy_install command is deprecated setup.py develop --editable --build-directory /home/orangepi/marco_ws/build/marco_base/build --no-deps symlink_data
[1.833s] running develop
[2.023s] running egg_info
[2.024s] writing marco_base.egg-info/PKG-INFO
[2.025s] writing dependency_links to marco_base.egg-info/dependency_links.txt
[2.025s] writing entry points to marco_base.egg-info/entry_points.txt
[2.025s] writing requirements to marco_base.egg-info/requires.txt
[2.028s] writing top-level names to marco_base.egg-info/top_level.txt
[2.034s] reading manifest file 'marco_base.egg-info/SOURCES.txt'
[2.035s] writing manifest file 'marco_base.egg-info/SOURCES.txt'
[2.039s] running build_ext
[2.039s] Creating /home/orangepi/marco_ws/install/marco_base/lib/python3.10/site-packages/marco-base.egg-link (link to .)
[2.041s] Installing base_driver script to /home/orangepi/marco_ws/install/marco_base/lib/marco_base
[2.041s] 
[2.042s] Installed /home/orangepi/marco_ws/build/marco_base
[2.042s] running symlink_data
[2.042s] creating /home/orangepi/marco_ws/install/marco_base/share/marco_base/launch
[2.042s] creating /home/orangepi/marco_ws/install/marco_base/share/marco_base/config
[2.042s] creating /home/orangepi/marco_ws/install/marco_base/share/marco_base/docs
[2.042s] symbolically linking /home/orangepi/marco_ws/build/marco_base/docs/STM32_UART_PROTOKOL.md -> /home/orangepi/marco_ws/install/marco_base/share/marco_base/docs
[2.160s] Invoked command in '/home/orangepi/marco_ws/build/marco_base' returned '0': PYTHONPATH=/home/orangepi/marco_ws/build/marco_base/prefix_override:/usr/lib/python3/dist-packages/colcon_core/task/python/colcon_distutils_commands:/home/orangepi/marco_ws/install/marco_base/lib/python3.10/site-packages:${PYTHONPATH} /usr/bin/python3 -W ignore:setup.py install is deprecated -W ignore:easy_install command is deprecated setup.py develop --editable --build-directory /home/orangepi/marco_ws/build/marco_base/build --no-deps symlink_data
