[0.020s] Invoking command in '/home/orangepi/marco_ws/build/marco_bringup': AMENT_PREFIX_PATH=/home/orangepi/marco_ws/install/marco_description:/home/orangepi/marco_ws/install/marco_base:${AMENT_PREFIX_PATH} CMAKE_PREFIX_PATH=/home/orangepi/marco_ws/install/marco_description:/home/orangepi/ydlidar_ros2_ws/install/ydlidar_ros2_driver:/opt/ros/humble PYTHONPATH=/home/orangepi/marco_ws/build/marco_base:/home/orangepi/marco_ws/install/marco_base/lib/python3.10/site-packages:${PYTHONPATH} /usr/bin/cmake --build /home/orangepi/marco_ws/build/marco_bringup -- -j8 -l8
[0.128s] Invoked command in '/home/orangepi/marco_ws/build/marco_bringup' returned '0': AMENT_PREFIX_PATH=/home/orangepi/marco_ws/install/marco_description:/home/orangepi/marco_ws/install/marco_base:${AMENT_PREFIX_PATH} CMAKE_PREFIX_PATH=/home/orangepi/marco_ws/install/marco_description:/home/orangepi/ydlidar_ros2_ws/install/ydlidar_ros2_driver:/opt/ros/humble PYTHONPATH=/home/orangepi/marco_ws/build/marco_base:/home/orangepi/marco_ws/install/marco_base/lib/python3.10/site-packages:${PYTHONPATH} /usr/bin/cmake --build /home/orangepi/marco_ws/build/marco_bringup -- -j8 -l8
[0.134s] Invoking command in '/home/orangepi/marco_ws/build/marco_bringup': AMENT_PREFIX_PATH=/home/orangepi/marco_ws/install/marco_description:/home/orangepi/marco_ws/install/marco_base:${AMENT_PREFIX_PATH} CMAKE_PREFIX_PATH=/home/orangepi/marco_ws/install/marco_description:/home/orangepi/ydlidar_ros2_ws/install/ydlidar_ros2_driver:/opt/ros/humble PYTHONPATH=/home/orangepi/marco_ws/build/marco_base:/home/orangepi/marco_ws/install/marco_base/lib/python3.10/site-packages:${PYTHONPATH} /usr/bin/cmake --install /home/orangepi/marco_ws/build/marco_bringup
[0.147s] -- Install configuration: ""
[0.148s] -- Execute custom install script
[0.149s] -- Up-to-date symlink: /home/orangepi/marco_ws/install/marco_bringup/share/marco_bringup/launch/.gitkeep
[0.150s] -- Up-to-date symlink: /home/orangepi/marco_ws/install/marco_bringup/share/marco_bringup/launch/robot.launch.py
[0.151s] -- Up-to-date symlink: /home/orangepi/marco_ws/install/marco_bringup/share/marco_bringup/config/.gitkeep
[0.151s] -- Up-to-date symlink: /home/orangepi/marco_ws/install/marco_bringup/share/marco_bringup/config/robot.rviz
[0.152s] -- Up-to-date symlink: /home/orangepi/marco_ws/install/marco_bringup/share/ament_index/resource_index/package_run_dependencies/marco_bringup
[0.152s] -- Up-to-date symlink: /home/orangepi/marco_ws/install/marco_bringup/share/ament_index/resource_index/parent_prefix_path/marco_bringup
[0.153s] -- Up-to-date symlink: /home/orangepi/marco_ws/install/marco_bringup/share/marco_bringup/environment/ament_prefix_path.sh
[0.153s] -- Up-to-date symlink: /home/orangepi/marco_ws/install/marco_bringup/share/marco_bringup/environment/ament_prefix_path.dsv
[0.153s] -- Up-to-date symlink: /home/orangepi/marco_ws/install/marco_bringup/share/marco_bringup/environment/path.sh
[0.154s] -- Up-to-date symlink: /home/orangepi/marco_ws/install/marco_bringup/share/marco_bringup/environment/path.dsv
[0.154s] -- Up-to-date symlink: /home/orangepi/marco_ws/install/marco_bringup/share/marco_bringup/local_setup.bash
[0.155s] -- Up-to-date symlink: /home/orangepi/marco_ws/install/marco_bringup/share/marco_bringup/local_setup.sh
[0.155s] -- Up-to-date symlink: /home/orangepi/marco_ws/install/marco_bringup/share/marco_bringup/local_setup.zsh
[0.156s] -- Up-to-date symlink: /home/orangepi/marco_ws/install/marco_bringup/share/marco_bringup/local_setup.dsv
[0.156s] -- Symlinking: /home/orangepi/marco_ws/install/marco_bringup/share/marco_bringup/package.dsv
[0.183s] -- Up-to-date symlink: /home/orangepi/marco_ws/install/marco_bringup/share/ament_index/resource_index/packages/marco_bringup
[0.184s] -- Up-to-date symlink: /home/orangepi/marco_ws/install/marco_bringup/share/marco_bringup/cmake/marco_bringupConfig.cmake
[0.184s] -- Up-to-date symlink: /home/orangepi/marco_ws/install/marco_bringup/share/marco_bringup/cmake/marco_bringupConfig-version.cmake
[0.185s] -- Up-to-date symlink: /home/orangepi/marco_ws/install/marco_bringup/share/marco_bringup/package.xml
[0.189s] Invoked command in '/home/orangepi/marco_ws/build/marco_bringup' returned '0': AMENT_PREFIX_PATH=/home/orangepi/marco_ws/install/marco_description:/home/orangepi/marco_ws/install/marco_base:${AMENT_PREFIX_PATH} CMAKE_PREFIX_PATH=/home/orangepi/marco_ws/install/marco_description:/home/orangepi/ydlidar_ros2_ws/install/ydlidar_ros2_driver:/opt/ros/humble PYTHONPATH=/home/orangepi/marco_ws/build/marco_base:/home/orangepi/marco_ws/install/marco_base/lib/python3.10/site-packages:${PYTHONPATH} /usr/bin/cmake --install /home/orangepi/marco_ws/build/marco_bringup
