[2.877s] Invoking command in '/home/orangepi/marco_ws/src/lane_tracking': PYTHONPATH=/home/orangepi/marco_ws/build/lane_tracking/prefix_override:/usr/lib/python3/dist-packages/colcon_core/task/python/colcon_distutils_commands:/home/orangepi/marco_ws/install/lane_tracking/lib/python3.10/site-packages:${PYTHONPATH} /usr/bin/python3 -W ignore:setup.py install is deprecated -W ignore:easy_install command is deprecated setup.py egg_info --egg-base ../../build/lane_tracking build --build-base /home/orangepi/marco_ws/build/lane_tracking/build install --record /home/orangepi/marco_ws/build/lane_tracking/install.log --install-scripts $base/lib/lane_tracking --single-version-externally-managed install_data
[3.209s] running egg_info
[3.211s] writing ../../build/lane_tracking/lane_tracking.egg-info/PKG-INFO
[3.211s] writing dependency_links to ../../build/lane_tracking/lane_tracking.egg-info/dependency_links.txt
[3.212s] writing entry points to ../../build/lane_tracking/lane_tracking.egg-info/entry_points.txt
[3.213s] writing requirements to ../../build/lane_tracking/lane_tracking.egg-info/requires.txt
[3.214s] writing top-level names to ../../build/lane_tracking/lane_tracking.egg-info/top_level.txt
[3.223s] reading manifest file '../../build/lane_tracking/lane_tracking.egg-info/SOURCES.txt'
[3.228s] writing manifest file '../../build/lane_tracking/lane_tracking.egg-info/SOURCES.txt'
[3.228s] running build
[3.229s] running build_py
[3.231s] running install
[3.233s] running install_lib
[3.236s] copying /home/orangepi/marco_ws/build/lane_tracking/build/lib/lane_tracking/tracker.py -> /home/orangepi/marco_ws/install/lane_tracking/lib/python3.10/site-packages/lane_tracking
[3.239s] byte-compiling /home/orangepi/marco_ws/install/lane_tracking/lib/python3.10/site-packages/lane_tracking/tracker.py to tracker.cpython-310.pyc
[3.248s] running install_data
[3.249s] running install_egg_info
[3.259s] removing '/home/orangepi/marco_ws/install/lane_tracking/lib/python3.10/site-packages/lane_tracking-0.0.0-py3.10.egg-info' (and everything under it)
[3.260s] Copying ../../build/lane_tracking/lane_tracking.egg-info to /home/orangepi/marco_ws/install/lane_tracking/lib/python3.10/site-packages/lane_tracking-0.0.0-py3.10.egg-info
[3.264s] running install_scripts
[3.323s] Installing controller script to /home/orangepi/marco_ws/install/lane_tracking/lib/lane_tracking
[3.326s] Installing tracker script to /home/orangepi/marco_ws/install/lane_tracking/lib/lane_tracking
[3.327s] writing list of installed files to '/home/orangepi/marco_ws/build/lane_tracking/install.log'
[3.397s] Invoked command in '/home/orangepi/marco_ws/src/lane_tracking' returned '0': PYTHONPATH=/home/orangepi/marco_ws/build/lane_tracking/prefix_override:/usr/lib/python3/dist-packages/colcon_core/task/python/colcon_distutils_commands:/home/orangepi/marco_ws/install/lane_tracking/lib/python3.10/site-packages:${PYTHONPATH} /usr/bin/python3 -W ignore:setup.py install is deprecated -W ignore:easy_install command is deprecated setup.py egg_info --egg-base ../../build/lane_tracking build --build-base /home/orangepi/marco_ws/build/lane_tracking/build install --record /home/orangepi/marco_ws/build/lane_tracking/install.log --install-scripts $base/lib/lane_tracking --single-version-externally-managed install_data
