[0.000000] (-) TimerEvent: {}
[0.000189] (-) JobUnselected: {'identifier': 'lane_tracking'}
[0.000231] (-) JobUnselected: {'identifier': 'marco_base'}
[0.000253] (-) JobUnselected: {'identifier': 'marco_bringup'}
[0.000274] (-) JobUnselected: {'identifier': 'marco_description'}
[0.000293] (-) JobUnselected: {'identifier': 'marco_docking'}
[0.000313] (-) JobUnselected: {'identifier': 'marco_mission'}
[0.000332] (-) JobUnselected: {'identifier': 'marco_msgs'}
[0.000350] (-) JobUnselected: {'identifier': 'marco_navigation'}
[0.000368] (-) JobUnselected: {'identifier': 'marco_perception'}
[0.000387] (-) JobUnselected: {'identifier': 'marco_safety'}
[0.000405] (-) JobUnselected: {'identifier': 'marco_simulation'}
[0.000428] (marco_localization) JobQueued: {'identifier': 'marco_localization', 'dependencies': OrderedDict([('marco_base', '/home/orangepi/marco_ws/install/marco_base'), ('marco_description', '/home/orangepi/marco_ws/install/marco_description'), ('marco_navigation', '/home/orangepi/marco_ws/install/marco_navigation'), ('marco_bringup', '/home/orangepi/marco_ws/install/marco_bringup')])}
[0.002117] (marco_localization) JobStarted: {'identifier': 'marco_localization'}
[0.038163] (marco_localization) JobProgress: {'identifier': 'marco_localization', 'progress': 'cmake'}
[0.040073] (marco_localization) JobProgress: {'identifier': 'marco_localization', 'progress': 'build'}
[0.042675] (marco_localization) Command: {'cmd': ['/usr/bin/cmake', '--build', '/home/orangepi/marco_ws/build/marco_localization', '--', '-j8', '-l8'], 'cwd': '/home/orangepi/marco_ws/build/marco_localization', 'env': OrderedDict([('LESSOPEN', '| /usr/bin/lesspipe %s'), ('VSCODE_CWD', '/home/orangepi'), ('UMS_MOUNTPOINT', '/mnt/ums'), ('VSCODE_ESM_ENTRYPOINT', 'vs/workbench/api/node/extensionHostProcess'), ('GST_V4L2_PREFERRED_FOURCC', 'NV12:YU12:NV16:YUY2'), ('LANGUAGE', 'en_US.UTF-8'), ('USER', 'orangepi'), ('SSH_CLIENT', '192.168.186.243 52154 22'), ('VSCODE_NLS_CONFIG', '{"userLocale":"en","osLocale":"en","resolvedLanguage":"en","defaultMessagesFile":"/home/orangepi/.cursor-server/bin/linux-arm64/55434bd8062ece6fee083b82beed2aee42d253f0/out/nls.messages.json","locale":"en","availableLanguages":{}}'), ('VSCODE_HANDLES_UNCAUGHT_ERRORS', 'true'), ('XDG_SESSION_TYPE', 'tty'), ('CURSOR_RIPGREP_PATH', '/home/orangepi/.cursor-server/bin/linux-arm64/55434bd8062ece6fee083b82beed2aee42d253f0/node_modules/@vscode/ripgrep/bin/rg'), ('SHLVL', '0'), ('USB_FUNCS', 'adb'), ('LD_LIBRARY_PATH', '/home/orangepi/marco_ws/install/marco_msgs/lib:/opt/ros/humble/opt/rviz_ogre_vendor/lib:/opt/ros/humble/lib/aarch64-linux-gnu:/opt/ros/humble/lib'), ('BROWSER', '/home/orangepi/.cursor-server/bin/linux-arm64/55434bd8062ece6fee083b82beed2aee42d253f0/bin/helpers/browser.sh'), ('MOTD_SHOWN', 'pam'), ('HOME', '/home/orangepi'), ('OLDPWD', '/home/orangepi/marco_ws'), ('VSCODE_IPC_HOOK_CLI', '/run/user/1000/vscode-ipc-417b79d3-8f84-4f3a-928e-4c355245b8ab.sock'), ('GST_INSPECT_NO_COLORS', '1'), ('GST_MPP_NO_RGA', '1'), ('ROS_PYTHON_VERSION', '3'), ('COGL_DRIVER', 'gles2'), ('NO_COLOR', '1'), ('DBUS_SESSION_BUS_ADDRESS', 'unix:path=/run/user/1000/bus'), ('VSCODE_L10N_BUNDLE_LOCATION', ''), ('COLCON_PREFIX_PATH', '/home/orangepi/marco_ws/install:/home/orangepi/ydlidar_ros2_ws/install'), ('GST_V4L2SRC_MAX_RESOLUTION', '3840x2160'), ('ROS_DISTRO', 'humble'), ('OVSX_REGISTRY_URL', 'https://open-vsx.org'), ('LOGNAME', 'orangepi'), ('FORCE_COLOR', '0'), ('VSCODE_HANDLES_SIGPIPE', 'true'), ('_', '/usr/bin/colcon'), ('ROS_VERSION', '2'), ('CURSOR_LAYOUT', 'unifiedAgent'), ('XDG_SESSION_CLASS', 'user'), ('TERM', 'dumb'), ('GST_GL_API', 'gles2'), ('XDG_SESSION_ID', '5'), ('GST_VIDEO_CONVERT_PREFERRED_FORMAT', 'NV12:NV16:I420:YUY2'), ('GST_V4L2SRC_RK_DEVICES', '_mainpath:_selfpath:_bypass:_scale'), ('ROS_LOCALHOST_ONLY', '0'), ('PATH', '/home/orangepi/.cursor-server/bin/linux-arm64/55434bd8062ece6fee083b82beed2aee42d253f0/node_modules/@vscode/ripgrep/bin:/home/orangepi/.cursor-server/bin/linux-arm64/55434bd8062ece6fee083b82beed2aee42d253f0/bin/remote-cli:/opt/ros/humble/bin:/home/orangepi/.cursor-server/bin/linux-arm64/55434bd8062ece6fee083b82beed2aee42d253f0/bin/remote-cli:/usr/local/sbin:/usr/local/bin:/usr/sbin:/usr/bin:/sbin:/bin:/usr/games:/usr/local/games:/snap/bin'), ('VSCODE_AGENT_FOLDER', '/home/orangepi/.cursor-server'), ('XDG_RUNTIME_DIR', '/run/user/1000'), ('AGENT_TRANSCRIPTS', '/home/orangepi/.cursor/projects/home-orangepi/agent-transcripts'), ('GST_GL_PLATFORM', 'egl'), ('GST_DEBUG_NO_COLOR', '1'), ('GST_V4L2SRC_DEFAULT_DEVICE', '/dev/video-camera0'), ('CURSOR_AGENT', '1'), ('DISPLAY', ':0'), ('LANG', 'en_US.UTF-8'), ('LS_COLORS', ''), ('GST_V4L2_USE_LIBV4L2', '1'), ('UMS_SIZE', '256M'), ('AMENT_PREFIX_PATH', '/home/orangepi/marco_ws/install/marco_base:/home/orangepi/marco_ws/install/lane_tracking:/home/orangepi/marco_ws/install/marco_simulation:/home/orangepi/marco_ws/install/marco_safety:/home/orangepi/marco_ws/install/marco_perception:/home/orangepi/marco_ws/install/marco_navigation:/home/orangepi/marco_ws/install/marco_msgs:/home/orangepi/marco_ws/install/marco_mission:/home/orangepi/marco_ws/install/marco_localization:/home/orangepi/marco_ws/install/marco_docking:/home/orangepi/marco_ws/install/marco_bringup:/home/orangepi/marco_ws/install/marco_description:/home/orangepi/ydlidar_ros2_ws/install/ydlidar_ros2_driver:/opt/ros/humble'), ('LC_MESSAGES', 'en_US.UTF-8'), ('SHELL', '/bin/bash'), ('VSCODE_SERVER_SHUTDOWN_TIMEOUT', '300'), ('UMS_RO', '0'), ('LESSCLOSE', '/usr/bin/lesspipe %s %s'), ('UMS_FSTYPE', 'vfat'), ('PWD', '/home/orangepi/marco_ws/build/marco_localization'), ('LC_ALL', 'en_US.UTF-8'), ('SSH_CONNECTION', '192.168.186.243 52154 192.168.186.116 22'), ('CURSOR_CONVERSATION_ID', '1ca3b929-f989-4c58-9e95-8b5ab2ce584e'), ('PYTHONPATH', '/home/orangepi/marco_ws/build/marco_base:/home/orangepi/marco_ws/install/marco_base/lib/python3.10/site-packages:/home/orangepi/marco_ws/install/lane_tracking/lib/python3.10/site-packages:/home/orangepi/marco_ws/build/marco_perception:/home/orangepi/marco_ws/install/marco_perception/lib/python3.10/site-packages:/home/orangepi/marco_ws/install/marco_msgs/local/lib/python3.10/dist-packages:/home/orangepi/marco_ws/build/marco_mission:/home/orangepi/marco_ws/install/marco_mission/lib/python3.10/site-packages:/home/orangepi/marco_ws/build/marco_docking:/home/orangepi/marco_ws/install/marco_docking/lib/python3.10/site-packages:/opt/ros/humble/lib/python3.10/site-packages:/opt/ros/humble/local/lib/python3.10/dist-packages'), ('UMS_MOUNT', '0'), ('COLCON', '1'), ('__CURSOR_SANDBOX_ENV_RESTORE', "builtin unset CURSOR_CONVERSATION_ID CURSOR_AGENT_STORE_FILES_DIR CURSOR_AGENT_STORE_SHARED_PATHS 2>/dev/null || true; builtin export CURSOR_CONVERSATION_ID='1ca3b929-f989-4c58-9e95-8b5ab2ce584e'"), ('_ZO_DOCTOR', '0'), ('CMAKE_PREFIX_PATH', '/home/orangepi/marco_ws/install/marco_bringup:/home/orangepi/marco_ws/install/marco_navigation:/home/orangepi/marco_ws/install/marco_description:/home/orangepi/marco_ws/install/marco_simulation:/home/orangepi/marco_ws/install/marco_safety:/home/orangepi/marco_ws/install/marco_msgs:/home/orangepi/marco_ws/install/marco_localization:/home/orangepi/ydlidar_ros2_ws/install/ydlidar_ros2_driver:/home/orangepi/marco_ws/install/lane_tracking:/home/orangepi/marco_ws/install/marco_perception:/home/orangepi/marco_ws/install/marco_mission:/home/orangepi/marco_ws/install/marco_docking:/home/orangepi/marco_ws/install/marco_base:/opt/ros/humble'), ('UMS_FILE', '/userdata/ums_shared.img')]), 'shell': False}
[0.064075] (-) TimerEvent: {}
[0.108699] (marco_localization) StdoutLine: {'line': b'-- Found ament_cmake: 1.3.14 (/opt/ros/humble/share/ament_cmake/cmake)\n'}
[0.164237] (-) TimerEvent: {}
[0.264668] (-) TimerEvent: {}
[0.365113] (-) TimerEvent: {}
[0.381218] (marco_localization) StdoutLine: {'line': b'-- Override CMake install command with custom implementation using symlinks instead of copying resources\n'}
[0.465264] (-) TimerEvent: {}
[0.527718] (marco_localization) StdoutLine: {'line': b'-- Configuring done\n'}
[0.535464] (marco_localization) StdoutLine: {'line': b'-- Generating done\n'}
[0.543320] (marco_localization) StdoutLine: {'line': b'-- Build files have been written to: /home/orangepi/marco_ws/build/marco_localization\n'}
[0.565378] (-) TimerEvent: {}
[0.606189] (marco_localization) CommandEnded: {'returncode': 0}
[0.609097] (marco_localization) JobProgress: {'identifier': 'marco_localization', 'progress': 'install'}
[0.625928] (marco_localization) Command: {'cmd': ['/usr/bin/cmake', '--install', '/home/orangepi/marco_ws/build/marco_localization'], 'cwd': '/home/orangepi/marco_ws/build/marco_localization', 'env': OrderedDict([('LESSOPEN', '| /usr/bin/lesspipe %s'), ('VSCODE_CWD', '/home/orangepi'), ('UMS_MOUNTPOINT', '/mnt/ums'), ('VSCODE_ESM_ENTRYPOINT', 'vs/workbench/api/node/extensionHostProcess'), ('GST_V4L2_PREFERRED_FOURCC', 'NV12:YU12:NV16:YUY2'), ('LANGUAGE', 'en_US.UTF-8'), ('USER', 'orangepi'), ('SSH_CLIENT', '192.168.186.243 52154 22'), ('VSCODE_NLS_CONFIG', '{"userLocale":"en","osLocale":"en","resolvedLanguage":"en","defaultMessagesFile":"/home/orangepi/.cursor-server/bin/linux-arm64/55434bd8062ece6fee083b82beed2aee42d253f0/out/nls.messages.json","locale":"en","availableLanguages":{}}'), ('VSCODE_HANDLES_UNCAUGHT_ERRORS', 'true'), ('XDG_SESSION_TYPE', 'tty'), ('CURSOR_RIPGREP_PATH', '/home/orangepi/.cursor-server/bin/linux-arm64/55434bd8062ece6fee083b82beed2aee42d253f0/node_modules/@vscode/ripgrep/bin/rg'), ('SHLVL', '0'), ('USB_FUNCS', 'adb'), ('LD_LIBRARY_PATH', '/home/orangepi/marco_ws/install/marco_msgs/lib:/opt/ros/humble/opt/rviz_ogre_vendor/lib:/opt/ros/humble/lib/aarch64-linux-gnu:/opt/ros/humble/lib'), ('BROWSER', '/home/orangepi/.cursor-server/bin/linux-arm64/55434bd8062ece6fee083b82beed2aee42d253f0/bin/helpers/browser.sh'), ('MOTD_SHOWN', 'pam'), ('HOME', '/home/orangepi'), ('OLDPWD', '/home/orangepi/marco_ws'), ('VSCODE_IPC_HOOK_CLI', '/run/user/1000/vscode-ipc-417b79d3-8f84-4f3a-928e-4c355245b8ab.sock'), ('GST_INSPECT_NO_COLORS', '1'), ('GST_MPP_NO_RGA', '1'), ('ROS_PYTHON_VERSION', '3'), ('COGL_DRIVER', 'gles2'), ('NO_COLOR', '1'), ('DBUS_SESSION_BUS_ADDRESS', 'unix:path=/run/user/1000/bus'), ('VSCODE_L10N_BUNDLE_LOCATION', ''), ('COLCON_PREFIX_PATH', '/home/orangepi/marco_ws/install:/home/orangepi/ydlidar_ros2_ws/install'), ('GST_V4L2SRC_MAX_RESOLUTION', '3840x2160'), ('ROS_DISTRO', 'humble'), ('OVSX_REGISTRY_URL', 'https://open-vsx.org'), ('LOGNAME', 'orangepi'), ('FORCE_COLOR', '0'), ('VSCODE_HANDLES_SIGPIPE', 'true'), ('_', '/usr/bin/colcon'), ('ROS_VERSION', '2'), ('CURSOR_LAYOUT', 'unifiedAgent'), ('XDG_SESSION_CLASS', 'user'), ('TERM', 'dumb'), ('GST_GL_API', 'gles2'), ('XDG_SESSION_ID', '5'), ('GST_VIDEO_CONVERT_PREFERRED_FORMAT', 'NV12:NV16:I420:YUY2'), ('GST_V4L2SRC_RK_DEVICES', '_mainpath:_selfpath:_bypass:_scale'), ('ROS_LOCALHOST_ONLY', '0'), ('PATH', '/home/orangepi/.cursor-server/bin/linux-arm64/55434bd8062ece6fee083b82beed2aee42d253f0/node_modules/@vscode/ripgrep/bin:/home/orangepi/.cursor-server/bin/linux-arm64/55434bd8062ece6fee083b82beed2aee42d253f0/bin/remote-cli:/opt/ros/humble/bin:/home/orangepi/.cursor-server/bin/linux-arm64/55434bd8062ece6fee083b82beed2aee42d253f0/bin/remote-cli:/usr/local/sbin:/usr/local/bin:/usr/sbin:/usr/bin:/sbin:/bin:/usr/games:/usr/local/games:/snap/bin'), ('VSCODE_AGENT_FOLDER', '/home/orangepi/.cursor-server'), ('XDG_RUNTIME_DIR', '/run/user/1000'), ('AGENT_TRANSCRIPTS', '/home/orangepi/.cursor/projects/home-orangepi/agent-transcripts'), ('GST_GL_PLATFORM', 'egl'), ('GST_DEBUG_NO_COLOR', '1'), ('GST_V4L2SRC_DEFAULT_DEVICE', '/dev/video-camera0'), ('CURSOR_AGENT', '1'), ('DISPLAY', ':0'), ('LANG', 'en_US.UTF-8'), ('LS_COLORS', ''), ('GST_V4L2_USE_LIBV4L2', '1'), ('UMS_SIZE', '256M'), ('AMENT_PREFIX_PATH', '/home/orangepi/marco_ws/install/marco_base:/home/orangepi/marco_ws/install/lane_tracking:/home/orangepi/marco_ws/install/marco_simulation:/home/orangepi/marco_ws/install/marco_safety:/home/orangepi/marco_ws/install/marco_perception:/home/orangepi/marco_ws/install/marco_navigation:/home/orangepi/marco_ws/install/marco_msgs:/home/orangepi/marco_ws/install/marco_mission:/home/orangepi/marco_ws/install/marco_localization:/home/orangepi/marco_ws/install/marco_docking:/home/orangepi/marco_ws/install/marco_bringup:/home/orangepi/marco_ws/install/marco_description:/home/orangepi/ydlidar_ros2_ws/install/ydlidar_ros2_driver:/opt/ros/humble'), ('LC_MESSAGES', 'en_US.UTF-8'), ('SHELL', '/bin/bash'), ('VSCODE_SERVER_SHUTDOWN_TIMEOUT', '300'), ('UMS_RO', '0'), ('LESSCLOSE', '/usr/bin/lesspipe %s %s'), ('UMS_FSTYPE', 'vfat'), ('PWD', '/home/orangepi/marco_ws/build/marco_localization'), ('LC_ALL', 'en_US.UTF-8'), ('SSH_CONNECTION', '192.168.186.243 52154 192.168.186.116 22'), ('CURSOR_CONVERSATION_ID', '1ca3b929-f989-4c58-9e95-8b5ab2ce584e'), ('PYTHONPATH', '/home/orangepi/marco_ws/build/marco_base:/home/orangepi/marco_ws/install/marco_base/lib/python3.10/site-packages:/home/orangepi/marco_ws/install/lane_tracking/lib/python3.10/site-packages:/home/orangepi/marco_ws/build/marco_perception:/home/orangepi/marco_ws/install/marco_perception/lib/python3.10/site-packages:/home/orangepi/marco_ws/install/marco_msgs/local/lib/python3.10/dist-packages:/home/orangepi/marco_ws/build/marco_mission:/home/orangepi/marco_ws/install/marco_mission/lib/python3.10/site-packages:/home/orangepi/marco_ws/build/marco_docking:/home/orangepi/marco_ws/install/marco_docking/lib/python3.10/site-packages:/opt/ros/humble/lib/python3.10/site-packages:/opt/ros/humble/local/lib/python3.10/dist-packages'), ('UMS_MOUNT', '0'), ('COLCON', '1'), ('__CURSOR_SANDBOX_ENV_RESTORE', "builtin unset CURSOR_CONVERSATION_ID CURSOR_AGENT_STORE_FILES_DIR CURSOR_AGENT_STORE_SHARED_PATHS 2>/dev/null || true; builtin export CURSOR_CONVERSATION_ID='1ca3b929-f989-4c58-9e95-8b5ab2ce584e'"), ('_ZO_DOCTOR', '0'), ('CMAKE_PREFIX_PATH', '/home/orangepi/marco_ws/install/marco_bringup:/home/orangepi/marco_ws/install/marco_navigation:/home/orangepi/marco_ws/install/marco_description:/home/orangepi/marco_ws/install/marco_simulation:/home/orangepi/marco_ws/install/marco_safety:/home/orangepi/marco_ws/install/marco_msgs:/home/orangepi/marco_ws/install/marco_localization:/home/orangepi/ydlidar_ros2_ws/install/ydlidar_ros2_driver:/home/orangepi/marco_ws/install/lane_tracking:/home/orangepi/marco_ws/install/marco_perception:/home/orangepi/marco_ws/install/marco_mission:/home/orangepi/marco_ws/install/marco_docking:/home/orangepi/marco_ws/install/marco_base:/opt/ros/humble'), ('UMS_FILE', '/userdata/ums_shared.img')]), 'shell': False}
[0.635948] (marco_localization) StdoutLine: {'line': b'-- Install configuration: ""\n'}
[0.636734] (marco_localization) StdoutLine: {'line': b'-- Execute custom install script\n'}
[0.638598] (marco_localization) StdoutLine: {'line': b'-- Up-to-date symlink: /home/orangepi/marco_ws/install/marco_localization/share/marco_localization/config/.gitkeep\n'}
[0.639311] (marco_localization) StdoutLine: {'line': b'-- Up-to-date symlink: /home/orangepi/marco_ws/install/marco_localization/share/marco_localization/config/amcl.rviz\n'}
[0.639659] (marco_localization) StdoutLine: {'line': b'-- Up-to-date symlink: /home/orangepi/marco_ws/install/marco_localization/share/marco_localization/config/amcl.yaml\n'}
[0.640003] (marco_localization) StdoutLine: {'line': b'-- Up-to-date symlink: /home/orangepi/marco_ws/install/marco_localization/share/marco_localization/config/ekf_imu.yaml\n'}
[0.640350] (marco_localization) StdoutLine: {'line': b'-- Up-to-date symlink: /home/orangepi/marco_ws/install/marco_localization/share/marco_localization/config/ekf_odom.yaml\n'}
[0.640693] (marco_localization) StdoutLine: {'line': b'-- Up-to-date symlink: /home/orangepi/marco_ws/install/marco_localization/share/marco_localization/config/lidar_tmini_pro.yaml\n'}
[0.641038] (marco_localization) StdoutLine: {'line': b'-- Up-to-date symlink: /home/orangepi/marco_ws/install/marco_localization/share/marco_localization/config/mapping.rviz\n'}
[0.641400] (marco_localization) StdoutLine: {'line': b'-- Up-to-date symlink: /home/orangepi/marco_ws/install/marco_localization/share/marco_localization/config/slam_toolbox.yaml\n'}
[0.641747] (marco_localization) StdoutLine: {'line': b'-- Up-to-date symlink: /home/orangepi/marco_ws/install/marco_localization/share/marco_localization/launch/.gitkeep\n'}
[0.642127] (marco_localization) StdoutLine: {'line': b'-- Symlinking: /home/orangepi/marco_ws/install/marco_localization/share/marco_localization/launch/__pycache__/amcl.launch.cpython-310.pyc\n'}
[0.660525] (marco_localization) StdoutLine: {'line': b'-- Up-to-date symlink: /home/orangepi/marco_ws/install/marco_localization/share/marco_localization/launch/amcl.launch.py\n'}
[0.661464] (marco_localization) StdoutLine: {'line': b'-- Up-to-date symlink: /home/orangepi/marco_ws/install/marco_localization/share/marco_localization/launch/localization.launch.py\n'}
[0.661841] (marco_localization) StdoutLine: {'line': b'-- Up-to-date symlink: /home/orangepi/marco_ws/install/marco_localization/share/marco_localization/launch/mapping.launch.py\n'}
[0.662773] (marco_localization) StdoutLine: {'line': b'-- Up-to-date symlink: /home/orangepi/marco_ws/install/marco_localization/lib/marco_localization/odometry_check.py\n'}
[0.663117] (marco_localization) StdoutLine: {'line': b'-- Up-to-date symlink: /home/orangepi/marco_ws/install/marco_localization/lib/marco_localization/harita_kaydet.sh\n'}
[0.663630] (marco_localization) StdoutLine: {'line': b'-- Up-to-date symlink: /home/orangepi/marco_ws/install/marco_localization/lib/marco_localization/baslangic_poz.sh\n'}
[0.664160] (marco_localization) StdoutLine: {'line': b'-- Up-to-date symlink: /home/orangepi/marco_ws/install/marco_localization/lib/marco_localization/amcl_poz_kaydet.py\n'}
[0.664693] (marco_localization) StdoutLine: {'line': b'-- Up-to-date symlink: /home/orangepi/marco_ws/install/marco_localization/share/ament_index/resource_index/package_run_dependencies/marco_localization\n'}
[0.665055] (marco_localization) StdoutLine: {'line': b'-- Up-to-date symlink: /home/orangepi/marco_ws/install/marco_localization/share/ament_index/resource_index/parent_prefix_path/marco_localization\n'}
[0.665565] (-) TimerEvent: {}
[0.665654] (marco_localization) StdoutLine: {'line': b'-- Up-to-date symlink: /home/orangepi/marco_ws/install/marco_localization/share/marco_localization/environment/ament_prefix_path.sh\n'}
[0.666175] (marco_localization) StdoutLine: {'line': b'-- Up-to-date symlink: /home/orangepi/marco_ws/install/marco_localization/share/marco_localization/environment/ament_prefix_path.dsv\n'}
[0.666701] (marco_localization) StdoutLine: {'line': b'-- Up-to-date symlink: /home/orangepi/marco_ws/install/marco_localization/share/marco_localization/environment/path.sh\n'}
[0.667227] (marco_localization) StdoutLine: {'line': b'-- Up-to-date symlink: /home/orangepi/marco_ws/install/marco_localization/share/marco_localization/environment/path.dsv\n'}
[0.667754] (marco_localization) StdoutLine: {'line': b'-- Up-to-date symlink: /home/orangepi/marco_ws/install/marco_localization/share/marco_localization/local_setup.bash\n'}
[0.668357] (marco_localization) StdoutLine: {'line': b'-- Up-to-date symlink: /home/orangepi/marco_ws/install/marco_localization/share/marco_localization/local_setup.sh\n'}
[0.668895] (marco_localization) StdoutLine: {'line': b'-- Up-to-date symlink: /home/orangepi/marco_ws/install/marco_localization/share/marco_localization/local_setup.zsh\n'}
[0.669433] (marco_localization) StdoutLine: {'line': b'-- Up-to-date symlink: /home/orangepi/marco_ws/install/marco_localization/share/marco_localization/local_setup.dsv\n'}
[0.669777] (marco_localization) StdoutLine: {'line': b'-- Symlinking: /home/orangepi/marco_ws/install/marco_localization/share/marco_localization/package.dsv\n'}
[0.697722] (marco_localization) StdoutLine: {'line': b'-- Up-to-date symlink: /home/orangepi/marco_ws/install/marco_localization/share/ament_index/resource_index/packages/marco_localization\n'}
[0.700274] (marco_localization) StdoutLine: {'line': b'-- Up-to-date symlink: /home/orangepi/marco_ws/install/marco_localization/share/marco_localization/cmake/marco_localizationConfig.cmake\n'}
[0.701131] (marco_localization) StdoutLine: {'line': b'-- Up-to-date symlink: /home/orangepi/marco_ws/install/marco_localization/share/marco_localization/cmake/marco_localizationConfig-version.cmake\n'}
[0.703124] (marco_localization) StdoutLine: {'line': b'-- Up-to-date symlink: /home/orangepi/marco_ws/install/marco_localization/share/marco_localization/package.xml\n'}
[0.703754] (marco_localization) CommandEnded: {'returncode': 0}
[0.766001] (-) TimerEvent: {}
[0.772500] (marco_localization) JobEnded: {'identifier': 'marco_localization', 'rc': 0}
[0.773627] (-) EventReactorShutdown: {}
