[1.641s] Invoking command in '/home/orangepi/marco_ws/src/marco_mission': CMAKE_PREFIX_PATH=/home/orangepi/marco_ws/install/marco_msgs:/home/orangepi/marco_ws/install/marco_simulation:/home/orangepi/marco_ws/install/marco_safety:/home/orangepi/marco_ws/install/marco_localization:/home/orangepi/marco_ws/install/marco_navigation:/home/orangepi/marco_ws/install/marco_bringup:/home/orangepi/marco_ws/install/marco_description:/home/orangepi/ydlidar_ros2_ws/install/ydlidar_ros2_driver PYTHONPATH=/home/orangepi/marco_ws/build/marco_mission/prefix_override:/usr/lib/python3/dist-packages/colcon_core/task/python/colcon_distutils_commands:/home/orangepi/marco_ws/install/marco_mission/lib/python3.10/site-packages:${PYTHONPATH} /usr/bin/python3 -W ignore:setup.py install is deprecated -W ignore:easy_install command is deprecated setup.py egg_info --egg-base ../../build/marco_mission build --build-base /home/orangepi/marco_ws/build/marco_mission/build install --record /home/orangepi/marco_ws/build/marco_mission/install.log --install-scripts $base/lib/marco_mission --single-version-externally-managed install_data
[1.989s] running egg_info
[1.991s] writing ../../build/marco_mission/marco_mission.egg-info/PKG-INFO
[1.992s] writing dependency_links to ../../build/marco_mission/marco_mission.egg-info/dependency_links.txt
[1.993s] writing entry points to ../../build/marco_mission/marco_mission.egg-info/entry_points.txt
[1.993s] writing requirements to ../../build/marco_mission/marco_mission.egg-info/requires.txt
[1.994s] writing top-level names to ../../build/marco_mission/marco_mission.egg-info/top_level.txt
[1.996s] reading manifest file '../../build/marco_mission/marco_mission.egg-info/SOURCES.txt'
[1.997s] adding license file 'LICENSE'
[1.998s] writing manifest file '../../build/marco_mission/marco_mission.egg-info/SOURCES.txt'
[1.999s] running build
[2.000s] running build_py
[2.000s] running install
[2.000s] running install_lib
[2.001s] running install_data
[2.002s] running install_egg_info
[2.006s] removing '/home/orangepi/marco_ws/install/marco_mission/lib/python3.10/site-packages/marco_mission-0.1.0-py3.10.egg-info' (and everything under it)
[2.006s] Copying ../../build/marco_mission/marco_mission.egg-info to /home/orangepi/marco_ws/install/marco_mission/lib/python3.10/site-packages/marco_mission-0.1.0-py3.10.egg-info
[2.007s] running install_scripts
[2.049s] Installing mission_manager script to /home/orangepi/marco_ws/install/marco_mission/lib/marco_mission
[2.050s] Installing mock_plc script to /home/orangepi/marco_ws/install/marco_mission/lib/marco_mission
[2.050s] writing list of installed files to '/home/orangepi/marco_ws/build/marco_mission/install.log'
[2.142s] Invoked command in '/home/orangepi/marco_ws/src/marco_mission' returned '0': CMAKE_PREFIX_PATH=/home/orangepi/marco_ws/install/marco_msgs:/home/orangepi/marco_ws/install/marco_simulation:/home/orangepi/marco_ws/install/marco_safety:/home/orangepi/marco_ws/install/marco_localization:/home/orangepi/marco_ws/install/marco_navigation:/home/orangepi/marco_ws/install/marco_bringup:/home/orangepi/marco_ws/install/marco_description:/home/orangepi/ydlidar_ros2_ws/install/ydlidar_ros2_driver PYTHONPATH=/home/orangepi/marco_ws/build/marco_mission/prefix_override:/usr/lib/python3/dist-packages/colcon_core/task/python/colcon_distutils_commands:/home/orangepi/marco_ws/install/marco_mission/lib/python3.10/site-packages:${PYTHONPATH} /usr/bin/python3 -W ignore:setup.py install is deprecated -W ignore:easy_install command is deprecated setup.py egg_info --egg-base ../../build/marco_mission build --build-base /home/orangepi/marco_ws/build/marco_mission/build install --record /home/orangepi/marco_ws/build/marco_mission/install.log --install-scripts $base/lib/marco_mission --single-version-externally-managed install_data
