running develop
Removing /home/orangepi/marco_ws/install/marco_base/lib/python3.10/site-packages/marco-base.egg-link (link to .)
running egg_info
writing ../../build/marco_base/marco_base.egg-info/PKG-INFO
writing dependency_links to ../../build/marco_base/marco_base.egg-info/dependency_links.txt
writing entry points to ../../build/marco_base/marco_base.egg-info/entry_points.txt
writing requirements to ../../build/marco_base/marco_base.egg-info/requires.txt
writing top-level names to ../../build/marco_base/marco_base.egg-info/top_level.txt
reading manifest file '../../build/marco_base/marco_base.egg-info/SOURCES.txt'
adding license file 'LICENSE'
writing manifest file '../../build/marco_base/marco_base.egg-info/SOURCES.txt'
running build
running build_py
creating /home/orangepi/marco_ws/build/marco_base/build
creating /home/orangepi/marco_ws/build/marco_base/build/lib
creating /home/orangepi/marco_ws/build/marco_base/build/lib/marco_base
copying marco_base/base_driver.py -> /home/orangepi/marco_ws/build/marco_base/build/lib/marco_base
copying marco_base/protocol.py -> /home/orangepi/marco_ws/build/marco_base/build/lib/marco_base
copying marco_base/odometry.py -> /home/orangepi/marco_ws/build/marco_base/build/lib/marco_base
copying marco_base/__init__.py -> /home/orangepi/marco_ws/build/marco_base/build/lib/marco_base
copying marco_base/transport.py -> /home/orangepi/marco_ws/build/marco_base/build/lib/marco_base
copying marco_base/fake_stm32.py -> /home/orangepi/marco_ws/build/marco_base/build/lib/marco_base
running install
running install_lib
creating /home/orangepi/marco_ws/install/marco_base/lib/python3.10/site-packages/marco_base
copying /home/orangepi/marco_ws/build/marco_base/build/lib/marco_base/base_driver.py -> /home/orangepi/marco_ws/install/marco_base/lib/python3.10/site-packages/marco_base
copying /home/orangepi/marco_ws/build/marco_base/build/lib/marco_base/protocol.py -> /home/orangepi/marco_ws/install/marco_base/lib/python3.10/site-packages/marco_base
copying /home/orangepi/marco_ws/build/marco_base/build/lib/marco_base/odometry.py -> /home/orangepi/marco_ws/install/marco_base/lib/python3.10/site-packages/marco_base
copying /home/orangepi/marco_ws/build/marco_base/build/lib/marco_base/__init__.py -> /home/orangepi/marco_ws/install/marco_base/lib/python3.10/site-packages/marco_base
copying /home/orangepi/marco_ws/build/marco_base/build/lib/marco_base/transport.py -> /home/orangepi/marco_ws/install/marco_base/lib/python3.10/site-packages/marco_base
copying /home/orangepi/marco_ws/build/marco_base/build/lib/marco_base/fake_stm32.py -> /home/orangepi/marco_ws/install/marco_base/lib/python3.10/site-packages/marco_base
byte-compiling /home/orangepi/marco_ws/install/marco_base/lib/python3.10/site-packages/marco_base/base_driver.py to base_driver.cpython-310.pyc
byte-compiling /home/orangepi/marco_ws/install/marco_base/lib/python3.10/site-packages/marco_base/protocol.py to protocol.cpython-310.pyc
byte-compiling /home/orangepi/marco_ws/install/marco_base/lib/python3.10/site-packages/marco_base/odometry.py to odometry.cpython-310.pyc
byte-compiling /home/orangepi/marco_ws/install/marco_base/lib/python3.10/site-packages/marco_base/__init__.py to __init__.cpython-310.pyc
byte-compiling /home/orangepi/marco_ws/install/marco_base/lib/python3.10/site-packages/marco_base/transport.py to transport.cpython-310.pyc
byte-compiling /home/orangepi/marco_ws/install/marco_base/lib/python3.10/site-packages/marco_base/fake_stm32.py to fake_stm32.cpython-310.pyc
running install_data
copying resource/marco_base -> /home/orangepi/marco_ws/install/marco_base/share/ament_index/resource_index/packages
copying package.xml -> /home/orangepi/marco_ws/install/marco_base/share/marco_base
copying launch/base_driver.launch.py -> /home/orangepi/marco_ws/install/marco_base/share/marco_base/launch
copying config/base_driver.yaml -> /home/orangepi/marco_ws/install/marco_base/share/marco_base/config
copying docs/STM32_UART_PROTOKOL.md -> /home/orangepi/marco_ws/install/marco_base/share/marco_base/docs
running install_egg_info
Copying ../../build/marco_base/marco_base.egg-info to /home/orangepi/marco_ws/install/marco_base/lib/python3.10/site-packages/marco_base-0.1.0-py3.10.egg-info
running install_scripts
Installing base_driver script to /home/orangepi/marco_ws/install/marco_base/lib/marco_base
writing list of installed files to '/home/orangepi/marco_ws/build/marco_base/install.log'
