-- The C compiler identification is GNU 11.4.0
-- The CXX compiler identification is GNU 11.4.0
-- Detecting C compiler ABI info
-- Detecting C compiler ABI info - done
-- Check for working C compiler: /usr/bin/cc - skipped
-- Detecting C compile features
-- Detecting C compile features - done
-- Detecting CXX compiler ABI info
-- Detecting CXX compiler ABI info - done
-- Check for working CXX compiler: /usr/bin/c++ - skipped
-- Detecting CXX compile features
-- Detecting CXX compile features - done
-- Found ament_cmake: 1.3.14 (/opt/ros/humble/share/ament_cmake/cmake)
-- Found Python3: /usr/bin/python3 (found version "3.10.12") found components: Interpreter 
-- Override CMake install command with custom implementation using symlinks instead of copying resources
-- Configuring done
-- Generating done
-- Build files have been written to: /home/orangepi/marco_ws/build/marco_navigation
-- Install configuration: ""
-- Execute custom install script
-- Symlinking: /home/orangepi/marco_ws/install/marco_navigation/share/marco_navigation/config/.gitkeep
-- Symlinking: /home/orangepi/marco_ws/install/marco_navigation/share/marco_navigation/launch/.gitkeep
-- Symlinking: /home/orangepi/marco_ws/install/marco_navigation/share/marco_navigation/behavior_trees/.gitkeep
-- Symlinking: /home/orangepi/marco_ws/install/marco_navigation/share/marco_navigation/maps/.gitkeep
-- Symlinking: /home/orangepi/marco_ws/install/marco_navigation/share/marco_navigation/graphs/.gitkeep
-- Symlinking: /home/orangepi/marco_ws/install/marco_navigation/share/ament_index/resource_index/package_run_dependencies/marco_navigation
-- Symlinking: /home/orangepi/marco_ws/install/marco_navigation/share/ament_index/resource_index/parent_prefix_path/marco_navigation
-- Symlinking: /home/orangepi/marco_ws/install/marco_navigation/share/marco_navigation/environment/ament_prefix_path.sh
-- Symlinking: /home/orangepi/marco_ws/install/marco_navigation/share/marco_navigation/environment/ament_prefix_path.dsv
-- Symlinking: /home/orangepi/marco_ws/install/marco_navigation/share/marco_navigation/environment/path.sh
-- Symlinking: /home/orangepi/marco_ws/install/marco_navigation/share/marco_navigation/environment/path.dsv
-- Symlinking: /home/orangepi/marco_ws/install/marco_navigation/share/marco_navigation/local_setup.bash
-- Symlinking: /home/orangepi/marco_ws/install/marco_navigation/share/marco_navigation/local_setup.sh
-- Symlinking: /home/orangepi/marco_ws/install/marco_navigation/share/marco_navigation/local_setup.zsh
-- Symlinking: /home/orangepi/marco_ws/install/marco_navigation/share/marco_navigation/local_setup.dsv
-- Symlinking: /home/orangepi/marco_ws/install/marco_navigation/share/marco_navigation/package.dsv
-- Symlinking: /home/orangepi/marco_ws/install/marco_navigation/share/ament_index/resource_index/packages/marco_navigation
-- Symlinking: /home/orangepi/marco_ws/install/marco_navigation/share/marco_navigation/cmake/marco_navigationConfig.cmake
-- Symlinking: /home/orangepi/marco_ws/install/marco_navigation/share/marco_navigation/cmake/marco_navigationConfig-version.cmake
-- Symlinking: /home/orangepi/marco_ws/install/marco_navigation/share/marco_navigation/package.xml
