[1.329s] Invoking command in '/home/orangepi/marco_ws/build/marco_navigation': CMAKE_PREFIX_PATH=/opt/ros/humble /usr/bin/cmake /home/orangepi/marco_ws/src/marco_navigation -DAMENT_CMAKE_SYMLINK_INSTALL=1 -DCMAKE_INSTALL_PREFIX=/home/orangepi/marco_ws/install/marco_navigation
[1.505s] -- The C compiler identification is GNU 11.4.0
[1.692s] -- The CXX compiler identification is GNU 11.4.0
[1.725s] -- Detecting C compiler ABI info
[1.902s] -- Detecting C compiler ABI info - done
[1.908s] -- Check for working C compiler: /usr/bin/cc - skipped
[1.909s] -- Detecting C compile features
[1.910s] -- Detecting C compile features - done
[1.916s] -- Detecting CXX compiler ABI info
[2.138s] -- Detecting CXX compiler ABI info - done
[2.180s] -- Check for working CXX compiler: /usr/bin/c++ - skipped
[2.183s] -- Detecting CXX compile features
[2.186s] -- Detecting CXX compile features - done
[2.196s] -- Found ament_cmake: 1.3.14 (/opt/ros/humble/share/ament_cmake/cmake)
[2.984s] -- Found Python3: /usr/bin/python3 (found version "3.10.12") found components: Interpreter 
[3.099s] -- Override CMake install command with custom implementation using symlinks instead of copying resources
[3.390s] -- Configuring done
[3.391s] -- Generating done
[3.391s] -- Build files have been written to: /home/orangepi/marco_ws/build/marco_navigation
[3.463s] Invoked command in '/home/orangepi/marco_ws/build/marco_navigation' returned '0': CMAKE_PREFIX_PATH=/opt/ros/humble /usr/bin/cmake /home/orangepi/marco_ws/src/marco_navigation -DAMENT_CMAKE_SYMLINK_INSTALL=1 -DCMAKE_INSTALL_PREFIX=/home/orangepi/marco_ws/install/marco_navigation
[3.465s] Invoking command in '/home/orangepi/marco_ws/build/marco_navigation': CMAKE_PREFIX_PATH=/opt/ros/humble /usr/bin/cmake --build /home/orangepi/marco_ws/build/marco_navigation -- -j8 -l8
[3.981s] Invoked command in '/home/orangepi/marco_ws/build/marco_navigation' returned '0': CMAKE_PREFIX_PATH=/opt/ros/humble /usr/bin/cmake --build /home/orangepi/marco_ws/build/marco_navigation -- -j8 -l8
[3.984s] Invoking command in '/home/orangepi/marco_ws/build/marco_navigation': CMAKE_PREFIX_PATH=/opt/ros/humble /usr/bin/cmake --install /home/orangepi/marco_ws/build/marco_navigation
[4.067s] -- Install configuration: ""
[4.068s] -- Execute custom install script
[4.068s] -- Symlinking: /home/orangepi/marco_ws/install/marco_navigation/share/marco_navigation/config/.gitkeep
[4.068s] -- Symlinking: /home/orangepi/marco_ws/install/marco_navigation/share/marco_navigation/launch/.gitkeep
[4.069s] -- Symlinking: /home/orangepi/marco_ws/install/marco_navigation/share/marco_navigation/behavior_trees/.gitkeep
[4.069s] -- Symlinking: /home/orangepi/marco_ws/install/marco_navigation/share/marco_navigation/maps/.gitkeep
[4.075s] -- Symlinking: /home/orangepi/marco_ws/install/marco_navigation/share/marco_navigation/graphs/.gitkeep
[4.088s] -- Symlinking: /home/orangepi/marco_ws/install/marco_navigation/share/ament_index/resource_index/package_run_dependencies/marco_navigation
[4.101s] -- Symlinking: /home/orangepi/marco_ws/install/marco_navigation/share/ament_index/resource_index/parent_prefix_path/marco_navigation
[4.135s] -- Symlinking: /home/orangepi/marco_ws/install/marco_navigation/share/marco_navigation/environment/ament_prefix_path.sh
[4.165s] -- Symlinking: /home/orangepi/marco_ws/install/marco_navigation/share/marco_navigation/environment/ament_prefix_path.dsv
[4.192s] -- Symlinking: /home/orangepi/marco_ws/install/marco_navigation/share/marco_navigation/environment/path.sh
[4.203s] -- Symlinking: /home/orangepi/marco_ws/install/marco_navigation/share/marco_navigation/environment/path.dsv
[4.232s] -- Symlinking: /home/orangepi/marco_ws/install/marco_navigation/share/marco_navigation/local_setup.bash
[4.257s] -- Symlinking: /home/orangepi/marco_ws/install/marco_navigation/share/marco_navigation/local_setup.sh
[4.283s] -- Symlinking: /home/orangepi/marco_ws/install/marco_navigation/share/marco_navigation/local_setup.zsh
[4.310s] -- Symlinking: /home/orangepi/marco_ws/install/marco_navigation/share/marco_navigation/local_setup.dsv
[4.322s] -- Symlinking: /home/orangepi/marco_ws/install/marco_navigation/share/marco_navigation/package.dsv
[4.334s] -- Symlinking: /home/orangepi/marco_ws/install/marco_navigation/share/ament_index/resource_index/packages/marco_navigation
[4.347s] -- Symlinking: /home/orangepi/marco_ws/install/marco_navigation/share/marco_navigation/cmake/marco_navigationConfig.cmake
[4.375s] -- Symlinking: /home/orangepi/marco_ws/install/marco_navigation/share/marco_navigation/cmake/marco_navigationConfig-version.cmake
[4.405s] -- Symlinking: /home/orangepi/marco_ws/install/marco_navigation/share/marco_navigation/package.xml
[4.426s] Invoked command in '/home/orangepi/marco_ws/build/marco_navigation' returned '0': CMAKE_PREFIX_PATH=/opt/ros/humble /usr/bin/cmake --install /home/orangepi/marco_ws/build/marco_navigation
