[3.290s] Invoking command in '/home/orangepi/marco_ws/build/marco_base': PYTHONPATH=/home/orangepi/marco_ws/build/marco_base/prefix_override:/usr/lib/python3/dist-packages/colcon_core/task/python/colcon_distutils_commands:/home/orangepi/marco_ws/install/marco_base/lib/python3.10/site-packages:${PYTHONPATH} /usr/bin/python3 -W ignore:setup.py install is deprecated -W ignore:easy_install command is deprecated setup.py develop --uninstall --editable --build-directory /home/orangepi/marco_ws/build/marco_base/build
[3.693s] running develop
[3.907s] Removing /home/orangepi/marco_ws/install/marco_base/lib/python3.10/site-packages/marco-base.egg-link (link to .)
[4.033s] Invoked command in '/home/orangepi/marco_ws/build/marco_base' returned '0': PYTHONPATH=/home/orangepi/marco_ws/build/marco_base/prefix_override:/usr/lib/python3/dist-packages/colcon_core/task/python/colcon_distutils_commands:/home/orangepi/marco_ws/install/marco_base/lib/python3.10/site-packages:${PYTHONPATH} /usr/bin/python3 -W ignore:setup.py install is deprecated -W ignore:easy_install command is deprecated setup.py develop --uninstall --editable --build-directory /home/orangepi/marco_ws/build/marco_base/build
[4.037s] Invoking command in '/home/orangepi/marco_ws/src/marco_base': PYTHONPATH=/home/orangepi/marco_ws/build/marco_base/prefix_override:/usr/lib/python3/dist-packages/colcon_core/task/python/colcon_distutils_commands:/home/orangepi/marco_ws/install/marco_base/lib/python3.10/site-packages:${PYTHONPATH} /usr/bin/python3 -W ignore:setup.py install is deprecated -W ignore:easy_install command is deprecated setup.py egg_info --egg-base ../../build/marco_base build --build-base /home/orangepi/marco_ws/build/marco_base/build install --record /home/orangepi/marco_ws/build/marco_base/install.log --install-scripts $base/lib/marco_base --single-version-externally-managed install_data --force
[4.340s] running egg_info
[4.341s] writing ../../build/marco_base/marco_base.egg-info/PKG-INFO
[4.342s] writing dependency_links to ../../build/marco_base/marco_base.egg-info/dependency_links.txt
[4.343s] writing entry points to ../../build/marco_base/marco_base.egg-info/entry_points.txt
[4.343s] writing requirements to ../../build/marco_base/marco_base.egg-info/requires.txt
[4.344s] writing top-level names to ../../build/marco_base/marco_base.egg-info/top_level.txt
[4.353s] reading manifest file '../../build/marco_base/marco_base.egg-info/SOURCES.txt'
[4.355s] adding license file 'LICENSE'
[4.358s] writing manifest file '../../build/marco_base/marco_base.egg-info/SOURCES.txt'
[4.358s] running build
[4.358s] running build_py
[4.359s] creating /home/orangepi/marco_ws/build/marco_base/build
[4.359s] creating /home/orangepi/marco_ws/build/marco_base/build/lib
[4.360s] creating /home/orangepi/marco_ws/build/marco_base/build/lib/marco_base
[4.360s] copying marco_base/pwm_bridge.py -> /home/orangepi/marco_ws/build/marco_base/build/lib/marco_base
[4.361s] copying marco_base/base_driver.py -> /home/orangepi/marco_ws/build/marco_base/build/lib/marco_base
[4.361s] copying marco_base/protocol.py -> /home/orangepi/marco_ws/build/marco_base/build/lib/marco_base
[4.362s] copying marco_base/odometry.py -> /home/orangepi/marco_ws/build/marco_base/build/lib/marco_base
[4.363s] copying marco_base/__init__.py -> /home/orangepi/marco_ws/build/marco_base/build/lib/marco_base
[4.363s] copying marco_base/transport.py -> /home/orangepi/marco_ws/build/marco_base/build/lib/marco_base
[4.363s] copying marco_base/fake_stm32.py -> /home/orangepi/marco_ws/build/marco_base/build/lib/marco_base
[4.365s] running install
[4.366s] running install_lib
[4.368s] creating /home/orangepi/marco_ws/install/marco_base/lib/python3.10/site-packages/marco_base
[4.368s] copying /home/orangepi/marco_ws/build/marco_base/build/lib/marco_base/pwm_bridge.py -> /home/orangepi/marco_ws/install/marco_base/lib/python3.10/site-packages/marco_base
[4.368s] copying /home/orangepi/marco_ws/build/marco_base/build/lib/marco_base/base_driver.py -> /home/orangepi/marco_ws/install/marco_base/lib/python3.10/site-packages/marco_base
[4.368s] copying /home/orangepi/marco_ws/build/marco_base/build/lib/marco_base/protocol.py -> /home/orangepi/marco_ws/install/marco_base/lib/python3.10/site-packages/marco_base
[4.369s] copying /home/orangepi/marco_ws/build/marco_base/build/lib/marco_base/odometry.py -> /home/orangepi/marco_ws/install/marco_base/lib/python3.10/site-packages/marco_base
[4.369s] copying /home/orangepi/marco_ws/build/marco_base/build/lib/marco_base/__init__.py -> /home/orangepi/marco_ws/install/marco_base/lib/python3.10/site-packages/marco_base
[4.369s] copying /home/orangepi/marco_ws/build/marco_base/build/lib/marco_base/transport.py -> /home/orangepi/marco_ws/install/marco_base/lib/python3.10/site-packages/marco_base
[4.369s] copying /home/orangepi/marco_ws/build/marco_base/build/lib/marco_base/fake_stm32.py -> /home/orangepi/marco_ws/install/marco_base/lib/python3.10/site-packages/marco_base
[4.370s] byte-compiling /home/orangepi/marco_ws/install/marco_base/lib/python3.10/site-packages/marco_base/pwm_bridge.py to pwm_bridge.cpython-310.pyc
[4.373s] byte-compiling /home/orangepi/marco_ws/install/marco_base/lib/python3.10/site-packages/marco_base/base_driver.py to base_driver.cpython-310.pyc
[4.376s] byte-compiling /home/orangepi/marco_ws/install/marco_base/lib/python3.10/site-packages/marco_base/protocol.py to protocol.cpython-310.pyc
[4.378s] byte-compiling /home/orangepi/marco_ws/install/marco_base/lib/python3.10/site-packages/marco_base/odometry.py to odometry.cpython-310.pyc
[4.379s] byte-compiling /home/orangepi/marco_ws/install/marco_base/lib/python3.10/site-packages/marco_base/__init__.py to __init__.cpython-310.pyc
[4.379s] byte-compiling /home/orangepi/marco_ws/install/marco_base/lib/python3.10/site-packages/marco_base/transport.py to transport.cpython-310.pyc
[4.380s] byte-compiling /home/orangepi/marco_ws/install/marco_base/lib/python3.10/site-packages/marco_base/fake_stm32.py to fake_stm32.cpython-310.pyc
[4.382s] running install_data
[4.382s] copying resource/marco_base -> /home/orangepi/marco_ws/install/marco_base/share/ament_index/resource_index/packages
[4.382s] copying package.xml -> /home/orangepi/marco_ws/install/marco_base/share/marco_base
[4.383s] copying launch/base_driver.launch.py -> /home/orangepi/marco_ws/install/marco_base/share/marco_base/launch
[4.383s] copying launch/pwm_bridge.launch.py -> /home/orangepi/marco_ws/install/marco_base/share/marco_base/launch
[4.383s] copying config/base_driver.yaml -> /home/orangepi/marco_ws/install/marco_base/share/marco_base/config
[4.383s] copying config/pwm_bridge.yaml -> /home/orangepi/marco_ws/install/marco_base/share/marco_base/config
[4.384s] copying docs/STM32_UART_PROTOKOL.md -> /home/orangepi/marco_ws/install/marco_base/share/marco_base/docs
[4.384s] running install_egg_info
[4.389s] Copying ../../build/marco_base/marco_base.egg-info to /home/orangepi/marco_ws/install/marco_base/lib/python3.10/site-packages/marco_base-0.1.0-py3.10.egg-info
[4.390s] running install_scripts
[4.425s] Installing base_driver script to /home/orangepi/marco_ws/install/marco_base/lib/marco_base
[4.425s] Installing pwm_bridge script to /home/orangepi/marco_ws/install/marco_base/lib/marco_base
[4.426s] writing list of installed files to '/home/orangepi/marco_ws/build/marco_base/install.log'
[4.522s] Invoked command in '/home/orangepi/marco_ws/src/marco_base' returned '0': PYTHONPATH=/home/orangepi/marco_ws/build/marco_base/prefix_override:/usr/lib/python3/dist-packages/colcon_core/task/python/colcon_distutils_commands:/home/orangepi/marco_ws/install/marco_base/lib/python3.10/site-packages:${PYTHONPATH} /usr/bin/python3 -W ignore:setup.py install is deprecated -W ignore:easy_install command is deprecated setup.py egg_info --egg-base ../../build/marco_base build --build-base /home/orangepi/marco_ws/build/marco_base/build install --record /home/orangepi/marco_ws/build/marco_base/install.log --install-scripts $base/lib/marco_base --single-version-externally-managed install_data --force
