-- The C compiler identification is GNU 11.4.0
-- The CXX compiler identification is GNU 11.4.0
-- Detecting C compiler ABI info
-- Detecting C compiler ABI info - done
-- Check for working C compiler: /usr/bin/cc - skipped
-- Detecting C compile features
-- Detecting C compile features - done
-- Detecting CXX compiler ABI info
-- Detecting CXX compiler ABI info - done
-- Check for working CXX compiler: /usr/bin/c++ - skipped
-- Detecting CXX compile features
-- Detecting CXX compile features - done
-- Found ament_cmake: 1.3.14 (/opt/ros/humble/share/ament_cmake/cmake)
-- Found Python3: /usr/bin/python3 (found version "3.10.12") found components: Interpreter 
-- Override CMake install command with custom implementation using symlinks instead of copying resources
-- Found rosidl_default_generators: 1.2.1 (/opt/ros/humble/share/rosidl_default_generators/cmake)
-- Using all available rosidl_typesupport_c: rosidl_typesupport_fastrtps_c;rosidl_typesupport_introspection_c
-- Found rosidl_adapter: 3.1.9 (/opt/ros/humble/share/rosidl_adapter/cmake)
-- Using all available rosidl_typesupport_cpp: rosidl_typesupport_fastrtps_cpp;rosidl_typesupport_introspection_cpp
-- Found std_msgs: 4.9.1 (/opt/ros/humble/share/std_msgs/cmake)
-- Found geometry_msgs: 4.9.1 (/opt/ros/humble/share/geometry_msgs/cmake)
-- Found ament_cmake_ros: 0.10.0 (/opt/ros/humble/share/ament_cmake_ros/cmake)
-- Using all available rosidl_typesupport_c: rosidl_typesupport_fastrtps_c;rosidl_typesupport_introspection_c
-- Using all available rosidl_typesupport_cpp: rosidl_typesupport_fastrtps_cpp;rosidl_typesupport_introspection_cpp
-- Found PythonInterp: /usr/bin/python3 (found suitable version "3.10.12", minimum required is "3.6") 
-- Found python_cmake_module: 0.10.0 (/opt/ros/humble/share/python_cmake_module/cmake)
-- Found PythonLibs: /usr/lib/aarch64-linux-gnu/libpython3.10.so (found suitable version "3.10.12", minimum required is "3.5") 
-- Using PYTHON_EXECUTABLE: /usr/bin/python3
-- Using PYTHON_INCLUDE_DIRS: /usr/include/python3.10
-- Using PYTHON_LIBRARIES: /usr/lib/aarch64-linux-gnu/libpython3.10.so
-- Found PythonExtra: .so  
-- Configuring done
-- Generating done
-- Build files have been written to: /home/orangepi/marco_ws/build/marco_msgs
[  1%] Generating C code for ROS interfaces
[  5%] Generating C++ code for ROS interfaces
[  5%] Generating Rust code for ROS interfaces
[  5%] Built target ament_cmake_python_symlink_marco_msgs
running egg_info
creating marco_msgs.egg-info
writing marco_msgs.egg-info/PKG-INFO
writing dependency_links to marco_msgs.egg-info/dependency_links.txt
writing top-level names to marco_msgs.egg-info/top_level.txt
writing manifest file 'marco_msgs.egg-info/SOURCES.txt'
reading manifest file 'marco_msgs.egg-info/SOURCES.txt'
writing manifest file 'marco_msgs.egg-info/SOURCES.txt'
[  5%] Built target ament_cmake_python_build_marco_msgs_egg
[  5%] Built target marco_msgs__rs
[  7%] Building C object CMakeFiles/marco_msgs__rosidl_generator_c.dir/rosidl_generator_c/marco_msgs/msg/detail/lane_offset__functions.c.o
[  8%] Building C object CMakeFiles/marco_msgs__rosidl_generator_c.dir/rosidl_generator_c/marco_msgs/action/detail/dock_to_station__functions.c.o
[ 12%] Building C object CMakeFiles/marco_msgs__rosidl_generator_c.dir/rosidl_generator_c/marco_msgs/msg/detail/robot_status__functions.c.o
[ 12%] Building C object CMakeFiles/marco_msgs__rosidl_generator_c.dir/rosidl_generator_c/marco_msgs/msg/detail/qr_detection__functions.c.o
[ 12%] Built target marco_msgs__cpp
[ 14%] Generating C++ type support dispatch for ROS interfaces
[ 17%] Generating C++ type support for eProsima Fast-RTPS
[ 17%] Generating C++ introspection for ROS interfaces
[ 19%] Linking C shared library libmarco_msgs__rosidl_generator_c.so
[ 19%] Built target marco_msgs__rosidl_generator_c
[ 21%] Generating C type support dispatch for ROS interfaces
[ 23%] Generating C introspection for ROS interfaces
[ 25%] Generating C type support for eProsima Fast-RTPS
[ 26%] Building CXX object CMakeFiles/marco_msgs__rosidl_typesupport_cpp.dir/rosidl_typesupport_cpp/marco_msgs/msg/lane_offset__type_support.cpp.o
[ 28%] Building CXX object CMakeFiles/marco_msgs__rosidl_typesupport_cpp.dir/rosidl_typesupport_cpp/marco_msgs/msg/robot_status__type_support.cpp.o
[ 30%] Building CXX object CMakeFiles/marco_msgs__rosidl_typesupport_cpp.dir/rosidl_typesupport_cpp/marco_msgs/msg/qr_detection__type_support.cpp.o
[ 32%] Building CXX object CMakeFiles/marco_msgs__rosidl_typesupport_introspection_cpp.dir/rosidl_typesupport_introspection_cpp/marco_msgs/msg/detail/lane_offset__type_support.cpp.o
[ 33%] Building CXX object CMakeFiles/marco_msgs__rosidl_typesupport_fastrtps_cpp.dir/rosidl_typesupport_fastrtps_cpp/marco_msgs/msg/detail/dds_fastrtps/lane_offset__type_support.cpp.o
[ 35%] Building CXX object CMakeFiles/marco_msgs__rosidl_typesupport_cpp.dir/rosidl_typesupport_cpp/marco_msgs/action/dock_to_station__type_support.cpp.o
[ 37%] Building CXX object CMakeFiles/marco_msgs__rosidl_typesupport_introspection_cpp.dir/rosidl_typesupport_introspection_cpp/marco_msgs/msg/detail/qr_detection__type_support.cpp.o
[ 39%] Building C object CMakeFiles/marco_msgs__rosidl_typesupport_introspection_c.dir/rosidl_typesupport_introspection_c/marco_msgs/msg/detail/lane_offset__type_support.c.o
[ 41%] Building CXX object CMakeFiles/marco_msgs__rosidl_typesupport_c.dir/rosidl_typesupport_c/marco_msgs/msg/lane_offset__type_support.cpp.o
[ 42%] Building C object CMakeFiles/marco_msgs__rosidl_typesupport_introspection_c.dir/rosidl_typesupport_introspection_c/marco_msgs/msg/detail/qr_detection__type_support.c.o
[ 44%] Building CXX object CMakeFiles/marco_msgs__rosidl_typesupport_c.dir/rosidl_typesupport_c/marco_msgs/msg/qr_detection__type_support.cpp.o
[ 46%] Building C object CMakeFiles/marco_msgs__rosidl_typesupport_introspection_c.dir/rosidl_typesupport_introspection_c/marco_msgs/msg/detail/robot_status__type_support.c.o
[ 48%] Building C object CMakeFiles/marco_msgs__rosidl_typesupport_introspection_c.dir/rosidl_typesupport_introspection_c/marco_msgs/action/detail/dock_to_station__type_support.c.o
[ 50%] Building CXX object CMakeFiles/marco_msgs__rosidl_typesupport_c.dir/rosidl_typesupport_c/marco_msgs/msg/robot_status__type_support.cpp.o
[ 51%] Building CXX object CMakeFiles/marco_msgs__rosidl_typesupport_c.dir/rosidl_typesupport_c/marco_msgs/action/dock_to_station__type_support.cpp.o
[ 53%] Linking C shared library libmarco_msgs__rosidl_typesupport_introspection_c.so
[ 55%] Building CXX object CMakeFiles/marco_msgs__rosidl_typesupport_fastrtps_cpp.dir/rosidl_typesupport_fastrtps_cpp/marco_msgs/msg/detail/dds_fastrtps/qr_detection__type_support.cpp.o
[ 57%] Building CXX object CMakeFiles/marco_msgs__rosidl_typesupport_fastrtps_cpp.dir/rosidl_typesupport_fastrtps_cpp/marco_msgs/msg/detail/dds_fastrtps/robot_status__type_support.cpp.o
[ 58%] Building CXX object CMakeFiles/marco_msgs__rosidl_typesupport_introspection_cpp.dir/rosidl_typesupport_introspection_cpp/marco_msgs/msg/detail/robot_status__type_support.cpp.o
[ 58%] Built target marco_msgs__rosidl_typesupport_introspection_c
[ 60%] Building CXX object CMakeFiles/marco_msgs__rosidl_typesupport_fastrtps_cpp.dir/rosidl_typesupport_fastrtps_cpp/marco_msgs/action/detail/dds_fastrtps/dock_to_station__type_support.cpp.o
[ 62%] Linking CXX shared library libmarco_msgs__rosidl_typesupport_c.so
[ 64%] Building CXX object CMakeFiles/marco_msgs__rosidl_typesupport_introspection_cpp.dir/rosidl_typesupport_introspection_cpp/marco_msgs/action/detail/dock_to_station__type_support.cpp.o
[ 64%] Built target marco_msgs__rosidl_typesupport_c
[ 66%] Linking CXX shared library libmarco_msgs__rosidl_typesupport_cpp.so
[ 66%] Built target marco_msgs__rosidl_typesupport_cpp
[ 67%] Building CXX object CMakeFiles/marco_msgs__rosidl_typesupport_fastrtps_c.dir/rosidl_typesupport_fastrtps_c/marco_msgs/msg/detail/lane_offset__type_support_c.cpp.o
[ 73%] Building CXX object CMakeFiles/marco_msgs__rosidl_typesupport_fastrtps_c.dir/rosidl_typesupport_fastrtps_c/marco_msgs/msg/detail/robot_status__type_support_c.cpp.o
[ 69%] Building CXX object CMakeFiles/marco_msgs__rosidl_typesupport_fastrtps_c.dir/rosidl_typesupport_fastrtps_c/marco_msgs/msg/detail/qr_detection__type_support_c.cpp.o
[ 73%] Building CXX object CMakeFiles/marco_msgs__rosidl_typesupport_fastrtps_c.dir/rosidl_typesupport_fastrtps_c/marco_msgs/action/detail/dock_to_station__type_support_c.cpp.o
[ 75%] Linking CXX shared library libmarco_msgs__rosidl_typesupport_introspection_cpp.so
[ 76%] Linking CXX shared library libmarco_msgs__rosidl_typesupport_fastrtps_cpp.so
[ 76%] Built target marco_msgs__rosidl_typesupport_introspection_cpp
[ 76%] Built target marco_msgs__rosidl_typesupport_fastrtps_cpp
[ 78%] Linking CXX shared library libmarco_msgs__rosidl_typesupport_fastrtps_c.so
[ 78%] Built target marco_msgs__rosidl_typesupport_fastrtps_c
[ 78%] Built target marco_msgs
[ 80%] Generating Python code for ROS interfaces
[ 80%] Built target marco_msgs__py
[ 83%] Building C object CMakeFiles/marco_msgs__rosidl_generator_py.dir/rosidl_generator_py/marco_msgs/msg/_robot_status_s.c.o
[ 83%] Building C object CMakeFiles/marco_msgs__rosidl_generator_py.dir/rosidl_generator_py/marco_msgs/msg/_qr_detection_s.c.o
[ 85%] Building C object CMakeFiles/marco_msgs__rosidl_generator_py.dir/rosidl_generator_py/marco_msgs/msg/_lane_offset_s.c.o
[ 87%] Building C object CMakeFiles/marco_msgs__rosidl_generator_py.dir/rosidl_generator_py/marco_msgs/action/_dock_to_station_s.c.o
[ 89%] Linking C shared library rosidl_generator_py/marco_msgs/libmarco_msgs__rosidl_generator_py.so
[ 89%] Built target marco_msgs__rosidl_generator_py
[ 91%] Building C object CMakeFiles/marco_msgs__rosidl_typesupport_c__pyext.dir/rosidl_generator_py/marco_msgs/_marco_msgs_s.ep.rosidl_typesupport_c.c.o
[ 94%] Building C object CMakeFiles/marco_msgs__rosidl_typesupport_introspection_c__pyext.dir/rosidl_generator_py/marco_msgs/_marco_msgs_s.ep.rosidl_typesupport_introspection_c.c.o
[ 94%] Building C object CMakeFiles/marco_msgs__rosidl_typesupport_fastrtps_c__pyext.dir/rosidl_generator_py/marco_msgs/_marco_msgs_s.ep.rosidl_typesupport_fastrtps_c.c.o
[ 96%] Linking C shared library rosidl_generator_py/marco_msgs/marco_msgs_s__rosidl_typesupport_c.cpython-310-aarch64-linux-gnu.so
[ 98%] Linking C shared library rosidl_generator_py/marco_msgs/marco_msgs_s__rosidl_typesupport_fastrtps_c.cpython-310-aarch64-linux-gnu.so
[100%] Linking C shared library rosidl_generator_py/marco_msgs/marco_msgs_s__rosidl_typesupport_introspection_c.cpython-310-aarch64-linux-gnu.so
[100%] Built target marco_msgs__rosidl_typesupport_introspection_c__pyext
[100%] Built target marco_msgs__rosidl_typesupport_fastrtps_c__pyext
[100%] Built target marco_msgs__rosidl_typesupport_c__pyext
-- Install configuration: ""
-- Execute custom install script
-- Symlinking: /home/orangepi/marco_ws/install/marco_msgs/share/ament_index/resource_index/rosidl_interfaces/marco_msgs
-- Symlinking: /home/orangepi/marco_ws/install/marco_msgs/include/marco_msgs/marco_msgs/action/detail/dock_to_station__functions.h
-- Symlinking: /home/orangepi/marco_ws/install/marco_msgs/include/marco_msgs/marco_msgs/action/detail/dock_to_station__struct.h
-- Symlinking: /home/orangepi/marco_ws/install/marco_msgs/include/marco_msgs/marco_msgs/action/detail/dock_to_station__type_support.h
-- Symlinking: /home/orangepi/marco_ws/install/marco_msgs/include/marco_msgs/marco_msgs/action/dock_to_station.h
-- Symlinking: /home/orangepi/marco_ws/install/marco_msgs/include/marco_msgs/marco_msgs/msg/detail/lane_offset__functions.h
-- Symlinking: /home/orangepi/marco_ws/install/marco_msgs/include/marco_msgs/marco_msgs/msg/detail/lane_offset__struct.h
-- Symlinking: /home/orangepi/marco_ws/install/marco_msgs/include/marco_msgs/marco_msgs/msg/detail/lane_offset__type_support.h
-- Symlinking: /home/orangepi/marco_ws/install/marco_msgs/include/marco_msgs/marco_msgs/msg/detail/qr_detection__functions.h
-- Symlinking: /home/orangepi/marco_ws/install/marco_msgs/include/marco_msgs/marco_msgs/msg/detail/qr_detection__struct.h
-- Symlinking: /home/orangepi/marco_ws/install/marco_msgs/include/marco_msgs/marco_msgs/msg/detail/qr_detection__type_support.h
-- Symlinking: /home/orangepi/marco_ws/install/marco_msgs/include/marco_msgs/marco_msgs/msg/detail/robot_status__functions.h
-- Symlinking: /home/orangepi/marco_ws/install/marco_msgs/include/marco_msgs/marco_msgs/msg/detail/robot_status__struct.h
-- Symlinking: /home/orangepi/marco_ws/install/marco_msgs/include/marco_msgs/marco_msgs/msg/detail/robot_status__type_support.h
-- Symlinking: /home/orangepi/marco_ws/install/marco_msgs/include/marco_msgs/marco_msgs/msg/lane_offset.h
-- Symlinking: /home/orangepi/marco_ws/install/marco_msgs/include/marco_msgs/marco_msgs/msg/qr_detection.h
-- Symlinking: /home/orangepi/marco_ws/install/marco_msgs/include/marco_msgs/marco_msgs/msg/robot_status.h
-- Symlinking: /home/orangepi/marco_ws/install/marco_msgs/include/marco_msgs/marco_msgs/msg/rosidl_generator_c__visibility_control.h
-- Symlinking: /home/orangepi/marco_ws/install/marco_msgs/share/marco_msgs/environment/library_path.sh
-- Symlinking: /home/orangepi/marco_ws/install/marco_msgs/share/marco_msgs/environment/library_path.dsv
-- Symlinking: /home/orangepi/marco_ws/install/marco_msgs/include/marco_msgs/marco_msgs/action/detail/dock_to_station__rosidl_typesupport_fastrtps_c.h
-- Symlinking: /home/orangepi/marco_ws/install/marco_msgs/include/marco_msgs/marco_msgs/msg/detail/lane_offset__rosidl_typesupport_fastrtps_c.h
-- Symlinking: /home/orangepi/marco_ws/install/marco_msgs/include/marco_msgs/marco_msgs/msg/detail/qr_detection__rosidl_typesupport_fastrtps_c.h
-- Symlinking: /home/orangepi/marco_ws/install/marco_msgs/include/marco_msgs/marco_msgs/msg/detail/robot_status__rosidl_typesupport_fastrtps_c.h
-- Symlinking: /home/orangepi/marco_ws/install/marco_msgs/include/marco_msgs/marco_msgs/msg/rosidl_typesupport_fastrtps_c__visibility_control.h
-- Symlinking: /home/orangepi/marco_ws/install/marco_msgs/include/marco_msgs/marco_msgs/action/detail/dock_to_station__rosidl_typesupport_introspection_c.h
-- Symlinking: /home/orangepi/marco_ws/install/marco_msgs/include/marco_msgs/marco_msgs/msg/detail/lane_offset__rosidl_typesupport_introspection_c.h
-- Symlinking: /home/orangepi/marco_ws/install/marco_msgs/include/marco_msgs/marco_msgs/msg/detail/qr_detection__rosidl_typesupport_introspection_c.h
-- Symlinking: /home/orangepi/marco_ws/install/marco_msgs/include/marco_msgs/marco_msgs/msg/detail/robot_status__rosidl_typesupport_introspection_c.h
-- Symlinking: /home/orangepi/marco_ws/install/marco_msgs/include/marco_msgs/marco_msgs/msg/rosidl_typesupport_introspection_c__visibility_control.h
-- Symlinking: /home/orangepi/marco_ws/install/marco_msgs/include/marco_msgs/marco_msgs/action/detail/dock_to_station__builder.hpp
-- Symlinking: /home/orangepi/marco_ws/install/marco_msgs/include/marco_msgs/marco_msgs/action/detail/dock_to_station__struct.hpp
-- Symlinking: /home/orangepi/marco_ws/install/marco_msgs/include/marco_msgs/marco_msgs/action/detail/dock_to_station__traits.hpp
-- Symlinking: /home/orangepi/marco_ws/install/marco_msgs/include/marco_msgs/marco_msgs/action/detail/dock_to_station__type_support.hpp
-- Symlinking: /home/orangepi/marco_ws/install/marco_msgs/include/marco_msgs/marco_msgs/action/dock_to_station.hpp
-- Symlinking: /home/orangepi/marco_ws/install/marco_msgs/include/marco_msgs/marco_msgs/msg/detail/lane_offset__builder.hpp
-- Symlinking: /home/orangepi/marco_ws/install/marco_msgs/include/marco_msgs/marco_msgs/msg/detail/lane_offset__struct.hpp
-- Symlinking: /home/orangepi/marco_ws/install/marco_msgs/include/marco_msgs/marco_msgs/msg/detail/lane_offset__traits.hpp
-- Symlinking: /home/orangepi/marco_ws/install/marco_msgs/include/marco_msgs/marco_msgs/msg/detail/lane_offset__type_support.hpp
-- Symlinking: /home/orangepi/marco_ws/install/marco_msgs/include/marco_msgs/marco_msgs/msg/detail/qr_detection__builder.hpp
-- Symlinking: /home/orangepi/marco_ws/install/marco_msgs/include/marco_msgs/marco_msgs/msg/detail/qr_detection__struct.hpp
-- Symlinking: /home/orangepi/marco_ws/install/marco_msgs/include/marco_msgs/marco_msgs/msg/detail/qr_detection__traits.hpp
-- Symlinking: /home/orangepi/marco_ws/install/marco_msgs/include/marco_msgs/marco_msgs/msg/detail/qr_detection__type_support.hpp
-- Symlinking: /home/orangepi/marco_ws/install/marco_msgs/include/marco_msgs/marco_msgs/msg/detail/robot_status__builder.hpp
-- Symlinking: /home/orangepi/marco_ws/install/marco_msgs/include/marco_msgs/marco_msgs/msg/detail/robot_status__struct.hpp
-- Symlinking: /home/orangepi/marco_ws/install/marco_msgs/include/marco_msgs/marco_msgs/msg/detail/robot_status__traits.hpp
-- Symlinking: /home/orangepi/marco_ws/install/marco_msgs/include/marco_msgs/marco_msgs/msg/detail/robot_status__type_support.hpp
-- Symlinking: /home/orangepi/marco_ws/install/marco_msgs/include/marco_msgs/marco_msgs/msg/lane_offset.hpp
-- Symlinking: /home/orangepi/marco_ws/install/marco_msgs/include/marco_msgs/marco_msgs/msg/qr_detection.hpp
-- Symlinking: /home/orangepi/marco_ws/install/marco_msgs/include/marco_msgs/marco_msgs/msg/robot_status.hpp
-- Symlinking: /home/orangepi/marco_ws/install/marco_msgs/include/marco_msgs/marco_msgs/msg/rosidl_generator_cpp__visibility_control.hpp
-- Symlinking: /home/orangepi/marco_ws/install/marco_msgs/include/marco_msgs/marco_msgs/action/detail/dock_to_station__rosidl_typesupport_fastrtps_cpp.hpp
-- Symlinking: /home/orangepi/marco_ws/install/marco_msgs/include/marco_msgs/marco_msgs/msg/detail/lane_offset__rosidl_typesupport_fastrtps_cpp.hpp
-- Symlinking: /home/orangepi/marco_ws/install/marco_msgs/include/marco_msgs/marco_msgs/msg/detail/qr_detection__rosidl_typesupport_fastrtps_cpp.hpp
-- Symlinking: /home/orangepi/marco_ws/install/marco_msgs/include/marco_msgs/marco_msgs/msg/detail/robot_status__rosidl_typesupport_fastrtps_cpp.hpp
-- Symlinking: /home/orangepi/marco_ws/install/marco_msgs/include/marco_msgs/marco_msgs/msg/rosidl_typesupport_fastrtps_cpp__visibility_control.h
-- Symlinking: /home/orangepi/marco_ws/install/marco_msgs/include/marco_msgs/marco_msgs/action/detail/dock_to_station__rosidl_typesupport_introspection_cpp.hpp
-- Symlinking: /home/orangepi/marco_ws/install/marco_msgs/include/marco_msgs/marco_msgs/msg/detail/lane_offset__rosidl_typesupport_introspection_cpp.hpp
-- Symlinking: /home/orangepi/marco_ws/install/marco_msgs/include/marco_msgs/marco_msgs/msg/detail/qr_detection__rosidl_typesupport_introspection_cpp.hpp
-- Symlinking: /home/orangepi/marco_ws/install/marco_msgs/include/marco_msgs/marco_msgs/msg/detail/robot_status__rosidl_typesupport_introspection_cpp.hpp
-- Symlinking: /home/orangepi/marco_ws/install/marco_msgs/share/marco_msgs/environment/pythonpath.sh
-- Symlinking: /home/orangepi/marco_ws/install/marco_msgs/share/marco_msgs/environment/pythonpath.dsv
-- Symlinking: /home/orangepi/marco_ws/install/marco_msgs/local/lib/python3.10/dist-packages/marco_msgs-0.1.0-py3.10.egg-info/PKG-INFO
-- Symlinking: /home/orangepi/marco_ws/install/marco_msgs/local/lib/python3.10/dist-packages/marco_msgs-0.1.0-py3.10.egg-info/SOURCES.txt
-- Symlinking: /home/orangepi/marco_ws/install/marco_msgs/local/lib/python3.10/dist-packages/marco_msgs-0.1.0-py3.10.egg-info/dependency_links.txt
-- Symlinking: /home/orangepi/marco_ws/install/marco_msgs/local/lib/python3.10/dist-packages/marco_msgs-0.1.0-py3.10.egg-info/top_level.txt
-- Symlinking: /home/orangepi/marco_ws/install/marco_msgs/local/lib/python3.10/dist-packages/marco_msgs/__init__.py
-- Symlinking: /home/orangepi/marco_ws/install/marco_msgs/local/lib/python3.10/dist-packages/marco_msgs/_marco_msgs_s.ep.rosidl_typesupport_c.c
-- Symlinking: /home/orangepi/marco_ws/install/marco_msgs/local/lib/python3.10/dist-packages/marco_msgs/_marco_msgs_s.ep.rosidl_typesupport_fastrtps_c.c
-- Symlinking: /home/orangepi/marco_ws/install/marco_msgs/local/lib/python3.10/dist-packages/marco_msgs/_marco_msgs_s.ep.rosidl_typesupport_introspection_c.c
-- Symlinking: /home/orangepi/marco_ws/install/marco_msgs/local/lib/python3.10/dist-packages/marco_msgs/action/__init__.py
-- Symlinking: /home/orangepi/marco_ws/install/marco_msgs/local/lib/python3.10/dist-packages/marco_msgs/action/_dock_to_station.py
-- Symlinking: /home/orangepi/marco_ws/install/marco_msgs/local/lib/python3.10/dist-packages/marco_msgs/action/_dock_to_station_s.c
-- Symlinking: /home/orangepi/marco_ws/install/marco_msgs/local/lib/python3.10/dist-packages/marco_msgs/libmarco_msgs__rosidl_generator_py.so
-- Symlinking: /home/orangepi/marco_ws/install/marco_msgs/local/lib/python3.10/dist-packages/marco_msgs/marco_msgs_s__rosidl_typesupport_c.cpython-310-aarch64-linux-gnu.so
-- Symlinking: /home/orangepi/marco_ws/install/marco_msgs/local/lib/python3.10/dist-packages/marco_msgs/marco_msgs_s__rosidl_typesupport_fastrtps_c.cpython-310-aarch64-linux-gnu.so
-- Symlinking: /home/orangepi/marco_ws/install/marco_msgs/local/lib/python3.10/dist-packages/marco_msgs/marco_msgs_s__rosidl_typesupport_introspection_c.cpython-310-aarch64-linux-gnu.so
-- Symlinking: /home/orangepi/marco_ws/install/marco_msgs/local/lib/python3.10/dist-packages/marco_msgs/msg/__init__.py
-- Symlinking: /home/orangepi/marco_ws/install/marco_msgs/local/lib/python3.10/dist-packages/marco_msgs/msg/_lane_offset.py
-- Symlinking: /home/orangepi/marco_ws/install/marco_msgs/local/lib/python3.10/dist-packages/marco_msgs/msg/_lane_offset_s.c
-- Symlinking: /home/orangepi/marco_ws/install/marco_msgs/local/lib/python3.10/dist-packages/marco_msgs/msg/_qr_detection.py
-- Symlinking: /home/orangepi/marco_ws/install/marco_msgs/local/lib/python3.10/dist-packages/marco_msgs/msg/_qr_detection_s.c
-- Symlinking: /home/orangepi/marco_ws/install/marco_msgs/local/lib/python3.10/dist-packages/marco_msgs/msg/_robot_status.py
-- Symlinking: /home/orangepi/marco_ws/install/marco_msgs/local/lib/python3.10/dist-packages/marco_msgs/msg/_robot_status_s.c
-- Up-to-date symlink: /home/orangepi/marco_ws/install/marco_msgs/local/lib/python3.10/dist-packages/marco_msgs/marco_msgs_s__rosidl_typesupport_fastrtps_c.cpython-310-aarch64-linux-gnu.so
-- Up-to-date symlink: /home/orangepi/marco_ws/install/marco_msgs/local/lib/python3.10/dist-packages/marco_msgs/marco_msgs_s__rosidl_typesupport_introspection_c.cpython-310-aarch64-linux-gnu.so
-- Up-to-date symlink: /home/orangepi/marco_ws/install/marco_msgs/local/lib/python3.10/dist-packages/marco_msgs/marco_msgs_s__rosidl_typesupport_c.cpython-310-aarch64-linux-gnu.so
-- Symlinking: /home/orangepi/marco_ws/install/marco_msgs/share/ament_index/resource_index/rust_packages/marco_msgs
-- Symlinking: /home/orangepi/marco_ws/install/marco_msgs/share/marco_msgs/rust/Cargo.toml
-- Symlinking: /home/orangepi/marco_ws/install/marco_msgs/share/marco_msgs/rust/build.rs
-- Symlinking: /home/orangepi/marco_ws/install/marco_msgs/share/marco_msgs/rust/src/action.rs
-- Symlinking: /home/orangepi/marco_ws/install/marco_msgs/share/marco_msgs/rust/src/action/rmw.rs
-- Symlinking: /home/orangepi/marco_ws/install/marco_msgs/share/marco_msgs/rust/src/lib.rs
-- Symlinking: /home/orangepi/marco_ws/install/marco_msgs/share/marco_msgs/rust/src/msg.rs
-- Symlinking: /home/orangepi/marco_ws/install/marco_msgs/share/marco_msgs/rust/src/msg/rmw.rs
-- Symlinking: /home/orangepi/marco_ws/install/marco_msgs/share/marco_msgs/msg/LaneOffset.idl
-- Symlinking: /home/orangepi/marco_ws/install/marco_msgs/share/marco_msgs/msg/QrDetection.idl
-- Symlinking: /home/orangepi/marco_ws/install/marco_msgs/share/marco_msgs/msg/RobotStatus.idl
-- Symlinking: /home/orangepi/marco_ws/install/marco_msgs/share/marco_msgs/action/DockToStation.idl
-- Symlinking: /home/orangepi/marco_ws/install/marco_msgs/share/marco_msgs/msg/LaneOffset.msg
-- Symlinking: /home/orangepi/marco_ws/install/marco_msgs/share/marco_msgs/msg/QrDetection.msg
-- Symlinking: /home/orangepi/marco_ws/install/marco_msgs/share/marco_msgs/msg/RobotStatus.msg
-- Symlinking: /home/orangepi/marco_ws/install/marco_msgs/share/marco_msgs/action/DockToStation.action
-- Symlinking: /home/orangepi/marco_ws/install/marco_msgs/share/ament_index/resource_index/package_run_dependencies/marco_msgs
-- Symlinking: /home/orangepi/marco_ws/install/marco_msgs/share/ament_index/resource_index/parent_prefix_path/marco_msgs
-- Symlinking: /home/orangepi/marco_ws/install/marco_msgs/share/marco_msgs/environment/ament_prefix_path.sh
-- Symlinking: /home/orangepi/marco_ws/install/marco_msgs/share/marco_msgs/environment/ament_prefix_path.dsv
-- Symlinking: /home/orangepi/marco_ws/install/marco_msgs/share/marco_msgs/environment/path.sh
-- Symlinking: /home/orangepi/marco_ws/install/marco_msgs/share/marco_msgs/environment/path.dsv
-- Symlinking: /home/orangepi/marco_ws/install/marco_msgs/share/marco_msgs/local_setup.bash
-- Symlinking: /home/orangepi/marco_ws/install/marco_msgs/share/marco_msgs/local_setup.sh
-- Symlinking: /home/orangepi/marco_ws/install/marco_msgs/share/marco_msgs/local_setup.zsh
-- Symlinking: /home/orangepi/marco_ws/install/marco_msgs/share/marco_msgs/local_setup.dsv
-- Symlinking: /home/orangepi/marco_ws/install/marco_msgs/share/marco_msgs/package.dsv
-- Symlinking: /home/orangepi/marco_ws/install/marco_msgs/share/ament_index/resource_index/packages/marco_msgs
-- Symlinking: /home/orangepi/marco_ws/install/marco_msgs/share/marco_msgs/cmake/rosidl_cmake-extras.cmake
-- Symlinking: /home/orangepi/marco_ws/install/marco_msgs/share/marco_msgs/cmake/ament_cmake_export_dependencies-extras.cmake
-- Symlinking: /home/orangepi/marco_ws/install/marco_msgs/share/marco_msgs/cmake/ament_cmake_export_include_directories-extras.cmake
-- Symlinking: /home/orangepi/marco_ws/install/marco_msgs/share/marco_msgs/cmake/ament_cmake_export_libraries-extras.cmake
-- Symlinking: /home/orangepi/marco_ws/install/marco_msgs/share/marco_msgs/cmake/ament_cmake_export_targets-extras.cmake
-- Symlinking: /home/orangepi/marco_ws/install/marco_msgs/share/marco_msgs/cmake/rosidl_cmake_export_typesupport_targets-extras.cmake
-- Symlinking: /home/orangepi/marco_ws/install/marco_msgs/share/marco_msgs/cmake/rosidl_cmake_export_typesupport_libraries-extras.cmake
-- Symlinking: /home/orangepi/marco_ws/install/marco_msgs/share/marco_msgs/cmake/rosidl_cmake_aggregate_target-extras.cmake
-- Symlinking: /home/orangepi/marco_ws/install/marco_msgs/share/marco_msgs/cmake/marco_msgsConfig.cmake
-- Symlinking: /home/orangepi/marco_ws/install/marco_msgs/share/marco_msgs/cmake/marco_msgsConfig-version.cmake
-- Symlinking: /home/orangepi/marco_ws/install/marco_msgs/share/marco_msgs/package.xml
-- Installing: /home/orangepi/marco_ws/install/marco_msgs/lib/libmarco_msgs__rosidl_generator_c.so
-- Set runtime path of "/home/orangepi/marco_ws/install/marco_msgs/lib/libmarco_msgs__rosidl_generator_c.so" to ""
-- Installing: /home/orangepi/marco_ws/install/marco_msgs/lib/libmarco_msgs__rosidl_typesupport_fastrtps_c.so
-- Set runtime path of "/home/orangepi/marco_ws/install/marco_msgs/lib/libmarco_msgs__rosidl_typesupport_fastrtps_c.so" to ""
-- Installing: /home/orangepi/marco_ws/install/marco_msgs/lib/libmarco_msgs__rosidl_typesupport_introspection_c.so
-- Set runtime path of "/home/orangepi/marco_ws/install/marco_msgs/lib/libmarco_msgs__rosidl_typesupport_introspection_c.so" to ""
-- Installing: /home/orangepi/marco_ws/install/marco_msgs/lib/libmarco_msgs__rosidl_typesupport_c.so
-- Set runtime path of "/home/orangepi/marco_ws/install/marco_msgs/lib/libmarco_msgs__rosidl_typesupport_c.so" to ""
-- Installing: /home/orangepi/marco_ws/install/marco_msgs/lib/libmarco_msgs__rosidl_typesupport_fastrtps_cpp.so
-- Set runtime path of "/home/orangepi/marco_ws/install/marco_msgs/lib/libmarco_msgs__rosidl_typesupport_fastrtps_cpp.so" to ""
-- Installing: /home/orangepi/marco_ws/install/marco_msgs/lib/libmarco_msgs__rosidl_typesupport_introspection_cpp.so
-- Set runtime path of "/home/orangepi/marco_ws/install/marco_msgs/lib/libmarco_msgs__rosidl_typesupport_introspection_cpp.so" to ""
-- Installing: /home/orangepi/marco_ws/install/marco_msgs/lib/libmarco_msgs__rosidl_typesupport_cpp.so
-- Set runtime path of "/home/orangepi/marco_ws/install/marco_msgs/lib/libmarco_msgs__rosidl_typesupport_cpp.so" to ""
Listing '/home/orangepi/marco_ws/install/marco_msgs/local/lib/python3.10/dist-packages/marco_msgs'...
Compiling '/home/orangepi/marco_ws/install/marco_msgs/local/lib/python3.10/dist-packages/marco_msgs/__init__.py'...
Listing '/home/orangepi/marco_ws/install/marco_msgs/local/lib/python3.10/dist-packages/marco_msgs/action'...
Compiling '/home/orangepi/marco_ws/install/marco_msgs/local/lib/python3.10/dist-packages/marco_msgs/action/__init__.py'...
Compiling '/home/orangepi/marco_ws/install/marco_msgs/local/lib/python3.10/dist-packages/marco_msgs/action/_dock_to_station.py'...
Listing '/home/orangepi/marco_ws/install/marco_msgs/local/lib/python3.10/dist-packages/marco_msgs/msg'...
Compiling '/home/orangepi/marco_ws/install/marco_msgs/local/lib/python3.10/dist-packages/marco_msgs/msg/__init__.py'...
Compiling '/home/orangepi/marco_ws/install/marco_msgs/local/lib/python3.10/dist-packages/marco_msgs/msg/_lane_offset.py'...
Compiling '/home/orangepi/marco_ws/install/marco_msgs/local/lib/python3.10/dist-packages/marco_msgs/msg/_qr_detection.py'...
Compiling '/home/orangepi/marco_ws/install/marco_msgs/local/lib/python3.10/dist-packages/marco_msgs/msg/_robot_status.py'...
-- Installing: /home/orangepi/marco_ws/install/marco_msgs/lib/libmarco_msgs__rosidl_generator_py.so
-- Set runtime path of "/home/orangepi/marco_ws/install/marco_msgs/lib/libmarco_msgs__rosidl_generator_py.so" to ""
-- Installing: /home/orangepi/marco_ws/install/marco_msgs/share/marco_msgs/cmake/export_marco_msgs__rosidl_generator_cExport.cmake
-- Installing: /home/orangepi/marco_ws/install/marco_msgs/share/marco_msgs/cmake/export_marco_msgs__rosidl_generator_cExport-noconfig.cmake
-- Installing: /home/orangepi/marco_ws/install/marco_msgs/share/marco_msgs/cmake/export_marco_msgs__rosidl_typesupport_fastrtps_cExport.cmake
-- Installing: /home/orangepi/marco_ws/install/marco_msgs/share/marco_msgs/cmake/export_marco_msgs__rosidl_typesupport_fastrtps_cExport-noconfig.cmake
-- Installing: /home/orangepi/marco_ws/install/marco_msgs/share/marco_msgs/cmake/marco_msgs__rosidl_typesupport_introspection_cExport.cmake
-- Installing: /home/orangepi/marco_ws/install/marco_msgs/share/marco_msgs/cmake/marco_msgs__rosidl_typesupport_introspection_cExport-noconfig.cmake
-- Installing: /home/orangepi/marco_ws/install/marco_msgs/share/marco_msgs/cmake/marco_msgs__rosidl_typesupport_cExport.cmake
-- Installing: /home/orangepi/marco_ws/install/marco_msgs/share/marco_msgs/cmake/marco_msgs__rosidl_typesupport_cExport-noconfig.cmake
-- Installing: /home/orangepi/marco_ws/install/marco_msgs/share/marco_msgs/cmake/export_marco_msgs__rosidl_generator_cppExport.cmake
-- Installing: /home/orangepi/marco_ws/install/marco_msgs/share/marco_msgs/cmake/export_marco_msgs__rosidl_typesupport_fastrtps_cppExport.cmake
-- Installing: /home/orangepi/marco_ws/install/marco_msgs/share/marco_msgs/cmake/export_marco_msgs__rosidl_typesupport_fastrtps_cppExport-noconfig.cmake
-- Installing: /home/orangepi/marco_ws/install/marco_msgs/share/marco_msgs/cmake/marco_msgs__rosidl_typesupport_introspection_cppExport.cmake
-- Installing: /home/orangepi/marco_ws/install/marco_msgs/share/marco_msgs/cmake/marco_msgs__rosidl_typesupport_introspection_cppExport-noconfig.cmake
-- Installing: /home/orangepi/marco_ws/install/marco_msgs/share/marco_msgs/cmake/marco_msgs__rosidl_typesupport_cppExport.cmake
-- Installing: /home/orangepi/marco_ws/install/marco_msgs/share/marco_msgs/cmake/marco_msgs__rosidl_typesupport_cppExport-noconfig.cmake
-- Installing: /home/orangepi/marco_ws/install/marco_msgs/share/marco_msgs/cmake/export_marco_msgs__rosidl_generator_pyExport.cmake
-- Installing: /home/orangepi/marco_ws/install/marco_msgs/share/marco_msgs/cmake/export_marco_msgs__rosidl_generator_pyExport-noconfig.cmake
