[1.322s] Invoking command in '/home/orangepi/marco_ws/build/marco_msgs': CMAKE_PREFIX_PATH=/opt/ros/humble /usr/bin/cmake /home/orangepi/marco_ws/src/marco_msgs -DAMENT_CMAKE_SYMLINK_INSTALL=1 -DCMAKE_INSTALL_PREFIX=/home/orangepi/marco_ws/install/marco_msgs
[1.545s] -- The C compiler identification is GNU 11.4.0
[1.693s] -- The CXX compiler identification is GNU 11.4.0
[1.708s] -- Detecting C compiler ABI info
[1.898s] -- Detecting C compiler ABI info - done
[1.937s] -- Check for working C compiler: /usr/bin/cc - skipped
[1.938s] -- Detecting C compile features
[1.941s] -- Detecting C compile features - done
[1.948s] -- Detecting CXX compiler ABI info
[2.232s] -- Detecting CXX compiler ABI info - done
[2.239s] -- Check for working CXX compiler: /usr/bin/c++ - skipped
[2.240s] -- Detecting CXX compile features
[2.241s] -- Detecting CXX compile features - done
[2.246s] -- Found ament_cmake: 1.3.14 (/opt/ros/humble/share/ament_cmake/cmake)
[2.631s] -- Found Python3: /usr/bin/python3 (found version "3.10.12") found components: Interpreter 
[2.990s] -- Override CMake install command with custom implementation using symlinks instead of copying resources
[3.081s] -- Found rosidl_default_generators: 1.2.1 (/opt/ros/humble/share/rosidl_default_generators/cmake)
[3.104s] -- Using all available rosidl_typesupport_c: rosidl_typesupport_fastrtps_c;rosidl_typesupport_introspection_c
[3.126s] -- Found rosidl_adapter: 3.1.9 (/opt/ros/humble/share/rosidl_adapter/cmake)
[3.396s] -- Using all available rosidl_typesupport_cpp: rosidl_typesupport_fastrtps_cpp;rosidl_typesupport_introspection_cpp
[3.492s] -- Found std_msgs: 4.9.1 (/opt/ros/humble/share/std_msgs/cmake)
[3.975s] -- Found geometry_msgs: 4.9.1 (/opt/ros/humble/share/geometry_msgs/cmake)
[4.304s] -- Found ament_cmake_ros: 0.10.0 (/opt/ros/humble/share/ament_cmake_ros/cmake)
[4.823s] -- Using all available rosidl_typesupport_c: rosidl_typesupport_fastrtps_c;rosidl_typesupport_introspection_c
[5.373s] -- Using all available rosidl_typesupport_cpp: rosidl_typesupport_fastrtps_cpp;rosidl_typesupport_introspection_cpp
[5.432s] -- Found PythonInterp: /usr/bin/python3 (found suitable version "3.10.12", minimum required is "3.6") 
[5.435s] -- Found python_cmake_module: 0.10.0 (/opt/ros/humble/share/python_cmake_module/cmake)
[5.499s] -- Found PythonLibs: /usr/lib/aarch64-linux-gnu/libpython3.10.so (found suitable version "3.10.12", minimum required is "3.5") 
[5.499s] -- Using PYTHON_EXECUTABLE: /usr/bin/python3
[5.499s] -- Using PYTHON_INCLUDE_DIRS: /usr/include/python3.10
[5.499s] -- Using PYTHON_LIBRARIES: /usr/lib/aarch64-linux-gnu/libpython3.10.so
[5.546s] -- Found PythonExtra: .so  
[5.896s] -- Configuring done
[5.947s] -- Generating done
[5.966s] -- Build files have been written to: /home/orangepi/marco_ws/build/marco_msgs
[6.000s] Invoked command in '/home/orangepi/marco_ws/build/marco_msgs' returned '0': CMAKE_PREFIX_PATH=/opt/ros/humble /usr/bin/cmake /home/orangepi/marco_ws/src/marco_msgs -DAMENT_CMAKE_SYMLINK_INSTALL=1 -DCMAKE_INSTALL_PREFIX=/home/orangepi/marco_ws/install/marco_msgs
[6.003s] Invoking command in '/home/orangepi/marco_ws/build/marco_msgs': CMAKE_PREFIX_PATH=/opt/ros/humble /usr/bin/cmake --build /home/orangepi/marco_ws/build/marco_msgs -- -j8 -l8
[6.142s] [  1%] Generating C code for ROS interfaces
[6.187s] [  5%] Generating C++ code for ROS interfaces
[6.187s] [  5%] Generating Rust code for ROS interfaces
[6.206s] [  5%] Built target ament_cmake_python_symlink_marco_msgs
[6.534s] running egg_info
[6.535s] creating marco_msgs.egg-info
[6.535s] writing marco_msgs.egg-info/PKG-INFO
[6.536s] writing dependency_links to marco_msgs.egg-info/dependency_links.txt
[6.536s] writing top-level names to marco_msgs.egg-info/top_level.txt
[6.537s] writing manifest file 'marco_msgs.egg-info/SOURCES.txt'
[6.540s] reading manifest file 'marco_msgs.egg-info/SOURCES.txt'
[6.541s] writing manifest file 'marco_msgs.egg-info/SOURCES.txt'
[6.639s] [  5%] Built target ament_cmake_python_build_marco_msgs_egg
[7.575s] [  5%] Built target marco_msgs__rs
[7.967s] [  7%] Building C object CMakeFiles/marco_msgs__rosidl_generator_c.dir/rosidl_generator_c/marco_msgs/msg/detail/lane_offset__functions.c.o
[7.967s] [  8%] Building C object CMakeFiles/marco_msgs__rosidl_generator_c.dir/rosidl_generator_c/marco_msgs/action/detail/dock_to_station__functions.c.o
[7.976s] [ 12%] Building C object CMakeFiles/marco_msgs__rosidl_generator_c.dir/rosidl_generator_c/marco_msgs/msg/detail/robot_status__functions.c.o
[7.977s] [ 12%] Building C object CMakeFiles/marco_msgs__rosidl_generator_c.dir/rosidl_generator_c/marco_msgs/msg/detail/qr_detection__functions.c.o
[7.991s] [ 12%] Built target marco_msgs__cpp
[8.014s] [ 14%] Generating C++ type support dispatch for ROS interfaces
[8.022s] [ 17%] Generating C++ type support for eProsima Fast-RTPS
[8.022s] [ 17%] Generating C++ introspection for ROS interfaces
[8.277s] [ 19%] Linking C shared library libmarco_msgs__rosidl_generator_c.so
[8.408s] [ 19%] Built target marco_msgs__rosidl_generator_c
[8.450s] [ 21%] Generating C type support dispatch for ROS interfaces
[8.450s] [ 23%] Generating C introspection for ROS interfaces
[8.466s] [ 25%] Generating C type support for eProsima Fast-RTPS
[9.581s] [ 26%] Building CXX object CMakeFiles/marco_msgs__rosidl_typesupport_cpp.dir/rosidl_typesupport_cpp/marco_msgs/msg/lane_offset__type_support.cpp.o
[9.583s] [ 28%] Building CXX object CMakeFiles/marco_msgs__rosidl_typesupport_cpp.dir/rosidl_typesupport_cpp/marco_msgs/msg/robot_status__type_support.cpp.o
[9.586s] [ 30%] Building CXX object CMakeFiles/marco_msgs__rosidl_typesupport_cpp.dir/rosidl_typesupport_cpp/marco_msgs/msg/qr_detection__type_support.cpp.o
[9.899s] [ 32%] Building CXX object CMakeFiles/marco_msgs__rosidl_typesupport_introspection_cpp.dir/rosidl_typesupport_introspection_cpp/marco_msgs/msg/detail/lane_offset__type_support.cpp.o
[9.928s] [ 33%] Building CXX object CMakeFiles/marco_msgs__rosidl_typesupport_fastrtps_cpp.dir/rosidl_typesupport_fastrtps_cpp/marco_msgs/msg/detail/dds_fastrtps/lane_offset__type_support.cpp.o
[10.380s] [ 35%] Building CXX object CMakeFiles/marco_msgs__rosidl_typesupport_cpp.dir/rosidl_typesupport_cpp/marco_msgs/action/dock_to_station__type_support.cpp.o
[10.402s] [ 37%] Building CXX object CMakeFiles/marco_msgs__rosidl_typesupport_introspection_cpp.dir/rosidl_typesupport_introspection_cpp/marco_msgs/msg/detail/qr_detection__type_support.cpp.o
[10.434s] [ 39%] Building C object CMakeFiles/marco_msgs__rosidl_typesupport_introspection_c.dir/rosidl_typesupport_introspection_c/marco_msgs/msg/detail/lane_offset__type_support.c.o
[10.453s] [ 41%] Building CXX object CMakeFiles/marco_msgs__rosidl_typesupport_c.dir/rosidl_typesupport_c/marco_msgs/msg/lane_offset__type_support.cpp.o
[10.487s] [ 42%] Building C object CMakeFiles/marco_msgs__rosidl_typesupport_introspection_c.dir/rosidl_typesupport_introspection_c/marco_msgs/msg/detail/qr_detection__type_support.c.o
[10.581s] [ 44%] Building CXX object CMakeFiles/marco_msgs__rosidl_typesupport_c.dir/rosidl_typesupport_c/marco_msgs/msg/qr_detection__type_support.cpp.o
[10.588s] [ 46%] Building C object CMakeFiles/marco_msgs__rosidl_typesupport_introspection_c.dir/rosidl_typesupport_introspection_c/marco_msgs/msg/detail/robot_status__type_support.c.o
[10.638s] [ 48%] Building C object CMakeFiles/marco_msgs__rosidl_typesupport_introspection_c.dir/rosidl_typesupport_introspection_c/marco_msgs/action/detail/dock_to_station__type_support.c.o
[10.716s] [ 50%] Building CXX object CMakeFiles/marco_msgs__rosidl_typesupport_c.dir/rosidl_typesupport_c/marco_msgs/msg/robot_status__type_support.cpp.o
[10.757s] [ 51%] Building CXX object CMakeFiles/marco_msgs__rosidl_typesupport_c.dir/rosidl_typesupport_c/marco_msgs/action/dock_to_station__type_support.cpp.o
[10.768s] [ 53%] Linking C shared library libmarco_msgs__rosidl_typesupport_introspection_c.so
[10.787s] [ 55%] Building CXX object CMakeFiles/marco_msgs__rosidl_typesupport_fastrtps_cpp.dir/rosidl_typesupport_fastrtps_cpp/marco_msgs/msg/detail/dds_fastrtps/qr_detection__type_support.cpp.o
[10.796s] [ 57%] Building CXX object CMakeFiles/marco_msgs__rosidl_typesupport_fastrtps_cpp.dir/rosidl_typesupport_fastrtps_cpp/marco_msgs/msg/detail/dds_fastrtps/robot_status__type_support.cpp.o
[10.835s] [ 58%] Building CXX object CMakeFiles/marco_msgs__rosidl_typesupport_introspection_cpp.dir/rosidl_typesupport_introspection_cpp/marco_msgs/msg/detail/robot_status__type_support.cpp.o
[10.923s] [ 58%] Built target marco_msgs__rosidl_typesupport_introspection_c
[10.956s] [ 60%] Building CXX object CMakeFiles/marco_msgs__rosidl_typesupport_fastrtps_cpp.dir/rosidl_typesupport_fastrtps_cpp/marco_msgs/action/detail/dds_fastrtps/dock_to_station__type_support.cpp.o
[10.990s] [ 62%] Linking CXX shared library libmarco_msgs__rosidl_typesupport_c.so
[11.036s] [ 64%] Building CXX object CMakeFiles/marco_msgs__rosidl_typesupport_introspection_cpp.dir/rosidl_typesupport_introspection_cpp/marco_msgs/action/detail/dock_to_station__type_support.cpp.o
[11.174s] [ 64%] Built target marco_msgs__rosidl_typesupport_c
[11.315s] [ 66%] Linking CXX shared library libmarco_msgs__rosidl_typesupport_cpp.so
[11.424s] [ 66%] Built target marco_msgs__rosidl_typesupport_cpp
[11.462s] [ 67%] Building CXX object CMakeFiles/marco_msgs__rosidl_typesupport_fastrtps_c.dir/rosidl_typesupport_fastrtps_c/marco_msgs/msg/detail/lane_offset__type_support_c.cpp.o
[11.477s] [ 73%] Building CXX object CMakeFiles/marco_msgs__rosidl_typesupport_fastrtps_c.dir/rosidl_typesupport_fastrtps_c/marco_msgs/msg/detail/robot_status__type_support_c.cpp.o
[11.477s] [ 69%] Building CXX object CMakeFiles/marco_msgs__rosidl_typesupport_fastrtps_c.dir/rosidl_typesupport_fastrtps_c/marco_msgs/msg/detail/qr_detection__type_support_c.cpp.o
[11.478s] [ 73%] Building CXX object CMakeFiles/marco_msgs__rosidl_typesupport_fastrtps_c.dir/rosidl_typesupport_fastrtps_c/marco_msgs/action/detail/dock_to_station__type_support_c.cpp.o
[12.051s] [ 75%] Linking CXX shared library libmarco_msgs__rosidl_typesupport_introspection_cpp.so
[12.124s] [ 76%] Linking CXX shared library libmarco_msgs__rosidl_typesupport_fastrtps_cpp.so
[12.273s] [ 76%] Built target marco_msgs__rosidl_typesupport_introspection_cpp
[12.295s] [ 76%] Built target marco_msgs__rosidl_typesupport_fastrtps_cpp
[12.451s] [ 78%] Linking CXX shared library libmarco_msgs__rosidl_typesupport_fastrtps_c.so
[12.684s] [ 78%] Built target marco_msgs__rosidl_typesupport_fastrtps_c
[12.748s] [ 78%] Built target marco_msgs
[12.797s] [ 80%] Generating Python code for ROS interfaces
[15.995s] [ 80%] Built target marco_msgs__py
[16.042s] [ 83%] Building C object CMakeFiles/marco_msgs__rosidl_generator_py.dir/rosidl_generator_py/marco_msgs/msg/_robot_status_s.c.o
[16.042s] [ 83%] Building C object CMakeFiles/marco_msgs__rosidl_generator_py.dir/rosidl_generator_py/marco_msgs/msg/_qr_detection_s.c.o
[16.056s] [ 85%] Building C object CMakeFiles/marco_msgs__rosidl_generator_py.dir/rosidl_generator_py/marco_msgs/msg/_lane_offset_s.c.o
[16.061s] [ 87%] Building C object CMakeFiles/marco_msgs__rosidl_generator_py.dir/rosidl_generator_py/marco_msgs/action/_dock_to_station_s.c.o
[16.531s] [ 89%] Linking C shared library rosidl_generator_py/marco_msgs/libmarco_msgs__rosidl_generator_py.so
[16.651s] [ 89%] Built target marco_msgs__rosidl_generator_py
[16.694s] [ 91%] Building C object CMakeFiles/marco_msgs__rosidl_typesupport_c__pyext.dir/rosidl_generator_py/marco_msgs/_marco_msgs_s.ep.rosidl_typesupport_c.c.o
[16.709s] [ 94%] Building C object CMakeFiles/marco_msgs__rosidl_typesupport_introspection_c__pyext.dir/rosidl_generator_py/marco_msgs/_marco_msgs_s.ep.rosidl_typesupport_introspection_c.c.o
[16.710s] [ 94%] Building C object CMakeFiles/marco_msgs__rosidl_typesupport_fastrtps_c__pyext.dir/rosidl_generator_py/marco_msgs/_marco_msgs_s.ep.rosidl_typesupport_fastrtps_c.c.o
[16.905s] [ 96%] Linking C shared library rosidl_generator_py/marco_msgs/marco_msgs_s__rosidl_typesupport_c.cpython-310-aarch64-linux-gnu.so
[16.909s] [ 98%] Linking C shared library rosidl_generator_py/marco_msgs/marco_msgs_s__rosidl_typesupport_fastrtps_c.cpython-310-aarch64-linux-gnu.so
[16.915s] [100%] Linking C shared library rosidl_generator_py/marco_msgs/marco_msgs_s__rosidl_typesupport_introspection_c.cpython-310-aarch64-linux-gnu.so
[17.008s] [100%] Built target marco_msgs__rosidl_typesupport_introspection_c__pyext
[17.020s] [100%] Built target marco_msgs__rosidl_typesupport_fastrtps_c__pyext
[17.025s] [100%] Built target marco_msgs__rosidl_typesupport_c__pyext
[17.044s] Invoked command in '/home/orangepi/marco_ws/build/marco_msgs' returned '0': CMAKE_PREFIX_PATH=/opt/ros/humble /usr/bin/cmake --build /home/orangepi/marco_ws/build/marco_msgs -- -j8 -l8
[17.048s] Invoking command in '/home/orangepi/marco_ws/build/marco_msgs': CMAKE_PREFIX_PATH=/opt/ros/humble /usr/bin/cmake --install /home/orangepi/marco_ws/build/marco_msgs
[17.064s] -- Install configuration: ""
[17.065s] -- Execute custom install script
[17.066s] -- Symlinking: /home/orangepi/marco_ws/install/marco_msgs/share/ament_index/resource_index/rosidl_interfaces/marco_msgs
[17.093s] -- Symlinking: /home/orangepi/marco_ws/install/marco_msgs/include/marco_msgs/marco_msgs/action/detail/dock_to_station__functions.h
[17.119s] -- Symlinking: /home/orangepi/marco_ws/install/marco_msgs/include/marco_msgs/marco_msgs/action/detail/dock_to_station__struct.h
[17.146s] -- Symlinking: /home/orangepi/marco_ws/install/marco_msgs/include/marco_msgs/marco_msgs/action/detail/dock_to_station__type_support.h
[17.169s] -- Symlinking: /home/orangepi/marco_ws/install/marco_msgs/include/marco_msgs/marco_msgs/action/dock_to_station.h
[17.196s] -- Symlinking: /home/orangepi/marco_ws/install/marco_msgs/include/marco_msgs/marco_msgs/msg/detail/lane_offset__functions.h
[17.224s] -- Symlinking: /home/orangepi/marco_ws/install/marco_msgs/include/marco_msgs/marco_msgs/msg/detail/lane_offset__struct.h
[17.253s] -- Symlinking: /home/orangepi/marco_ws/install/marco_msgs/include/marco_msgs/marco_msgs/msg/detail/lane_offset__type_support.h
[17.275s] -- Symlinking: /home/orangepi/marco_ws/install/marco_msgs/include/marco_msgs/marco_msgs/msg/detail/qr_detection__functions.h
[17.286s] -- Symlinking: /home/orangepi/marco_ws/install/marco_msgs/include/marco_msgs/marco_msgs/msg/detail/qr_detection__struct.h
[17.298s] -- Symlinking: /home/orangepi/marco_ws/install/marco_msgs/include/marco_msgs/marco_msgs/msg/detail/qr_detection__type_support.h
[17.309s] -- Symlinking: /home/orangepi/marco_ws/install/marco_msgs/include/marco_msgs/marco_msgs/msg/detail/robot_status__functions.h
[17.321s] -- Symlinking: /home/orangepi/marco_ws/install/marco_msgs/include/marco_msgs/marco_msgs/msg/detail/robot_status__struct.h
[17.333s] -- Symlinking: /home/orangepi/marco_ws/install/marco_msgs/include/marco_msgs/marco_msgs/msg/detail/robot_status__type_support.h
[17.346s] -- Symlinking: /home/orangepi/marco_ws/install/marco_msgs/include/marco_msgs/marco_msgs/msg/lane_offset.h
[17.373s] -- Symlinking: /home/orangepi/marco_ws/install/marco_msgs/include/marco_msgs/marco_msgs/msg/qr_detection.h
[17.394s] -- Symlinking: /home/orangepi/marco_ws/install/marco_msgs/include/marco_msgs/marco_msgs/msg/robot_status.h
[17.414s] -- Symlinking: /home/orangepi/marco_ws/install/marco_msgs/include/marco_msgs/marco_msgs/msg/rosidl_generator_c__visibility_control.h
[17.426s] -- Symlinking: /home/orangepi/marco_ws/install/marco_msgs/share/marco_msgs/environment/library_path.sh
[17.454s] -- Symlinking: /home/orangepi/marco_ws/install/marco_msgs/share/marco_msgs/environment/library_path.dsv
[17.482s] -- Symlinking: /home/orangepi/marco_ws/install/marco_msgs/include/marco_msgs/marco_msgs/action/detail/dock_to_station__rosidl_typesupport_fastrtps_c.h
[17.509s] -- Symlinking: /home/orangepi/marco_ws/install/marco_msgs/include/marco_msgs/marco_msgs/msg/detail/lane_offset__rosidl_typesupport_fastrtps_c.h
[17.536s] -- Symlinking: /home/orangepi/marco_ws/install/marco_msgs/include/marco_msgs/marco_msgs/msg/detail/qr_detection__rosidl_typesupport_fastrtps_c.h
[17.564s] -- Symlinking: /home/orangepi/marco_ws/install/marco_msgs/include/marco_msgs/marco_msgs/msg/detail/robot_status__rosidl_typesupport_fastrtps_c.h
[17.591s] -- Symlinking: /home/orangepi/marco_ws/install/marco_msgs/include/marco_msgs/marco_msgs/msg/rosidl_typesupport_fastrtps_c__visibility_control.h
[17.619s] -- Symlinking: /home/orangepi/marco_ws/install/marco_msgs/include/marco_msgs/marco_msgs/action/detail/dock_to_station__rosidl_typesupport_introspection_c.h
[17.644s] -- Symlinking: /home/orangepi/marco_ws/install/marco_msgs/include/marco_msgs/marco_msgs/msg/detail/lane_offset__rosidl_typesupport_introspection_c.h
[17.668s] -- Symlinking: /home/orangepi/marco_ws/install/marco_msgs/include/marco_msgs/marco_msgs/msg/detail/qr_detection__rosidl_typesupport_introspection_c.h
[17.678s] -- Symlinking: /home/orangepi/marco_ws/install/marco_msgs/include/marco_msgs/marco_msgs/msg/detail/robot_status__rosidl_typesupport_introspection_c.h
[17.700s] -- Symlinking: /home/orangepi/marco_ws/install/marco_msgs/include/marco_msgs/marco_msgs/msg/rosidl_typesupport_introspection_c__visibility_control.h
[17.726s] -- Symlinking: /home/orangepi/marco_ws/install/marco_msgs/include/marco_msgs/marco_msgs/action/detail/dock_to_station__builder.hpp
[17.753s] -- Symlinking: /home/orangepi/marco_ws/install/marco_msgs/include/marco_msgs/marco_msgs/action/detail/dock_to_station__struct.hpp
[17.766s] -- Symlinking: /home/orangepi/marco_ws/install/marco_msgs/include/marco_msgs/marco_msgs/action/detail/dock_to_station__traits.hpp
[17.777s] -- Symlinking: /home/orangepi/marco_ws/install/marco_msgs/include/marco_msgs/marco_msgs/action/detail/dock_to_station__type_support.hpp
[17.789s] -- Symlinking: /home/orangepi/marco_ws/install/marco_msgs/include/marco_msgs/marco_msgs/action/dock_to_station.hpp
[17.805s] -- Symlinking: /home/orangepi/marco_ws/install/marco_msgs/include/marco_msgs/marco_msgs/msg/detail/lane_offset__builder.hpp
[17.818s] -- Symlinking: /home/orangepi/marco_ws/install/marco_msgs/include/marco_msgs/marco_msgs/msg/detail/lane_offset__struct.hpp
[17.830s] -- Symlinking: /home/orangepi/marco_ws/install/marco_msgs/include/marco_msgs/marco_msgs/msg/detail/lane_offset__traits.hpp
[17.849s] -- Symlinking: /home/orangepi/marco_ws/install/marco_msgs/include/marco_msgs/marco_msgs/msg/detail/lane_offset__type_support.hpp
[17.862s] -- Symlinking: /home/orangepi/marco_ws/install/marco_msgs/include/marco_msgs/marco_msgs/msg/detail/qr_detection__builder.hpp
[17.890s] -- Symlinking: /home/orangepi/marco_ws/install/marco_msgs/include/marco_msgs/marco_msgs/msg/detail/qr_detection__struct.hpp
[17.902s] -- Symlinking: /home/orangepi/marco_ws/install/marco_msgs/include/marco_msgs/marco_msgs/msg/detail/qr_detection__traits.hpp
[17.938s] -- Symlinking: /home/orangepi/marco_ws/install/marco_msgs/include/marco_msgs/marco_msgs/msg/detail/qr_detection__type_support.hpp
[17.960s] -- Symlinking: /home/orangepi/marco_ws/install/marco_msgs/include/marco_msgs/marco_msgs/msg/detail/robot_status__builder.hpp
[17.978s] -- Symlinking: /home/orangepi/marco_ws/install/marco_msgs/include/marco_msgs/marco_msgs/msg/detail/robot_status__struct.hpp
[17.995s] -- Symlinking: /home/orangepi/marco_ws/install/marco_msgs/include/marco_msgs/marco_msgs/msg/detail/robot_status__traits.hpp
[18.012s] -- Symlinking: /home/orangepi/marco_ws/install/marco_msgs/include/marco_msgs/marco_msgs/msg/detail/robot_status__type_support.hpp
[18.045s] -- Symlinking: /home/orangepi/marco_ws/install/marco_msgs/include/marco_msgs/marco_msgs/msg/lane_offset.hpp
[18.068s] -- Symlinking: /home/orangepi/marco_ws/install/marco_msgs/include/marco_msgs/marco_msgs/msg/qr_detection.hpp
[18.086s] -- Symlinking: /home/orangepi/marco_ws/install/marco_msgs/include/marco_msgs/marco_msgs/msg/robot_status.hpp
[18.116s] -- Symlinking: /home/orangepi/marco_ws/install/marco_msgs/include/marco_msgs/marco_msgs/msg/rosidl_generator_cpp__visibility_control.hpp
[18.139s] -- Symlinking: /home/orangepi/marco_ws/install/marco_msgs/include/marco_msgs/marco_msgs/action/detail/dock_to_station__rosidl_typesupport_fastrtps_cpp.hpp
[18.159s] -- Symlinking: /home/orangepi/marco_ws/install/marco_msgs/include/marco_msgs/marco_msgs/msg/detail/lane_offset__rosidl_typesupport_fastrtps_cpp.hpp
[18.192s] -- Symlinking: /home/orangepi/marco_ws/install/marco_msgs/include/marco_msgs/marco_msgs/msg/detail/qr_detection__rosidl_typesupport_fastrtps_cpp.hpp
[18.226s] -- Symlinking: /home/orangepi/marco_ws/install/marco_msgs/include/marco_msgs/marco_msgs/msg/detail/robot_status__rosidl_typesupport_fastrtps_cpp.hpp
[18.254s] -- Symlinking: /home/orangepi/marco_ws/install/marco_msgs/include/marco_msgs/marco_msgs/msg/rosidl_typesupport_fastrtps_cpp__visibility_control.h
[18.287s] -- Symlinking: /home/orangepi/marco_ws/install/marco_msgs/include/marco_msgs/marco_msgs/action/detail/dock_to_station__rosidl_typesupport_introspection_cpp.hpp
[18.323s] -- Symlinking: /home/orangepi/marco_ws/install/marco_msgs/include/marco_msgs/marco_msgs/msg/detail/lane_offset__rosidl_typesupport_introspection_cpp.hpp
[18.340s] -- Symlinking: /home/orangepi/marco_ws/install/marco_msgs/include/marco_msgs/marco_msgs/msg/detail/qr_detection__rosidl_typesupport_introspection_cpp.hpp
[18.373s] -- Symlinking: /home/orangepi/marco_ws/install/marco_msgs/include/marco_msgs/marco_msgs/msg/detail/robot_status__rosidl_typesupport_introspection_cpp.hpp
[18.409s] -- Symlinking: /home/orangepi/marco_ws/install/marco_msgs/share/marco_msgs/environment/pythonpath.sh
[18.429s] -- Symlinking: /home/orangepi/marco_ws/install/marco_msgs/share/marco_msgs/environment/pythonpath.dsv
[18.447s] -- Symlinking: /home/orangepi/marco_ws/install/marco_msgs/local/lib/python3.10/dist-packages/marco_msgs-0.1.0-py3.10.egg-info/PKG-INFO
[18.464s] -- Symlinking: /home/orangepi/marco_ws/install/marco_msgs/local/lib/python3.10/dist-packages/marco_msgs-0.1.0-py3.10.egg-info/SOURCES.txt
[18.499s] -- Symlinking: /home/orangepi/marco_ws/install/marco_msgs/local/lib/python3.10/dist-packages/marco_msgs-0.1.0-py3.10.egg-info/dependency_links.txt
[18.532s] -- Symlinking: /home/orangepi/marco_ws/install/marco_msgs/local/lib/python3.10/dist-packages/marco_msgs-0.1.0-py3.10.egg-info/top_level.txt
[18.572s] -- Symlinking: /home/orangepi/marco_ws/install/marco_msgs/local/lib/python3.10/dist-packages/marco_msgs/__init__.py
[18.608s] -- Symlinking: /home/orangepi/marco_ws/install/marco_msgs/local/lib/python3.10/dist-packages/marco_msgs/_marco_msgs_s.ep.rosidl_typesupport_c.c
[18.643s] -- Symlinking: /home/orangepi/marco_ws/install/marco_msgs/local/lib/python3.10/dist-packages/marco_msgs/_marco_msgs_s.ep.rosidl_typesupport_fastrtps_c.c
[18.679s] -- Symlinking: /home/orangepi/marco_ws/install/marco_msgs/local/lib/python3.10/dist-packages/marco_msgs/_marco_msgs_s.ep.rosidl_typesupport_introspection_c.c
[18.696s] -- Symlinking: /home/orangepi/marco_ws/install/marco_msgs/local/lib/python3.10/dist-packages/marco_msgs/action/__init__.py
[18.729s] -- Symlinking: /home/orangepi/marco_ws/install/marco_msgs/local/lib/python3.10/dist-packages/marco_msgs/action/_dock_to_station.py
[18.760s] -- Symlinking: /home/orangepi/marco_ws/install/marco_msgs/local/lib/python3.10/dist-packages/marco_msgs/action/_dock_to_station_s.c
[18.787s] -- Symlinking: /home/orangepi/marco_ws/install/marco_msgs/local/lib/python3.10/dist-packages/marco_msgs/libmarco_msgs__rosidl_generator_py.so
[18.803s] -- Symlinking: /home/orangepi/marco_ws/install/marco_msgs/local/lib/python3.10/dist-packages/marco_msgs/marco_msgs_s__rosidl_typesupport_c.cpython-310-aarch64-linux-gnu.so
[18.840s] -- Symlinking: /home/orangepi/marco_ws/install/marco_msgs/local/lib/python3.10/dist-packages/marco_msgs/marco_msgs_s__rosidl_typesupport_fastrtps_c.cpython-310-aarch64-linux-gnu.so
[18.875s] -- Symlinking: /home/orangepi/marco_ws/install/marco_msgs/local/lib/python3.10/dist-packages/marco_msgs/marco_msgs_s__rosidl_typesupport_introspection_c.cpython-310-aarch64-linux-gnu.so
[18.907s] -- Symlinking: /home/orangepi/marco_ws/install/marco_msgs/local/lib/python3.10/dist-packages/marco_msgs/msg/__init__.py
[18.939s] -- Symlinking: /home/orangepi/marco_ws/install/marco_msgs/local/lib/python3.10/dist-packages/marco_msgs/msg/_lane_offset.py
[18.971s] -- Symlinking: /home/orangepi/marco_ws/install/marco_msgs/local/lib/python3.10/dist-packages/marco_msgs/msg/_lane_offset_s.c
[19.007s] -- Symlinking: /home/orangepi/marco_ws/install/marco_msgs/local/lib/python3.10/dist-packages/marco_msgs/msg/_qr_detection.py
[19.039s] -- Symlinking: /home/orangepi/marco_ws/install/marco_msgs/local/lib/python3.10/dist-packages/marco_msgs/msg/_qr_detection_s.c
[19.070s] -- Symlinking: /home/orangepi/marco_ws/install/marco_msgs/local/lib/python3.10/dist-packages/marco_msgs/msg/_robot_status.py
[19.104s] -- Symlinking: /home/orangepi/marco_ws/install/marco_msgs/local/lib/python3.10/dist-packages/marco_msgs/msg/_robot_status_s.c
[19.141s] -- Up-to-date symlink: /home/orangepi/marco_ws/install/marco_msgs/local/lib/python3.10/dist-packages/marco_msgs/marco_msgs_s__rosidl_typesupport_fastrtps_c.cpython-310-aarch64-linux-gnu.so
[19.142s] -- Up-to-date symlink: /home/orangepi/marco_ws/install/marco_msgs/local/lib/python3.10/dist-packages/marco_msgs/marco_msgs_s__rosidl_typesupport_introspection_c.cpython-310-aarch64-linux-gnu.so
[19.143s] -- Up-to-date symlink: /home/orangepi/marco_ws/install/marco_msgs/local/lib/python3.10/dist-packages/marco_msgs/marco_msgs_s__rosidl_typesupport_c.cpython-310-aarch64-linux-gnu.so
[19.145s] -- Symlinking: /home/orangepi/marco_ws/install/marco_msgs/share/ament_index/resource_index/rust_packages/marco_msgs
[19.183s] -- Symlinking: /home/orangepi/marco_ws/install/marco_msgs/share/marco_msgs/rust/Cargo.toml
[19.215s] -- Symlinking: /home/orangepi/marco_ws/install/marco_msgs/share/marco_msgs/rust/build.rs
[19.254s] -- Symlinking: /home/orangepi/marco_ws/install/marco_msgs/share/marco_msgs/rust/src/action.rs
[19.276s] -- Symlinking: /home/orangepi/marco_ws/install/marco_msgs/share/marco_msgs/rust/src/action/rmw.rs
[19.306s] -- Symlinking: /home/orangepi/marco_ws/install/marco_msgs/share/marco_msgs/rust/src/lib.rs
[19.334s] -- Symlinking: /home/orangepi/marco_ws/install/marco_msgs/share/marco_msgs/rust/src/msg.rs
[19.351s] -- Symlinking: /home/orangepi/marco_ws/install/marco_msgs/share/marco_msgs/rust/src/msg/rmw.rs
[19.386s] -- Symlinking: /home/orangepi/marco_ws/install/marco_msgs/share/marco_msgs/msg/LaneOffset.idl
[19.422s] -- Symlinking: /home/orangepi/marco_ws/install/marco_msgs/share/marco_msgs/msg/QrDetection.idl
[19.441s] -- Symlinking: /home/orangepi/marco_ws/install/marco_msgs/share/marco_msgs/msg/RobotStatus.idl
[19.459s] -- Symlinking: /home/orangepi/marco_ws/install/marco_msgs/share/marco_msgs/action/DockToStation.idl
[19.477s] -- Symlinking: /home/orangepi/marco_ws/install/marco_msgs/share/marco_msgs/msg/LaneOffset.msg
[19.505s] -- Symlinking: /home/orangepi/marco_ws/install/marco_msgs/share/marco_msgs/msg/QrDetection.msg
[19.538s] -- Symlinking: /home/orangepi/marco_ws/install/marco_msgs/share/marco_msgs/msg/RobotStatus.msg
[19.575s] -- Symlinking: /home/orangepi/marco_ws/install/marco_msgs/share/marco_msgs/action/DockToStation.action
[19.610s] -- Symlinking: /home/orangepi/marco_ws/install/marco_msgs/share/ament_index/resource_index/package_run_dependencies/marco_msgs
[19.635s] -- Symlinking: /home/orangepi/marco_ws/install/marco_msgs/share/ament_index/resource_index/parent_prefix_path/marco_msgs
[19.670s] -- Symlinking: /home/orangepi/marco_ws/install/marco_msgs/share/marco_msgs/environment/ament_prefix_path.sh
[19.691s] -- Symlinking: /home/orangepi/marco_ws/install/marco_msgs/share/marco_msgs/environment/ament_prefix_path.dsv
[19.721s] -- Symlinking: /home/orangepi/marco_ws/install/marco_msgs/share/marco_msgs/environment/path.sh
[19.754s] -- Symlinking: /home/orangepi/marco_ws/install/marco_msgs/share/marco_msgs/environment/path.dsv
[19.788s] -- Symlinking: /home/orangepi/marco_ws/install/marco_msgs/share/marco_msgs/local_setup.bash
[19.810s] -- Symlinking: /home/orangepi/marco_ws/install/marco_msgs/share/marco_msgs/local_setup.sh
[19.846s] -- Symlinking: /home/orangepi/marco_ws/install/marco_msgs/share/marco_msgs/local_setup.zsh
[19.864s] -- Symlinking: /home/orangepi/marco_ws/install/marco_msgs/share/marco_msgs/local_setup.dsv
[19.882s] -- Symlinking: /home/orangepi/marco_ws/install/marco_msgs/share/marco_msgs/package.dsv
[19.901s] -- Symlinking: /home/orangepi/marco_ws/install/marco_msgs/share/ament_index/resource_index/packages/marco_msgs
[19.935s] -- Symlinking: /home/orangepi/marco_ws/install/marco_msgs/share/marco_msgs/cmake/rosidl_cmake-extras.cmake
[19.959s] -- Symlinking: /home/orangepi/marco_ws/install/marco_msgs/share/marco_msgs/cmake/ament_cmake_export_dependencies-extras.cmake
[19.977s] -- Symlinking: /home/orangepi/marco_ws/install/marco_msgs/share/marco_msgs/cmake/ament_cmake_export_include_directories-extras.cmake
[20.007s] -- Symlinking: /home/orangepi/marco_ws/install/marco_msgs/share/marco_msgs/cmake/ament_cmake_export_libraries-extras.cmake
[20.039s] -- Symlinking: /home/orangepi/marco_ws/install/marco_msgs/share/marco_msgs/cmake/ament_cmake_export_targets-extras.cmake
[20.061s] -- Symlinking: /home/orangepi/marco_ws/install/marco_msgs/share/marco_msgs/cmake/rosidl_cmake_export_typesupport_targets-extras.cmake
[20.097s] -- Symlinking: /home/orangepi/marco_ws/install/marco_msgs/share/marco_msgs/cmake/rosidl_cmake_export_typesupport_libraries-extras.cmake
[20.127s] -- Symlinking: /home/orangepi/marco_ws/install/marco_msgs/share/marco_msgs/cmake/rosidl_cmake_aggregate_target-extras.cmake
[20.163s] -- Symlinking: /home/orangepi/marco_ws/install/marco_msgs/share/marco_msgs/cmake/marco_msgsConfig.cmake
[20.186s] -- Symlinking: /home/orangepi/marco_ws/install/marco_msgs/share/marco_msgs/cmake/marco_msgsConfig-version.cmake
[20.219s] -- Symlinking: /home/orangepi/marco_ws/install/marco_msgs/share/marco_msgs/package.xml
[20.241s] -- Installing: /home/orangepi/marco_ws/install/marco_msgs/lib/libmarco_msgs__rosidl_generator_c.so
[20.243s] -- Set runtime path of "/home/orangepi/marco_ws/install/marco_msgs/lib/libmarco_msgs__rosidl_generator_c.so" to ""
[20.243s] -- Installing: /home/orangepi/marco_ws/install/marco_msgs/lib/libmarco_msgs__rosidl_typesupport_fastrtps_c.so
[20.244s] -- Set runtime path of "/home/orangepi/marco_ws/install/marco_msgs/lib/libmarco_msgs__rosidl_typesupport_fastrtps_c.so" to ""
[20.245s] -- Installing: /home/orangepi/marco_ws/install/marco_msgs/lib/libmarco_msgs__rosidl_typesupport_introspection_c.so
[20.245s] -- Set runtime path of "/home/orangepi/marco_ws/install/marco_msgs/lib/libmarco_msgs__rosidl_typesupport_introspection_c.so" to ""
[20.246s] -- Installing: /home/orangepi/marco_ws/install/marco_msgs/lib/libmarco_msgs__rosidl_typesupport_c.so
[20.247s] -- Set runtime path of "/home/orangepi/marco_ws/install/marco_msgs/lib/libmarco_msgs__rosidl_typesupport_c.so" to ""
[20.247s] -- Installing: /home/orangepi/marco_ws/install/marco_msgs/lib/libmarco_msgs__rosidl_typesupport_fastrtps_cpp.so
[20.248s] -- Set runtime path of "/home/orangepi/marco_ws/install/marco_msgs/lib/libmarco_msgs__rosidl_typesupport_fastrtps_cpp.so" to ""
[20.249s] -- Installing: /home/orangepi/marco_ws/install/marco_msgs/lib/libmarco_msgs__rosidl_typesupport_introspection_cpp.so
[20.250s] -- Set runtime path of "/home/orangepi/marco_ws/install/marco_msgs/lib/libmarco_msgs__rosidl_typesupport_introspection_cpp.so" to ""
[20.250s] -- Installing: /home/orangepi/marco_ws/install/marco_msgs/lib/libmarco_msgs__rosidl_typesupport_cpp.so
[20.251s] -- Set runtime path of "/home/orangepi/marco_ws/install/marco_msgs/lib/libmarco_msgs__rosidl_typesupport_cpp.so" to ""
[20.335s] Listing '/home/orangepi/marco_ws/install/marco_msgs/local/lib/python3.10/dist-packages/marco_msgs'...
[20.335s] Compiling '/home/orangepi/marco_ws/install/marco_msgs/local/lib/python3.10/dist-packages/marco_msgs/__init__.py'...
[20.335s] Listing '/home/orangepi/marco_ws/install/marco_msgs/local/lib/python3.10/dist-packages/marco_msgs/action'...
[20.336s] Compiling '/home/orangepi/marco_ws/install/marco_msgs/local/lib/python3.10/dist-packages/marco_msgs/action/__init__.py'...
[20.336s] Compiling '/home/orangepi/marco_ws/install/marco_msgs/local/lib/python3.10/dist-packages/marco_msgs/action/_dock_to_station.py'...
[20.336s] Listing '/home/orangepi/marco_ws/install/marco_msgs/local/lib/python3.10/dist-packages/marco_msgs/msg'...
[20.336s] Compiling '/home/orangepi/marco_ws/install/marco_msgs/local/lib/python3.10/dist-packages/marco_msgs/msg/__init__.py'...
[20.337s] Compiling '/home/orangepi/marco_ws/install/marco_msgs/local/lib/python3.10/dist-packages/marco_msgs/msg/_lane_offset.py'...
[20.337s] Compiling '/home/orangepi/marco_ws/install/marco_msgs/local/lib/python3.10/dist-packages/marco_msgs/msg/_qr_detection.py'...
[20.337s] Compiling '/home/orangepi/marco_ws/install/marco_msgs/local/lib/python3.10/dist-packages/marco_msgs/msg/_robot_status.py'...
[20.352s] -- Installing: /home/orangepi/marco_ws/install/marco_msgs/lib/libmarco_msgs__rosidl_generator_py.so
[20.353s] -- Set runtime path of "/home/orangepi/marco_ws/install/marco_msgs/lib/libmarco_msgs__rosidl_generator_py.so" to ""
[20.353s] -- Installing: /home/orangepi/marco_ws/install/marco_msgs/share/marco_msgs/cmake/export_marco_msgs__rosidl_generator_cExport.cmake
[20.354s] -- Installing: /home/orangepi/marco_ws/install/marco_msgs/share/marco_msgs/cmake/export_marco_msgs__rosidl_generator_cExport-noconfig.cmake
[20.354s] -- Installing: /home/orangepi/marco_ws/install/marco_msgs/share/marco_msgs/cmake/export_marco_msgs__rosidl_typesupport_fastrtps_cExport.cmake
[20.354s] -- Installing: /home/orangepi/marco_ws/install/marco_msgs/share/marco_msgs/cmake/export_marco_msgs__rosidl_typesupport_fastrtps_cExport-noconfig.cmake
[20.355s] -- Installing: /home/orangepi/marco_ws/install/marco_msgs/share/marco_msgs/cmake/marco_msgs__rosidl_typesupport_introspection_cExport.cmake
[20.355s] -- Installing: /home/orangepi/marco_ws/install/marco_msgs/share/marco_msgs/cmake/marco_msgs__rosidl_typesupport_introspection_cExport-noconfig.cmake
[20.356s] -- Installing: /home/orangepi/marco_ws/install/marco_msgs/share/marco_msgs/cmake/marco_msgs__rosidl_typesupport_cExport.cmake
[20.356s] -- Installing: /home/orangepi/marco_ws/install/marco_msgs/share/marco_msgs/cmake/marco_msgs__rosidl_typesupport_cExport-noconfig.cmake
[20.356s] -- Installing: /home/orangepi/marco_ws/install/marco_msgs/share/marco_msgs/cmake/export_marco_msgs__rosidl_generator_cppExport.cmake
[20.357s] -- Installing: /home/orangepi/marco_ws/install/marco_msgs/share/marco_msgs/cmake/export_marco_msgs__rosidl_typesupport_fastrtps_cppExport.cmake
[20.357s] -- Installing: /home/orangepi/marco_ws/install/marco_msgs/share/marco_msgs/cmake/export_marco_msgs__rosidl_typesupport_fastrtps_cppExport-noconfig.cmake
[20.358s] -- Installing: /home/orangepi/marco_ws/install/marco_msgs/share/marco_msgs/cmake/marco_msgs__rosidl_typesupport_introspection_cppExport.cmake
[20.358s] -- Installing: /home/orangepi/marco_ws/install/marco_msgs/share/marco_msgs/cmake/marco_msgs__rosidl_typesupport_introspection_cppExport-noconfig.cmake
[20.358s] -- Installing: /home/orangepi/marco_ws/install/marco_msgs/share/marco_msgs/cmake/marco_msgs__rosidl_typesupport_cppExport.cmake
[20.359s] -- Installing: /home/orangepi/marco_ws/install/marco_msgs/share/marco_msgs/cmake/marco_msgs__rosidl_typesupport_cppExport-noconfig.cmake
[20.359s] -- Installing: /home/orangepi/marco_ws/install/marco_msgs/share/marco_msgs/cmake/export_marco_msgs__rosidl_generator_pyExport.cmake
[20.360s] -- Installing: /home/orangepi/marco_ws/install/marco_msgs/share/marco_msgs/cmake/export_marco_msgs__rosidl_generator_pyExport-noconfig.cmake
[20.372s] Invoked command in '/home/orangepi/marco_ws/build/marco_msgs' returned '0': CMAKE_PREFIX_PATH=/opt/ros/humble /usr/bin/cmake --install /home/orangepi/marco_ws/build/marco_msgs
