[1.568s] Invoking command in '/home/orangepi/marco_ws/build/marco_perception': PYTHONPATH=/home/orangepi/marco_ws/build/marco_perception/prefix_override:/usr/lib/python3/dist-packages/colcon_core/task/python/colcon_distutils_commands:/home/orangepi/marco_ws/install/marco_perception/lib/python3.10/site-packages:${PYTHONPATH} /usr/bin/python3 -W ignore:setup.py install is deprecated -W ignore:easy_install command is deprecated setup.py develop --editable --build-directory /home/orangepi/marco_ws/build/marco_perception/build --no-deps symlink_data
[1.890s] running develop
[2.058s] running egg_info
[2.058s] creating marco_perception.egg-info
[2.059s] writing marco_perception.egg-info/PKG-INFO
[2.059s] writing dependency_links to marco_perception.egg-info/dependency_links.txt
[2.059s] writing entry points to marco_perception.egg-info/entry_points.txt
[2.060s] writing requirements to marco_perception.egg-info/requires.txt
[2.060s] writing top-level names to marco_perception.egg-info/top_level.txt
[2.061s] writing manifest file 'marco_perception.egg-info/SOURCES.txt'
[2.061s] reading manifest file 'marco_perception.egg-info/SOURCES.txt'
[2.061s] writing manifest file 'marco_perception.egg-info/SOURCES.txt'
[2.063s] running build_ext
[2.063s] Creating /home/orangepi/marco_ws/install/marco_perception/lib/python3.10/site-packages/marco-perception.egg-link (link to .)
[2.065s] 
[2.065s] Installed /home/orangepi/marco_ws/build/marco_perception
[2.066s] running symlink_data
[2.066s] creating /home/orangepi/marco_ws/install/marco_perception/share/ament_index
[2.066s] creating /home/orangepi/marco_ws/install/marco_perception/share/ament_index/resource_index
[2.067s] creating /home/orangepi/marco_ws/install/marco_perception/share/ament_index/resource_index/packages
[2.067s] symbolically linking /home/orangepi/marco_ws/build/marco_perception/resource/marco_perception -> /home/orangepi/marco_ws/install/marco_perception/share/ament_index/resource_index/packages
[2.068s] symbolically linking /home/orangepi/marco_ws/build/marco_perception/package.xml -> /home/orangepi/marco_ws/install/marco_perception/share/marco_perception
[2.144s] Invoked command in '/home/orangepi/marco_ws/build/marco_perception' returned '0': PYTHONPATH=/home/orangepi/marco_ws/build/marco_perception/prefix_override:/usr/lib/python3/dist-packages/colcon_core/task/python/colcon_distutils_commands:/home/orangepi/marco_ws/install/marco_perception/lib/python3.10/site-packages:${PYTHONPATH} /usr/bin/python3 -W ignore:setup.py install is deprecated -W ignore:easy_install command is deprecated setup.py develop --editable --build-directory /home/orangepi/marco_ws/build/marco_perception/build --no-deps symlink_data
