[0.000000] (-) TimerEvent: {}
[0.000354] (-) JobUnselected: {'identifier': 'lane_tracking'}
[0.000400] (-) JobUnselected: {'identifier': 'marco_base'}
[0.000421] (-) JobUnselected: {'identifier': 'marco_bringup'}
[0.000438] (-) JobUnselected: {'identifier': 'marco_description'}
[0.000473] (-) JobUnselected: {'identifier': 'marco_localization'}
[0.000491] (-) JobUnselected: {'identifier': 'marco_mission'}
[0.000508] (-) JobUnselected: {'identifier': 'marco_msgs'}
[0.000524] (-) JobUnselected: {'identifier': 'marco_navigation'}
[0.000539] (-) JobUnselected: {'identifier': 'marco_perception'}
[0.000556] (-) JobUnselected: {'identifier': 'marco_safety'}
[0.000572] (-) JobUnselected: {'identifier': 'marco_simulation'}
[0.000594] (marco_docking) JobQueued: {'identifier': 'marco_docking', 'dependencies': OrderedDict([('marco_msgs', '/home/orangepi/marco_ws/install/marco_msgs'), ('marco_perception', '/home/orangepi/marco_ws/install/marco_perception')])}
[0.001599] (marco_docking) JobStarted: {'identifier': 'marco_docking'}
[0.097737] (-) TimerEvent: {}
[0.198162] (-) TimerEvent: {}
[0.298662] (-) TimerEvent: {}
[0.399366] (-) TimerEvent: {}
[0.499882] (-) TimerEvent: {}
[0.600420] (-) TimerEvent: {}
[0.701043] (-) TimerEvent: {}
[0.801662] (-) TimerEvent: {}
[0.902410] (-) TimerEvent: {}
[1.003227] (-) TimerEvent: {}
[1.103911] (-) TimerEvent: {}
[1.204511] (-) TimerEvent: {}
[1.305140] (-) TimerEvent: {}
[1.405859] (-) TimerEvent: {}
[1.467935] (marco_docking) Command: {'cmd': ['/usr/bin/python3', '-W', 'ignore:setup.py install is deprecated', '-W', 'ignore:easy_install command is deprecated', 'setup.py', 'develop', '--editable', '--build-directory', '/home/orangepi/marco_ws/build/marco_docking/build', '--no-deps', 'symlink_data', '--force'], 'cwd': '/home/orangepi/marco_ws/build/marco_docking', 'env': {'LESSOPEN': '| /usr/bin/lesspipe %s', 'VSCODE_CWD': '/home/orangepi', 'UMS_MOUNTPOINT': '/mnt/ums', 'VSCODE_ESM_ENTRYPOINT': 'vs/workbench/api/node/extensionHostProcess', 'GST_V4L2_PREFERRED_FOURCC': 'NV12:YU12:NV16:YUY2', 'LANGUAGE': 'en_US.UTF-8', 'USER': 'orangepi', 'SSH_CLIENT': 'fe80::a915:eed:d97c:42ea%wlx4822541cd7c3 53828 22', 'VSCODE_NLS_CONFIG': '{"userLocale":"en","osLocale":"en","resolvedLanguage":"en","defaultMessagesFile":"/home/orangepi/.cursor-server/bin/linux-arm64/31e8d61c448c7472e371505838a0fe34083dad50/out/nls.messages.json","locale":"en","availableLanguages":{}}', 'VSCODE_HANDLES_UNCAUGHT_ERRORS': 'true', 'XDG_SESSION_TYPE': 'tty', 'CURSOR_RIPGREP_PATH': '/home/orangepi/.cursor-server/bin/linux-arm64/31e8d61c448c7472e371505838a0fe34083dad50/node_modules/@vscode/ripgrep/bin/rg', 'SHLVL': '0', 'USB_FUNCS': 'adb', 'LD_LIBRARY_PATH': '/home/orangepi/marco_ws/install/marco_msgs/lib:/opt/ros/humble/opt/rviz_ogre_vendor/lib:/opt/ros/humble/lib/aarch64-linux-gnu:/opt/ros/humble/lib', 'BROWSER': '/home/orangepi/.cursor-server/bin/linux-arm64/31e8d61c448c7472e371505838a0fe34083dad50/bin/helpers/browser.sh', 'MOTD_SHOWN': 'pam', 'HOME': '/home/orangepi', 'OLDPWD': '/home/orangepi/marco_ws', 'VSCODE_IPC_HOOK_CLI': '/run/user/1000/vscode-ipc-0eae5caf-301b-4724-a9a1-6e0880f85816.sock', 'GST_INSPECT_NO_COLORS': '1', 'GST_MPP_NO_RGA': '1', 'ROS_PYTHON_VERSION': '3', 'COGL_DRIVER': 'gles2', 'NO_COLOR': '1', 'DBUS_SESSION_BUS_ADDRESS': 'unix:path=/run/user/1000/bus', 'VSCODE_L10N_BUNDLE_LOCATION': '', 'COLCON_PREFIX_PATH': '/home/orangepi/marco_ws/install:/home/orangepi/ydlidar_ros2_ws/install', 'GST_V4L2SRC_MAX_RESOLUTION': '3840x2160', 'ROS_DISTRO': 'humble', 'OVSX_REGISTRY_URL': 'https://open-vsx.org', 'LOGNAME': 'orangepi', 'FORCE_COLOR': '0', 'VSCODE_HANDLES_SIGPIPE': 'true', '_': '/usr/bin/colcon', 'ROS_VERSION': '2', 'CURSOR_LAYOUT': 'unifiedAgent', 'XDG_SESSION_CLASS': 'user', 'TERM': 'dumb', 'GST_GL_API': 'gles2', 'XDG_SESSION_ID': '5', 'GST_VIDEO_CONVERT_PREFERRED_FORMAT': 'NV12:NV16:I420:YUY2', 'GST_V4L2SRC_RK_DEVICES': '_mainpath:_selfpath:_bypass:_scale', 'ROS_LOCALHOST_ONLY': '0', 'PATH': '/home/orangepi/.cursor-server/bin/linux-arm64/31e8d61c448c7472e371505838a0fe34083dad50/node_modules/@vscode/ripgrep/bin:/home/orangepi/.cursor-server/bin/linux-arm64/31e8d61c448c7472e371505838a0fe34083dad50/bin/remote-cli:/opt/ros/humble/bin:/home/orangepi/.cursor-server/bin/linux-arm64/31e8d61c448c7472e371505838a0fe34083dad50/bin/remote-cli:/usr/local/sbin:/usr/local/bin:/usr/sbin:/usr/bin:/sbin:/bin:/usr/games:/usr/local/games:/snap/bin', 'VSCODE_AGENT_FOLDER': '/home/orangepi/.cursor-server', 'XDG_RUNTIME_DIR': '/run/user/1000', 'AGENT_TRANSCRIPTS': '/home/orangepi/.cursor/projects/home-orangepi/agent-transcripts', 'GST_GL_PLATFORM': 'egl', 'GST_DEBUG_NO_COLOR': '1', 'GST_V4L2SRC_DEFAULT_DEVICE': '/dev/video-camera0', 'CURSOR_AGENT': '1', 'DISPLAY': ':0', 'LANG': 'en_US.UTF-8', 'LS_COLORS': '', 'GST_V4L2_USE_LIBV4L2': '1', 'UMS_SIZE': '256M', 'AMENT_PREFIX_PATH': '/home/orangepi/marco_ws/install/marco_perception:/home/orangepi/marco_ws/install/marco_simulation:/home/orangepi/marco_ws/install/marco_safety:/home/orangepi/marco_ws/install/marco_localization:/home/orangepi/marco_ws/install/marco_navigation:/home/orangepi/marco_ws/install/marco_msgs:/home/orangepi/marco_ws/install/marco_mission:/home/orangepi/marco_ws/install/marco_docking:/home/orangepi/marco_ws/install/marco_bringup:/home/orangepi/marco_ws/install/marco_description:/home/orangepi/marco_ws/install/marco_base:/home/orangepi/marco_ws/install/lane_tracking:/home/orangepi/ydlidar_ros2_ws/install/ydlidar_ros2_driver:/opt/ros/humble', 'LC_MESSAGES': 'en_US.UTF-8', 'SHELL': '/bin/bash', 'VSCODE_SERVER_SHUTDOWN_TIMEOUT': '300', 'UMS_RO': '0', 'LESSCLOSE': '/usr/bin/lesspipe %s %s', 'UMS_FSTYPE': 'vfat', 'PWD': '/home/orangepi/marco_ws/build/marco_docking', 'LC_ALL': 'en_US.UTF-8', 'SSH_CONNECTION': 'fe80::a915:eed:d97c:42ea%wlx4822541cd7c3 53828 fe80::a73f:80ee:42ac:eebb%wlx4822541cd7c3 22', 'CURSOR_CONVERSATION_ID': '1ca3b929-f989-4c58-9e95-8b5ab2ce584e', 'PYTHONPATH': '/home/orangepi/marco_ws/build/marco_docking/prefix_override:/usr/lib/python3/dist-packages/colcon_core/task/python/colcon_distutils_commands:/home/orangepi/marco_ws/install/marco_docking/lib/python3.10/site-packages:/home/orangepi/marco_ws/build/marco_perception:/home/orangepi/marco_ws/install/marco_perception/lib/python3.10/site-packages:/home/orangepi/marco_ws/install/marco_msgs/local/lib/python3.10/dist-packages:/home/orangepi/marco_ws/install/marco_mission/lib/python3.10/site-packages:/home/orangepi/marco_ws/install/marco_docking/lib/python3.10/site-packages:/home/orangepi/marco_ws/build/marco_base:/home/orangepi/marco_ws/install/marco_base/lib/python3.10/site-packages:/home/orangepi/marco_ws/install/lane_tracking/lib/python3.10/site-packages:/opt/ros/humble/lib/python3.10/site-packages:/opt/ros/humble/local/lib/python3.10/dist-packages', 'UMS_MOUNT': '0', 'COLCON': '1', '__CURSOR_SANDBOX_ENV_RESTORE': "builtin unset CURSOR_CONVERSATION_ID CURSOR_AGENT_STORE_FILES_DIR CURSOR_AGENT_STORE_SHARED_PATHS 2>/dev/null || true; builtin export CURSOR_CONVERSATION_ID='1ca3b929-f989-4c58-9e95-8b5ab2ce584e'", '_ZO_DOCTOR': '0', 'CMAKE_PREFIX_PATH': '/home/orangepi/marco_ws/install/marco_msgs:/home/orangepi/marco_ws/install/marco_simulation:/home/orangepi/marco_ws/install/marco_safety:/home/orangepi/marco_ws/install/marco_localization:/home/orangepi/marco_ws/install/marco_navigation:/home/orangepi/marco_ws/install/marco_bringup:/home/orangepi/marco_ws/install/marco_description:/home/orangepi/ydlidar_ros2_ws/install/ydlidar_ros2_driver', 'UMS_FILE': '/userdata/ums_shared.img'}, 'shell': False}
[1.506094] (-) TimerEvent: {}
[1.606540] (-) TimerEvent: {}
[1.707100] (-) TimerEvent: {}
[1.807757] (-) TimerEvent: {}
[1.832064] (marco_docking) StdoutLine: {'line': b'running develop\n'}
[1.908238] (-) TimerEvent: {}
[2.005765] (marco_docking) StdoutLine: {'line': b'running egg_info\n'}
[2.007017] (marco_docking) StdoutLine: {'line': b'writing marco_docking.egg-info/PKG-INFO\n'}
[2.007740] (marco_docking) StdoutLine: {'line': b'writing dependency_links to marco_docking.egg-info/dependency_links.txt\n'}
[2.008118] (marco_docking) StdoutLine: {'line': b'writing entry points to marco_docking.egg-info/entry_points.txt\n'}
[2.009217] (-) TimerEvent: {}
[2.009342] (marco_docking) StdoutLine: {'line': b'writing requirements to marco_docking.egg-info/requires.txt\n'}
[2.009672] (marco_docking) StdoutLine: {'line': b'writing top-level names to marco_docking.egg-info/top_level.txt\n'}
[2.017109] (marco_docking) StdoutLine: {'line': b"reading manifest file 'marco_docking.egg-info/SOURCES.txt'\n"}
[2.020407] (marco_docking) StdoutLine: {'line': b"writing manifest file 'marco_docking.egg-info/SOURCES.txt'\n"}
[2.025917] (marco_docking) StdoutLine: {'line': b'running build_ext\n'}
[2.026649] (marco_docking) StdoutLine: {'line': b'Creating /home/orangepi/marco_ws/install/marco_docking/lib/python3.10/site-packages/marco-docking.egg-link (link to .)\n'}
[2.027530] (marco_docking) StdoutLine: {'line': b'Installing dock_server script to /home/orangepi/marco_ws/install/marco_docking/lib/marco_docking\n'}
[2.028912] (marco_docking) StdoutLine: {'line': b'\n'}
[2.029311] (marco_docking) StdoutLine: {'line': b'Installed /home/orangepi/marco_ws/build/marco_docking\n'}
[2.029573] (marco_docking) StdoutLine: {'line': b'running symlink_data\n'}
[2.029813] (marco_docking) StdoutLine: {'line': b'symbolically linking /home/orangepi/marco_ws/build/marco_docking/resource/marco_docking -> /home/orangepi/marco_ws/install/marco_docking/share/ament_index/resource_index/packages\n'}
[2.030058] (marco_docking) StdoutLine: {'line': b'symbolically linking /home/orangepi/marco_ws/build/marco_docking/package.xml -> /home/orangepi/marco_ws/install/marco_docking/share/marco_docking\n'}
[2.030296] (marco_docking) StdoutLine: {'line': b'creating /home/orangepi/marco_ws/install/marco_docking/share/marco_docking/launch\n'}
[2.030533] (marco_docking) StderrLine: {'line': b"error: [Errno 2] No such file or directory: '/home/orangepi/marco_ws/install/marco_docking/share/marco_docking/launch/docking.launch.py'\n"}
[2.109485] (-) TimerEvent: {}
[2.140276] (marco_docking) CommandEnded: {'returncode': 1}
[2.142799] (marco_docking) JobEnded: {'identifier': 'marco_docking', 'rc': 1}
[2.151659] (-) EventReactorShutdown: {}
