[2.494s] Invoking command in '/home/orangepi/marco_ws/build/marco_base': PYTHONPATH=/home/orangepi/marco_ws/build/marco_base/prefix_override:/usr/lib/python3/dist-packages/colcon_core/task/python/colcon_distutils_commands:/home/orangepi/marco_ws/install/marco_base/lib/python3.10/site-packages:${PYTHONPATH} /usr/bin/python3 -W ignore:setup.py install is deprecated -W ignore:easy_install command is deprecated setup.py develop --uninstall --editable --build-directory /home/orangepi/marco_ws/build/marco_base/build
[2.905s] running develop
[3.109s] Removing /home/orangepi/marco_ws/install/marco_base/lib/python3.10/site-packages/marco-base.egg-link (link to .)
[3.173s] Invoked command in '/home/orangepi/marco_ws/build/marco_base' returned '0': PYTHONPATH=/home/orangepi/marco_ws/build/marco_base/prefix_override:/usr/lib/python3/dist-packages/colcon_core/task/python/colcon_distutils_commands:/home/orangepi/marco_ws/install/marco_base/lib/python3.10/site-packages:${PYTHONPATH} /usr/bin/python3 -W ignore:setup.py install is deprecated -W ignore:easy_install command is deprecated setup.py develop --uninstall --editable --build-directory /home/orangepi/marco_ws/build/marco_base/build
[3.177s] Invoking command in '/home/orangepi/marco_ws/src/marco_base': PYTHONPATH=/home/orangepi/marco_ws/build/marco_base/prefix_override:/usr/lib/python3/dist-packages/colcon_core/task/python/colcon_distutils_commands:/home/orangepi/marco_ws/install/marco_base/lib/python3.10/site-packages:${PYTHONPATH} /usr/bin/python3 -W ignore:setup.py install is deprecated -W ignore:easy_install command is deprecated setup.py egg_info --egg-base ../../build/marco_base build --build-base /home/orangepi/marco_ws/build/marco_base/build install --record /home/orangepi/marco_ws/build/marco_base/install.log --install-scripts $base/lib/marco_base --single-version-externally-managed install_data --force
[3.521s] running egg_info
[3.523s] writing ../../build/marco_base/marco_base.egg-info/PKG-INFO
[3.523s] writing dependency_links to ../../build/marco_base/marco_base.egg-info/dependency_links.txt
[3.527s] writing entry points to ../../build/marco_base/marco_base.egg-info/entry_points.txt
[3.527s] writing requirements to ../../build/marco_base/marco_base.egg-info/requires.txt
[3.528s] writing top-level names to ../../build/marco_base/marco_base.egg-info/top_level.txt
[3.534s] reading manifest file '../../build/marco_base/marco_base.egg-info/SOURCES.txt'
[3.535s] adding license file 'LICENSE'
[3.535s] writing manifest file '../../build/marco_base/marco_base.egg-info/SOURCES.txt'
[3.536s] running build
[3.536s] running build_py
[3.537s] copying marco_base/pwm_bridge.py -> /home/orangepi/marco_ws/build/marco_base/build/lib/marco_base
[3.538s] copying marco_base/base_driver.py -> /home/orangepi/marco_ws/build/marco_base/build/lib/marco_base
[3.540s] copying marco_base/protocol.py -> /home/orangepi/marco_ws/build/marco_base/build/lib/marco_base
[3.546s] copying marco_base/odometry.py -> /home/orangepi/marco_ws/build/marco_base/build/lib/marco_base
[3.547s] copying marco_base/fake_stm32.py -> /home/orangepi/marco_ws/build/marco_base/build/lib/marco_base
[3.547s] running install
[3.549s] running install_lib
[3.553s] creating /home/orangepi/marco_ws/install/marco_base/lib/python3.10/site-packages/marco_base
[3.553s] copying /home/orangepi/marco_ws/build/marco_base/build/lib/marco_base/pwm_bridge.py -> /home/orangepi/marco_ws/install/marco_base/lib/python3.10/site-packages/marco_base
[3.554s] copying /home/orangepi/marco_ws/build/marco_base/build/lib/marco_base/base_driver.py -> /home/orangepi/marco_ws/install/marco_base/lib/python3.10/site-packages/marco_base
[3.554s] copying /home/orangepi/marco_ws/build/marco_base/build/lib/marco_base/protocol.py -> /home/orangepi/marco_ws/install/marco_base/lib/python3.10/site-packages/marco_base
[3.555s] copying /home/orangepi/marco_ws/build/marco_base/build/lib/marco_base/odometry.py -> /home/orangepi/marco_ws/install/marco_base/lib/python3.10/site-packages/marco_base
[3.555s] copying /home/orangepi/marco_ws/build/marco_base/build/lib/marco_base/__init__.py -> /home/orangepi/marco_ws/install/marco_base/lib/python3.10/site-packages/marco_base
[3.556s] copying /home/orangepi/marco_ws/build/marco_base/build/lib/marco_base/transport.py -> /home/orangepi/marco_ws/install/marco_base/lib/python3.10/site-packages/marco_base
[3.556s] copying /home/orangepi/marco_ws/build/marco_base/build/lib/marco_base/fake_stm32.py -> /home/orangepi/marco_ws/install/marco_base/lib/python3.10/site-packages/marco_base
[3.556s] byte-compiling /home/orangepi/marco_ws/install/marco_base/lib/python3.10/site-packages/marco_base/pwm_bridge.py to pwm_bridge.cpython-310.pyc
[3.561s] byte-compiling /home/orangepi/marco_ws/install/marco_base/lib/python3.10/site-packages/marco_base/base_driver.py to base_driver.cpython-310.pyc
[3.566s] byte-compiling /home/orangepi/marco_ws/install/marco_base/lib/python3.10/site-packages/marco_base/protocol.py to protocol.cpython-310.pyc
[3.570s] byte-compiling /home/orangepi/marco_ws/install/marco_base/lib/python3.10/site-packages/marco_base/odometry.py to odometry.cpython-310.pyc
[3.571s] byte-compiling /home/orangepi/marco_ws/install/marco_base/lib/python3.10/site-packages/marco_base/__init__.py to __init__.cpython-310.pyc
[3.572s] byte-compiling /home/orangepi/marco_ws/install/marco_base/lib/python3.10/site-packages/marco_base/transport.py to transport.cpython-310.pyc
[3.572s] byte-compiling /home/orangepi/marco_ws/install/marco_base/lib/python3.10/site-packages/marco_base/fake_stm32.py to fake_stm32.cpython-310.pyc
[3.575s] running install_data
[3.576s] copying resource/marco_base -> /home/orangepi/marco_ws/install/marco_base/share/ament_index/resource_index/packages
[3.577s] copying package.xml -> /home/orangepi/marco_ws/install/marco_base/share/marco_base
[3.577s] copying launch/base_driver.launch.py -> /home/orangepi/marco_ws/install/marco_base/share/marco_base/launch
[3.579s] copying launch/pwm_bridge.launch.py -> /home/orangepi/marco_ws/install/marco_base/share/marco_base/launch
[3.581s] copying config/base_driver.yaml -> /home/orangepi/marco_ws/install/marco_base/share/marco_base/config
[3.583s] copying config/pwm_bridge.yaml -> /home/orangepi/marco_ws/install/marco_base/share/marco_base/config
[3.584s] copying docs/STM32_UART_PROTOKOL.md -> /home/orangepi/marco_ws/install/marco_base/share/marco_base/docs
[3.585s] running install_egg_info
[3.589s] Copying ../../build/marco_base/marco_base.egg-info to /home/orangepi/marco_ws/install/marco_base/lib/python3.10/site-packages/marco_base-0.1.0-py3.10.egg-info
[3.590s] running install_scripts
[3.625s] Installing base_driver script to /home/orangepi/marco_ws/install/marco_base/lib/marco_base
[3.625s] Installing pwm_bridge script to /home/orangepi/marco_ws/install/marco_base/lib/marco_base
[3.627s] writing list of installed files to '/home/orangepi/marco_ws/build/marco_base/install.log'
[3.731s] Invoked command in '/home/orangepi/marco_ws/src/marco_base' returned '0': PYTHONPATH=/home/orangepi/marco_ws/build/marco_base/prefix_override:/usr/lib/python3/dist-packages/colcon_core/task/python/colcon_distutils_commands:/home/orangepi/marco_ws/install/marco_base/lib/python3.10/site-packages:${PYTHONPATH} /usr/bin/python3 -W ignore:setup.py install is deprecated -W ignore:easy_install command is deprecated setup.py egg_info --egg-base ../../build/marco_base build --build-base /home/orangepi/marco_ws/build/marco_base/build install --record /home/orangepi/marco_ws/build/marco_base/install.log --install-scripts $base/lib/marco_base --single-version-externally-managed install_data --force
