[0.000000] (-) TimerEvent: {}
[0.000471] (-) JobUnselected: {'identifier': 'lane_tracking'}
[0.000543] (-) JobUnselected: {'identifier': 'marco_base'}
[0.000587] (-) JobUnselected: {'identifier': 'marco_bringup'}
[0.000626] (-) JobUnselected: {'identifier': 'marco_description'}
[0.000664] (-) JobUnselected: {'identifier': 'marco_localization'}
[0.000703] (-) JobUnselected: {'identifier': 'marco_mission'}
[0.000739] (-) JobUnselected: {'identifier': 'marco_msgs'}
[0.000775] (-) JobUnselected: {'identifier': 'marco_navigation'}
[0.000813] (-) JobUnselected: {'identifier': 'marco_safety'}
[0.000852] (-) JobUnselected: {'identifier': 'marco_simulation'}
[0.000906] (marco_perception) JobQueued: {'identifier': 'marco_perception', 'dependencies': OrderedDict([('marco_msgs', '/home/orangepi/marco_ws/install/marco_msgs')])}
[0.000958] (marco_docking) JobQueued: {'identifier': 'marco_docking', 'dependencies': OrderedDict([('marco_msgs', '/home/orangepi/marco_ws/install/marco_msgs'), ('marco_perception', '/home/orangepi/marco_ws/install/marco_perception')])}
[0.001012] (marco_perception) JobStarted: {'identifier': 'marco_perception'}
[0.097607] (-) TimerEvent: {}
[0.198128] (-) TimerEvent: {}
[0.298790] (-) TimerEvent: {}
[0.399472] (-) TimerEvent: {}
[0.499936] (-) TimerEvent: {}
[0.600289] (-) TimerEvent: {}
[0.700614] (-) TimerEvent: {}
[0.800952] (-) TimerEvent: {}
[0.901330] (-) TimerEvent: {}
[1.001787] (-) TimerEvent: {}
[1.102243] (-) TimerEvent: {}
[1.202583] (-) TimerEvent: {}
[1.302909] (-) TimerEvent: {}
[1.403295] (-) TimerEvent: {}
[1.420467] (marco_perception) Command: {'cmd': ['/usr/bin/python3', '-W', 'ignore:setup.py install is deprecated', '-W', 'ignore:easy_install command is deprecated', 'setup.py', 'develop', '--editable', '--build-directory', '/home/orangepi/marco_ws/build/marco_perception/build', '--no-deps', 'symlink_data'], 'cwd': '/home/orangepi/marco_ws/build/marco_perception', 'env': {'LESSOPEN': '| /usr/bin/lesspipe %s', 'VSCODE_CWD': '/home/orangepi', 'UMS_MOUNTPOINT': '/mnt/ums', 'VSCODE_ESM_ENTRYPOINT': 'vs/workbench/api/node/extensionHostProcess', 'GST_V4L2_PREFERRED_FOURCC': 'NV12:YU12:NV16:YUY2', 'LANGUAGE': 'en_US.UTF-8', 'USER': 'orangepi', 'SSH_CLIENT': 'fe80::a915:eed:d97c:42ea%wlx4822541cd7c3 53828 22', 'VSCODE_NLS_CONFIG': '{"userLocale":"en","osLocale":"en","resolvedLanguage":"en","defaultMessagesFile":"/home/orangepi/.cursor-server/bin/linux-arm64/31e8d61c448c7472e371505838a0fe34083dad50/out/nls.messages.json","locale":"en","availableLanguages":{}}', 'VSCODE_HANDLES_UNCAUGHT_ERRORS': 'true', 'XDG_SESSION_TYPE': 'tty', 'CURSOR_RIPGREP_PATH': '/home/orangepi/.cursor-server/bin/linux-arm64/31e8d61c448c7472e371505838a0fe34083dad50/node_modules/@vscode/ripgrep/bin/rg', 'SHLVL': '0', 'USB_FUNCS': 'adb', 'LD_LIBRARY_PATH': '/home/orangepi/marco_ws/install/marco_msgs/lib:/opt/ros/humble/opt/rviz_ogre_vendor/lib:/opt/ros/humble/lib/aarch64-linux-gnu:/opt/ros/humble/lib', 'BROWSER': '/home/orangepi/.cursor-server/bin/linux-arm64/31e8d61c448c7472e371505838a0fe34083dad50/bin/helpers/browser.sh', 'MOTD_SHOWN': 'pam', 'HOME': '/home/orangepi', 'OLDPWD': '/home/orangepi/marco_ws', 'VSCODE_IPC_HOOK_CLI': '/run/user/1000/vscode-ipc-0eae5caf-301b-4724-a9a1-6e0880f85816.sock', 'GST_INSPECT_NO_COLORS': '1', 'GST_MPP_NO_RGA': '1', 'ROS_PYTHON_VERSION': '3', 'COGL_DRIVER': 'gles2', 'NO_COLOR': '1', 'DBUS_SESSION_BUS_ADDRESS': 'unix:path=/run/user/1000/bus', 'VSCODE_L10N_BUNDLE_LOCATION': '', 'COLCON_PREFIX_PATH': '/home/orangepi/marco_ws/install:/home/orangepi/ydlidar_ros2_ws/install', 'GST_V4L2SRC_MAX_RESOLUTION': '3840x2160', 'ROS_DISTRO': 'humble', 'OVSX_REGISTRY_URL': 'https://open-vsx.org', 'LOGNAME': 'orangepi', 'FORCE_COLOR': '0', 'VSCODE_HANDLES_SIGPIPE': 'true', '_': '/usr/bin/colcon', 'ROS_VERSION': '2', 'CURSOR_LAYOUT': 'unifiedAgent', 'XDG_SESSION_CLASS': 'user', 'TERM': 'dumb', 'GST_GL_API': 'gles2', 'XDG_SESSION_ID': '5', 'GST_VIDEO_CONVERT_PREFERRED_FORMAT': 'NV12:NV16:I420:YUY2', 'GST_V4L2SRC_RK_DEVICES': '_mainpath:_selfpath:_bypass:_scale', 'ROS_LOCALHOST_ONLY': '0', 'PATH': '/home/orangepi/.cursor-server/bin/linux-arm64/31e8d61c448c7472e371505838a0fe34083dad50/node_modules/@vscode/ripgrep/bin:/home/orangepi/.cursor-server/bin/linux-arm64/31e8d61c448c7472e371505838a0fe34083dad50/bin/remote-cli:/opt/ros/humble/bin:/home/orangepi/.cursor-server/bin/linux-arm64/31e8d61c448c7472e371505838a0fe34083dad50/bin/remote-cli:/usr/local/sbin:/usr/local/bin:/usr/sbin:/usr/bin:/sbin:/bin:/usr/games:/usr/local/games:/snap/bin', 'VSCODE_AGENT_FOLDER': '/home/orangepi/.cursor-server', 'XDG_RUNTIME_DIR': '/run/user/1000', 'AGENT_TRANSCRIPTS': '/home/orangepi/.cursor/projects/home-orangepi/agent-transcripts', 'GST_GL_PLATFORM': 'egl', 'GST_DEBUG_NO_COLOR': '1', 'GST_V4L2SRC_DEFAULT_DEVICE': '/dev/video-camera0', 'CURSOR_AGENT': '1', 'DISPLAY': ':0', 'LANG': 'en_US.UTF-8', 'LS_COLORS': '', 'GST_V4L2_USE_LIBV4L2': '1', 'UMS_SIZE': '256M', 'AMENT_PREFIX_PATH': '/home/orangepi/marco_ws/install/marco_simulation:/home/orangepi/marco_ws/install/marco_safety:/home/orangepi/marco_ws/install/marco_perception:/home/orangepi/marco_ws/install/marco_localization:/home/orangepi/marco_ws/install/marco_navigation:/home/orangepi/marco_ws/install/marco_msgs:/home/orangepi/marco_ws/install/marco_mission:/home/orangepi/marco_ws/install/marco_docking:/home/orangepi/marco_ws/install/marco_bringup:/home/orangepi/marco_ws/install/marco_description:/home/orangepi/marco_ws/install/marco_base:/home/orangepi/marco_ws/install/lane_tracking:/home/orangepi/ydlidar_ros2_ws/install/ydlidar_ros2_driver:/opt/ros/humble', 'LC_MESSAGES': 'en_US.UTF-8', 'SHELL': '/bin/bash', 'VSCODE_SERVER_SHUTDOWN_TIMEOUT': '300', 'UMS_RO': '0', 'LESSCLOSE': '/usr/bin/lesspipe %s %s', 'UMS_FSTYPE': 'vfat', 'PWD': '/home/orangepi/marco_ws/build/marco_perception', 'LC_ALL': 'en_US.UTF-8', 'SSH_CONNECTION': 'fe80::a915:eed:d97c:42ea%wlx4822541cd7c3 53828 fe80::a73f:80ee:42ac:eebb%wlx4822541cd7c3 22', 'CURSOR_CONVERSATION_ID': '1ca3b929-f989-4c58-9e95-8b5ab2ce584e', 'PYTHONPATH': '/home/orangepi/marco_ws/build/marco_perception/prefix_override:/usr/lib/python3/dist-packages/colcon_core/task/python/colcon_distutils_commands:/home/orangepi/marco_ws/install/marco_perception/lib/python3.10/site-packages:/home/orangepi/marco_ws/install/marco_perception/lib/python3.10/site-packages:/home/orangepi/marco_ws/install/marco_msgs/local/lib/python3.10/dist-packages:/home/orangepi/marco_ws/install/marco_mission/lib/python3.10/site-packages:/home/orangepi/marco_ws/install/marco_docking/lib/python3.10/site-packages:/home/orangepi/marco_ws/build/marco_base:/home/orangepi/marco_ws/install/marco_base/lib/python3.10/site-packages:/home/orangepi/marco_ws/install/lane_tracking/lib/python3.10/site-packages:/opt/ros/humble/lib/python3.10/site-packages:/opt/ros/humble/local/lib/python3.10/dist-packages', 'UMS_MOUNT': '0', 'COLCON': '1', '__CURSOR_SANDBOX_ENV_RESTORE': "builtin unset CURSOR_CONVERSATION_ID CURSOR_AGENT_STORE_FILES_DIR CURSOR_AGENT_STORE_SHARED_PATHS 2>/dev/null || true; builtin export CURSOR_CONVERSATION_ID='1ca3b929-f989-4c58-9e95-8b5ab2ce584e'", '_ZO_DOCTOR': '0', 'CMAKE_PREFIX_PATH': '/home/orangepi/marco_ws/install/marco_msgs:/home/orangepi/marco_ws/install/marco_simulation:/home/orangepi/marco_ws/install/marco_safety:/home/orangepi/marco_ws/install/marco_localization:/home/orangepi/marco_ws/install/marco_navigation:/home/orangepi/marco_ws/install/marco_bringup:/home/orangepi/marco_ws/install/marco_description:/home/orangepi/ydlidar_ros2_ws/install/ydlidar_ros2_driver', 'UMS_FILE': '/userdata/ums_shared.img'}, 'shell': False}
[1.503651] (-) TimerEvent: {}
[1.604177] (-) TimerEvent: {}
[1.704651] (-) TimerEvent: {}
[1.789562] (marco_perception) StdoutLine: {'line': b'running develop\n'}
[1.805024] (-) TimerEvent: {}
[1.905611] (-) TimerEvent: {}
[1.961493] (marco_perception) StdoutLine: {'line': b'running egg_info\n'}
[1.962435] (marco_perception) StdoutLine: {'line': b'writing marco_perception.egg-info/PKG-INFO\n'}
[1.962856] (marco_perception) StdoutLine: {'line': b'writing dependency_links to marco_perception.egg-info/dependency_links.txt\n'}
[1.963729] (marco_perception) StdoutLine: {'line': b'writing entry points to marco_perception.egg-info/entry_points.txt\n'}
[1.964682] (marco_perception) StdoutLine: {'line': b'writing requirements to marco_perception.egg-info/requires.txt\n'}
[1.965175] (marco_perception) StdoutLine: {'line': b'writing top-level names to marco_perception.egg-info/top_level.txt\n'}
[1.975572] (marco_perception) StdoutLine: {'line': b"reading manifest file 'marco_perception.egg-info/SOURCES.txt'\n"}
[1.980831] (marco_perception) StdoutLine: {'line': b"writing manifest file 'marco_perception.egg-info/SOURCES.txt'\n"}
[1.985548] (marco_perception) StdoutLine: {'line': b'running build_ext\n'}
[1.986117] (marco_perception) StdoutLine: {'line': b'Creating /home/orangepi/marco_ws/install/marco_perception/lib/python3.10/site-packages/marco-perception.egg-link (link to .)\n'}
[1.987431] (marco_perception) StdoutLine: {'line': b'Installing mock_lane_qr script to /home/orangepi/marco_ws/install/marco_perception/lib/marco_perception\n'}
[1.988104] (marco_perception) StdoutLine: {'line': b'\n'}
[1.988199] (marco_perception) StdoutLine: {'line': b'Installed /home/orangepi/marco_ws/build/marco_perception\n'}
[1.988294] (marco_perception) StdoutLine: {'line': b'running symlink_data\n'}
[2.005744] (-) TimerEvent: {}
[2.098423] (marco_perception) CommandEnded: {'returncode': 0}
[2.106037] (-) TimerEvent: {}
[2.135698] (marco_perception) JobEnded: {'identifier': 'marco_perception', 'rc': 0}
[2.137873] (marco_docking) JobStarted: {'identifier': 'marco_docking'}
[2.206380] (-) TimerEvent: {}
[2.307054] (-) TimerEvent: {}
[2.407573] (-) TimerEvent: {}
[2.508289] (-) TimerEvent: {}
[2.608737] (-) TimerEvent: {}
[2.709328] (-) TimerEvent: {}
[2.810012] (-) TimerEvent: {}
[2.910507] (-) TimerEvent: {}
[3.011037] (-) TimerEvent: {}
[3.111784] (-) TimerEvent: {}
[3.212525] (-) TimerEvent: {}
[3.313180] (-) TimerEvent: {}
[3.413834] (-) TimerEvent: {}
[3.514529] (-) TimerEvent: {}
[3.590134] (marco_docking) Command: {'cmd': ['/usr/bin/python3', '-W', 'ignore:setup.py install is deprecated', '-W', 'ignore:easy_install command is deprecated', 'setup.py', 'develop', '--editable', '--build-directory', '/home/orangepi/marco_ws/build/marco_docking/build', '--no-deps', 'symlink_data'], 'cwd': '/home/orangepi/marco_ws/build/marco_docking', 'env': {'LESSOPEN': '| /usr/bin/lesspipe %s', 'VSCODE_CWD': '/home/orangepi', 'UMS_MOUNTPOINT': '/mnt/ums', 'VSCODE_ESM_ENTRYPOINT': 'vs/workbench/api/node/extensionHostProcess', 'GST_V4L2_PREFERRED_FOURCC': 'NV12:YU12:NV16:YUY2', 'LANGUAGE': 'en_US.UTF-8', 'USER': 'orangepi', 'SSH_CLIENT': 'fe80::a915:eed:d97c:42ea%wlx4822541cd7c3 53828 22', 'VSCODE_NLS_CONFIG': '{"userLocale":"en","osLocale":"en","resolvedLanguage":"en","defaultMessagesFile":"/home/orangepi/.cursor-server/bin/linux-arm64/31e8d61c448c7472e371505838a0fe34083dad50/out/nls.messages.json","locale":"en","availableLanguages":{}}', 'VSCODE_HANDLES_UNCAUGHT_ERRORS': 'true', 'XDG_SESSION_TYPE': 'tty', 'CURSOR_RIPGREP_PATH': '/home/orangepi/.cursor-server/bin/linux-arm64/31e8d61c448c7472e371505838a0fe34083dad50/node_modules/@vscode/ripgrep/bin/rg', 'SHLVL': '0', 'USB_FUNCS': 'adb', 'LD_LIBRARY_PATH': '/home/orangepi/marco_ws/install/marco_msgs/lib:/opt/ros/humble/opt/rviz_ogre_vendor/lib:/opt/ros/humble/lib/aarch64-linux-gnu:/opt/ros/humble/lib', 'BROWSER': '/home/orangepi/.cursor-server/bin/linux-arm64/31e8d61c448c7472e371505838a0fe34083dad50/bin/helpers/browser.sh', 'MOTD_SHOWN': 'pam', 'HOME': '/home/orangepi', 'OLDPWD': '/home/orangepi/marco_ws', 'VSCODE_IPC_HOOK_CLI': '/run/user/1000/vscode-ipc-0eae5caf-301b-4724-a9a1-6e0880f85816.sock', 'GST_INSPECT_NO_COLORS': '1', 'GST_MPP_NO_RGA': '1', 'ROS_PYTHON_VERSION': '3', 'COGL_DRIVER': 'gles2', 'NO_COLOR': '1', 'DBUS_SESSION_BUS_ADDRESS': 'unix:path=/run/user/1000/bus', 'VSCODE_L10N_BUNDLE_LOCATION': '', 'COLCON_PREFIX_PATH': '/home/orangepi/marco_ws/install:/home/orangepi/ydlidar_ros2_ws/install', 'GST_V4L2SRC_MAX_RESOLUTION': '3840x2160', 'ROS_DISTRO': 'humble', 'OVSX_REGISTRY_URL': 'https://open-vsx.org', 'LOGNAME': 'orangepi', 'FORCE_COLOR': '0', 'VSCODE_HANDLES_SIGPIPE': 'true', '_': '/usr/bin/colcon', 'ROS_VERSION': '2', 'CURSOR_LAYOUT': 'unifiedAgent', 'XDG_SESSION_CLASS': 'user', 'TERM': 'dumb', 'GST_GL_API': 'gles2', 'XDG_SESSION_ID': '5', 'GST_VIDEO_CONVERT_PREFERRED_FORMAT': 'NV12:NV16:I420:YUY2', 'GST_V4L2SRC_RK_DEVICES': '_mainpath:_selfpath:_bypass:_scale', 'ROS_LOCALHOST_ONLY': '0', 'PATH': '/home/orangepi/.cursor-server/bin/linux-arm64/31e8d61c448c7472e371505838a0fe34083dad50/node_modules/@vscode/ripgrep/bin:/home/orangepi/.cursor-server/bin/linux-arm64/31e8d61c448c7472e371505838a0fe34083dad50/bin/remote-cli:/opt/ros/humble/bin:/home/orangepi/.cursor-server/bin/linux-arm64/31e8d61c448c7472e371505838a0fe34083dad50/bin/remote-cli:/usr/local/sbin:/usr/local/bin:/usr/sbin:/usr/bin:/sbin:/bin:/usr/games:/usr/local/games:/snap/bin', 'VSCODE_AGENT_FOLDER': '/home/orangepi/.cursor-server', 'XDG_RUNTIME_DIR': '/run/user/1000', 'AGENT_TRANSCRIPTS': '/home/orangepi/.cursor/projects/home-orangepi/agent-transcripts', 'GST_GL_PLATFORM': 'egl', 'GST_DEBUG_NO_COLOR': '1', 'GST_V4L2SRC_DEFAULT_DEVICE': '/dev/video-camera0', 'CURSOR_AGENT': '1', 'DISPLAY': ':0', 'LANG': 'en_US.UTF-8', 'LS_COLORS': '', 'GST_V4L2_USE_LIBV4L2': '1', 'UMS_SIZE': '256M', 'AMENT_PREFIX_PATH': '/home/orangepi/marco_ws/install/marco_perception:/home/orangepi/marco_ws/install/marco_simulation:/home/orangepi/marco_ws/install/marco_safety:/home/orangepi/marco_ws/install/marco_localization:/home/orangepi/marco_ws/install/marco_navigation:/home/orangepi/marco_ws/install/marco_msgs:/home/orangepi/marco_ws/install/marco_mission:/home/orangepi/marco_ws/install/marco_docking:/home/orangepi/marco_ws/install/marco_bringup:/home/orangepi/marco_ws/install/marco_description:/home/orangepi/marco_ws/install/marco_base:/home/orangepi/marco_ws/install/lane_tracking:/home/orangepi/ydlidar_ros2_ws/install/ydlidar_ros2_driver:/opt/ros/humble', 'LC_MESSAGES': 'en_US.UTF-8', 'SHELL': '/bin/bash', 'VSCODE_SERVER_SHUTDOWN_TIMEOUT': '300', 'UMS_RO': '0', 'LESSCLOSE': '/usr/bin/lesspipe %s %s', 'UMS_FSTYPE': 'vfat', 'PWD': '/home/orangepi/marco_ws/build/marco_docking', 'LC_ALL': 'en_US.UTF-8', 'SSH_CONNECTION': 'fe80::a915:eed:d97c:42ea%wlx4822541cd7c3 53828 fe80::a73f:80ee:42ac:eebb%wlx4822541cd7c3 22', 'CURSOR_CONVERSATION_ID': '1ca3b929-f989-4c58-9e95-8b5ab2ce584e', 'PYTHONPATH': '/home/orangepi/marco_ws/build/marco_docking/prefix_override:/usr/lib/python3/dist-packages/colcon_core/task/python/colcon_distutils_commands:/home/orangepi/marco_ws/install/marco_docking/lib/python3.10/site-packages:/home/orangepi/marco_ws/build/marco_perception:/home/orangepi/marco_ws/install/marco_perception/lib/python3.10/site-packages:/home/orangepi/marco_ws/install/marco_msgs/local/lib/python3.10/dist-packages:/home/orangepi/marco_ws/install/marco_mission/lib/python3.10/site-packages:/home/orangepi/marco_ws/install/marco_docking/lib/python3.10/site-packages:/home/orangepi/marco_ws/build/marco_base:/home/orangepi/marco_ws/install/marco_base/lib/python3.10/site-packages:/home/orangepi/marco_ws/install/lane_tracking/lib/python3.10/site-packages:/opt/ros/humble/lib/python3.10/site-packages:/opt/ros/humble/local/lib/python3.10/dist-packages', 'UMS_MOUNT': '0', 'COLCON': '1', '__CURSOR_SANDBOX_ENV_RESTORE': "builtin unset CURSOR_CONVERSATION_ID CURSOR_AGENT_STORE_FILES_DIR CURSOR_AGENT_STORE_SHARED_PATHS 2>/dev/null || true; builtin export CURSOR_CONVERSATION_ID='1ca3b929-f989-4c58-9e95-8b5ab2ce584e'", '_ZO_DOCTOR': '0', 'CMAKE_PREFIX_PATH': '/home/orangepi/marco_ws/install/marco_msgs:/home/orangepi/marco_ws/install/marco_simulation:/home/orangepi/marco_ws/install/marco_safety:/home/orangepi/marco_ws/install/marco_localization:/home/orangepi/marco_ws/install/marco_navigation:/home/orangepi/marco_ws/install/marco_bringup:/home/orangepi/marco_ws/install/marco_description:/home/orangepi/ydlidar_ros2_ws/install/ydlidar_ros2_driver', 'UMS_FILE': '/userdata/ums_shared.img'}, 'shell': False}
[3.614738] (-) TimerEvent: {}
[3.715330] (-) TimerEvent: {}
[3.815926] (-) TimerEvent: {}
[3.916555] (-) TimerEvent: {}
[3.938068] (marco_docking) StdoutLine: {'line': b'running develop\n'}
[4.016663] (-) TimerEvent: {}
[4.113890] (marco_docking) StdoutLine: {'line': b'running egg_info\n'}
[4.114245] (marco_docking) StdoutLine: {'line': b'creating marco_docking.egg-info\n'}
[4.115132] (marco_docking) StdoutLine: {'line': b'writing marco_docking.egg-info/PKG-INFO\n'}
[4.115242] (marco_docking) StdoutLine: {'line': b'writing dependency_links to marco_docking.egg-info/dependency_links.txt\n'}
[4.115314] (marco_docking) StdoutLine: {'line': b'writing entry points to marco_docking.egg-info/entry_points.txt\n'}
[4.115666] (marco_docking) StdoutLine: {'line': b'writing requirements to marco_docking.egg-info/requires.txt\n'}
[4.115909] (marco_docking) StdoutLine: {'line': b'writing top-level names to marco_docking.egg-info/top_level.txt\n'}
[4.116294] (marco_docking) StdoutLine: {'line': b"writing manifest file 'marco_docking.egg-info/SOURCES.txt'\n"}
[4.116700] (-) TimerEvent: {}
[4.117998] (marco_docking) StdoutLine: {'line': b"reading manifest file 'marco_docking.egg-info/SOURCES.txt'\n"}
[4.119002] (marco_docking) StdoutLine: {'line': b"writing manifest file 'marco_docking.egg-info/SOURCES.txt'\n"}
[4.121278] (marco_docking) StdoutLine: {'line': b'running build_ext\n'}
[4.121560] (marco_docking) StdoutLine: {'line': b'Creating /home/orangepi/marco_ws/install/marco_docking/lib/python3.10/site-packages/marco-docking.egg-link (link to .)\n'}
[4.122683] (marco_docking) StdoutLine: {'line': b'Installing dock_server script to /home/orangepi/marco_ws/install/marco_docking/lib/marco_docking\n'}
[4.123028] (marco_docking) StdoutLine: {'line': b'\n'}
[4.123108] (marco_docking) StdoutLine: {'line': b'Installed /home/orangepi/marco_ws/build/marco_docking\n'}
[4.123178] (marco_docking) StdoutLine: {'line': b'running symlink_data\n'}
[4.123377] (marco_docking) StdoutLine: {'line': b'creating /home/orangepi/marco_ws/install/marco_docking/share/ament_index\n'}
[4.123695] (marco_docking) StdoutLine: {'line': b'creating /home/orangepi/marco_ws/install/marco_docking/share/ament_index/resource_index\n'}
[4.123762] (marco_docking) StdoutLine: {'line': b'creating /home/orangepi/marco_ws/install/marco_docking/share/ament_index/resource_index/packages\n'}
[4.123825] (marco_docking) StdoutLine: {'line': b'symbolically linking /home/orangepi/marco_ws/build/marco_docking/resource/marco_docking -> /home/orangepi/marco_ws/install/marco_docking/share/ament_index/resource_index/packages\n'}
[4.123892] (marco_docking) StdoutLine: {'line': b'symbolically linking /home/orangepi/marco_ws/build/marco_docking/package.xml -> /home/orangepi/marco_ws/install/marco_docking/share/marco_docking\n'}
[4.123956] (marco_docking) StdoutLine: {'line': b'creating /home/orangepi/marco_ws/install/marco_docking/share/marco_docking/launch\n'}
[4.124017] (marco_docking) StdoutLine: {'line': b'symbolically linking /home/orangepi/marco_ws/build/marco_docking/launch/docking.launch.py -> /home/orangepi/marco_ws/install/marco_docking/share/marco_docking/launch\n'}
[4.124079] (marco_docking) StdoutLine: {'line': b'creating /home/orangepi/marco_ws/install/marco_docking/share/marco_docking/config\n'}
[4.124139] (marco_docking) StdoutLine: {'line': b'symbolically linking /home/orangepi/marco_ws/build/marco_docking/config/docking.yaml -> /home/orangepi/marco_ws/install/marco_docking/share/marco_docking/config\n'}
[4.216912] (-) TimerEvent: {}
[4.232835] (marco_docking) CommandEnded: {'returncode': 0}
[4.255846] (marco_docking) JobEnded: {'identifier': 'marco_docking', 'rc': 0}
[4.256866] (-) EventReactorShutdown: {}
