running develop
Removing /home/orangepi/marco_ws/install/marco_docking/lib/python3.10/site-packages/marco-docking.egg-link (link to .)
running egg_info
writing ../../build/marco_docking/marco_docking.egg-info/PKG-INFO
writing dependency_links to ../../build/marco_docking/marco_docking.egg-info/dependency_links.txt
writing entry points to ../../build/marco_docking/marco_docking.egg-info/entry_points.txt
writing requirements to ../../build/marco_docking/marco_docking.egg-info/requires.txt
writing top-level names to ../../build/marco_docking/marco_docking.egg-info/top_level.txt
reading manifest file '../../build/marco_docking/marco_docking.egg-info/SOURCES.txt'
adding license file 'LICENSE'
writing manifest file '../../build/marco_docking/marco_docking.egg-info/SOURCES.txt'
running build
running build_py
creating /home/orangepi/marco_ws/build/marco_docking/build
creating /home/orangepi/marco_ws/build/marco_docking/build/lib
creating /home/orangepi/marco_ws/build/marco_docking/build/lib/marco_docking
copying marco_docking/__init__.py -> /home/orangepi/marco_ws/build/marco_docking/build/lib/marco_docking
running install
running install_lib
creating /home/orangepi/marco_ws/install/marco_docking/lib/python3.10/site-packages/marco_docking
copying /home/orangepi/marco_ws/build/marco_docking/build/lib/marco_docking/__init__.py -> /home/orangepi/marco_ws/install/marco_docking/lib/python3.10/site-packages/marco_docking
byte-compiling /home/orangepi/marco_ws/install/marco_docking/lib/python3.10/site-packages/marco_docking/__init__.py to __init__.cpython-310.pyc
running install_data
copying resource/marco_docking -> /home/orangepi/marco_ws/install/marco_docking/share/ament_index/resource_index/packages
copying package.xml -> /home/orangepi/marco_ws/install/marco_docking/share/marco_docking
running install_egg_info
Copying ../../build/marco_docking/marco_docking.egg-info to /home/orangepi/marco_ws/install/marco_docking/lib/python3.10/site-packages/marco_docking-0.0.0-py3.10.egg-info
running install_scripts
writing list of installed files to '/home/orangepi/marco_ws/build/marco_docking/install.log'
