[2.760s] Invoking command in '/home/orangepi/marco_ws/build/marco_docking': PYTHONPATH=/home/orangepi/marco_ws/build/marco_docking/prefix_override:/usr/lib/python3/dist-packages/colcon_core/task/python/colcon_distutils_commands:/home/orangepi/marco_ws/install/marco_docking/lib/python3.10/site-packages:${PYTHONPATH} /usr/bin/python3 -W ignore:setup.py install is deprecated -W ignore:easy_install command is deprecated setup.py develop --uninstall --editable --build-directory /home/orangepi/marco_ws/build/marco_docking/build
[3.107s] running develop
[3.295s] Removing /home/orangepi/marco_ws/install/marco_docking/lib/python3.10/site-packages/marco-docking.egg-link (link to .)
[3.437s] Invoked command in '/home/orangepi/marco_ws/build/marco_docking' returned '0': PYTHONPATH=/home/orangepi/marco_ws/build/marco_docking/prefix_override:/usr/lib/python3/dist-packages/colcon_core/task/python/colcon_distutils_commands:/home/orangepi/marco_ws/install/marco_docking/lib/python3.10/site-packages:${PYTHONPATH} /usr/bin/python3 -W ignore:setup.py install is deprecated -W ignore:easy_install command is deprecated setup.py develop --uninstall --editable --build-directory /home/orangepi/marco_ws/build/marco_docking/build
[3.443s] Invoking command in '/home/orangepi/marco_ws/src/marco_docking': PYTHONPATH=/home/orangepi/marco_ws/build/marco_docking/prefix_override:/usr/lib/python3/dist-packages/colcon_core/task/python/colcon_distutils_commands:/home/orangepi/marco_ws/install/marco_docking/lib/python3.10/site-packages:${PYTHONPATH} /usr/bin/python3 -W ignore:setup.py install is deprecated -W ignore:easy_install command is deprecated setup.py egg_info --egg-base ../../build/marco_docking build --build-base /home/orangepi/marco_ws/build/marco_docking/build install --record /home/orangepi/marco_ws/build/marco_docking/install.log --install-scripts $base/lib/marco_docking --single-version-externally-managed install_data --force
[3.784s] running egg_info
[3.785s] writing ../../build/marco_docking/marco_docking.egg-info/PKG-INFO
[3.786s] writing dependency_links to ../../build/marco_docking/marco_docking.egg-info/dependency_links.txt
[3.788s] writing entry points to ../../build/marco_docking/marco_docking.egg-info/entry_points.txt
[3.789s] writing requirements to ../../build/marco_docking/marco_docking.egg-info/requires.txt
[3.789s] writing top-level names to ../../build/marco_docking/marco_docking.egg-info/top_level.txt
[3.806s] reading manifest file '../../build/marco_docking/marco_docking.egg-info/SOURCES.txt'
[3.808s] adding license file 'LICENSE'
[3.814s] writing manifest file '../../build/marco_docking/marco_docking.egg-info/SOURCES.txt'
[3.814s] running build
[3.815s] running build_py
[3.815s] creating /home/orangepi/marco_ws/build/marco_docking/build
[3.816s] creating /home/orangepi/marco_ws/build/marco_docking/build/lib
[3.817s] creating /home/orangepi/marco_ws/build/marco_docking/build/lib/marco_docking
[3.818s] copying marco_docking/__init__.py -> /home/orangepi/marco_ws/build/marco_docking/build/lib/marco_docking
[3.819s] running install
[3.820s] running install_lib
[3.821s] creating /home/orangepi/marco_ws/install/marco_docking/lib/python3.10/site-packages/marco_docking
[3.821s] copying /home/orangepi/marco_ws/build/marco_docking/build/lib/marco_docking/__init__.py -> /home/orangepi/marco_ws/install/marco_docking/lib/python3.10/site-packages/marco_docking
[3.823s] byte-compiling /home/orangepi/marco_ws/install/marco_docking/lib/python3.10/site-packages/marco_docking/__init__.py to __init__.cpython-310.pyc
[3.823s] running install_data
[3.824s] copying resource/marco_docking -> /home/orangepi/marco_ws/install/marco_docking/share/ament_index/resource_index/packages
[3.825s] copying package.xml -> /home/orangepi/marco_ws/install/marco_docking/share/marco_docking
[3.826s] running install_egg_info
[3.830s] Copying ../../build/marco_docking/marco_docking.egg-info to /home/orangepi/marco_ws/install/marco_docking/lib/python3.10/site-packages/marco_docking-0.0.0-py3.10.egg-info
[3.834s] running install_scripts
[3.877s] writing list of installed files to '/home/orangepi/marco_ws/build/marco_docking/install.log'
[3.961s] Invoked command in '/home/orangepi/marco_ws/src/marco_docking' returned '0': PYTHONPATH=/home/orangepi/marco_ws/build/marco_docking/prefix_override:/usr/lib/python3/dist-packages/colcon_core/task/python/colcon_distutils_commands:/home/orangepi/marco_ws/install/marco_docking/lib/python3.10/site-packages:${PYTHONPATH} /usr/bin/python3 -W ignore:setup.py install is deprecated -W ignore:easy_install command is deprecated setup.py egg_info --egg-base ../../build/marco_docking build --build-base /home/orangepi/marco_ws/build/marco_docking/build install --record /home/orangepi/marco_ws/build/marco_docking/install.log --install-scripts $base/lib/marco_docking --single-version-externally-managed install_data --force
