[0.123s] Invoking command in '/home/orangepi/marco_ws/build/marco_simulation': CMAKE_PREFIX_PATH=${CMAKE_PREFIX_PATH}:/opt/ros/humble /usr/bin/cmake --build /home/orangepi/marco_ws/build/marco_simulation -- -j8 -l8
[0.287s] Invoked command in '/home/orangepi/marco_ws/build/marco_simulation' returned '0': CMAKE_PREFIX_PATH=${CMAKE_PREFIX_PATH}:/opt/ros/humble /usr/bin/cmake --build /home/orangepi/marco_ws/build/marco_simulation -- -j8 -l8
[0.290s] Invoking command in '/home/orangepi/marco_ws/build/marco_simulation': CMAKE_PREFIX_PATH=${CMAKE_PREFIX_PATH}:/opt/ros/humble /usr/bin/cmake --install /home/orangepi/marco_ws/build/marco_simulation
[0.310s] -- Install configuration: ""
[0.314s] -- Execute custom install script
[0.323s] -- Up-to-date symlink: /home/orangepi/marco_ws/install/marco_simulation/share/marco_simulation/worlds/.gitkeep
[0.325s] -- Up-to-date symlink: /home/orangepi/marco_ws/install/marco_simulation/share/marco_simulation/models/.gitkeep
[0.325s] -- Up-to-date symlink: /home/orangepi/marco_ws/install/marco_simulation/share/marco_simulation/launch/.gitkeep
[0.326s] -- Up-to-date symlink: /home/orangepi/marco_ws/install/marco_simulation/share/marco_simulation/config/.gitkeep
[0.326s] -- Up-to-date symlink: /home/orangepi/marco_ws/install/marco_simulation/share/ament_index/resource_index/package_run_dependencies/marco_simulation
[0.327s] -- Up-to-date symlink: /home/orangepi/marco_ws/install/marco_simulation/share/ament_index/resource_index/parent_prefix_path/marco_simulation
[0.328s] -- Up-to-date symlink: /home/orangepi/marco_ws/install/marco_simulation/share/marco_simulation/environment/ament_prefix_path.sh
[0.330s] -- Up-to-date symlink: /home/orangepi/marco_ws/install/marco_simulation/share/marco_simulation/environment/ament_prefix_path.dsv
[0.331s] -- Up-to-date symlink: /home/orangepi/marco_ws/install/marco_simulation/share/marco_simulation/environment/path.sh
[0.332s] -- Up-to-date symlink: /home/orangepi/marco_ws/install/marco_simulation/share/marco_simulation/environment/path.dsv
[0.333s] -- Up-to-date symlink: /home/orangepi/marco_ws/install/marco_simulation/share/marco_simulation/local_setup.bash
[0.334s] -- Up-to-date symlink: /home/orangepi/marco_ws/install/marco_simulation/share/marco_simulation/local_setup.sh
[0.335s] -- Up-to-date symlink: /home/orangepi/marco_ws/install/marco_simulation/share/marco_simulation/local_setup.zsh
[0.336s] -- Up-to-date symlink: /home/orangepi/marco_ws/install/marco_simulation/share/marco_simulation/local_setup.dsv
[0.337s] -- Symlinking: /home/orangepi/marco_ws/install/marco_simulation/share/marco_simulation/package.dsv
[0.445s] -- Up-to-date symlink: /home/orangepi/marco_ws/install/marco_simulation/share/ament_index/resource_index/packages/marco_simulation
[0.446s] -- Up-to-date symlink: /home/orangepi/marco_ws/install/marco_simulation/share/marco_simulation/cmake/marco_simulationConfig.cmake
[0.447s] -- Up-to-date symlink: /home/orangepi/marco_ws/install/marco_simulation/share/marco_simulation/cmake/marco_simulationConfig-version.cmake
[0.447s] -- Up-to-date symlink: /home/orangepi/marco_ws/install/marco_simulation/share/marco_simulation/package.xml
[0.447s] Invoked command in '/home/orangepi/marco_ws/build/marco_simulation' returned '0': CMAKE_PREFIX_PATH=${CMAKE_PREFIX_PATH}:/opt/ros/humble /usr/bin/cmake --install /home/orangepi/marco_ws/build/marco_simulation
