[0.474s] Invoking command in '/home/orangepi/marco_ws/build/marco_description': CMAKE_PREFIX_PATH=/opt/ros/humble /usr/bin/cmake /home/orangepi/marco_ws/src/marco_description -DAMENT_CMAKE_SYMLINK_INSTALL=1 -DCMAKE_INSTALL_PREFIX=/home/orangepi/marco_ws/install/marco_description
[1.353s] -- The C compiler identification is GNU 11.4.0
[1.491s] -- The CXX compiler identification is GNU 11.4.0
[1.550s] -- Detecting C compiler ABI info
[1.808s] -- Detecting C compiler ABI info - done
[1.816s] -- Check for working C compiler: /usr/bin/cc - skipped
[1.817s] -- Detecting C compile features
[1.818s] -- Detecting C compile features - done
[1.822s] -- Detecting CXX compiler ABI info
[2.046s] -- Detecting CXX compiler ABI info - done
[2.057s] -- Check for working CXX compiler: /usr/bin/c++ - skipped
[2.058s] -- Detecting CXX compile features
[2.060s] -- Detecting CXX compile features - done
[2.069s] -- Found ament_cmake: 1.3.14 (/opt/ros/humble/share/ament_cmake/cmake)
[2.682s] -- Found Python3: /usr/bin/python3 (found version "3.10.12") found components: Interpreter 
[2.904s] -- Override CMake install command with custom implementation using symlinks instead of copying resources
[3.234s] -- Configuring done
[3.242s] -- Generating done
[3.249s] -- Build files have been written to: /home/orangepi/marco_ws/build/marco_description
[3.307s] Invoked command in '/home/orangepi/marco_ws/build/marco_description' returned '0': CMAKE_PREFIX_PATH=/opt/ros/humble /usr/bin/cmake /home/orangepi/marco_ws/src/marco_description -DAMENT_CMAKE_SYMLINK_INSTALL=1 -DCMAKE_INSTALL_PREFIX=/home/orangepi/marco_ws/install/marco_description
[3.310s] Invoking command in '/home/orangepi/marco_ws/build/marco_description': CMAKE_PREFIX_PATH=/opt/ros/humble /usr/bin/cmake --build /home/orangepi/marco_ws/build/marco_description -- -j8 -l8
[3.484s] Invoked command in '/home/orangepi/marco_ws/build/marco_description' returned '0': CMAKE_PREFIX_PATH=/opt/ros/humble /usr/bin/cmake --build /home/orangepi/marco_ws/build/marco_description -- -j8 -l8
[3.485s] Invoking command in '/home/orangepi/marco_ws/build/marco_description': CMAKE_PREFIX_PATH=/opt/ros/humble /usr/bin/cmake --install /home/orangepi/marco_ws/build/marco_description
[3.522s] -- Install configuration: ""
[3.523s] -- Execute custom install script
[3.523s] -- Symlinking: /home/orangepi/marco_ws/install/marco_description/share/marco_description/urdf/.gitkeep
[3.523s] -- Symlinking: /home/orangepi/marco_ws/install/marco_description/share/marco_description/meshes/.gitkeep
[3.976s] -- Symlinking: /home/orangepi/marco_ws/install/marco_description/share/marco_description/launch/.gitkeep
[3.976s] -- Symlinking: /home/orangepi/marco_ws/install/marco_description/share/marco_description/rviz/.gitkeep
[3.976s] -- Symlinking: /home/orangepi/marco_ws/install/marco_description/share/marco_description/config/.gitkeep
[3.976s] -- Symlinking: /home/orangepi/marco_ws/install/marco_description/share/ament_index/resource_index/package_run_dependencies/marco_description
[3.977s] -- Symlinking: /home/orangepi/marco_ws/install/marco_description/share/ament_index/resource_index/parent_prefix_path/marco_description
[3.977s] -- Symlinking: /home/orangepi/marco_ws/install/marco_description/share/marco_description/environment/ament_prefix_path.sh
[3.978s] -- Symlinking: /home/orangepi/marco_ws/install/marco_description/share/marco_description/environment/ament_prefix_path.dsv
[3.979s] -- Symlinking: /home/orangepi/marco_ws/install/marco_description/share/marco_description/environment/path.sh
[3.980s] -- Symlinking: /home/orangepi/marco_ws/install/marco_description/share/marco_description/environment/path.dsv
[3.982s] -- Symlinking: /home/orangepi/marco_ws/install/marco_description/share/marco_description/local_setup.bash
[3.986s] -- Symlinking: /home/orangepi/marco_ws/install/marco_description/share/marco_description/local_setup.sh
[3.986s] -- Symlinking: /home/orangepi/marco_ws/install/marco_description/share/marco_description/local_setup.zsh
[3.987s] -- Symlinking: /home/orangepi/marco_ws/install/marco_description/share/marco_description/local_setup.dsv
[3.987s] -- Symlinking: /home/orangepi/marco_ws/install/marco_description/share/marco_description/package.dsv
[3.987s] -- Symlinking: /home/orangepi/marco_ws/install/marco_description/share/ament_index/resource_index/packages/marco_description
[3.987s] -- Symlinking: /home/orangepi/marco_ws/install/marco_description/share/marco_description/cmake/marco_descriptionConfig.cmake
[3.987s] -- Symlinking: /home/orangepi/marco_ws/install/marco_description/share/marco_description/cmake/marco_descriptionConfig-version.cmake
[3.988s] -- Symlinking: /home/orangepi/marco_ws/install/marco_description/share/marco_description/package.xml
[4.042s] Invoked command in '/home/orangepi/marco_ws/build/marco_description' returned '0': CMAKE_PREFIX_PATH=/opt/ros/humble /usr/bin/cmake --install /home/orangepi/marco_ws/build/marco_description
