[0.000000] (-) TimerEvent: {}
[0.001412] (marco_base) JobQueued: {'identifier': 'marco_base', 'dependencies': OrderedDict()}
[0.002402] (marco_description) JobQueued: {'identifier': 'marco_description', 'dependencies': OrderedDict()}
[0.002512] (marco_docking) JobQueued: {'identifier': 'marco_docking', 'dependencies': OrderedDict()}
[0.002610] (marco_mission) JobQueued: {'identifier': 'marco_mission', 'dependencies': OrderedDict()}
[0.003438] (marco_msgs) JobQueued: {'identifier': 'marco_msgs', 'dependencies': OrderedDict()}
[0.003546] (marco_navigation) JobQueued: {'identifier': 'marco_navigation', 'dependencies': OrderedDict()}
[0.003925] (marco_perception) JobQueued: {'identifier': 'marco_perception', 'dependencies': OrderedDict()}
[0.004046] (marco_safety) JobQueued: {'identifier': 'marco_safety', 'dependencies': OrderedDict()}
[0.004150] (marco_simulation) JobQueued: {'identifier': 'marco_simulation', 'dependencies': OrderedDict()}
[0.004252] (marco_bringup) JobQueued: {'identifier': 'marco_bringup', 'dependencies': OrderedDict([('marco_base', '/home/orangepi/marco_ws/install/marco_base'), ('marco_description', '/home/orangepi/marco_ws/install/marco_description')])}
[0.004373] (marco_localization) JobQueued: {'identifier': 'marco_localization', 'dependencies': OrderedDict([('marco_base', '/home/orangepi/marco_ws/install/marco_base'), ('marco_description', '/home/orangepi/marco_ws/install/marco_description'), ('marco_bringup', '/home/orangepi/marco_ws/install/marco_bringup')])}
[0.004495] (marco_base) JobStarted: {'identifier': 'marco_base'}
[0.022396] (marco_description) JobStarted: {'identifier': 'marco_description'}
[0.030480] (marco_docking) JobStarted: {'identifier': 'marco_docking'}
[0.040428] (marco_mission) JobStarted: {'identifier': 'marco_mission'}
[0.050451] (marco_msgs) JobStarted: {'identifier': 'marco_msgs'}
[0.057578] (-) TimerEvent: {}
[0.057933] (marco_navigation) JobStarted: {'identifier': 'marco_navigation'}
[0.065039] (marco_perception) JobStarted: {'identifier': 'marco_perception'}
[0.075501] (marco_safety) JobStarted: {'identifier': 'marco_safety'}
[0.157917] (-) TimerEvent: {}
[0.258561] (-) TimerEvent: {}
[0.359159] (-) TimerEvent: {}
[0.459908] (-) TimerEvent: {}
