[0.931s] Invoking command in '/home/orangepi/marco_ws/build/marco_simulation': CMAKE_PREFIX_PATH=${CMAKE_PREFIX_PATH}:/home/orangepi/marco_ws/install/marco_docking:/home/orangepi/marco_ws/install/marco_perception:/home/orangepi/marco_ws/install/marco_mission:/home/orangepi/marco_ws/install/marco_base:/home/orangepi/marco_ws/install/lane_tracking:/opt/ros/humble /usr/bin/cmake --build /home/orangepi/marco_ws/build/marco_simulation -- -j8 -l8
[1.052s] Invoked command in '/home/orangepi/marco_ws/build/marco_simulation' returned '0': CMAKE_PREFIX_PATH=${CMAKE_PREFIX_PATH}:/home/orangepi/marco_ws/install/marco_docking:/home/orangepi/marco_ws/install/marco_perception:/home/orangepi/marco_ws/install/marco_mission:/home/orangepi/marco_ws/install/marco_base:/home/orangepi/marco_ws/install/lane_tracking:/opt/ros/humble /usr/bin/cmake --build /home/orangepi/marco_ws/build/marco_simulation -- -j8 -l8
[1.052s] Invoking command in '/home/orangepi/marco_ws/build/marco_simulation': CMAKE_PREFIX_PATH=${CMAKE_PREFIX_PATH}:/home/orangepi/marco_ws/install/marco_docking:/home/orangepi/marco_ws/install/marco_perception:/home/orangepi/marco_ws/install/marco_mission:/home/orangepi/marco_ws/install/marco_base:/home/orangepi/marco_ws/install/lane_tracking:/opt/ros/humble /usr/bin/cmake --install /home/orangepi/marco_ws/build/marco_simulation
[1.066s] -- Install configuration: ""
[1.067s] -- Execute custom install script
[1.073s] -- Up-to-date symlink: /home/orangepi/marco_ws/install/marco_simulation/share/marco_simulation/worlds/.gitkeep
[1.077s] -- Up-to-date symlink: /home/orangepi/marco_ws/install/marco_simulation/share/marco_simulation/models/.gitkeep
[1.088s] -- Up-to-date symlink: /home/orangepi/marco_ws/install/marco_simulation/share/marco_simulation/launch/.gitkeep
[1.094s] -- Up-to-date symlink: /home/orangepi/marco_ws/install/marco_simulation/share/marco_simulation/config/.gitkeep
[1.099s] -- Up-to-date symlink: /home/orangepi/marco_ws/install/marco_simulation/share/ament_index/resource_index/package_run_dependencies/marco_simulation
[1.102s] -- Up-to-date symlink: /home/orangepi/marco_ws/install/marco_simulation/share/ament_index/resource_index/parent_prefix_path/marco_simulation
[1.104s] -- Up-to-date symlink: /home/orangepi/marco_ws/install/marco_simulation/share/marco_simulation/environment/ament_prefix_path.sh
[1.105s] -- Up-to-date symlink: /home/orangepi/marco_ws/install/marco_simulation/share/marco_simulation/environment/ament_prefix_path.dsv
[1.106s] -- Up-to-date symlink: /home/orangepi/marco_ws/install/marco_simulation/share/marco_simulation/environment/path.sh
[1.106s] -- Up-to-date symlink: /home/orangepi/marco_ws/install/marco_simulation/share/marco_simulation/environment/path.dsv
[1.107s] -- Up-to-date symlink: /home/orangepi/marco_ws/install/marco_simulation/share/marco_simulation/local_setup.bash
[1.108s] -- Up-to-date symlink: /home/orangepi/marco_ws/install/marco_simulation/share/marco_simulation/local_setup.sh
[1.110s] -- Up-to-date symlink: /home/orangepi/marco_ws/install/marco_simulation/share/marco_simulation/local_setup.zsh
[1.110s] -- Up-to-date symlink: /home/orangepi/marco_ws/install/marco_simulation/share/marco_simulation/local_setup.dsv
[1.111s] -- Symlinking: /home/orangepi/marco_ws/install/marco_simulation/share/marco_simulation/package.dsv
[1.163s] -- Up-to-date symlink: /home/orangepi/marco_ws/install/marco_simulation/share/ament_index/resource_index/packages/marco_simulation
[1.166s] -- Up-to-date symlink: /home/orangepi/marco_ws/install/marco_simulation/share/marco_simulation/cmake/marco_simulationConfig.cmake
[1.169s] -- Up-to-date symlink: /home/orangepi/marco_ws/install/marco_simulation/share/marco_simulation/cmake/marco_simulationConfig-version.cmake
[1.171s] -- Up-to-date symlink: /home/orangepi/marco_ws/install/marco_simulation/share/marco_simulation/package.xml
[1.226s] Invoked command in '/home/orangepi/marco_ws/build/marco_simulation' returned '0': CMAKE_PREFIX_PATH=${CMAKE_PREFIX_PATH}:/home/orangepi/marco_ws/install/marco_docking:/home/orangepi/marco_ws/install/marco_perception:/home/orangepi/marco_ws/install/marco_mission:/home/orangepi/marco_ws/install/marco_base:/home/orangepi/marco_ws/install/lane_tracking:/opt/ros/humble /usr/bin/cmake --install /home/orangepi/marco_ws/build/marco_simulation
