[0.477s] Invoking command in '/home/orangepi/marco_ws/build/marco_navigation': CMAKE_PREFIX_PATH=${CMAKE_PREFIX_PATH}:/home/orangepi/marco_ws/install/marco_docking:/home/orangepi/marco_ws/install/marco_perception:/home/orangepi/marco_ws/install/marco_mission:/home/orangepi/marco_ws/install/marco_base:/home/orangepi/marco_ws/install/lane_tracking:/opt/ros/humble /usr/bin/cmake /home/orangepi/marco_ws/src/marco_navigation -DCMAKE_INSTALL_PREFIX=/home/orangepi/marco_ws/install/marco_navigation
[1.025s] -- Found ament_cmake: 1.3.14 (/opt/ros/humble/share/ament_cmake/cmake)
[1.026s] -- Override CMake install command with custom implementation using symlinks instead of copying resources
[1.027s] -- Configuring done
[1.027s] -- Generating done
[1.027s] -- Build files have been written to: /home/orangepi/marco_ws/build/marco_navigation
[1.120s] Invoked command in '/home/orangepi/marco_ws/build/marco_navigation' returned '0': CMAKE_PREFIX_PATH=${CMAKE_PREFIX_PATH}:/home/orangepi/marco_ws/install/marco_docking:/home/orangepi/marco_ws/install/marco_perception:/home/orangepi/marco_ws/install/marco_mission:/home/orangepi/marco_ws/install/marco_base:/home/orangepi/marco_ws/install/lane_tracking:/opt/ros/humble /usr/bin/cmake /home/orangepi/marco_ws/src/marco_navigation -DCMAKE_INSTALL_PREFIX=/home/orangepi/marco_ws/install/marco_navigation
[1.122s] Invoking command in '/home/orangepi/marco_ws/build/marco_navigation': CMAKE_PREFIX_PATH=${CMAKE_PREFIX_PATH}:/home/orangepi/marco_ws/install/marco_docking:/home/orangepi/marco_ws/install/marco_perception:/home/orangepi/marco_ws/install/marco_mission:/home/orangepi/marco_ws/install/marco_base:/home/orangepi/marco_ws/install/lane_tracking:/opt/ros/humble /usr/bin/cmake --build /home/orangepi/marco_ws/build/marco_navigation -- -j8 -l8
[1.280s] Invoked command in '/home/orangepi/marco_ws/build/marco_navigation' returned '0': CMAKE_PREFIX_PATH=${CMAKE_PREFIX_PATH}:/home/orangepi/marco_ws/install/marco_docking:/home/orangepi/marco_ws/install/marco_perception:/home/orangepi/marco_ws/install/marco_mission:/home/orangepi/marco_ws/install/marco_base:/home/orangepi/marco_ws/install/lane_tracking:/opt/ros/humble /usr/bin/cmake --build /home/orangepi/marco_ws/build/marco_navigation -- -j8 -l8
[1.280s] Invoking command in '/home/orangepi/marco_ws/build/marco_navigation': CMAKE_PREFIX_PATH=${CMAKE_PREFIX_PATH}:/home/orangepi/marco_ws/install/marco_docking:/home/orangepi/marco_ws/install/marco_perception:/home/orangepi/marco_ws/install/marco_mission:/home/orangepi/marco_ws/install/marco_base:/home/orangepi/marco_ws/install/lane_tracking:/opt/ros/humble /usr/bin/cmake --install /home/orangepi/marco_ws/build/marco_navigation
[1.303s] -- Install configuration: ""
[1.303s] -- Execute custom install script
[1.304s] -- Up-to-date symlink: /home/orangepi/marco_ws/install/marco_navigation/share/marco_navigation/config/.gitkeep
[1.304s] -- Up-to-date symlink: /home/orangepi/marco_ws/install/marco_navigation/share/marco_navigation/config/nav2_params.yaml
[1.304s] -- Up-to-date symlink: /home/orangepi/marco_ws/install/marco_navigation/share/marco_navigation/config/route_server.yaml
[1.304s] -- Up-to-date symlink: /home/orangepi/marco_ws/install/marco_navigation/share/marco_navigation/launch/.gitkeep
[1.304s] -- Up-to-date symlink: /home/orangepi/marco_ws/install/marco_navigation/share/marco_navigation/launch/navigation.launch.py
[1.304s] -- Up-to-date symlink: /home/orangepi/marco_ws/install/marco_navigation/share/marco_navigation/launch/route.launch.py
[1.305s] -- Up-to-date symlink: /home/orangepi/marco_ws/install/marco_navigation/share/marco_navigation/launch/route_safe.launch.py
[1.305s] -- Up-to-date symlink: /home/orangepi/marco_ws/install/marco_navigation/share/marco_navigation/behavior_trees/.gitkeep
[1.305s] -- Up-to-date symlink: /home/orangepi/marco_ws/install/marco_navigation/share/marco_navigation/behavior_trees/navigate_route_wait.xml
[1.305s] -- Up-to-date symlink: /home/orangepi/marco_ws/install/marco_navigation/share/marco_navigation/behavior_trees/navigate_to_pose_wait.xml
[1.305s] -- Up-to-date symlink: /home/orangepi/marco_ws/install/marco_navigation/share/marco_navigation/maps/.gitkeep
[1.305s] -- Up-to-date symlink: /home/orangepi/marco_ws/install/marco_navigation/share/marco_navigation/maps/README.md
[1.305s] -- Up-to-date symlink: /home/orangepi/marco_ws/install/marco_navigation/share/marco_navigation/maps/nav_test.pgm
[1.305s] -- Up-to-date symlink: /home/orangepi/marco_ws/install/marco_navigation/share/marco_navigation/maps/nav_test.yaml
[1.306s] -- Up-to-date symlink: /home/orangepi/marco_ws/install/marco_navigation/share/marco_navigation/maps/oda_test.pgm
[1.306s] -- Up-to-date symlink: /home/orangepi/marco_ws/install/marco_navigation/share/marco_navigation/maps/oda_test.yaml
[1.307s] -- Up-to-date symlink: /home/orangepi/marco_ws/install/marco_navigation/share/marco_navigation/graphs/.gitkeep
[1.307s] -- Up-to-date symlink: /home/orangepi/marco_ws/install/marco_navigation/share/marco_navigation/graphs/demo_rota.geojson
[1.308s] -- Up-to-date symlink: /home/orangepi/marco_ws/install/marco_navigation/lib/marco_navigation/rota_hesapla.py
[1.308s] -- Up-to-date symlink: /home/orangepi/marco_ws/install/marco_navigation/share/ament_index/resource_index/package_run_dependencies/marco_navigation
[1.308s] -- Up-to-date symlink: /home/orangepi/marco_ws/install/marco_navigation/share/ament_index/resource_index/parent_prefix_path/marco_navigation
[1.309s] -- Up-to-date symlink: /home/orangepi/marco_ws/install/marco_navigation/share/marco_navigation/environment/ament_prefix_path.sh
[1.309s] -- Up-to-date symlink: /home/orangepi/marco_ws/install/marco_navigation/share/marco_navigation/environment/ament_prefix_path.dsv
[1.309s] -- Up-to-date symlink: /home/orangepi/marco_ws/install/marco_navigation/share/marco_navigation/environment/path.sh
[1.310s] -- Up-to-date symlink: /home/orangepi/marco_ws/install/marco_navigation/share/marco_navigation/environment/path.dsv
[1.310s] -- Up-to-date symlink: /home/orangepi/marco_ws/install/marco_navigation/share/marco_navigation/local_setup.bash
[1.311s] -- Up-to-date symlink: /home/orangepi/marco_ws/install/marco_navigation/share/marco_navigation/local_setup.sh
[1.311s] -- Up-to-date symlink: /home/orangepi/marco_ws/install/marco_navigation/share/marco_navigation/local_setup.zsh
[1.311s] -- Up-to-date symlink: /home/orangepi/marco_ws/install/marco_navigation/share/marco_navigation/local_setup.dsv
[1.312s] -- Symlinking: /home/orangepi/marco_ws/install/marco_navigation/share/marco_navigation/package.dsv
[1.337s] -- Up-to-date symlink: /home/orangepi/marco_ws/install/marco_navigation/share/ament_index/resource_index/packages/marco_navigation
[1.338s] -- Up-to-date symlink: /home/orangepi/marco_ws/install/marco_navigation/share/marco_navigation/cmake/marco_navigationConfig.cmake
[1.339s] -- Up-to-date symlink: /home/orangepi/marco_ws/install/marco_navigation/share/marco_navigation/cmake/marco_navigationConfig-version.cmake
[1.339s] -- Up-to-date symlink: /home/orangepi/marco_ws/install/marco_navigation/share/marco_navigation/package.xml
[1.353s] Invoked command in '/home/orangepi/marco_ws/build/marco_navigation' returned '0': CMAKE_PREFIX_PATH=${CMAKE_PREFIX_PATH}:/home/orangepi/marco_ws/install/marco_docking:/home/orangepi/marco_ws/install/marco_perception:/home/orangepi/marco_ws/install/marco_mission:/home/orangepi/marco_ws/install/marco_base:/home/orangepi/marco_ws/install/lane_tracking:/opt/ros/humble /usr/bin/cmake --install /home/orangepi/marco_ws/build/marco_navigation
