[2.748s] Invoking command in '/home/orangepi/marco_ws/build/marco_mission': PYTHONPATH=/home/orangepi/marco_ws/build/marco_mission/prefix_override:/usr/lib/python3/dist-packages/colcon_core/task/python/colcon_distutils_commands:/home/orangepi/marco_ws/install/marco_mission/lib/python3.10/site-packages:${PYTHONPATH} /usr/bin/python3 -W ignore:setup.py install is deprecated -W ignore:easy_install command is deprecated setup.py develop --uninstall --editable --build-directory /home/orangepi/marco_ws/build/marco_mission/build
[3.148s] running develop
[3.335s] Removing /home/orangepi/marco_ws/install/marco_mission/lib/python3.10/site-packages/marco-mission.egg-link (link to .)
[3.456s] Invoked command in '/home/orangepi/marco_ws/build/marco_mission' returned '0': PYTHONPATH=/home/orangepi/marco_ws/build/marco_mission/prefix_override:/usr/lib/python3/dist-packages/colcon_core/task/python/colcon_distutils_commands:/home/orangepi/marco_ws/install/marco_mission/lib/python3.10/site-packages:${PYTHONPATH} /usr/bin/python3 -W ignore:setup.py install is deprecated -W ignore:easy_install command is deprecated setup.py develop --uninstall --editable --build-directory /home/orangepi/marco_ws/build/marco_mission/build
[3.461s] Invoking command in '/home/orangepi/marco_ws/src/marco_mission': PYTHONPATH=/home/orangepi/marco_ws/build/marco_mission/prefix_override:/usr/lib/python3/dist-packages/colcon_core/task/python/colcon_distutils_commands:/home/orangepi/marco_ws/install/marco_mission/lib/python3.10/site-packages:${PYTHONPATH} /usr/bin/python3 -W ignore:setup.py install is deprecated -W ignore:easy_install command is deprecated setup.py egg_info --egg-base ../../build/marco_mission build --build-base /home/orangepi/marco_ws/build/marco_mission/build install --record /home/orangepi/marco_ws/build/marco_mission/install.log --install-scripts $base/lib/marco_mission --single-version-externally-managed install_data --force
[3.835s] running egg_info
[3.835s] writing ../../build/marco_mission/marco_mission.egg-info/PKG-INFO
[3.835s] writing dependency_links to ../../build/marco_mission/marco_mission.egg-info/dependency_links.txt
[3.835s] writing entry points to ../../build/marco_mission/marco_mission.egg-info/entry_points.txt
[3.836s] writing requirements to ../../build/marco_mission/marco_mission.egg-info/requires.txt
[3.836s] writing top-level names to ../../build/marco_mission/marco_mission.egg-info/top_level.txt
[3.844s] reading manifest file '../../build/marco_mission/marco_mission.egg-info/SOURCES.txt'
[3.845s] adding license file 'LICENSE'
[3.847s] writing manifest file '../../build/marco_mission/marco_mission.egg-info/SOURCES.txt'
[3.847s] running build
[3.848s] running build_py
[3.848s] creating /home/orangepi/marco_ws/build/marco_mission/build
[3.849s] creating /home/orangepi/marco_ws/build/marco_mission/build/lib
[3.849s] creating /home/orangepi/marco_ws/build/marco_mission/build/lib/marco_mission
[3.849s] copying marco_mission/__init__.py -> /home/orangepi/marco_ws/build/marco_mission/build/lib/marco_mission
[3.850s] running install
[3.850s] running install_lib
[3.854s] creating /home/orangepi/marco_ws/install/marco_mission/lib/python3.10/site-packages/marco_mission
[3.854s] copying /home/orangepi/marco_ws/build/marco_mission/build/lib/marco_mission/__init__.py -> /home/orangepi/marco_ws/install/marco_mission/lib/python3.10/site-packages/marco_mission
[3.854s] byte-compiling /home/orangepi/marco_ws/install/marco_mission/lib/python3.10/site-packages/marco_mission/__init__.py to __init__.cpython-310.pyc
[3.855s] running install_data
[3.855s] copying resource/marco_mission -> /home/orangepi/marco_ws/install/marco_mission/share/ament_index/resource_index/packages
[3.856s] copying package.xml -> /home/orangepi/marco_ws/install/marco_mission/share/marco_mission
[3.857s] running install_egg_info
[3.857s] Copying ../../build/marco_mission/marco_mission.egg-info to /home/orangepi/marco_ws/install/marco_mission/lib/python3.10/site-packages/marco_mission-0.0.0-py3.10.egg-info
[3.858s] running install_scripts
[3.909s] writing list of installed files to '/home/orangepi/marco_ws/build/marco_mission/install.log'
[4.044s] Invoked command in '/home/orangepi/marco_ws/src/marco_mission' returned '0': PYTHONPATH=/home/orangepi/marco_ws/build/marco_mission/prefix_override:/usr/lib/python3/dist-packages/colcon_core/task/python/colcon_distutils_commands:/home/orangepi/marco_ws/install/marco_mission/lib/python3.10/site-packages:${PYTHONPATH} /usr/bin/python3 -W ignore:setup.py install is deprecated -W ignore:easy_install command is deprecated setup.py egg_info --egg-base ../../build/marco_mission build --build-base /home/orangepi/marco_ws/build/marco_mission/build install --record /home/orangepi/marco_ws/build/marco_mission/install.log --install-scripts $base/lib/marco_mission --single-version-externally-managed install_data --force
