[2.717s] Invoking command in '/home/orangepi/marco_ws/build/marco_perception': PYTHONPATH=/home/orangepi/marco_ws/build/marco_perception/prefix_override:/usr/lib/python3/dist-packages/colcon_core/task/python/colcon_distutils_commands:/home/orangepi/marco_ws/install/marco_perception/lib/python3.10/site-packages:${PYTHONPATH} /usr/bin/python3 -W ignore:setup.py install is deprecated -W ignore:easy_install command is deprecated setup.py develop --uninstall --editable --build-directory /home/orangepi/marco_ws/build/marco_perception/build
[3.077s] running develop
[3.259s] Removing /home/orangepi/marco_ws/install/marco_perception/lib/python3.10/site-packages/marco-perception.egg-link (link to .)
[3.419s] Invoked command in '/home/orangepi/marco_ws/build/marco_perception' returned '0': PYTHONPATH=/home/orangepi/marco_ws/build/marco_perception/prefix_override:/usr/lib/python3/dist-packages/colcon_core/task/python/colcon_distutils_commands:/home/orangepi/marco_ws/install/marco_perception/lib/python3.10/site-packages:${PYTHONPATH} /usr/bin/python3 -W ignore:setup.py install is deprecated -W ignore:easy_install command is deprecated setup.py develop --uninstall --editable --build-directory /home/orangepi/marco_ws/build/marco_perception/build
[3.425s] Invoking command in '/home/orangepi/marco_ws/src/marco_perception': PYTHONPATH=/home/orangepi/marco_ws/build/marco_perception/prefix_override:/usr/lib/python3/dist-packages/colcon_core/task/python/colcon_distutils_commands:/home/orangepi/marco_ws/install/marco_perception/lib/python3.10/site-packages:${PYTHONPATH} /usr/bin/python3 -W ignore:setup.py install is deprecated -W ignore:easy_install command is deprecated setup.py egg_info --egg-base ../../build/marco_perception build --build-base /home/orangepi/marco_ws/build/marco_perception/build install --record /home/orangepi/marco_ws/build/marco_perception/install.log --install-scripts $base/lib/marco_perception --single-version-externally-managed install_data --force
[3.767s] running egg_info
[3.768s] writing ../../build/marco_perception/marco_perception.egg-info/PKG-INFO
[3.769s] writing dependency_links to ../../build/marco_perception/marco_perception.egg-info/dependency_links.txt
[3.770s] writing entry points to ../../build/marco_perception/marco_perception.egg-info/entry_points.txt
[3.770s] writing requirements to ../../build/marco_perception/marco_perception.egg-info/requires.txt
[3.771s] writing top-level names to ../../build/marco_perception/marco_perception.egg-info/top_level.txt
[3.776s] reading manifest file '../../build/marco_perception/marco_perception.egg-info/SOURCES.txt'
[3.783s] adding license file 'LICENSE'
[3.785s] writing manifest file '../../build/marco_perception/marco_perception.egg-info/SOURCES.txt'
[3.786s] running build
[3.786s] running build_py
[3.788s] creating /home/orangepi/marco_ws/build/marco_perception/build
[3.789s] creating /home/orangepi/marco_ws/build/marco_perception/build/lib
[3.789s] creating /home/orangepi/marco_ws/build/marco_perception/build/lib/marco_perception
[3.791s] copying marco_perception/__init__.py -> /home/orangepi/marco_ws/build/marco_perception/build/lib/marco_perception
[3.791s] running install
[3.792s] running install_lib
[3.795s] creating /home/orangepi/marco_ws/install/marco_perception/lib/python3.10/site-packages/marco_perception
[3.796s] copying /home/orangepi/marco_ws/build/marco_perception/build/lib/marco_perception/__init__.py -> /home/orangepi/marco_ws/install/marco_perception/lib/python3.10/site-packages/marco_perception
[3.796s] byte-compiling /home/orangepi/marco_ws/install/marco_perception/lib/python3.10/site-packages/marco_perception/__init__.py to __init__.cpython-310.pyc
[3.797s] running install_data
[3.797s] copying resource/marco_perception -> /home/orangepi/marco_ws/install/marco_perception/share/ament_index/resource_index/packages
[3.798s] copying package.xml -> /home/orangepi/marco_ws/install/marco_perception/share/marco_perception
[3.798s] running install_egg_info
[3.798s] Copying ../../build/marco_perception/marco_perception.egg-info to /home/orangepi/marco_ws/install/marco_perception/lib/python3.10/site-packages/marco_perception-0.0.0-py3.10.egg-info
[3.799s] running install_scripts
[3.847s] writing list of installed files to '/home/orangepi/marco_ws/build/marco_perception/install.log'
[3.963s] Invoked command in '/home/orangepi/marco_ws/src/marco_perception' returned '0': PYTHONPATH=/home/orangepi/marco_ws/build/marco_perception/prefix_override:/usr/lib/python3/dist-packages/colcon_core/task/python/colcon_distutils_commands:/home/orangepi/marco_ws/install/marco_perception/lib/python3.10/site-packages:${PYTHONPATH} /usr/bin/python3 -W ignore:setup.py install is deprecated -W ignore:easy_install command is deprecated setup.py egg_info --egg-base ../../build/marco_perception build --build-base /home/orangepi/marco_ws/build/marco_perception/build install --record /home/orangepi/marco_ws/build/marco_perception/install.log --install-scripts $base/lib/marco_perception --single-version-externally-managed install_data --force
