[0.919s] Invoking command in '/home/orangepi/marco_ws/build/marco_safety': CMAKE_PREFIX_PATH=${CMAKE_PREFIX_PATH}:/home/orangepi/marco_ws/install/marco_docking:/home/orangepi/marco_ws/install/marco_perception:/home/orangepi/marco_ws/install/marco_mission:/home/orangepi/marco_ws/install/marco_base:/home/orangepi/marco_ws/install/lane_tracking:/opt/ros/humble /usr/bin/cmake --build /home/orangepi/marco_ws/build/marco_safety -- -j8 -l8
[1.270s] Invoked command in '/home/orangepi/marco_ws/build/marco_safety' returned '0': CMAKE_PREFIX_PATH=${CMAKE_PREFIX_PATH}:/home/orangepi/marco_ws/install/marco_docking:/home/orangepi/marco_ws/install/marco_perception:/home/orangepi/marco_ws/install/marco_mission:/home/orangepi/marco_ws/install/marco_base:/home/orangepi/marco_ws/install/lane_tracking:/opt/ros/humble /usr/bin/cmake --build /home/orangepi/marco_ws/build/marco_safety -- -j8 -l8
[1.274s] Invoking command in '/home/orangepi/marco_ws/build/marco_safety': CMAKE_PREFIX_PATH=${CMAKE_PREFIX_PATH}:/home/orangepi/marco_ws/install/marco_docking:/home/orangepi/marco_ws/install/marco_perception:/home/orangepi/marco_ws/install/marco_mission:/home/orangepi/marco_ws/install/marco_base:/home/orangepi/marco_ws/install/lane_tracking:/opt/ros/humble /usr/bin/cmake --install /home/orangepi/marco_ws/build/marco_safety
[1.346s] -- Install configuration: ""
[1.346s] -- Execute custom install script
[1.346s] -- Up-to-date symlink: /home/orangepi/marco_ws/install/marco_safety/share/marco_safety/config/.gitkeep
[1.346s] -- Up-to-date symlink: /home/orangepi/marco_ws/install/marco_safety/share/marco_safety/config/collision_monitor.yaml
[1.346s] -- Up-to-date symlink: /home/orangepi/marco_ws/install/marco_safety/share/marco_safety/config/twist_mux.yaml
[1.346s] -- Up-to-date symlink: /home/orangepi/marco_ws/install/marco_safety/share/marco_safety/launch/.gitkeep
[1.347s] -- Up-to-date symlink: /home/orangepi/marco_ws/install/marco_safety/share/marco_safety/launch/safety.launch.py
[1.347s] -- Up-to-date symlink: /home/orangepi/marco_ws/install/marco_safety/share/ament_index/resource_index/package_run_dependencies/marco_safety
[1.348s] -- Up-to-date symlink: /home/orangepi/marco_ws/install/marco_safety/share/ament_index/resource_index/parent_prefix_path/marco_safety
[1.349s] -- Up-to-date symlink: /home/orangepi/marco_ws/install/marco_safety/share/marco_safety/environment/ament_prefix_path.sh
[1.350s] -- Up-to-date symlink: /home/orangepi/marco_ws/install/marco_safety/share/marco_safety/environment/ament_prefix_path.dsv
[1.350s] -- Up-to-date symlink: /home/orangepi/marco_ws/install/marco_safety/share/marco_safety/environment/path.sh
[1.350s] -- Up-to-date symlink: /home/orangepi/marco_ws/install/marco_safety/share/marco_safety/environment/path.dsv
[1.351s] -- Up-to-date symlink: /home/orangepi/marco_ws/install/marco_safety/share/marco_safety/local_setup.bash
[1.351s] -- Up-to-date symlink: /home/orangepi/marco_ws/install/marco_safety/share/marco_safety/local_setup.sh
[1.351s] -- Up-to-date symlink: /home/orangepi/marco_ws/install/marco_safety/share/marco_safety/local_setup.zsh
[1.352s] -- Up-to-date symlink: /home/orangepi/marco_ws/install/marco_safety/share/marco_safety/local_setup.dsv
[1.352s] -- Symlinking: /home/orangepi/marco_ws/install/marco_safety/share/marco_safety/package.dsv
[1.353s] -- Up-to-date symlink: /home/orangepi/marco_ws/install/marco_safety/share/ament_index/resource_index/packages/marco_safety
[1.353s] -- Up-to-date symlink: /home/orangepi/marco_ws/install/marco_safety/share/marco_safety/cmake/marco_safetyConfig.cmake
[1.353s] -- Up-to-date symlink: /home/orangepi/marco_ws/install/marco_safety/share/marco_safety/cmake/marco_safetyConfig-version.cmake
[1.354s] -- Up-to-date symlink: /home/orangepi/marco_ws/install/marco_safety/share/marco_safety/package.xml
[1.413s] Invoked command in '/home/orangepi/marco_ws/build/marco_safety' returned '0': CMAKE_PREFIX_PATH=${CMAKE_PREFIX_PATH}:/home/orangepi/marco_ws/install/marco_docking:/home/orangepi/marco_ws/install/marco_perception:/home/orangepi/marco_ws/install/marco_mission:/home/orangepi/marco_ws/install/marco_base:/home/orangepi/marco_ws/install/lane_tracking:/opt/ros/humble /usr/bin/cmake --install /home/orangepi/marco_ws/build/marco_safety
