[0.961s] Invoking command in '/home/orangepi/marco_ws/build/marco_safety': CMAKE_PREFIX_PATH=${CMAKE_PREFIX_PATH}:/home/orangepi/marco_ws/install/marco_docking:/home/orangepi/marco_ws/install/marco_perception:/home/orangepi/marco_ws/install/marco_mission:/home/orangepi/marco_ws/install/marco_base:/home/orangepi/marco_ws/install/lane_tracking:/opt/ros/humble /usr/bin/cmake --build /home/orangepi/marco_ws/build/marco_safety -- -j8 -l8
[1.149s] Invoked command in '/home/orangepi/marco_ws/build/marco_safety' returned '0': CMAKE_PREFIX_PATH=${CMAKE_PREFIX_PATH}:/home/orangepi/marco_ws/install/marco_docking:/home/orangepi/marco_ws/install/marco_perception:/home/orangepi/marco_ws/install/marco_mission:/home/orangepi/marco_ws/install/marco_base:/home/orangepi/marco_ws/install/lane_tracking:/opt/ros/humble /usr/bin/cmake --build /home/orangepi/marco_ws/build/marco_safety -- -j8 -l8
[1.151s] Invoking command in '/home/orangepi/marco_ws/build/marco_safety': CMAKE_PREFIX_PATH=${CMAKE_PREFIX_PATH}:/home/orangepi/marco_ws/install/marco_docking:/home/orangepi/marco_ws/install/marco_perception:/home/orangepi/marco_ws/install/marco_mission:/home/orangepi/marco_ws/install/marco_base:/home/orangepi/marco_ws/install/lane_tracking:/opt/ros/humble /usr/bin/cmake --install /home/orangepi/marco_ws/build/marco_safety
[1.160s] -- Install configuration: ""
[1.161s] -- Execute custom install script
[1.174s] -- Up-to-date symlink: /home/orangepi/marco_ws/install/marco_safety/share/marco_safety/config/.gitkeep
[1.177s] -- Up-to-date symlink: /home/orangepi/marco_ws/install/marco_safety/share/marco_safety/config/collision_monitor.yaml
[1.178s] -- Up-to-date symlink: /home/orangepi/marco_ws/install/marco_safety/share/marco_safety/config/twist_mux.yaml
[1.179s] -- Up-to-date symlink: /home/orangepi/marco_ws/install/marco_safety/share/marco_safety/launch/.gitkeep
[1.180s] -- Up-to-date symlink: /home/orangepi/marco_ws/install/marco_safety/share/marco_safety/launch/safety.launch.py
[1.180s] -- Up-to-date symlink: /home/orangepi/marco_ws/install/marco_safety/share/ament_index/resource_index/package_run_dependencies/marco_safety
[1.181s] -- Up-to-date symlink: /home/orangepi/marco_ws/install/marco_safety/share/ament_index/resource_index/parent_prefix_path/marco_safety
[1.181s] -- Up-to-date symlink: /home/orangepi/marco_ws/install/marco_safety/share/marco_safety/environment/ament_prefix_path.sh
[1.182s] -- Up-to-date symlink: /home/orangepi/marco_ws/install/marco_safety/share/marco_safety/environment/ament_prefix_path.dsv
[1.182s] -- Up-to-date symlink: /home/orangepi/marco_ws/install/marco_safety/share/marco_safety/environment/path.sh
[1.183s] -- Up-to-date symlink: /home/orangepi/marco_ws/install/marco_safety/share/marco_safety/environment/path.dsv
[1.183s] -- Up-to-date symlink: /home/orangepi/marco_ws/install/marco_safety/share/marco_safety/local_setup.bash
[1.184s] -- Up-to-date symlink: /home/orangepi/marco_ws/install/marco_safety/share/marco_safety/local_setup.sh
[1.184s] -- Up-to-date symlink: /home/orangepi/marco_ws/install/marco_safety/share/marco_safety/local_setup.zsh
[1.186s] -- Up-to-date symlink: /home/orangepi/marco_ws/install/marco_safety/share/marco_safety/local_setup.dsv
[1.187s] -- Symlinking: /home/orangepi/marco_ws/install/marco_safety/share/marco_safety/package.dsv
[1.187s] -- Up-to-date symlink: /home/orangepi/marco_ws/install/marco_safety/share/ament_index/resource_index/packages/marco_safety
[1.188s] -- Up-to-date symlink: /home/orangepi/marco_ws/install/marco_safety/share/marco_safety/cmake/marco_safetyConfig.cmake
[1.189s] -- Up-to-date symlink: /home/orangepi/marco_ws/install/marco_safety/share/marco_safety/cmake/marco_safetyConfig-version.cmake
[1.190s] -- Up-to-date symlink: /home/orangepi/marco_ws/install/marco_safety/share/marco_safety/package.xml
[1.214s] Invoked command in '/home/orangepi/marco_ws/build/marco_safety' returned '0': CMAKE_PREFIX_PATH=${CMAKE_PREFIX_PATH}:/home/orangepi/marco_ws/install/marco_docking:/home/orangepi/marco_ws/install/marco_perception:/home/orangepi/marco_ws/install/marco_mission:/home/orangepi/marco_ws/install/marco_base:/home/orangepi/marco_ws/install/lane_tracking:/opt/ros/humble /usr/bin/cmake --install /home/orangepi/marco_ws/build/marco_safety
