[0.923s] Invoking command in '/home/orangepi/marco_ws/build/marco_safety': CMAKE_PREFIX_PATH=${CMAKE_PREFIX_PATH}:/home/orangepi/marco_ws/install/marco_docking:/home/orangepi/marco_ws/install/marco_perception:/home/orangepi/marco_ws/install/marco_mission:/home/orangepi/marco_ws/install/marco_base:/home/orangepi/marco_ws/install/lane_tracking:/opt/ros/humble /usr/bin/cmake --build /home/orangepi/marco_ws/build/marco_safety -- -j8 -l8
[1.059s] Invoked command in '/home/orangepi/marco_ws/build/marco_safety' returned '0': CMAKE_PREFIX_PATH=${CMAKE_PREFIX_PATH}:/home/orangepi/marco_ws/install/marco_docking:/home/orangepi/marco_ws/install/marco_perception:/home/orangepi/marco_ws/install/marco_mission:/home/orangepi/marco_ws/install/marco_base:/home/orangepi/marco_ws/install/lane_tracking:/opt/ros/humble /usr/bin/cmake --build /home/orangepi/marco_ws/build/marco_safety -- -j8 -l8
[1.059s] Invoking command in '/home/orangepi/marco_ws/build/marco_safety': CMAKE_PREFIX_PATH=${CMAKE_PREFIX_PATH}:/home/orangepi/marco_ws/install/marco_docking:/home/orangepi/marco_ws/install/marco_perception:/home/orangepi/marco_ws/install/marco_mission:/home/orangepi/marco_ws/install/marco_base:/home/orangepi/marco_ws/install/lane_tracking:/opt/ros/humble /usr/bin/cmake --install /home/orangepi/marco_ws/build/marco_safety
[1.076s] -- Install configuration: ""
[1.079s] -- Execute custom install script
[1.085s] -- Up-to-date symlink: /home/orangepi/marco_ws/install/marco_safety/share/marco_safety/config/.gitkeep
[1.090s] -- Up-to-date symlink: /home/orangepi/marco_ws/install/marco_safety/share/marco_safety/config/collision_monitor.yaml
[1.091s] -- Up-to-date symlink: /home/orangepi/marco_ws/install/marco_safety/share/marco_safety/config/twist_mux.yaml
[1.099s] -- Up-to-date symlink: /home/orangepi/marco_ws/install/marco_safety/share/marco_safety/launch/.gitkeep
[1.101s] -- Up-to-date symlink: /home/orangepi/marco_ws/install/marco_safety/share/marco_safety/launch/safety.launch.py
[1.107s] -- Up-to-date symlink: /home/orangepi/marco_ws/install/marco_safety/share/ament_index/resource_index/package_run_dependencies/marco_safety
[1.109s] -- Up-to-date symlink: /home/orangepi/marco_ws/install/marco_safety/share/ament_index/resource_index/parent_prefix_path/marco_safety
[1.112s] -- Up-to-date symlink: /home/orangepi/marco_ws/install/marco_safety/share/marco_safety/environment/ament_prefix_path.sh
[1.113s] -- Up-to-date symlink: /home/orangepi/marco_ws/install/marco_safety/share/marco_safety/environment/ament_prefix_path.dsv
[1.115s] -- Up-to-date symlink: /home/orangepi/marco_ws/install/marco_safety/share/marco_safety/environment/path.sh
[1.116s] -- Up-to-date symlink: /home/orangepi/marco_ws/install/marco_safety/share/marco_safety/environment/path.dsv
[1.118s] -- Up-to-date symlink: /home/orangepi/marco_ws/install/marco_safety/share/marco_safety/local_setup.bash
[1.121s] -- Up-to-date symlink: /home/orangepi/marco_ws/install/marco_safety/share/marco_safety/local_setup.sh
[1.124s] -- Up-to-date symlink: /home/orangepi/marco_ws/install/marco_safety/share/marco_safety/local_setup.zsh
[1.125s] -- Up-to-date symlink: /home/orangepi/marco_ws/install/marco_safety/share/marco_safety/local_setup.dsv
[1.126s] -- Symlinking: /home/orangepi/marco_ws/install/marco_safety/share/marco_safety/package.dsv
[1.170s] -- Up-to-date symlink: /home/orangepi/marco_ws/install/marco_safety/share/ament_index/resource_index/packages/marco_safety
[1.172s] -- Up-to-date symlink: /home/orangepi/marco_ws/install/marco_safety/share/marco_safety/cmake/marco_safetyConfig.cmake
[1.173s] -- Up-to-date symlink: /home/orangepi/marco_ws/install/marco_safety/share/marco_safety/cmake/marco_safetyConfig-version.cmake
[1.176s] -- Up-to-date symlink: /home/orangepi/marco_ws/install/marco_safety/share/marco_safety/package.xml
[1.254s] Invoked command in '/home/orangepi/marco_ws/build/marco_safety' returned '0': CMAKE_PREFIX_PATH=${CMAKE_PREFIX_PATH}:/home/orangepi/marco_ws/install/marco_docking:/home/orangepi/marco_ws/install/marco_perception:/home/orangepi/marco_ws/install/marco_mission:/home/orangepi/marco_ws/install/marco_base:/home/orangepi/marco_ws/install/lane_tracking:/opt/ros/humble /usr/bin/cmake --install /home/orangepi/marco_ws/build/marco_safety
