[0.984s] Invoking command in '/home/orangepi/marco_ws/src/lane_tracking': PYTHONPATH=/home/orangepi/marco_ws/build/lane_tracking/prefix_override:/usr/lib/python3/dist-packages/colcon_core/task/python/colcon_distutils_commands:/home/orangepi/marco_ws/install/lane_tracking/lib/python3.10/site-packages:${PYTHONPATH} /usr/bin/python3 -W ignore:setup.py install is deprecated -W ignore:easy_install command is deprecated setup.py egg_info --egg-base ../../build/lane_tracking build --build-base /home/orangepi/marco_ws/build/lane_tracking/build install --record /home/orangepi/marco_ws/build/lane_tracking/install.log --install-scripts $base/lib/lane_tracking --single-version-externally-managed install_data
[1.297s] running egg_info
[1.298s] writing ../../build/lane_tracking/lane_tracking.egg-info/PKG-INFO
[1.299s] writing dependency_links to ../../build/lane_tracking/lane_tracking.egg-info/dependency_links.txt
[1.300s] writing entry points to ../../build/lane_tracking/lane_tracking.egg-info/entry_points.txt
[1.301s] writing requirements to ../../build/lane_tracking/lane_tracking.egg-info/requires.txt
[1.301s] writing top-level names to ../../build/lane_tracking/lane_tracking.egg-info/top_level.txt
[1.306s] reading manifest file '../../build/lane_tracking/lane_tracking.egg-info/SOURCES.txt'
[1.307s] writing manifest file '../../build/lane_tracking/lane_tracking.egg-info/SOURCES.txt'
[1.308s] running build
[1.308s] running build_py
[1.308s] copying lane_tracking/tracker.py -> /home/orangepi/marco_ws/build/lane_tracking/build/lib/lane_tracking
[1.309s] running install
[1.309s] running install_lib
[1.309s] copying /home/orangepi/marco_ws/build/lane_tracking/build/lib/lane_tracking/tracker.py -> /home/orangepi/marco_ws/install/lane_tracking/lib/python3.10/site-packages/lane_tracking
[1.311s] byte-compiling /home/orangepi/marco_ws/install/lane_tracking/lib/python3.10/site-packages/lane_tracking/tracker.py to tracker.cpython-310.pyc
[1.313s] running install_data
[1.313s] running install_egg_info
[1.317s] removing '/home/orangepi/marco_ws/install/lane_tracking/lib/python3.10/site-packages/lane_tracking-0.0.0-py3.10.egg-info' (and everything under it)
[1.317s] Copying ../../build/lane_tracking/lane_tracking.egg-info to /home/orangepi/marco_ws/install/lane_tracking/lib/python3.10/site-packages/lane_tracking-0.0.0-py3.10.egg-info
[1.318s] running install_scripts
[1.354s] Installing controller script to /home/orangepi/marco_ws/install/lane_tracking/lib/lane_tracking
[1.355s] Installing tracker script to /home/orangepi/marco_ws/install/lane_tracking/lib/lane_tracking
[1.356s] writing list of installed files to '/home/orangepi/marco_ws/build/lane_tracking/install.log'
[1.449s] Invoked command in '/home/orangepi/marco_ws/src/lane_tracking' returned '0': PYTHONPATH=/home/orangepi/marco_ws/build/lane_tracking/prefix_override:/usr/lib/python3/dist-packages/colcon_core/task/python/colcon_distutils_commands:/home/orangepi/marco_ws/install/lane_tracking/lib/python3.10/site-packages:${PYTHONPATH} /usr/bin/python3 -W ignore:setup.py install is deprecated -W ignore:easy_install command is deprecated setup.py egg_info --egg-base ../../build/lane_tracking build --build-base /home/orangepi/marco_ws/build/lane_tracking/build install --record /home/orangepi/marco_ws/build/lane_tracking/install.log --install-scripts $base/lib/lane_tracking --single-version-externally-managed install_data
