-- Install configuration: ""
-- Execute custom install script
-- Up-to-date symlink: /home/orangepi/marco_ws/install/marco_navigation/share/marco_navigation/config/.gitkeep
-- Up-to-date symlink: /home/orangepi/marco_ws/install/marco_navigation/share/marco_navigation/launch/.gitkeep
-- Up-to-date symlink: /home/orangepi/marco_ws/install/marco_navigation/share/marco_navigation/behavior_trees/.gitkeep
-- Up-to-date symlink: /home/orangepi/marco_ws/install/marco_navigation/share/marco_navigation/maps/.gitkeep
-- Up-to-date symlink: /home/orangepi/marco_ws/install/marco_navigation/share/marco_navigation/maps/README.md
-- Symlinking: /home/orangepi/marco_ws/install/marco_navigation/share/marco_navigation/maps/oda_test.pgm
-- Symlinking: /home/orangepi/marco_ws/install/marco_navigation/share/marco_navigation/maps/oda_test.yaml
-- Up-to-date symlink: /home/orangepi/marco_ws/install/marco_navigation/share/marco_navigation/graphs/.gitkeep
-- Up-to-date symlink: /home/orangepi/marco_ws/install/marco_navigation/share/ament_index/resource_index/package_run_dependencies/marco_navigation
-- Up-to-date symlink: /home/orangepi/marco_ws/install/marco_navigation/share/ament_index/resource_index/parent_prefix_path/marco_navigation
-- Up-to-date symlink: /home/orangepi/marco_ws/install/marco_navigation/share/marco_navigation/environment/ament_prefix_path.sh
-- Up-to-date symlink: /home/orangepi/marco_ws/install/marco_navigation/share/marco_navigation/environment/ament_prefix_path.dsv
-- Up-to-date symlink: /home/orangepi/marco_ws/install/marco_navigation/share/marco_navigation/environment/path.sh
-- Up-to-date symlink: /home/orangepi/marco_ws/install/marco_navigation/share/marco_navigation/environment/path.dsv
-- Up-to-date symlink: /home/orangepi/marco_ws/install/marco_navigation/share/marco_navigation/local_setup.bash
-- Up-to-date symlink: /home/orangepi/marco_ws/install/marco_navigation/share/marco_navigation/local_setup.sh
-- Up-to-date symlink: /home/orangepi/marco_ws/install/marco_navigation/share/marco_navigation/local_setup.zsh
-- Up-to-date symlink: /home/orangepi/marco_ws/install/marco_navigation/share/marco_navigation/local_setup.dsv
-- Symlinking: /home/orangepi/marco_ws/install/marco_navigation/share/marco_navigation/package.dsv
-- Up-to-date symlink: /home/orangepi/marco_ws/install/marco_navigation/share/ament_index/resource_index/packages/marco_navigation
-- Up-to-date symlink: /home/orangepi/marco_ws/install/marco_navigation/share/marco_navigation/cmake/marco_navigationConfig.cmake
-- Up-to-date symlink: /home/orangepi/marco_ws/install/marco_navigation/share/marco_navigation/cmake/marco_navigationConfig-version.cmake
-- Up-to-date symlink: /home/orangepi/marco_ws/install/marco_navigation/share/marco_navigation/package.xml
