[0.034s] Invoking command in '/home/orangepi/marco_ws/build/marco_navigation': CMAKE_PREFIX_PATH=${CMAKE_PREFIX_PATH}:/home/orangepi/marco_ws/install/lane_tracking:/home/orangepi/marco_ws/install/marco_perception:/home/orangepi/marco_ws/install/marco_mission:/home/orangepi/marco_ws/install/marco_docking:/home/orangepi/marco_ws/install/marco_base:/opt/ros/humble /usr/bin/cmake --build /home/orangepi/marco_ws/build/marco_navigation -- -j8 -l8
[0.145s] Invoked command in '/home/orangepi/marco_ws/build/marco_navigation' returned '0': CMAKE_PREFIX_PATH=${CMAKE_PREFIX_PATH}:/home/orangepi/marco_ws/install/lane_tracking:/home/orangepi/marco_ws/install/marco_perception:/home/orangepi/marco_ws/install/marco_mission:/home/orangepi/marco_ws/install/marco_docking:/home/orangepi/marco_ws/install/marco_base:/opt/ros/humble /usr/bin/cmake --build /home/orangepi/marco_ws/build/marco_navigation -- -j8 -l8
[0.176s] Invoking command in '/home/orangepi/marco_ws/build/marco_navigation': CMAKE_PREFIX_PATH=${CMAKE_PREFIX_PATH}:/home/orangepi/marco_ws/install/lane_tracking:/home/orangepi/marco_ws/install/marco_perception:/home/orangepi/marco_ws/install/marco_mission:/home/orangepi/marco_ws/install/marco_docking:/home/orangepi/marco_ws/install/marco_base:/opt/ros/humble /usr/bin/cmake --install /home/orangepi/marco_ws/build/marco_navigation
[0.199s] -- Install configuration: ""
[0.202s] -- Execute custom install script
[0.204s] -- Up-to-date symlink: /home/orangepi/marco_ws/install/marco_navigation/share/marco_navigation/config/.gitkeep
[0.205s] -- Up-to-date symlink: /home/orangepi/marco_ws/install/marco_navigation/share/marco_navigation/launch/.gitkeep
[0.206s] -- Up-to-date symlink: /home/orangepi/marco_ws/install/marco_navigation/share/marco_navigation/behavior_trees/.gitkeep
[0.208s] -- Up-to-date symlink: /home/orangepi/marco_ws/install/marco_navigation/share/marco_navigation/maps/.gitkeep
[0.209s] -- Up-to-date symlink: /home/orangepi/marco_ws/install/marco_navigation/share/marco_navigation/maps/README.md
[0.209s] -- Symlinking: /home/orangepi/marco_ws/install/marco_navigation/share/marco_navigation/maps/oda_test.pgm
[0.235s] -- Symlinking: /home/orangepi/marco_ws/install/marco_navigation/share/marco_navigation/maps/oda_test.yaml
[0.264s] -- Up-to-date symlink: /home/orangepi/marco_ws/install/marco_navigation/share/marco_navigation/graphs/.gitkeep
[0.265s] -- Up-to-date symlink: /home/orangepi/marco_ws/install/marco_navigation/share/ament_index/resource_index/package_run_dependencies/marco_navigation
[0.265s] -- Up-to-date symlink: /home/orangepi/marco_ws/install/marco_navigation/share/ament_index/resource_index/parent_prefix_path/marco_navigation
[0.266s] -- Up-to-date symlink: /home/orangepi/marco_ws/install/marco_navigation/share/marco_navigation/environment/ament_prefix_path.sh
[0.266s] -- Up-to-date symlink: /home/orangepi/marco_ws/install/marco_navigation/share/marco_navigation/environment/ament_prefix_path.dsv
[0.267s] -- Up-to-date symlink: /home/orangepi/marco_ws/install/marco_navigation/share/marco_navigation/environment/path.sh
[0.267s] -- Up-to-date symlink: /home/orangepi/marco_ws/install/marco_navigation/share/marco_navigation/environment/path.dsv
[0.267s] -- Up-to-date symlink: /home/orangepi/marco_ws/install/marco_navigation/share/marco_navigation/local_setup.bash
[0.267s] -- Up-to-date symlink: /home/orangepi/marco_ws/install/marco_navigation/share/marco_navigation/local_setup.sh
[0.268s] -- Up-to-date symlink: /home/orangepi/marco_ws/install/marco_navigation/share/marco_navigation/local_setup.zsh
[0.268s] -- Up-to-date symlink: /home/orangepi/marco_ws/install/marco_navigation/share/marco_navigation/local_setup.dsv
[0.268s] -- Symlinking: /home/orangepi/marco_ws/install/marco_navigation/share/marco_navigation/package.dsv
[0.294s] -- Up-to-date symlink: /home/orangepi/marco_ws/install/marco_navigation/share/ament_index/resource_index/packages/marco_navigation
[0.294s] -- Up-to-date symlink: /home/orangepi/marco_ws/install/marco_navigation/share/marco_navigation/cmake/marco_navigationConfig.cmake
[0.295s] -- Up-to-date symlink: /home/orangepi/marco_ws/install/marco_navigation/share/marco_navigation/cmake/marco_navigationConfig-version.cmake
[0.295s] -- Up-to-date symlink: /home/orangepi/marco_ws/install/marco_navigation/share/marco_navigation/package.xml
[0.301s] Invoked command in '/home/orangepi/marco_ws/build/marco_navigation' returned '0': CMAKE_PREFIX_PATH=${CMAKE_PREFIX_PATH}:/home/orangepi/marco_ws/install/lane_tracking:/home/orangepi/marco_ws/install/marco_perception:/home/orangepi/marco_ws/install/marco_mission:/home/orangepi/marco_ws/install/marco_docking:/home/orangepi/marco_ws/install/marco_base:/opt/ros/humble /usr/bin/cmake --install /home/orangepi/marco_ws/build/marco_navigation
