[2.754s] Invoking command in '/home/orangepi/marco_ws/build/marco_base': PYTHONPATH=/home/orangepi/marco_ws/build/marco_base/prefix_override:/usr/lib/python3/dist-packages/colcon_core/task/python/colcon_distutils_commands:/home/orangepi/marco_ws/install/marco_base/lib/python3.10/site-packages:${PYTHONPATH} /usr/bin/python3 -W ignore:setup.py install is deprecated -W ignore:easy_install command is deprecated setup.py develop --editable --build-directory /home/orangepi/marco_ws/build/marco_base/build --no-deps symlink_data
[3.110s] running develop
[3.302s] running egg_info
[3.302s] creating marco_base.egg-info
[3.303s] writing marco_base.egg-info/PKG-INFO
[3.303s] writing dependency_links to marco_base.egg-info/dependency_links.txt
[3.304s] writing entry points to marco_base.egg-info/entry_points.txt
[3.304s] writing requirements to marco_base.egg-info/requires.txt
[3.305s] writing top-level names to marco_base.egg-info/top_level.txt
[3.305s] writing manifest file 'marco_base.egg-info/SOURCES.txt'
[3.305s] reading manifest file 'marco_base.egg-info/SOURCES.txt'
[3.306s] writing manifest file 'marco_base.egg-info/SOURCES.txt'
[3.306s] running build_ext
[3.307s] Creating /home/orangepi/marco_ws/install/marco_base/lib/python3.10/site-packages/marco-base.egg-link (link to .)
[3.307s] 
[3.307s] Installed /home/orangepi/marco_ws/build/marco_base
[3.308s] running symlink_data
[3.308s] creating /home/orangepi/marco_ws/install/marco_base/share/ament_index
[3.309s] creating /home/orangepi/marco_ws/install/marco_base/share/ament_index/resource_index
[3.311s] creating /home/orangepi/marco_ws/install/marco_base/share/ament_index/resource_index/packages
[3.311s] symbolically linking /home/orangepi/marco_ws/build/marco_base/resource/marco_base -> /home/orangepi/marco_ws/install/marco_base/share/ament_index/resource_index/packages
[3.312s] symbolically linking /home/orangepi/marco_ws/build/marco_base/package.xml -> /home/orangepi/marco_ws/install/marco_base/share/marco_base
[3.450s] Invoked command in '/home/orangepi/marco_ws/build/marco_base' returned '0': PYTHONPATH=/home/orangepi/marco_ws/build/marco_base/prefix_override:/usr/lib/python3/dist-packages/colcon_core/task/python/colcon_distutils_commands:/home/orangepi/marco_ws/install/marco_base/lib/python3.10/site-packages:${PYTHONPATH} /usr/bin/python3 -W ignore:setup.py install is deprecated -W ignore:easy_install command is deprecated setup.py develop --editable --build-directory /home/orangepi/marco_ws/build/marco_base/build --no-deps symlink_data
