[0.000000] (-) TimerEvent: {}
[0.000506] (-) JobUnselected: {'identifier': 'marco_bringup'}
[0.000675] (-) JobUnselected: {'identifier': 'marco_description'}
[0.000829] (-) JobUnselected: {'identifier': 'marco_docking'}
[0.001624] (-) JobUnselected: {'identifier': 'marco_localization'}
[0.001761] (-) JobUnselected: {'identifier': 'marco_mission'}
[0.002017] (-) JobUnselected: {'identifier': 'marco_msgs'}
[0.002092] (-) JobUnselected: {'identifier': 'marco_navigation'}
[0.002191] (-) JobUnselected: {'identifier': 'marco_perception'}
[0.002632] (-) JobUnselected: {'identifier': 'marco_safety'}
[0.002758] (-) JobUnselected: {'identifier': 'marco_simulation'}
[0.003009] (marco_base) JobQueued: {'identifier': 'marco_base', 'dependencies': OrderedDict()}
[0.003118] (marco_base) JobStarted: {'identifier': 'marco_base'}
[0.096575] (-) TimerEvent: {}
[0.197069] (-) TimerEvent: {}
[0.297567] (-) TimerEvent: {}
[0.397996] (-) TimerEvent: {}
[0.498995] (-) TimerEvent: {}
[0.599496] (-) TimerEvent: {}
[0.700073] (-) TimerEvent: {}
[0.800524] (-) TimerEvent: {}
[0.900969] (-) TimerEvent: {}
[1.001385] (-) TimerEvent: {}
[1.101995] (-) TimerEvent: {}
[1.202695] (-) TimerEvent: {}
[1.303355] (-) TimerEvent: {}
[1.403943] (-) TimerEvent: {}
[1.504662] (-) TimerEvent: {}
[1.557244] (marco_base) Command: {'cmd': ['/usr/bin/python3', '-W', 'ignore:setup.py install is deprecated', '-W', 'ignore:easy_install command is deprecated', 'setup.py', 'develop', '--editable', '--build-directory', '/home/orangepi/marco_ws/build/marco_base/build', '--no-deps', 'symlink_data'], 'cwd': '/home/orangepi/marco_ws/build/marco_base', 'env': {'LESSOPEN': '| /usr/bin/lesspipe %s', 'VSCODE_CWD': '/home/orangepi', 'UMS_MOUNTPOINT': '/mnt/ums', 'VSCODE_ESM_ENTRYPOINT': 'vs/workbench/api/node/extensionHostProcess', 'GST_V4L2_PREFERRED_FOURCC': 'NV12:YU12:NV16:YUY2', 'LANGUAGE': 'en_US.UTF-8', 'USER': 'orangepi', 'SSH_CLIENT': '192.168.55.1 51593 22', 'VSCODE_NLS_CONFIG': '{"userLocale":"en","osLocale":"en","resolvedLanguage":"en","defaultMessagesFile":"/home/orangepi/.cursor-server/bin/linux-arm64/4f02290ccd9304f0e6bf8ee85f6e9106f02ac1f0/out/nls.messages.json","locale":"en","availableLanguages":{}}', 'VSCODE_HANDLES_UNCAUGHT_ERRORS': 'true', 'XDG_SESSION_TYPE': 'tty', 'CURSOR_RIPGREP_PATH': '/home/orangepi/.cursor-server/bin/linux-arm64/4f02290ccd9304f0e6bf8ee85f6e9106f02ac1f0/node_modules/@vscode/ripgrep/bin/rg', 'SHLVL': '0', 'USB_FUNCS': 'adb', 'LD_LIBRARY_PATH': '/home/orangepi/marco_ws/install/marco_msgs/lib:/opt/ros/humble/opt/rviz_ogre_vendor/lib:/opt/ros/humble/lib/aarch64-linux-gnu:/opt/ros/humble/lib', 'BROWSER': '/home/orangepi/.cursor-server/bin/linux-arm64/4f02290ccd9304f0e6bf8ee85f6e9106f02ac1f0/bin/helpers/browser.sh', 'MOTD_SHOWN': 'pam', 'HOME': '/home/orangepi', 'OLDPWD': '/home/orangepi/marco_ws/src/marco_base', 'VSCODE_IPC_HOOK_CLI': '/run/user/1000/vscode-ipc-786c5353-b3d8-418e-b569-0e2c59f58f48.sock', 'GST_INSPECT_NO_COLORS': '1', 'GST_MPP_NO_RGA': '1', 'ROS_PYTHON_VERSION': '3', 'COGL_DRIVER': 'gles2', 'NO_COLOR': '1', 'DBUS_SESSION_BUS_ADDRESS': 'unix:path=/run/user/1000/bus', 'VSCODE_L10N_BUNDLE_LOCATION': '', 'COLCON_PREFIX_PATH': '/home/orangepi/marco_ws/install', 'GST_V4L2SRC_MAX_RESOLUTION': '3840x2160', 'ROS_DISTRO': 'humble', 'OVSX_REGISTRY_URL': 'https://open-vsx.org', 'LOGNAME': 'orangepi', 'FORCE_COLOR': '0', 'VSCODE_HANDLES_SIGPIPE': 'true', '_': '/usr/bin/colcon', 'ROS_VERSION': '2', 'CURSOR_LAYOUT': 'unifiedAgent', 'XDG_SESSION_CLASS': 'user', 'TERM': 'dumb', 'GST_GL_API': 'gles2', 'XDG_SESSION_ID': '7', 'GST_VIDEO_CONVERT_PREFERRED_FORMAT': 'NV12:NV16:I420:YUY2', 'GST_V4L2SRC_RK_DEVICES': '_mainpath:_selfpath:_bypass:_scale', 'ROS_LOCALHOST_ONLY': '0', 'PATH': '/home/orangepi/.cursor-server/bin/linux-arm64/4f02290ccd9304f0e6bf8ee85f6e9106f02ac1f0/node_modules/@vscode/ripgrep/bin:/home/orangepi/.cursor-server/bin/linux-arm64/4f02290ccd9304f0e6bf8ee85f6e9106f02ac1f0/bin/remote-cli:/opt/ros/humble/bin:/home/orangepi/.cursor-server/bin/linux-arm64/4f02290ccd9304f0e6bf8ee85f6e9106f02ac1f0/bin/remote-cli:/usr/local/sbin:/usr/local/bin:/usr/sbin:/usr/bin:/sbin:/bin:/usr/games:/usr/local/games:/snap/bin', 'VSCODE_AGENT_FOLDER': '/home/orangepi/.cursor-server', 'XDG_RUNTIME_DIR': '/run/user/1000', 'AGENT_TRANSCRIPTS': '/home/orangepi/.cursor/projects/home-orangepi/agent-transcripts', 'GST_GL_PLATFORM': 'egl', 'GST_DEBUG_NO_COLOR': '1', 'GST_V4L2SRC_DEFAULT_DEVICE': '/dev/video-camera0', 'CURSOR_AGENT': '1', 'DISPLAY': ':0', 'LANG': 'en_US.UTF-8', 'LS_COLORS': '', 'GST_V4L2_USE_LIBV4L2': '1', 'UMS_SIZE': '256M', 'AMENT_PREFIX_PATH': '/home/orangepi/marco_ws/install/marco_simulation:/home/orangepi/marco_ws/install/marco_safety:/home/orangepi/marco_ws/install/marco_perception:/home/orangepi/marco_ws/install/marco_navigation:/home/orangepi/marco_ws/install/marco_msgs:/home/orangepi/marco_ws/install/marco_mission:/home/orangepi/marco_ws/install/marco_localization:/home/orangepi/marco_ws/install/marco_docking:/home/orangepi/marco_ws/install/marco_description:/home/orangepi/marco_ws/install/marco_bringup:/home/orangepi/marco_ws/install/marco_base:/opt/ros/humble', 'LC_MESSAGES': 'en_US.UTF-8', 'SHELL': '/bin/bash', 'VSCODE_SERVER_SHUTDOWN_TIMEOUT': '300', 'UMS_RO': '0', 'LESSCLOSE': '/usr/bin/lesspipe %s %s', 'UMS_FSTYPE': 'vfat', 'PWD': '/home/orangepi/marco_ws/build/marco_base', 'LC_ALL': 'en_US.UTF-8', 'SSH_CONNECTION': '192.168.55.1 51593 192.168.55.2 22', 'CURSOR_CONVERSATION_ID': '1ca3b929-f989-4c58-9e95-8b5ab2ce584e', 'PYTHONPATH': '/home/orangepi/marco_ws/build/marco_base/prefix_override:/usr/lib/python3/dist-packages/colcon_core/task/python/colcon_distutils_commands:/home/orangepi/marco_ws/install/marco_base/lib/python3.10/site-packages:/home/orangepi/marco_ws/build/marco_perception:/home/orangepi/marco_ws/install/marco_perception/lib/python3.10/site-packages:/home/orangepi/marco_ws/install/marco_msgs/local/lib/python3.10/dist-packages:/home/orangepi/marco_ws/build/marco_mission:/home/orangepi/marco_ws/install/marco_mission/lib/python3.10/site-packages:/home/orangepi/marco_ws/build/marco_docking:/home/orangepi/marco_ws/install/marco_docking/lib/python3.10/site-packages:/home/orangepi/marco_ws/build/marco_base:/home/orangepi/marco_ws/install/marco_base/lib/python3.10/site-packages:/opt/ros/humble/lib/python3.10/site-packages:/opt/ros/humble/local/lib/python3.10/dist-packages', 'UMS_MOUNT': '0', 'COLCON': '1', '__CURSOR_SANDBOX_ENV_RESTORE': "builtin unset CURSOR_CONVERSATION_ID CURSOR_AGENT_STORE_FILES_DIR CURSOR_AGENT_STORE_SHARED_PATHS 2>/dev/null || true; builtin export CURSOR_CONVERSATION_ID='1ca3b929-f989-4c58-9e95-8b5ab2ce584e'", '_ZO_DOCTOR': '0', 'CMAKE_PREFIX_PATH': '/home/orangepi/marco_ws/install/marco_simulation:/home/orangepi/marco_ws/install/marco_safety:/home/orangepi/marco_ws/install/marco_navigation:/home/orangepi/marco_ws/install/marco_msgs:/home/orangepi/marco_ws/install/marco_localization:/home/orangepi/marco_ws/install/marco_description:/home/orangepi/marco_ws/install/marco_bringup', 'UMS_FILE': '/userdata/ums_shared.img'}, 'shell': False}
[1.604933] (-) TimerEvent: {}
[1.705605] (-) TimerEvent: {}
[1.806256] (-) TimerEvent: {}
[1.904873] (marco_base) StdoutLine: {'line': b'running develop\n'}
[1.906345] (-) TimerEvent: {}
[2.006815] (-) TimerEvent: {}
[2.082752] (marco_base) StdoutLine: {'line': b'running egg_info\n'}
[2.083811] (marco_base) StdoutLine: {'line': b'writing marco_base.egg-info/PKG-INFO\n'}
[2.084458] (marco_base) StdoutLine: {'line': b'writing dependency_links to marco_base.egg-info/dependency_links.txt\n'}
[2.084873] (marco_base) StdoutLine: {'line': b'writing entry points to marco_base.egg-info/entry_points.txt\n'}
[2.085512] (marco_base) StdoutLine: {'line': b'writing requirements to marco_base.egg-info/requires.txt\n'}
[2.086376] (marco_base) StdoutLine: {'line': b'writing top-level names to marco_base.egg-info/top_level.txt\n'}
[2.095420] (marco_base) StdoutLine: {'line': b"reading manifest file 'marco_base.egg-info/SOURCES.txt'\n"}
[2.098092] (marco_base) StdoutLine: {'line': b"writing manifest file 'marco_base.egg-info/SOURCES.txt'\n"}
[2.102148] (marco_base) StdoutLine: {'line': b'running build_ext\n'}
[2.103149] (marco_base) StdoutLine: {'line': b'Creating /home/orangepi/marco_ws/install/marco_base/lib/python3.10/site-packages/marco-base.egg-link (link to .)\n'}
[2.104032] (marco_base) StdoutLine: {'line': b'Installing base_driver script to /home/orangepi/marco_ws/install/marco_base/lib/marco_base\n'}
[2.104792] (marco_base) StdoutLine: {'line': b'\n'}
[2.105301] (marco_base) StdoutLine: {'line': b'Installed /home/orangepi/marco_ws/build/marco_base\n'}
[2.105782] (marco_base) StdoutLine: {'line': b'running symlink_data\n'}
[2.106880] (-) TimerEvent: {}
[2.207428] (-) TimerEvent: {}
[2.218513] (marco_base) CommandEnded: {'returncode': 0}
[2.282211] (marco_base) JobEnded: {'identifier': 'marco_base', 'rc': 0}
[2.284323] (-) EventReactorShutdown: {}
