[0.086s] Invoking command in '/home/orangepi/marco_ws/build/marco_msgs': CMAKE_PREFIX_PATH=${CMAKE_PREFIX_PATH}:/home/orangepi/marco_ws/install/marco_docking:/home/orangepi/marco_ws/install/marco_perception:/home/orangepi/marco_ws/install/marco_mission:/home/orangepi/marco_ws/install/marco_base:/home/orangepi/marco_ws/install/lane_tracking:/opt/ros/humble /usr/bin/cmake /home/orangepi/marco_ws/src/marco_msgs -DCMAKE_INSTALL_PREFIX=/home/orangepi/marco_ws/install/marco_msgs
[1.059s] -- Found ament_cmake: 1.3.14 (/opt/ros/humble/share/ament_cmake/cmake)
[1.060s] -- Override CMake install command with custom implementation using symlinks instead of copying resources
[1.061s] -- Found rosidl_default_generators: 1.2.1 (/opt/ros/humble/share/rosidl_default_generators/cmake)
[1.062s] -- Using all available rosidl_typesupport_c: rosidl_typesupport_fastrtps_c;rosidl_typesupport_introspection_c
[1.063s] -- Found rosidl_adapter: 3.1.9 (/opt/ros/humble/share/rosidl_adapter/cmake)
[1.064s] -- Using all available rosidl_typesupport_cpp: rosidl_typesupport_fastrtps_cpp;rosidl_typesupport_introspection_cpp
[1.064s] -- Found std_msgs: 4.9.1 (/opt/ros/humble/share/std_msgs/cmake)
[1.066s] -- Found geometry_msgs: 4.9.1 (/opt/ros/humble/share/geometry_msgs/cmake)
[1.296s] -- Found ament_cmake_ros: 0.10.0 (/opt/ros/humble/share/ament_cmake_ros/cmake)
[1.789s] -- Using all available rosidl_typesupport_c: rosidl_typesupport_fastrtps_c;rosidl_typesupport_introspection_c
[2.464s] -- Using all available rosidl_typesupport_cpp: rosidl_typesupport_fastrtps_cpp;rosidl_typesupport_introspection_cpp
[2.523s] -- Found python_cmake_module: 0.10.0 (/opt/ros/humble/share/python_cmake_module/cmake)
[2.591s] -- Using PYTHON_EXECUTABLE: /usr/bin/python3
[2.591s] -- Using PYTHON_INCLUDE_DIRS: /usr/include/python3.10
[2.591s] -- Using PYTHON_LIBRARIES: /usr/lib/aarch64-linux-gnu/libpython3.10.so
[2.893s] -- Configuring done
[3.012s] -- Generating done
[3.059s] -- Build files have been written to: /home/orangepi/marco_ws/build/marco_msgs
[3.087s] Invoked command in '/home/orangepi/marco_ws/build/marco_msgs' returned '0': CMAKE_PREFIX_PATH=${CMAKE_PREFIX_PATH}:/home/orangepi/marco_ws/install/marco_docking:/home/orangepi/marco_ws/install/marco_perception:/home/orangepi/marco_ws/install/marco_mission:/home/orangepi/marco_ws/install/marco_base:/home/orangepi/marco_ws/install/lane_tracking:/opt/ros/humble /usr/bin/cmake /home/orangepi/marco_ws/src/marco_msgs -DCMAKE_INSTALL_PREFIX=/home/orangepi/marco_ws/install/marco_msgs
[3.090s] Invoking command in '/home/orangepi/marco_ws/build/marco_msgs': CMAKE_PREFIX_PATH=${CMAKE_PREFIX_PATH}:/home/orangepi/marco_ws/install/marco_docking:/home/orangepi/marco_ws/install/marco_perception:/home/orangepi/marco_ws/install/marco_mission:/home/orangepi/marco_ws/install/marco_base:/home/orangepi/marco_ws/install/lane_tracking:/opt/ros/humble /usr/bin/cmake --build /home/orangepi/marco_ws/build/marco_msgs -- -j8 -l8
[3.198s] [35m[1mConsolidate compiler generated dependencies of target marco_msgs__rosidl_generator_c[0m
[3.219s] [  1%] Built target marco_msgs__rs
[3.225s] [  2%] Built target marco_msgs__cpp
[3.250s] [  2%] Built target ament_cmake_python_symlink_marco_msgs
[3.251s] [ 13%] Built target marco_msgs__rosidl_generator_c
[3.254s] [35m[1mConsolidate compiler generated dependencies of target marco_msgs__rosidl_typesupport_fastrtps_cpp[0m
[3.268s] [35m[1mConsolidate compiler generated dependencies of target marco_msgs__rosidl_typesupport_cpp[0m
[3.269s] [35m[1mConsolidate compiler generated dependencies of target marco_msgs__rosidl_typesupport_introspection_cpp[0m
[3.277s] [35m[1mConsolidate compiler generated dependencies of target marco_msgs__rosidl_typesupport_c[0m
[3.290s] [ 25%] Built target marco_msgs__rosidl_typesupport_fastrtps_cpp
[3.292s] [35m[1mConsolidate compiler generated dependencies of target marco_msgs__rosidl_typesupport_fastrtps_c[0m
[3.295s] [35m[1mConsolidate compiler generated dependencies of target marco_msgs__rosidl_typesupport_introspection_c[0m
[3.315s] [ 36%] Built target marco_msgs__rosidl_typesupport_cpp
[3.323s] [ 47%] Built target marco_msgs__rosidl_typesupport_introspection_cpp
[3.327s] [ 59%] Built target marco_msgs__rosidl_typesupport_c
[3.343s] [ 70%] Built target marco_msgs__rosidl_typesupport_introspection_c
[3.357s] [ 81%] Built target marco_msgs__rosidl_typesupport_fastrtps_c
[3.434s] [ 81%] Built target marco_msgs
[3.497s] [ 82%] Built target marco_msgs__py
[3.528s] [35m[1mConsolidate compiler generated dependencies of target marco_msgs__rosidl_generator_py[0m
[3.575s] [ 93%] Built target marco_msgs__rosidl_generator_py
[3.600s] [35m[1mConsolidate compiler generated dependencies of target marco_msgs__rosidl_typesupport_c__pyext[0m
[3.607s] running egg_info
[3.608s] writing marco_msgs.egg-info/PKG-INFO
[3.609s] [35m[1mConsolidate compiler generated dependencies of target marco_msgs__rosidl_typesupport_fastrtps_c__pyext[0m
[3.609s] [35m[1mConsolidate compiler generated dependencies of target marco_msgs__rosidl_typesupport_introspection_c__pyext[0m
[3.609s] writing dependency_links to marco_msgs.egg-info/dependency_links.txt
[3.610s] writing top-level names to marco_msgs.egg-info/top_level.txt
[3.621s] reading manifest file 'marco_msgs.egg-info/SOURCES.txt'
[3.622s] writing manifest file 'marco_msgs.egg-info/SOURCES.txt'
[3.635s] [ 95%] Built target marco_msgs__rosidl_typesupport_c__pyext
[3.654s] [ 97%] Built target marco_msgs__rosidl_typesupport_introspection_c__pyext
[3.660s] [100%] Built target marco_msgs__rosidl_typesupport_fastrtps_c__pyext
[3.725s] [100%] Built target ament_cmake_python_build_marco_msgs_egg
[3.754s] Invoked command in '/home/orangepi/marco_ws/build/marco_msgs' returned '0': CMAKE_PREFIX_PATH=${CMAKE_PREFIX_PATH}:/home/orangepi/marco_ws/install/marco_docking:/home/orangepi/marco_ws/install/marco_perception:/home/orangepi/marco_ws/install/marco_mission:/home/orangepi/marco_ws/install/marco_base:/home/orangepi/marco_ws/install/lane_tracking:/opt/ros/humble /usr/bin/cmake --build /home/orangepi/marco_ws/build/marco_msgs -- -j8 -l8
[3.761s] Invoking command in '/home/orangepi/marco_ws/build/marco_msgs': CMAKE_PREFIX_PATH=${CMAKE_PREFIX_PATH}:/home/orangepi/marco_ws/install/marco_docking:/home/orangepi/marco_ws/install/marco_perception:/home/orangepi/marco_ws/install/marco_mission:/home/orangepi/marco_ws/install/marco_base:/home/orangepi/marco_ws/install/lane_tracking:/opt/ros/humble /usr/bin/cmake --install /home/orangepi/marco_ws/build/marco_msgs
[3.793s] -- Install configuration: ""
[3.796s] -- Execute custom install script
[3.796s] -- Up-to-date symlink: /home/orangepi/marco_ws/install/marco_msgs/share/ament_index/resource_index/rosidl_interfaces/marco_msgs
[3.800s] -- Up-to-date symlink: /home/orangepi/marco_ws/install/marco_msgs/include/marco_msgs/marco_msgs/action/detail/dock_to_station__functions.h
[3.800s] -- Up-to-date symlink: /home/orangepi/marco_ws/install/marco_msgs/include/marco_msgs/marco_msgs/action/detail/dock_to_station__struct.h
[3.801s] -- Up-to-date symlink: /home/orangepi/marco_ws/install/marco_msgs/include/marco_msgs/marco_msgs/action/detail/dock_to_station__type_support.h
[3.801s] -- Up-to-date symlink: /home/orangepi/marco_ws/install/marco_msgs/include/marco_msgs/marco_msgs/action/dock_to_station.h
[3.802s] -- Up-to-date symlink: /home/orangepi/marco_ws/install/marco_msgs/include/marco_msgs/marco_msgs/msg/detail/lane_offset__functions.h
[3.802s] -- Up-to-date symlink: /home/orangepi/marco_ws/install/marco_msgs/include/marco_msgs/marco_msgs/msg/detail/lane_offset__struct.h
[3.803s] -- Up-to-date symlink: /home/orangepi/marco_ws/install/marco_msgs/include/marco_msgs/marco_msgs/msg/detail/lane_offset__type_support.h
[3.803s] -- Up-to-date symlink: /home/orangepi/marco_ws/install/marco_msgs/include/marco_msgs/marco_msgs/msg/detail/qr_detection__functions.h
[3.803s] -- Up-to-date symlink: /home/orangepi/marco_ws/install/marco_msgs/include/marco_msgs/marco_msgs/msg/detail/qr_detection__struct.h
[3.804s] -- Up-to-date symlink: /home/orangepi/marco_ws/install/marco_msgs/include/marco_msgs/marco_msgs/msg/detail/qr_detection__type_support.h
[3.804s] -- Up-to-date symlink: /home/orangepi/marco_ws/install/marco_msgs/include/marco_msgs/marco_msgs/msg/detail/robot_status__functions.h
[3.804s] -- Up-to-date symlink: /home/orangepi/marco_ws/install/marco_msgs/include/marco_msgs/marco_msgs/msg/detail/robot_status__struct.h
[3.804s] -- Up-to-date symlink: /home/orangepi/marco_ws/install/marco_msgs/include/marco_msgs/marco_msgs/msg/detail/robot_status__type_support.h
[3.805s] -- Up-to-date symlink: /home/orangepi/marco_ws/install/marco_msgs/include/marco_msgs/marco_msgs/msg/lane_offset.h
[3.805s] -- Up-to-date symlink: /home/orangepi/marco_ws/install/marco_msgs/include/marco_msgs/marco_msgs/msg/qr_detection.h
[3.805s] -- Up-to-date symlink: /home/orangepi/marco_ws/install/marco_msgs/include/marco_msgs/marco_msgs/msg/robot_status.h
[3.805s] -- Up-to-date symlink: /home/orangepi/marco_ws/install/marco_msgs/include/marco_msgs/marco_msgs/msg/rosidl_generator_c__visibility_control.h
[3.805s] -- Up-to-date symlink: /home/orangepi/marco_ws/install/marco_msgs/include/marco_msgs/marco_msgs/srv/assign_task.h
[3.805s] -- Up-to-date symlink: /home/orangepi/marco_ws/install/marco_msgs/include/marco_msgs/marco_msgs/srv/detail/assign_task__functions.h
[3.806s] -- Up-to-date symlink: /home/orangepi/marco_ws/install/marco_msgs/include/marco_msgs/marco_msgs/srv/detail/assign_task__struct.h
[3.806s] -- Up-to-date symlink: /home/orangepi/marco_ws/install/marco_msgs/include/marco_msgs/marco_msgs/srv/detail/assign_task__type_support.h
[3.806s] -- Up-to-date symlink: /home/orangepi/marco_ws/install/marco_msgs/include/marco_msgs/marco_msgs/srv/detail/gate_permission__functions.h
[3.806s] -- Up-to-date symlink: /home/orangepi/marco_ws/install/marco_msgs/include/marco_msgs/marco_msgs/srv/detail/gate_permission__struct.h
[3.806s] -- Up-to-date symlink: /home/orangepi/marco_ws/install/marco_msgs/include/marco_msgs/marco_msgs/srv/detail/gate_permission__type_support.h
[3.806s] -- Up-to-date symlink: /home/orangepi/marco_ws/install/marco_msgs/include/marco_msgs/marco_msgs/srv/detail/start_mission__functions.h
[3.806s] -- Up-to-date symlink: /home/orangepi/marco_ws/install/marco_msgs/include/marco_msgs/marco_msgs/srv/detail/start_mission__struct.h
[3.807s] -- Up-to-date symlink: /home/orangepi/marco_ws/install/marco_msgs/include/marco_msgs/marco_msgs/srv/detail/start_mission__type_support.h
[3.807s] -- Up-to-date symlink: /home/orangepi/marco_ws/install/marco_msgs/include/marco_msgs/marco_msgs/srv/detail/task_complete__functions.h
[3.807s] -- Up-to-date symlink: /home/orangepi/marco_ws/install/marco_msgs/include/marco_msgs/marco_msgs/srv/detail/task_complete__struct.h
[3.807s] -- Up-to-date symlink: /home/orangepi/marco_ws/install/marco_msgs/include/marco_msgs/marco_msgs/srv/detail/task_complete__type_support.h
[3.807s] -- Up-to-date symlink: /home/orangepi/marco_ws/install/marco_msgs/include/marco_msgs/marco_msgs/srv/gate_permission.h
[3.807s] -- Up-to-date symlink: /home/orangepi/marco_ws/install/marco_msgs/include/marco_msgs/marco_msgs/srv/start_mission.h
[3.808s] -- Up-to-date symlink: /home/orangepi/marco_ws/install/marco_msgs/include/marco_msgs/marco_msgs/srv/task_complete.h
[3.808s] -- Up-to-date symlink: /home/orangepi/marco_ws/install/marco_msgs/share/marco_msgs/environment/library_path.sh
[3.808s] -- Up-to-date symlink: /home/orangepi/marco_ws/install/marco_msgs/share/marco_msgs/environment/library_path.dsv
[3.808s] -- Up-to-date symlink: /home/orangepi/marco_ws/install/marco_msgs/include/marco_msgs/marco_msgs/action/detail/dock_to_station__rosidl_typesupport_fastrtps_c.h
[3.808s] -- Up-to-date symlink: /home/orangepi/marco_ws/install/marco_msgs/include/marco_msgs/marco_msgs/msg/detail/lane_offset__rosidl_typesupport_fastrtps_c.h
[3.808s] -- Up-to-date symlink: /home/orangepi/marco_ws/install/marco_msgs/include/marco_msgs/marco_msgs/msg/detail/qr_detection__rosidl_typesupport_fastrtps_c.h
[3.808s] -- Up-to-date symlink: /home/orangepi/marco_ws/install/marco_msgs/include/marco_msgs/marco_msgs/msg/detail/robot_status__rosidl_typesupport_fastrtps_c.h
[3.809s] -- Up-to-date symlink: /home/orangepi/marco_ws/install/marco_msgs/include/marco_msgs/marco_msgs/msg/rosidl_typesupport_fastrtps_c__visibility_control.h
[3.809s] -- Up-to-date symlink: /home/orangepi/marco_ws/install/marco_msgs/include/marco_msgs/marco_msgs/srv/detail/assign_task__rosidl_typesupport_fastrtps_c.h
[3.809s] -- Up-to-date symlink: /home/orangepi/marco_ws/install/marco_msgs/include/marco_msgs/marco_msgs/srv/detail/gate_permission__rosidl_typesupport_fastrtps_c.h
[3.809s] -- Up-to-date symlink: /home/orangepi/marco_ws/install/marco_msgs/include/marco_msgs/marco_msgs/srv/detail/start_mission__rosidl_typesupport_fastrtps_c.h
[3.809s] -- Up-to-date symlink: /home/orangepi/marco_ws/install/marco_msgs/include/marco_msgs/marco_msgs/srv/detail/task_complete__rosidl_typesupport_fastrtps_c.h
[3.809s] -- Up-to-date symlink: /home/orangepi/marco_ws/install/marco_msgs/include/marco_msgs/marco_msgs/action/detail/dock_to_station__rosidl_typesupport_introspection_c.h
[3.809s] -- Up-to-date symlink: /home/orangepi/marco_ws/install/marco_msgs/include/marco_msgs/marco_msgs/msg/detail/lane_offset__rosidl_typesupport_introspection_c.h
[3.810s] -- Up-to-date symlink: /home/orangepi/marco_ws/install/marco_msgs/include/marco_msgs/marco_msgs/msg/detail/qr_detection__rosidl_typesupport_introspection_c.h
[3.810s] -- Up-to-date symlink: /home/orangepi/marco_ws/install/marco_msgs/include/marco_msgs/marco_msgs/msg/detail/robot_status__rosidl_typesupport_introspection_c.h
[3.810s] -- Up-to-date symlink: /home/orangepi/marco_ws/install/marco_msgs/include/marco_msgs/marco_msgs/msg/rosidl_typesupport_introspection_c__visibility_control.h
[3.810s] -- Up-to-date symlink: /home/orangepi/marco_ws/install/marco_msgs/include/marco_msgs/marco_msgs/srv/detail/assign_task__rosidl_typesupport_introspection_c.h
[3.810s] -- Up-to-date symlink: /home/orangepi/marco_ws/install/marco_msgs/include/marco_msgs/marco_msgs/srv/detail/gate_permission__rosidl_typesupport_introspection_c.h
[3.810s] -- Up-to-date symlink: /home/orangepi/marco_ws/install/marco_msgs/include/marco_msgs/marco_msgs/srv/detail/start_mission__rosidl_typesupport_introspection_c.h
[3.810s] -- Up-to-date symlink: /home/orangepi/marco_ws/install/marco_msgs/include/marco_msgs/marco_msgs/srv/detail/task_complete__rosidl_typesupport_introspection_c.h
[3.811s] -- Up-to-date symlink: /home/orangepi/marco_ws/install/marco_msgs/include/marco_msgs/marco_msgs/action/detail/dock_to_station__builder.hpp
[3.811s] -- Up-to-date symlink: /home/orangepi/marco_ws/install/marco_msgs/include/marco_msgs/marco_msgs/action/detail/dock_to_station__struct.hpp
[3.811s] -- Up-to-date symlink: /home/orangepi/marco_ws/install/marco_msgs/include/marco_msgs/marco_msgs/action/detail/dock_to_station__traits.hpp
[3.811s] -- Up-to-date symlink: /home/orangepi/marco_ws/install/marco_msgs/include/marco_msgs/marco_msgs/action/detail/dock_to_station__type_support.hpp
[3.811s] -- Up-to-date symlink: /home/orangepi/marco_ws/install/marco_msgs/include/marco_msgs/marco_msgs/action/dock_to_station.hpp
[3.811s] -- Up-to-date symlink: /home/orangepi/marco_ws/install/marco_msgs/include/marco_msgs/marco_msgs/msg/detail/lane_offset__builder.hpp
[3.812s] -- Up-to-date symlink: /home/orangepi/marco_ws/install/marco_msgs/include/marco_msgs/marco_msgs/msg/detail/lane_offset__struct.hpp
[3.812s] -- Up-to-date symlink: /home/orangepi/marco_ws/install/marco_msgs/include/marco_msgs/marco_msgs/msg/detail/lane_offset__traits.hpp
[3.812s] -- Up-to-date symlink: /home/orangepi/marco_ws/install/marco_msgs/include/marco_msgs/marco_msgs/msg/detail/lane_offset__type_support.hpp
[3.812s] -- Up-to-date symlink: /home/orangepi/marco_ws/install/marco_msgs/include/marco_msgs/marco_msgs/msg/detail/qr_detection__builder.hpp
[3.812s] -- Up-to-date symlink: /home/orangepi/marco_ws/install/marco_msgs/include/marco_msgs/marco_msgs/msg/detail/qr_detection__struct.hpp
[3.812s] -- Up-to-date symlink: /home/orangepi/marco_ws/install/marco_msgs/include/marco_msgs/marco_msgs/msg/detail/qr_detection__traits.hpp
[3.812s] -- Up-to-date symlink: /home/orangepi/marco_ws/install/marco_msgs/include/marco_msgs/marco_msgs/msg/detail/qr_detection__type_support.hpp
[3.813s] -- Up-to-date symlink: /home/orangepi/marco_ws/install/marco_msgs/include/marco_msgs/marco_msgs/msg/detail/robot_status__builder.hpp
[3.813s] -- Up-to-date symlink: /home/orangepi/marco_ws/install/marco_msgs/include/marco_msgs/marco_msgs/msg/detail/robot_status__struct.hpp
[3.813s] -- Up-to-date symlink: /home/orangepi/marco_ws/install/marco_msgs/include/marco_msgs/marco_msgs/msg/detail/robot_status__traits.hpp
[3.813s] -- Up-to-date symlink: /home/orangepi/marco_ws/install/marco_msgs/include/marco_msgs/marco_msgs/msg/detail/robot_status__type_support.hpp
[3.814s] -- Up-to-date symlink: /home/orangepi/marco_ws/install/marco_msgs/include/marco_msgs/marco_msgs/msg/lane_offset.hpp
[3.814s] -- Up-to-date symlink: /home/orangepi/marco_ws/install/marco_msgs/include/marco_msgs/marco_msgs/msg/qr_detection.hpp
[3.814s] -- Up-to-date symlink: /home/orangepi/marco_ws/install/marco_msgs/include/marco_msgs/marco_msgs/msg/robot_status.hpp
[3.814s] -- Up-to-date symlink: /home/orangepi/marco_ws/install/marco_msgs/include/marco_msgs/marco_msgs/msg/rosidl_generator_cpp__visibility_control.hpp
[3.814s] -- Up-to-date symlink: /home/orangepi/marco_ws/install/marco_msgs/include/marco_msgs/marco_msgs/srv/assign_task.hpp
[3.814s] -- Up-to-date symlink: /home/orangepi/marco_ws/install/marco_msgs/include/marco_msgs/marco_msgs/srv/detail/assign_task__builder.hpp
[3.815s] -- Up-to-date symlink: /home/orangepi/marco_ws/install/marco_msgs/include/marco_msgs/marco_msgs/srv/detail/assign_task__struct.hpp
[3.815s] -- Up-to-date symlink: /home/orangepi/marco_ws/install/marco_msgs/include/marco_msgs/marco_msgs/srv/detail/assign_task__traits.hpp
[3.815s] -- Up-to-date symlink: /home/orangepi/marco_ws/install/marco_msgs/include/marco_msgs/marco_msgs/srv/detail/assign_task__type_support.hpp
[3.815s] -- Up-to-date symlink: /home/orangepi/marco_ws/install/marco_msgs/include/marco_msgs/marco_msgs/srv/detail/gate_permission__builder.hpp
[3.815s] -- Up-to-date symlink: /home/orangepi/marco_ws/install/marco_msgs/include/marco_msgs/marco_msgs/srv/detail/gate_permission__struct.hpp
[3.815s] -- Up-to-date symlink: /home/orangepi/marco_ws/install/marco_msgs/include/marco_msgs/marco_msgs/srv/detail/gate_permission__traits.hpp
[3.815s] -- Up-to-date symlink: /home/orangepi/marco_ws/install/marco_msgs/include/marco_msgs/marco_msgs/srv/detail/gate_permission__type_support.hpp
[3.816s] -- Up-to-date symlink: /home/orangepi/marco_ws/install/marco_msgs/include/marco_msgs/marco_msgs/srv/detail/start_mission__builder.hpp
[3.816s] -- Up-to-date symlink: /home/orangepi/marco_ws/install/marco_msgs/include/marco_msgs/marco_msgs/srv/detail/start_mission__struct.hpp
[3.816s] -- Up-to-date symlink: /home/orangepi/marco_ws/install/marco_msgs/include/marco_msgs/marco_msgs/srv/detail/start_mission__traits.hpp
[3.816s] -- Up-to-date symlink: /home/orangepi/marco_ws/install/marco_msgs/include/marco_msgs/marco_msgs/srv/detail/start_mission__type_support.hpp
[3.816s] -- Up-to-date symlink: /home/orangepi/marco_ws/install/marco_msgs/include/marco_msgs/marco_msgs/srv/detail/task_complete__builder.hpp
[3.816s] -- Up-to-date symlink: /home/orangepi/marco_ws/install/marco_msgs/include/marco_msgs/marco_msgs/srv/detail/task_complete__struct.hpp
[3.816s] -- Up-to-date symlink: /home/orangepi/marco_ws/install/marco_msgs/include/marco_msgs/marco_msgs/srv/detail/task_complete__traits.hpp
[3.817s] -- Up-to-date symlink: /home/orangepi/marco_ws/install/marco_msgs/include/marco_msgs/marco_msgs/srv/detail/task_complete__type_support.hpp
[3.817s] -- Up-to-date symlink: /home/orangepi/marco_ws/install/marco_msgs/include/marco_msgs/marco_msgs/srv/gate_permission.hpp
[3.817s] -- Up-to-date symlink: /home/orangepi/marco_ws/install/marco_msgs/include/marco_msgs/marco_msgs/srv/start_mission.hpp
[3.818s] -- Up-to-date symlink: /home/orangepi/marco_ws/install/marco_msgs/include/marco_msgs/marco_msgs/srv/task_complete.hpp
[3.818s] -- Up-to-date symlink: /home/orangepi/marco_ws/install/marco_msgs/include/marco_msgs/marco_msgs/action/detail/dock_to_station__rosidl_typesupport_fastrtps_cpp.hpp
[3.818s] -- Up-to-date symlink: /home/orangepi/marco_ws/install/marco_msgs/include/marco_msgs/marco_msgs/msg/detail/lane_offset__rosidl_typesupport_fastrtps_cpp.hpp
[3.818s] -- Up-to-date symlink: /home/orangepi/marco_ws/install/marco_msgs/include/marco_msgs/marco_msgs/msg/detail/qr_detection__rosidl_typesupport_fastrtps_cpp.hpp
[3.818s] -- Up-to-date symlink: /home/orangepi/marco_ws/install/marco_msgs/include/marco_msgs/marco_msgs/msg/detail/robot_status__rosidl_typesupport_fastrtps_cpp.hpp
[3.818s] -- Up-to-date symlink: /home/orangepi/marco_ws/install/marco_msgs/include/marco_msgs/marco_msgs/msg/rosidl_typesupport_fastrtps_cpp__visibility_control.h
[3.819s] -- Up-to-date symlink: /home/orangepi/marco_ws/install/marco_msgs/include/marco_msgs/marco_msgs/srv/detail/assign_task__rosidl_typesupport_fastrtps_cpp.hpp
[3.819s] -- Up-to-date symlink: /home/orangepi/marco_ws/install/marco_msgs/include/marco_msgs/marco_msgs/srv/detail/gate_permission__rosidl_typesupport_fastrtps_cpp.hpp
[3.819s] -- Up-to-date symlink: /home/orangepi/marco_ws/install/marco_msgs/include/marco_msgs/marco_msgs/srv/detail/start_mission__rosidl_typesupport_fastrtps_cpp.hpp
[3.819s] -- Up-to-date symlink: /home/orangepi/marco_ws/install/marco_msgs/include/marco_msgs/marco_msgs/srv/detail/task_complete__rosidl_typesupport_fastrtps_cpp.hpp
[3.819s] -- Up-to-date symlink: /home/orangepi/marco_ws/install/marco_msgs/include/marco_msgs/marco_msgs/action/detail/dock_to_station__rosidl_typesupport_introspection_cpp.hpp
[3.820s] -- Up-to-date symlink: /home/orangepi/marco_ws/install/marco_msgs/include/marco_msgs/marco_msgs/msg/detail/lane_offset__rosidl_typesupport_introspection_cpp.hpp
[3.820s] -- Up-to-date symlink: /home/orangepi/marco_ws/install/marco_msgs/include/marco_msgs/marco_msgs/msg/detail/qr_detection__rosidl_typesupport_introspection_cpp.hpp
[3.820s] -- Up-to-date symlink: /home/orangepi/marco_ws/install/marco_msgs/include/marco_msgs/marco_msgs/msg/detail/robot_status__rosidl_typesupport_introspection_cpp.hpp
[3.820s] -- Up-to-date symlink: /home/orangepi/marco_ws/install/marco_msgs/include/marco_msgs/marco_msgs/srv/detail/assign_task__rosidl_typesupport_introspection_cpp.hpp
[3.821s] -- Up-to-date symlink: /home/orangepi/marco_ws/install/marco_msgs/include/marco_msgs/marco_msgs/srv/detail/gate_permission__rosidl_typesupport_introspection_cpp.hpp
[3.821s] -- Up-to-date symlink: /home/orangepi/marco_ws/install/marco_msgs/include/marco_msgs/marco_msgs/srv/detail/start_mission__rosidl_typesupport_introspection_cpp.hpp
[3.821s] -- Up-to-date symlink: /home/orangepi/marco_ws/install/marco_msgs/include/marco_msgs/marco_msgs/srv/detail/task_complete__rosidl_typesupport_introspection_cpp.hpp
[3.821s] -- Up-to-date symlink: /home/orangepi/marco_ws/install/marco_msgs/share/marco_msgs/environment/pythonpath.sh
[3.821s] -- Up-to-date symlink: /home/orangepi/marco_ws/install/marco_msgs/share/marco_msgs/environment/pythonpath.dsv
[3.821s] -- Up-to-date symlink: /home/orangepi/marco_ws/install/marco_msgs/local/lib/python3.10/dist-packages/marco_msgs-0.1.0-py3.10.egg-info/PKG-INFO
[3.821s] -- Up-to-date symlink: /home/orangepi/marco_ws/install/marco_msgs/local/lib/python3.10/dist-packages/marco_msgs-0.1.0-py3.10.egg-info/SOURCES.txt
[3.821s] -- Up-to-date symlink: /home/orangepi/marco_ws/install/marco_msgs/local/lib/python3.10/dist-packages/marco_msgs-0.1.0-py3.10.egg-info/dependency_links.txt
[3.822s] -- Up-to-date symlink: /home/orangepi/marco_ws/install/marco_msgs/local/lib/python3.10/dist-packages/marco_msgs-0.1.0-py3.10.egg-info/top_level.txt
[3.822s] -- Up-to-date symlink: /home/orangepi/marco_ws/install/marco_msgs/local/lib/python3.10/dist-packages/marco_msgs/__init__.py
[3.822s] -- Up-to-date symlink: /home/orangepi/marco_ws/install/marco_msgs/local/lib/python3.10/dist-packages/marco_msgs/_marco_msgs_s.ep.rosidl_typesupport_c.c
[3.822s] -- Up-to-date symlink: /home/orangepi/marco_ws/install/marco_msgs/local/lib/python3.10/dist-packages/marco_msgs/_marco_msgs_s.ep.rosidl_typesupport_fastrtps_c.c
[3.822s] -- Up-to-date symlink: /home/orangepi/marco_ws/install/marco_msgs/local/lib/python3.10/dist-packages/marco_msgs/_marco_msgs_s.ep.rosidl_typesupport_introspection_c.c
[3.822s] -- Up-to-date symlink: /home/orangepi/marco_ws/install/marco_msgs/local/lib/python3.10/dist-packages/marco_msgs/action/__init__.py
[3.822s] -- Up-to-date symlink: /home/orangepi/marco_ws/install/marco_msgs/local/lib/python3.10/dist-packages/marco_msgs/action/_dock_to_station.py
[3.822s] -- Up-to-date symlink: /home/orangepi/marco_ws/install/marco_msgs/local/lib/python3.10/dist-packages/marco_msgs/action/_dock_to_station_s.c
[3.822s] -- Up-to-date symlink: /home/orangepi/marco_ws/install/marco_msgs/local/lib/python3.10/dist-packages/marco_msgs/libmarco_msgs__rosidl_generator_py.so
[3.823s] -- Up-to-date symlink: /home/orangepi/marco_ws/install/marco_msgs/local/lib/python3.10/dist-packages/marco_msgs/marco_msgs_s__rosidl_typesupport_c.cpython-310-aarch64-linux-gnu.so
[3.823s] -- Up-to-date symlink: /home/orangepi/marco_ws/install/marco_msgs/local/lib/python3.10/dist-packages/marco_msgs/marco_msgs_s__rosidl_typesupport_fastrtps_c.cpython-310-aarch64-linux-gnu.so
[3.823s] -- Up-to-date symlink: /home/orangepi/marco_ws/install/marco_msgs/local/lib/python3.10/dist-packages/marco_msgs/marco_msgs_s__rosidl_typesupport_introspection_c.cpython-310-aarch64-linux-gnu.so
[3.823s] -- Up-to-date symlink: /home/orangepi/marco_ws/install/marco_msgs/local/lib/python3.10/dist-packages/marco_msgs/msg/__init__.py
[3.823s] -- Up-to-date symlink: /home/orangepi/marco_ws/install/marco_msgs/local/lib/python3.10/dist-packages/marco_msgs/msg/_lane_offset.py
[3.823s] -- Up-to-date symlink: /home/orangepi/marco_ws/install/marco_msgs/local/lib/python3.10/dist-packages/marco_msgs/msg/_lane_offset_s.c
[3.823s] -- Up-to-date symlink: /home/orangepi/marco_ws/install/marco_msgs/local/lib/python3.10/dist-packages/marco_msgs/msg/_qr_detection.py
[3.823s] -- Up-to-date symlink: /home/orangepi/marco_ws/install/marco_msgs/local/lib/python3.10/dist-packages/marco_msgs/msg/_qr_detection_s.c
[3.823s] -- Up-to-date symlink: /home/orangepi/marco_ws/install/marco_msgs/local/lib/python3.10/dist-packages/marco_msgs/msg/_robot_status.py
[3.823s] -- Up-to-date symlink: /home/orangepi/marco_ws/install/marco_msgs/local/lib/python3.10/dist-packages/marco_msgs/msg/_robot_status_s.c
[3.823s] -- Up-to-date symlink: /home/orangepi/marco_ws/install/marco_msgs/local/lib/python3.10/dist-packages/marco_msgs/srv/__init__.py
[3.823s] -- Up-to-date symlink: /home/orangepi/marco_ws/install/marco_msgs/local/lib/python3.10/dist-packages/marco_msgs/srv/_assign_task.py
[3.824s] -- Up-to-date symlink: /home/orangepi/marco_ws/install/marco_msgs/local/lib/python3.10/dist-packages/marco_msgs/srv/_assign_task_s.c
[3.824s] -- Up-to-date symlink: /home/orangepi/marco_ws/install/marco_msgs/local/lib/python3.10/dist-packages/marco_msgs/srv/_gate_permission.py
[3.824s] -- Up-to-date symlink: /home/orangepi/marco_ws/install/marco_msgs/local/lib/python3.10/dist-packages/marco_msgs/srv/_gate_permission_s.c
[3.824s] -- Up-to-date symlink: /home/orangepi/marco_ws/install/marco_msgs/local/lib/python3.10/dist-packages/marco_msgs/srv/_start_mission.py
[3.824s] -- Up-to-date symlink: /home/orangepi/marco_ws/install/marco_msgs/local/lib/python3.10/dist-packages/marco_msgs/srv/_start_mission_s.c
[3.824s] -- Up-to-date symlink: /home/orangepi/marco_ws/install/marco_msgs/local/lib/python3.10/dist-packages/marco_msgs/srv/_task_complete.py
[3.824s] -- Up-to-date symlink: /home/orangepi/marco_ws/install/marco_msgs/local/lib/python3.10/dist-packages/marco_msgs/srv/_task_complete_s.c
[3.824s] -- Up-to-date symlink: /home/orangepi/marco_ws/install/marco_msgs/local/lib/python3.10/dist-packages/marco_msgs/marco_msgs_s__rosidl_typesupport_fastrtps_c.cpython-310-aarch64-linux-gnu.so
[3.824s] -- Up-to-date symlink: /home/orangepi/marco_ws/install/marco_msgs/local/lib/python3.10/dist-packages/marco_msgs/marco_msgs_s__rosidl_typesupport_introspection_c.cpython-310-aarch64-linux-gnu.so
[3.824s] -- Up-to-date symlink: /home/orangepi/marco_ws/install/marco_msgs/local/lib/python3.10/dist-packages/marco_msgs/marco_msgs_s__rosidl_typesupport_c.cpython-310-aarch64-linux-gnu.so
[3.825s] -- Up-to-date symlink: /home/orangepi/marco_ws/install/marco_msgs/share/ament_index/resource_index/rust_packages/marco_msgs
[3.825s] -- Up-to-date symlink: /home/orangepi/marco_ws/install/marco_msgs/share/marco_msgs/rust/Cargo.toml
[3.825s] -- Up-to-date symlink: /home/orangepi/marco_ws/install/marco_msgs/share/marco_msgs/rust/build.rs
[3.825s] -- Up-to-date symlink: /home/orangepi/marco_ws/install/marco_msgs/share/marco_msgs/rust/src/action.rs
[3.825s] -- Up-to-date symlink: /home/orangepi/marco_ws/install/marco_msgs/share/marco_msgs/rust/src/action/rmw.rs
[3.825s] -- Up-to-date symlink: /home/orangepi/marco_ws/install/marco_msgs/share/marco_msgs/rust/src/lib.rs
[3.825s] -- Up-to-date symlink: /home/orangepi/marco_ws/install/marco_msgs/share/marco_msgs/rust/src/msg.rs
[3.825s] -- Up-to-date symlink: /home/orangepi/marco_ws/install/marco_msgs/share/marco_msgs/rust/src/msg/rmw.rs
[3.825s] -- Up-to-date symlink: /home/orangepi/marco_ws/install/marco_msgs/share/marco_msgs/rust/src/srv.rs
[3.825s] -- Up-to-date symlink: /home/orangepi/marco_ws/install/marco_msgs/share/marco_msgs/rust/src/srv/rmw.rs
[3.825s] -- Up-to-date symlink: /home/orangepi/marco_ws/install/marco_msgs/share/marco_msgs/msg/LaneOffset.idl
[3.825s] -- Up-to-date symlink: /home/orangepi/marco_ws/install/marco_msgs/share/marco_msgs/msg/QrDetection.idl
[3.826s] -- Up-to-date symlink: /home/orangepi/marco_ws/install/marco_msgs/share/marco_msgs/msg/RobotStatus.idl
[3.826s] -- Up-to-date symlink: /home/orangepi/marco_ws/install/marco_msgs/share/marco_msgs/action/DockToStation.idl
[3.826s] -- Up-to-date symlink: /home/orangepi/marco_ws/install/marco_msgs/share/marco_msgs/srv/AssignTask.idl
[3.826s] -- Up-to-date symlink: /home/orangepi/marco_ws/install/marco_msgs/share/marco_msgs/srv/GatePermission.idl
[3.826s] -- Up-to-date symlink: /home/orangepi/marco_ws/install/marco_msgs/share/marco_msgs/srv/TaskComplete.idl
[3.826s] -- Up-to-date symlink: /home/orangepi/marco_ws/install/marco_msgs/share/marco_msgs/srv/StartMission.idl
[3.826s] -- Up-to-date symlink: /home/orangepi/marco_ws/install/marco_msgs/share/marco_msgs/msg/LaneOffset.msg
[3.826s] -- Up-to-date symlink: /home/orangepi/marco_ws/install/marco_msgs/share/marco_msgs/msg/QrDetection.msg
[3.826s] -- Up-to-date symlink: /home/orangepi/marco_ws/install/marco_msgs/share/marco_msgs/msg/RobotStatus.msg
[3.826s] -- Up-to-date symlink: /home/orangepi/marco_ws/install/marco_msgs/share/marco_msgs/action/DockToStation.action
[3.826s] -- Up-to-date symlink: /home/orangepi/marco_ws/install/marco_msgs/share/marco_msgs/srv/AssignTask.srv
[3.827s] -- Up-to-date symlink: /home/orangepi/marco_ws/install/marco_msgs/share/marco_msgs/srv/AssignTask_Request.msg
[3.827s] -- Up-to-date symlink: /home/orangepi/marco_ws/install/marco_msgs/share/marco_msgs/srv/AssignTask_Response.msg
[3.827s] -- Up-to-date symlink: /home/orangepi/marco_ws/install/marco_msgs/share/marco_msgs/srv/GatePermission.srv
[3.827s] -- Up-to-date symlink: /home/orangepi/marco_ws/install/marco_msgs/share/marco_msgs/srv/GatePermission_Request.msg
[3.827s] -- Up-to-date symlink: /home/orangepi/marco_ws/install/marco_msgs/share/marco_msgs/srv/GatePermission_Response.msg
[3.827s] -- Up-to-date symlink: /home/orangepi/marco_ws/install/marco_msgs/share/marco_msgs/srv/TaskComplete.srv
[3.827s] -- Up-to-date symlink: /home/orangepi/marco_ws/install/marco_msgs/share/marco_msgs/srv/TaskComplete_Request.msg
[3.827s] -- Up-to-date symlink: /home/orangepi/marco_ws/install/marco_msgs/share/marco_msgs/srv/TaskComplete_Response.msg
[3.827s] -- Up-to-date symlink: /home/orangepi/marco_ws/install/marco_msgs/share/marco_msgs/srv/StartMission.srv
[3.828s] -- Up-to-date symlink: /home/orangepi/marco_ws/install/marco_msgs/share/marco_msgs/srv/StartMission_Request.msg
[3.828s] -- Up-to-date symlink: /home/orangepi/marco_ws/install/marco_msgs/share/marco_msgs/srv/StartMission_Response.msg
[3.828s] -- Up-to-date symlink: /home/orangepi/marco_ws/install/marco_msgs/share/ament_index/resource_index/package_run_dependencies/marco_msgs
[3.828s] -- Up-to-date symlink: /home/orangepi/marco_ws/install/marco_msgs/share/ament_index/resource_index/parent_prefix_path/marco_msgs
[3.828s] -- Up-to-date symlink: /home/orangepi/marco_ws/install/marco_msgs/share/marco_msgs/environment/ament_prefix_path.sh
[3.828s] -- Up-to-date symlink: /home/orangepi/marco_ws/install/marco_msgs/share/marco_msgs/environment/ament_prefix_path.dsv
[3.828s] -- Up-to-date symlink: /home/orangepi/marco_ws/install/marco_msgs/share/marco_msgs/environment/path.sh
[3.828s] -- Up-to-date symlink: /home/orangepi/marco_ws/install/marco_msgs/share/marco_msgs/environment/path.dsv
[3.829s] -- Up-to-date symlink: /home/orangepi/marco_ws/install/marco_msgs/share/marco_msgs/local_setup.bash
[3.829s] -- Up-to-date symlink: /home/orangepi/marco_ws/install/marco_msgs/share/marco_msgs/local_setup.sh
[3.829s] -- Up-to-date symlink: /home/orangepi/marco_ws/install/marco_msgs/share/marco_msgs/local_setup.zsh
[3.829s] -- Up-to-date symlink: /home/orangepi/marco_ws/install/marco_msgs/share/marco_msgs/local_setup.dsv
[3.829s] -- Symlinking: /home/orangepi/marco_ws/install/marco_msgs/share/marco_msgs/package.dsv
[3.862s] -- Up-to-date symlink: /home/orangepi/marco_ws/install/marco_msgs/share/ament_index/resource_index/packages/marco_msgs
[3.863s] -- Up-to-date symlink: /home/orangepi/marco_ws/install/marco_msgs/share/marco_msgs/cmake/rosidl_cmake-extras.cmake
[3.863s] -- Up-to-date symlink: /home/orangepi/marco_ws/install/marco_msgs/share/marco_msgs/cmake/ament_cmake_export_dependencies-extras.cmake
[3.864s] -- Up-to-date symlink: /home/orangepi/marco_ws/install/marco_msgs/share/marco_msgs/cmake/ament_cmake_export_include_directories-extras.cmake
[3.864s] -- Up-to-date symlink: /home/orangepi/marco_ws/install/marco_msgs/share/marco_msgs/cmake/ament_cmake_export_libraries-extras.cmake
[3.865s] -- Up-to-date symlink: /home/orangepi/marco_ws/install/marco_msgs/share/marco_msgs/cmake/ament_cmake_export_targets-extras.cmake
[3.866s] -- Up-to-date symlink: /home/orangepi/marco_ws/install/marco_msgs/share/marco_msgs/cmake/rosidl_cmake_export_typesupport_targets-extras.cmake
[3.866s] -- Up-to-date symlink: /home/orangepi/marco_ws/install/marco_msgs/share/marco_msgs/cmake/rosidl_cmake_export_typesupport_libraries-extras.cmake
[3.867s] -- Up-to-date symlink: /home/orangepi/marco_ws/install/marco_msgs/share/marco_msgs/cmake/rosidl_cmake_aggregate_target-extras.cmake
[3.867s] -- Up-to-date symlink: /home/orangepi/marco_ws/install/marco_msgs/share/marco_msgs/cmake/marco_msgsConfig.cmake
[3.867s] -- Up-to-date symlink: /home/orangepi/marco_ws/install/marco_msgs/share/marco_msgs/cmake/marco_msgsConfig-version.cmake
[3.868s] -- Up-to-date symlink: /home/orangepi/marco_ws/install/marco_msgs/share/marco_msgs/package.xml
[3.869s] -- Up-to-date: /home/orangepi/marco_ws/install/marco_msgs/lib/libmarco_msgs__rosidl_generator_c.so
[3.869s] -- Up-to-date: /home/orangepi/marco_ws/install/marco_msgs/lib/libmarco_msgs__rosidl_typesupport_fastrtps_c.so
[3.870s] -- Up-to-date: /home/orangepi/marco_ws/install/marco_msgs/lib/libmarco_msgs__rosidl_typesupport_introspection_c.so
[3.870s] -- Up-to-date: /home/orangepi/marco_ws/install/marco_msgs/lib/libmarco_msgs__rosidl_typesupport_c.so
[3.870s] -- Up-to-date: /home/orangepi/marco_ws/install/marco_msgs/lib/libmarco_msgs__rosidl_typesupport_fastrtps_cpp.so
[3.870s] -- Up-to-date: /home/orangepi/marco_ws/install/marco_msgs/lib/libmarco_msgs__rosidl_typesupport_introspection_cpp.so
[3.870s] -- Up-to-date: /home/orangepi/marco_ws/install/marco_msgs/lib/libmarco_msgs__rosidl_typesupport_cpp.so
[3.951s] Listing '/home/orangepi/marco_ws/install/marco_msgs/local/lib/python3.10/dist-packages/marco_msgs'...
[3.952s] Compiling '/home/orangepi/marco_ws/install/marco_msgs/local/lib/python3.10/dist-packages/marco_msgs/__init__.py'...
[3.952s] Listing '/home/orangepi/marco_ws/install/marco_msgs/local/lib/python3.10/dist-packages/marco_msgs/action'...
[3.953s] Listing '/home/orangepi/marco_ws/install/marco_msgs/local/lib/python3.10/dist-packages/marco_msgs/msg'...
[3.953s] Listing '/home/orangepi/marco_ws/install/marco_msgs/local/lib/python3.10/dist-packages/marco_msgs/srv'...
[3.965s] -- Up-to-date: /home/orangepi/marco_ws/install/marco_msgs/lib/libmarco_msgs__rosidl_generator_py.so
[3.966s] -- Up-to-date: /home/orangepi/marco_ws/install/marco_msgs/share/marco_msgs/cmake/export_marco_msgs__rosidl_generator_cExport.cmake
[3.966s] -- Up-to-date: /home/orangepi/marco_ws/install/marco_msgs/share/marco_msgs/cmake/export_marco_msgs__rosidl_generator_cExport-noconfig.cmake
[3.967s] -- Up-to-date: /home/orangepi/marco_ws/install/marco_msgs/share/marco_msgs/cmake/export_marco_msgs__rosidl_typesupport_fastrtps_cExport.cmake
[3.967s] -- Up-to-date: /home/orangepi/marco_ws/install/marco_msgs/share/marco_msgs/cmake/export_marco_msgs__rosidl_typesupport_fastrtps_cExport-noconfig.cmake
[3.968s] -- Up-to-date: /home/orangepi/marco_ws/install/marco_msgs/share/marco_msgs/cmake/marco_msgs__rosidl_typesupport_introspection_cExport.cmake
[3.968s] -- Up-to-date: /home/orangepi/marco_ws/install/marco_msgs/share/marco_msgs/cmake/marco_msgs__rosidl_typesupport_introspection_cExport-noconfig.cmake
[3.968s] -- Up-to-date: /home/orangepi/marco_ws/install/marco_msgs/share/marco_msgs/cmake/marco_msgs__rosidl_typesupport_cExport.cmake
[3.969s] -- Up-to-date: /home/orangepi/marco_ws/install/marco_msgs/share/marco_msgs/cmake/marco_msgs__rosidl_typesupport_cExport-noconfig.cmake
[3.969s] -- Up-to-date: /home/orangepi/marco_ws/install/marco_msgs/share/marco_msgs/cmake/export_marco_msgs__rosidl_generator_cppExport.cmake
[3.969s] -- Up-to-date: /home/orangepi/marco_ws/install/marco_msgs/share/marco_msgs/cmake/export_marco_msgs__rosidl_typesupport_fastrtps_cppExport.cmake
[3.969s] -- Up-to-date: /home/orangepi/marco_ws/install/marco_msgs/share/marco_msgs/cmake/export_marco_msgs__rosidl_typesupport_fastrtps_cppExport-noconfig.cmake
[3.969s] -- Up-to-date: /home/orangepi/marco_ws/install/marco_msgs/share/marco_msgs/cmake/marco_msgs__rosidl_typesupport_introspection_cppExport.cmake
[3.970s] -- Up-to-date: /home/orangepi/marco_ws/install/marco_msgs/share/marco_msgs/cmake/marco_msgs__rosidl_typesupport_introspection_cppExport-noconfig.cmake
[3.970s] -- Up-to-date: /home/orangepi/marco_ws/install/marco_msgs/share/marco_msgs/cmake/marco_msgs__rosidl_typesupport_cppExport.cmake
[3.970s] -- Up-to-date: /home/orangepi/marco_ws/install/marco_msgs/share/marco_msgs/cmake/marco_msgs__rosidl_typesupport_cppExport-noconfig.cmake
[3.970s] -- Up-to-date: /home/orangepi/marco_ws/install/marco_msgs/share/marco_msgs/cmake/export_marco_msgs__rosidl_generator_pyExport.cmake
[3.971s] -- Up-to-date: /home/orangepi/marco_ws/install/marco_msgs/share/marco_msgs/cmake/export_marco_msgs__rosidl_generator_pyExport-noconfig.cmake
[3.979s] Invoked command in '/home/orangepi/marco_ws/build/marco_msgs' returned '0': CMAKE_PREFIX_PATH=${CMAKE_PREFIX_PATH}:/home/orangepi/marco_ws/install/marco_docking:/home/orangepi/marco_ws/install/marco_perception:/home/orangepi/marco_ws/install/marco_mission:/home/orangepi/marco_ws/install/marco_base:/home/orangepi/marco_ws/install/lane_tracking:/opt/ros/humble /usr/bin/cmake --install /home/orangepi/marco_ws/build/marco_msgs
