[2.403s] Invoking command in '/home/orangepi/marco_ws/src/marco_perception': PYTHONPATH=/home/orangepi/marco_ws/build/marco_perception/prefix_override:/usr/lib/python3/dist-packages/colcon_core/task/python/colcon_distutils_commands:/home/orangepi/marco_ws/install/marco_perception/lib/python3.10/site-packages:${PYTHONPATH} /usr/bin/python3 -W ignore:setup.py install is deprecated -W ignore:easy_install command is deprecated setup.py egg_info --egg-base ../../build/marco_perception build --build-base /home/orangepi/marco_ws/build/marco_perception/build install --record /home/orangepi/marco_ws/build/marco_perception/install.log --install-scripts $base/lib/marco_perception --single-version-externally-managed install_data
[2.753s] running egg_info
[2.754s] writing ../../build/marco_perception/marco_perception.egg-info/PKG-INFO
[2.759s] writing dependency_links to ../../build/marco_perception/marco_perception.egg-info/dependency_links.txt
[2.759s] writing entry points to ../../build/marco_perception/marco_perception.egg-info/entry_points.txt
[2.760s] writing requirements to ../../build/marco_perception/marco_perception.egg-info/requires.txt
[2.760s] writing top-level names to ../../build/marco_perception/marco_perception.egg-info/top_level.txt
[2.763s] reading manifest file '../../build/marco_perception/marco_perception.egg-info/SOURCES.txt'
[2.765s] adding license file 'LICENSE'
[2.768s] writing manifest file '../../build/marco_perception/marco_perception.egg-info/SOURCES.txt'
[2.769s] running build
[2.769s] running build_py
[2.769s] running install
[2.770s] running install_lib
[2.772s] running install_data
[2.773s] running install_egg_info
[2.775s] removing '/home/orangepi/marco_ws/install/marco_perception/lib/python3.10/site-packages/marco_perception-0.0.0-py3.10.egg-info' (and everything under it)
[2.776s] Copying ../../build/marco_perception/marco_perception.egg-info to /home/orangepi/marco_ws/install/marco_perception/lib/python3.10/site-packages/marco_perception-0.0.0-py3.10.egg-info
[2.776s] running install_scripts
[2.820s] writing list of installed files to '/home/orangepi/marco_ws/build/marco_perception/install.log'
[2.938s] Invoked command in '/home/orangepi/marco_ws/src/marco_perception' returned '0': PYTHONPATH=/home/orangepi/marco_ws/build/marco_perception/prefix_override:/usr/lib/python3/dist-packages/colcon_core/task/python/colcon_distutils_commands:/home/orangepi/marco_ws/install/marco_perception/lib/python3.10/site-packages:${PYTHONPATH} /usr/bin/python3 -W ignore:setup.py install is deprecated -W ignore:easy_install command is deprecated setup.py egg_info --egg-base ../../build/marco_perception build --build-base /home/orangepi/marco_ws/build/marco_perception/build install --record /home/orangepi/marco_ws/build/marco_perception/install.log --install-scripts $base/lib/marco_perception --single-version-externally-managed install_data
