[0.503s] Invoking command in '/home/orangepi/marco_ws/build/marco_simulation': CMAKE_PREFIX_PATH=/opt/ros/humble /usr/bin/cmake /home/orangepi/marco_ws/src/marco_simulation -DAMENT_CMAKE_SYMLINK_INSTALL=1 -DCMAKE_INSTALL_PREFIX=/home/orangepi/marco_ws/install/marco_simulation
[0.590s] -- The C compiler identification is GNU 11.4.0
[0.672s] -- The CXX compiler identification is GNU 11.4.0
[0.681s] -- Detecting C compiler ABI info
[0.841s] -- Detecting C compiler ABI info - done
[0.881s] -- Check for working C compiler: /usr/bin/cc - skipped
[0.882s] -- Detecting C compile features
[0.883s] -- Detecting C compile features - done
[0.888s] -- Detecting CXX compiler ABI info
[1.085s] -- Detecting CXX compiler ABI info - done
[1.096s] -- Check for working CXX compiler: /usr/bin/c++ - skipped
[1.097s] -- Detecting CXX compile features
[1.097s] -- Detecting CXX compile features - done
[1.100s] -- Found ament_cmake: 1.3.14 (/opt/ros/humble/share/ament_cmake/cmake)
[1.466s] -- Found Python3: /usr/bin/python3 (found version "3.10.12") found components: Interpreter 
[1.573s] -- Override CMake install command with custom implementation using symlinks instead of copying resources
[1.718s] -- Configuring done
[1.721s] -- Generating done
[1.723s] -- Build files have been written to: /home/orangepi/marco_ws/build/marco_simulation
[1.732s] Invoked command in '/home/orangepi/marco_ws/build/marco_simulation' returned '0': CMAKE_PREFIX_PATH=/opt/ros/humble /usr/bin/cmake /home/orangepi/marco_ws/src/marco_simulation -DAMENT_CMAKE_SYMLINK_INSTALL=1 -DCMAKE_INSTALL_PREFIX=/home/orangepi/marco_ws/install/marco_simulation
[1.737s] Invoking command in '/home/orangepi/marco_ws/build/marco_simulation': CMAKE_PREFIX_PATH=/opt/ros/humble /usr/bin/cmake --build /home/orangepi/marco_ws/build/marco_simulation -- -j8 -l8
[1.854s] Invoked command in '/home/orangepi/marco_ws/build/marco_simulation' returned '0': CMAKE_PREFIX_PATH=/opt/ros/humble /usr/bin/cmake --build /home/orangepi/marco_ws/build/marco_simulation -- -j8 -l8
[1.859s] Invoking command in '/home/orangepi/marco_ws/build/marco_simulation': CMAKE_PREFIX_PATH=/opt/ros/humble /usr/bin/cmake --install /home/orangepi/marco_ws/build/marco_simulation
[1.870s] -- Install configuration: ""
[1.871s] -- Execute custom install script
[1.871s] -- Symlinking: /home/orangepi/marco_ws/install/marco_simulation/share/marco_simulation/worlds/.gitkeep
[1.898s] -- Symlinking: /home/orangepi/marco_ws/install/marco_simulation/share/marco_simulation/models/.gitkeep
[1.924s] -- Symlinking: /home/orangepi/marco_ws/install/marco_simulation/share/marco_simulation/launch/.gitkeep
[1.950s] -- Symlinking: /home/orangepi/marco_ws/install/marco_simulation/share/marco_simulation/config/.gitkeep
[1.975s] -- Symlinking: /home/orangepi/marco_ws/install/marco_simulation/share/ament_index/resource_index/package_run_dependencies/marco_simulation
[2.006s] -- Symlinking: /home/orangepi/marco_ws/install/marco_simulation/share/ament_index/resource_index/parent_prefix_path/marco_simulation
[2.038s] -- Symlinking: /home/orangepi/marco_ws/install/marco_simulation/share/marco_simulation/environment/ament_prefix_path.sh
[2.066s] -- Symlinking: /home/orangepi/marco_ws/install/marco_simulation/share/marco_simulation/environment/ament_prefix_path.dsv
[2.095s] -- Symlinking: /home/orangepi/marco_ws/install/marco_simulation/share/marco_simulation/environment/path.sh
[2.120s] -- Symlinking: /home/orangepi/marco_ws/install/marco_simulation/share/marco_simulation/environment/path.dsv
[2.131s] -- Symlinking: /home/orangepi/marco_ws/install/marco_simulation/share/marco_simulation/local_setup.bash
[2.144s] -- Symlinking: /home/orangepi/marco_ws/install/marco_simulation/share/marco_simulation/local_setup.sh
[2.171s] -- Symlinking: /home/orangepi/marco_ws/install/marco_simulation/share/marco_simulation/local_setup.zsh
[2.202s] -- Symlinking: /home/orangepi/marco_ws/install/marco_simulation/share/marco_simulation/local_setup.dsv
[2.230s] -- Symlinking: /home/orangepi/marco_ws/install/marco_simulation/share/marco_simulation/package.dsv
[2.260s] -- Symlinking: /home/orangepi/marco_ws/install/marco_simulation/share/ament_index/resource_index/packages/marco_simulation
[2.293s] -- Symlinking: /home/orangepi/marco_ws/install/marco_simulation/share/marco_simulation/cmake/marco_simulationConfig.cmake
[2.312s] -- Symlinking: /home/orangepi/marco_ws/install/marco_simulation/share/marco_simulation/cmake/marco_simulationConfig-version.cmake
[2.344s] -- Symlinking: /home/orangepi/marco_ws/install/marco_simulation/share/marco_simulation/package.xml
[2.371s] Invoked command in '/home/orangepi/marco_ws/build/marco_simulation' returned '0': CMAKE_PREFIX_PATH=/opt/ros/humble /usr/bin/cmake --install /home/orangepi/marco_ws/build/marco_simulation
