[0.405s] Invoking command in '/home/orangepi/marco_ws/build/marco_localization': CMAKE_PREFIX_PATH=${CMAKE_PREFIX_PATH}:/home/orangepi/marco_ws/install/marco_perception:/home/orangepi/marco_ws/install/marco_mission:/home/orangepi/marco_ws/install/marco_docking:/home/orangepi/marco_ws/install/marco_base:/opt/ros/humble /usr/bin/cmake --build /home/orangepi/marco_ws/build/marco_localization -- -j8 -l8
[0.469s] -- Found ament_cmake: 1.3.14 (/opt/ros/humble/share/ament_cmake/cmake)
[0.769s] -- Override CMake install command with custom implementation using symlinks instead of copying resources
[0.910s] -- Configuring done
[0.917s] -- Generating done
[0.926s] -- Build files have been written to: /home/orangepi/marco_ws/build/marco_localization
[1.003s] Invoked command in '/home/orangepi/marco_ws/build/marco_localization' returned '0': CMAKE_PREFIX_PATH=${CMAKE_PREFIX_PATH}:/home/orangepi/marco_ws/install/marco_perception:/home/orangepi/marco_ws/install/marco_mission:/home/orangepi/marco_ws/install/marco_docking:/home/orangepi/marco_ws/install/marco_base:/opt/ros/humble /usr/bin/cmake --build /home/orangepi/marco_ws/build/marco_localization -- -j8 -l8
[1.042s] Invoking command in '/home/orangepi/marco_ws/build/marco_localization': CMAKE_PREFIX_PATH=${CMAKE_PREFIX_PATH}:/home/orangepi/marco_ws/install/marco_perception:/home/orangepi/marco_ws/install/marco_mission:/home/orangepi/marco_ws/install/marco_docking:/home/orangepi/marco_ws/install/marco_base:/opt/ros/humble /usr/bin/cmake --install /home/orangepi/marco_ws/build/marco_localization
[1.068s] -- Install configuration: ""
[1.069s] -- Execute custom install script
[1.070s] -- Up-to-date symlink: /home/orangepi/marco_ws/install/marco_localization/share/marco_localization/config/.gitkeep
[1.070s] -- Up-to-date symlink: /home/orangepi/marco_ws/install/marco_localization/share/marco_localization/launch/.gitkeep
[1.070s] -- Symlinking: /home/orangepi/marco_ws/install/marco_localization/lib/marco_localization/odometry_check.py
[1.106s] -- Up-to-date symlink: /home/orangepi/marco_ws/install/marco_localization/share/ament_index/resource_index/package_run_dependencies/marco_localization
[1.108s] -- Up-to-date symlink: /home/orangepi/marco_ws/install/marco_localization/share/ament_index/resource_index/parent_prefix_path/marco_localization
[1.108s] -- Up-to-date symlink: /home/orangepi/marco_ws/install/marco_localization/share/marco_localization/environment/ament_prefix_path.sh
[1.108s] -- Up-to-date symlink: /home/orangepi/marco_ws/install/marco_localization/share/marco_localization/environment/ament_prefix_path.dsv
[1.109s] -- Up-to-date symlink: /home/orangepi/marco_ws/install/marco_localization/share/marco_localization/environment/path.sh
[1.109s] -- Up-to-date symlink: /home/orangepi/marco_ws/install/marco_localization/share/marco_localization/environment/path.dsv
[1.109s] -- Up-to-date symlink: /home/orangepi/marco_ws/install/marco_localization/share/marco_localization/local_setup.bash
[1.110s] -- Up-to-date symlink: /home/orangepi/marco_ws/install/marco_localization/share/marco_localization/local_setup.sh
[1.110s] -- Up-to-date symlink: /home/orangepi/marco_ws/install/marco_localization/share/marco_localization/local_setup.zsh
[1.111s] -- Up-to-date symlink: /home/orangepi/marco_ws/install/marco_localization/share/marco_localization/local_setup.dsv
[1.111s] -- Symlinking: /home/orangepi/marco_ws/install/marco_localization/share/marco_localization/package.dsv
[1.140s] -- Up-to-date symlink: /home/orangepi/marco_ws/install/marco_localization/share/ament_index/resource_index/packages/marco_localization
[1.141s] -- Up-to-date symlink: /home/orangepi/marco_ws/install/marco_localization/share/marco_localization/cmake/marco_localizationConfig.cmake
[1.141s] -- Up-to-date symlink: /home/orangepi/marco_ws/install/marco_localization/share/marco_localization/cmake/marco_localizationConfig-version.cmake
[1.141s] -- Up-to-date symlink: /home/orangepi/marco_ws/install/marco_localization/share/marco_localization/package.xml
[1.148s] Invoked command in '/home/orangepi/marco_ws/build/marco_localization' returned '0': CMAKE_PREFIX_PATH=${CMAKE_PREFIX_PATH}:/home/orangepi/marco_ws/install/marco_perception:/home/orangepi/marco_ws/install/marco_mission:/home/orangepi/marco_ws/install/marco_docking:/home/orangepi/marco_ws/install/marco_base:/opt/ros/humble /usr/bin/cmake --install /home/orangepi/marco_ws/build/marco_localization
